
loader: Redoubt rv64 loader, boot hart 0
  1 hart(s), timebase 10000000 Hz
  ram: 0x80000000..0xc0000000 (1024 MiB)
  bundle: 0xa0200000..0xa076c440
  devices: 14 mmio (8 dma), 10 irq, console 0x10000000
  plic: 0xc000000, S-mode context 1
  harts started by the kernel: [0] of 1
  rng-seed: 32 bytes
  bundle signature ok (5686272 bytes)
  PID 1: kernel -> 0xffffffffffd00000
  PID 2: init -> 0x19bb8
  bundle mapped read-only at 0x20000000 (5686336 bytes)
  1014 MiB free, entering kernel
Kernel arguments:
    XArg (67724158, 28 bytes): 00000129 00000002 80000000 00000000 40000000 00000000 6d617273
    MREx (7845524d, 384 bytes): 10100000 00000000 00001000 00000000 632d7766 00000000 20000000 00000000 02000000 00000000 73616c66 00000000 00101000 00000000 00001000 00000000 40637472 00000000 10000000 00000000 00001000 00000000 69726573 00000000 00100000 00000000 00001000 00000000 74736574 00000000 10008000 00000000 00001000 00000000 74726976 00000000 10007000 00000000 00001000 00000000 74726976 00000000 10006000 00000000 00001000 00000000 74726976 00000000 10005000 00000000 00001000 00000000 74726976 00000000 10004000 00000000 00001000 00000000 74726976 00000000 10003000 00000000 00001000 00000000 74726976 00000000 10002000 00000000 00001000 00000000 74726976 00000000 10001000 00000000 00001000 00000000 74726976 00000000 0c000000 00000000 00600000 00000000 63696c70 00000000 02000000 00000000 00010000 00000000 6e696c63 00000000 30000000 00000000 10000000 00000000 40696370 00000000
    Ctrl (6c727443, 32 bytes): 0c000000 00000000 00600000 00000000 02000000 00000000 00010000 00000000
    Devs (73766544, 600 bytes): 00000003 00000000 00000000 00000000 00000000 00000000 00000001 10000000 00000000 00001000 00000000 00000000 00000002 0000000a 00000000 00000000 00000000 00000000 00000001 10100000 00000000 00001000 00000000 00000000 00000001 20000000 00000000 02000000 00000000 00000000 00000001 00101000 00000000 00001000 00000000 00000000 00000001 00100000 00000000 00001000 00000000 00000000 00000001 10008000 00000000 00001000 00000000 00000001 00000001 10007000 00000000 00001000 00000000 00000001 00000001 10006000 00000000 00001000 00000000 00000001 00000001 10005000 00000000 00001000 00000000 00000001 00000001 10004000 00000000 00001000 00000000 00000001 00000001 10003000 00000000 00001000 00000000 00000001 00000001 10002000 00000000 00001000 00000000 00000001 00000001 10001000 00000000 00001000 00000000 00000001 00000001 30000000 00000000 10000000 00000000 00000000 00000002 00000001 00000000 00000000 00000000 00000000 00000002 00000002 00000000 00000000 00000000 00000000 00000002 00000003 00000000 00000000 00000000 00000000 00000002 00000004 00000000 00000000 00000000 00000000 00000002 00000005 00000000 00000000 00000000 00000000 00000002 00000006 00000000 00000000 00000000 00000000 00000002 00000007 00000000 00000000 00000000 00000000 00000002 00000008 00000000 00000000 00000000 00000000 00000002 0000000b 00000000 00000000 00000000 00000000
    Plic (63696c50, 24 bytes): 0c000000 00000000 00600000 00000000 00000001 00000000
    Hart (74726148, 16 bytes): 00000001 00000001 00000000 00000000
    Seed (64656553, 32 bytes): 7311d8a3 78e51061 a6cecc1b 612e7696 c9e9c616 35bf992d 18072e8c 7ce42c82
    Time (656d6954, 8 bytes): 00989680 00000000
asid: 16 bits
Devices: 25 objects, all held by init
Budgets: root 260239 pages (2476 kept for init), system 64440, users 193321
W^X verified: 31 executable kernel pages, none writable under any alias
Kernel RNG seeded from the loader (32 bytes)
KMAIN (clean boot): Supervisor mode started...
init: up [t=38904]
init: the manifest is checked: 10 servers, bound 508 pages
init: started keyd [t=71872]
init: keyd holds none of the 1 keys
init: started consoled, and writes through it [t=128158]
init: started bootfsd, console df36a7f7e788a804 [t=155206]
init: started blkd, console ca5386bc64c1a9a9 [t=182658]
init: started netd, console 5a8c46041b4b1f28 [t=230820]
init: started ipd, console e4eb46b96019f4e5 [t=272037]
init: started littlefsd:data, console f1cb7e48b2d9ce4a [t=321245]
init: started blkd:system, console 70afd08de3e5f153 [t=355418]
init: started erofsd:system, console 58759f7732e3c301 [t=408748]
init: started beamlet, console 33cc6e6d9faf465f [t=670885]
init: 0 public entries pushed to bootfsd, and sealed
init: holds none of the 5 badges and 8 console connections it handed
init: the boot is done: 10 servers, root holds 341 pages for it, within the bound of 508 [t=685104]
[con 33cc6e6d9faf465f] beamlet: Elixir.Redoubt.Shell read from erofsd:system [t=891043]
[con 33cc6e6d9faf465f] Redoubt shell, on Elixir 1.20.4. `exit` or Ctrl+D ends it.
[con 33cc6e6d9faf465f] / (1)> beamlet: first console read [t=12481705]
[con 33cc6e6d9faf465f] beamlet: boot-stats: loads 96 (found 96, absent 0, refused 0), 1895790 bytes, 3718651 us in loads, 11573704 us since the platform started
[con 33cc6e6d9faf465f] 55
[con 33cc6e6d9faf465f] / (2)>
[con 58759f7732e3c301] erofsd: boot-stats: 9P 652 (walk 112, open 111, read 318, clunk 111, stat 0), 2264058 bytes read; volume reads 641 (inodes 112, directory blocks 243, data 286); range calls 642, 3348480 bytes
[con 58759f7732e3c301] erofsd: boot-stats: 9P 653 (walk 113, open 111, read 318, clunk 111, stat 0), 2264058 bytes read; volume reads 644 (inodes 112, directory blocks 246, data 286); range calls 645, 3360768 bytes
[con 33cc6e6d9faf465f] ** (UndefinedFunctionError) function BootStats.x/0 is undefined (module BootStats is not available). Make sure the module name is correct and has been specified in full (or that an alias has been defined)
[con 33cc6e6d9faf465f]     BootStats.x()
[con 33cc6e6d9faf465f]     shell:2: (file)
