sudo: unable to resolve host 9a1ff4c6e182: Temporary failure in name resolution
sudo: unable to resolve host 9a1ff4c6e182: Temporary failure in name resolution
PASS  aio-many-reads-two [rv64, smp=1]   1.3s
PASS  aio-many-reads-two [rv32, smp=1]   1.6s
PASS  aio-many-reads [rv64, smp=1]       1.3s
PASS  aio-many-reads [rv32, smp=1]       1.5s
PASS  all-together [rv64, smp=1]         2.5s
PASS  all-together [rv64, smp=2]         2.4s
PASS  asid-cost-host [rv64, smp=1]       9.5s
PASS  asid-cost-host [rv32, smp=1]       9.5s
PASS  asid-cost [rv64, smp=1]           11.7s
PASS  asid-cost [rv32, smp=1]           11.9s
PASS  asid-reuse-stale [rv64, smp=1]     2.0s
PASS  asid-reuse-stale [rv32, smp=1]     0.9s
PASS  beamlet-boot [rv64, smp=1]         0.6s
PASS  beamlet-boot [rv32, smp=1]         0.9s
PASS  beamlet-budget-flood [rv64, smp=1]   1.0s
PASS  beamlet-budget-flood [rv32, smp=1]   1.3s
PASS  beamlet-console [rv64, smp=1]      1.2s
PASS  beamlet-console [rv32, smp=1]      1.5s
PASS  beamlet-heap-flood [rv64, smp=1]   1.1s
PASS  beamlet-heap-flood [rv32, smp=1]   1.5s
PASS  bench-attack-forgery [rv64, smp=1]   0.1s
PASS  bench-bundle-file [rv64, smp=1]    0.1s
PASS  bench-bundle-file [rv32, smp=1]    0.2s
PASS  bench-cbo-self-unrefused [rv64, smp=1]   0.4s
PASS  bench-cbo-self-unrefused [rv32, smp=1]   0.5s
PASS  bench-console-after-expect [rv64, smp=1]   0.1s
PASS  bench-debug-assertions-off [rv64, smp=1]   0.1s
PASS  bench-debug-assertions [rv64, smp=1]   1.4s
PASS  bench-debug-assertions [rv32, smp=1]   1.5s
PASS  bench-elixir-oracles-broken-guard   7.6s
PASS  bench-init-reporter-forged [rv64, smp=1]   0.3s
PASS  bench-net-peer-count [rv64, smp=1]   0.5s
PASS  bench-net-peer-count [rv32, smp=1]   0.7s
PASS  bench-net-peer-pcap-empty [rv64, smp=1]   0.4s
PASS  bench-net-peer-pcap-empty [rv32, smp=1]   0.7s
PASS  bench-net-peer-twice [rv64, smp=1]   0.4s
PASS  bench-net-peer-twice [rv32, smp=1]   0.7s
PASS  bench-net-peer [rv64, smp=1]       0.4s
PASS  bench-net-peer [rv32, smp=1]       0.6s
PASS  bench-net-self-unrefused [rv64, smp=1]   0.6s
PASS  bench-net-self-unrefused [rv32, smp=1]   0.8s
PASS  bench-poweroff-missing [rv64, smp=1]   3.0s
PASS  bench-qemu-early-exit [rv64, smp=1]   0.0s
PASS  bench-reporter-mismatch [rv64, smp=1]   0.1s
PASS  bench-ssh-guest [rv64, smp=1]      1.2s
PASS  bench-ssh-loopback-aborted-text    0.4s
PASS  bench-ssh-loopback-deadlock        0.2s
PASS  bench-ssh-loopback-exit            0.1s
PASS  bench-ssh-loopback-forbid          0.2s
PASS  bench-ssh-loopback-host-key        0.1s
FAIL  bench-ssh-loopback-openssh         0.0s  the reference sshd's container: podman is not installed (--allow-skip to skip)
PASS  bench-ssh-loopback                 0.1s
PASS  bench-virtio-devices [rv64, smp=1]   0.1s
PASS  bench-virtio-legacy-off [rv64, smp=1]   0.1s
PASS  bench-virtio-legacy-off [rv32, smp=1]   0.2s
PASS  blkd-build [rv64]                  0.0s
PASS  blkd-build [rv32]                  0.0s
PASS  blkd-host-tests                    3.4s
PASS  boot-stack-reservation [rv64, smp=1]   0.4s
PASS  boot-stack-reservation [rv32, smp=1]   0.5s
PASS  bootfsd-build [rv64]               0.0s
PASS  bootfsd-build [rv32]               0.0s
PASS  budget-carve-attack [rv64, smp=1]   0.2s
PASS  budget-carve-attack [rv32, smp=1]   0.3s
PASS  budget-deadline [rv64, smp=1]      0.8s
PASS  budget-deadline [rv32, smp=1]      0.8s
PASS  budget-destroy-attack [rv64, smp=1]   0.2s
PASS  budget-destroy-attack [rv32, smp=1]   0.3s
PASS  budget-destroy-growth [rv64, smp=1]   0.3s
PASS  budget-destroy-growth [rv32, smp=1]   0.5s
PASS  budget-destroy-kills [rv64, smp=1]   0.2s
PASS  budget-destroy-kills [rv32, smp=1]   0.3s
PASS  budget-forge-attack [rv64, smp=1]   0.1s
PASS  budget-forge-attack [rv32, smp=1]   0.3s
PASS  budget-mem-churn [rv64, smp=1]     0.2s
PASS  budget-mem-churn [rv64, smp=2]     0.2s
PASS  budget-mem-churn [rv32, smp=1]     0.3s
PASS  budget-mem-churn [rv32, smp=2]     0.3s
PASS  budget-syscall-attack [rv64, smp=1]   0.5s
PASS  budget-syscall-attack [rv32, smp=1]   0.6s
PASS  budget-table-attack [rv64, smp=1]   0.5s
PASS  budget-table-attack [rv32, smp=1]   0.7s
PASS  budget [rv64, smp=1]               2.1s
PASS  budget [rv32, smp=1]               2.2s
PASS  bundle-mapped [rv64, smp=1]        0.2s
PASS  bundle-mapped [rv32, smp=1]        0.3s
PASS  cbo-user-fault [rv64, smp=1]       0.5s
PASS  cbo-user-fault [rv32, smp=1]       0.5s
PASS  client-build [rv64]                0.0s
PASS  client-build [rv32]                0.0s
PASS  client-host-tests                  4.2s
PASS  consoled-build [rv64]              0.0s
PASS  consoled-build [rv32]              0.0s
PASS  deadline-flood-billed [rv64, smp=1]   0.7s
PASS  deadline-flood-billed [rv32, smp=1]   0.7s
PASS  destroy-keeps-notices-creator [rv64, smp=1]   1.6s
PASS  destroy-keeps-notices-creator [rv32, smp=1]   1.7s
PASS  destroy-keeps-notices [rv64, smp=1]   0.6s
PASS  destroy-keeps-notices [rv32, smp=1]   0.7s
PASS  device-exec-refused [rv64, smp=1]   0.5s
PASS  device-exec-refused [rv32, smp=1]   0.5s
PASS  device-info-attack [rv64, smp=1]   0.4s
PASS  device-info-attack [rv32, smp=1]   0.5s
PASS  device [rv64, smp=1]               0.4s
PASS  device [rv32, smp=1]               0.5s
PASS  dma-destroy-quarantine [rv64, smp=1]   0.5s
PASS  dma-destroy-quarantine [rv32, smp=1]   0.5s
PASS  dma-reset-quarantine [rv64, smp=1]   0.5s
PASS  dma-reset-quarantine [rv32, smp=1]   0.6s
PASS  dma-reset-reuse [rv64, smp=1]      0.5s
PASS  dma-reset-reuse [rv32, smp=1]      0.5s
PASS  dma-rules [rv64, smp=1]            0.4s
PASS  dma-rules [rv32, smp=1]            0.5s
PASS  docs                               1.0s
PASS  elixir-oracles                     2.3s
PASS  ending-pumps-once [rv64, smp=1]    1.5s
PASS  ending-pumps-once [rv32, smp=1]    1.5s
      qemu seed 3 (TESTBENCH_QEMU_SEED=3 replays it)
      sched_oracle: 1712 records, 168 picks in rank order, every wake at or above the floor, no pass falling but by a weight change; 1 lifts by the rule (0 with a leading parent and work to move); 5 weight changes by the rule; R10 1 destructions over up to 4738 object frames, µs p50/p99/max 11969/11969/11969, their threads' ending 44/44/44, no audit inside one; 170 audits, 26375 µs; 164 timer interrupts billed by the rule (0 expiring, 0 finding a wait ended early, 0 ticks after expiry to the budget billed last; 164 ending a slice, 0 nobody's)
PASS  endpoint-destroy-full [rv64, smp=1]   1.6s
      qemu seed 3 (TESTBENCH_QEMU_SEED=3 replays it)
      sched_oracle: 1910 records, 188 picks in rank order, every wake at or above the floor, no pass falling but by a weight change; 1 lifts by the rule (0 with a leading parent and work to move); 5 weight changes by the rule; R10 1 destructions over up to 4737 object frames, µs p50/p99/max 12674/12674/12674, their threads' ending 50/50/50, no audit inside one; 189 audits, 32551 µs; 184 timer interrupts billed by the rule (0 expiring, 0 finding a wait ended early, 0 ticks after expiry to the budget billed last; 184 ending a slice, 0 nobody's)
PASS  endpoint-destroy-full [rv32, smp=1]   1.7s
PASS  endpoint-destroy-open-calls [rv64, smp=1]   0.6s
PASS  endpoint-destroy-open-calls [rv32, smp=1]   0.7s
PASS  formatting                        10.5s
PASS  fsd-boot [rv64, smp=1]             0.8s
PASS  fsd-boot [rv32, smp=1]             1.0s
PASS  fsd-build [rv64]                   0.0s
PASS  fsd-build [rv32]                   0.0s
PASS  fsd-confined-labelled [rv64, smp=1]   0.5s
PASS  fsd-confined-labelled [rv32, smp=1]   0.7s
PASS  fsd-corrupt-volume [rv64, smp=1]   0.3s
PASS  fsd-corrupt-volume [rv32, smp=1]   0.5s
PASS  fsd-host-tests                    14.9s
PASS  fsd-label-check [rv64, smp=1]      0.5s
PASS  fsd-label-check [rv32, smp=1]      0.7s
PASS  fsd-large-directory [rv64, smp=1]   1.8s
PASS  fsd-large-directory [rv32, smp=1]   2.0s
PASS  fsd-one-volume [rv64, smp=1]       0.7s
PASS  fsd-one-volume [rv32, smp=1]       0.9s
PASS  fsd-quota [rv64, smp=1]            2.2s
PASS  fsd-quota [rv32, smp=1]            2.5s
PASS  fsd-reboot [rv64, smp=1]           2.2s
PASS  fsd-reboot [rv32, smp=1]           2.8s
PASS  fsd-restart [rv64, smp=1]          0.5s
PASS  fsd-restart [rv32, smp=1]          0.7s
PASS  handle-chain-attack [rv64, smp=1]   0.6s
PASS  handle-chain-attack [rv32, smp=1]   0.7s
PASS  handle-chain-fault [rv64, smp=1]   0.6s
PASS  handle-chain-fault [rv32, smp=1]   0.7s
PASS  host-tests                         4.2s
PASS  image-disk [rv64, smp=1]           5.6s
PASS  image-disk [rv32, smp=1]           6.1s
stack keyd 5224 of 3 pages
stack consoled 8328 of 5 pages
stack bootfsd 6936 of 4 pages
stack blkd 4408 of 3 pages
stack netd 4264 of 3 pages
stack ipd 8008 of 4 pages
stack fsd:data 6888 of 4 pages
stack blkd:system 4408 of 3 pages
stack fsd:system 5896 of 3 pages
stack beamlet 4704 of 3 pages
PASS  init-boot [rv64, smp=1]            8.2s
stack keyd 4464 of 3 pages
stack consoled 7064 of 5 pages
stack bootfsd 5768 of 4 pages
stack blkd 3744 of 3 pages
stack netd 3344 of 3 pages
stack ipd 6624 of 4 pages
stack fsd:data 5392 of 4 pages
stack blkd:system 3744 of 3 pages
stack fsd:system 4128 of 3 pages
stack beamlet 3624 of 3 pages
PASS  init-boot [rv32, smp=1]            8.6s
PASS  init-build [rv64]                  0.0s
PASS  init-build [rv32]                  0.0s
PASS  init-console-forgery [rv64, smp=1]   0.3s
PASS  init-console-forgery [rv32, smp=1]   0.5s
PASS  init-driver-restart [rv64, smp=1]   1.6s
PASS  init-driver-restart [rv32, smp=1]   1.7s
PASS  init-handed-revoked [rv64, smp=1]   1.6s
PASS  init-handed-revoked [rv32, smp=1]   1.7s
PASS  init-host-tests                    0.1s
PASS  init-quarantine-reboot [rv64, smp=1]   1.6s
PASS  init-quarantine-reboot [rv32, smp=1]   1.7s
PASS  init-reboot [rv64, smp=1]          0.3s
PASS  init-reboot [rv32, smp=1]          0.6s
PASS  init-refuses-bound [rv64, smp=1]   0.1s
PASS  init-refuses-bound [rv32, smp=1]   0.3s
PASS  init-refuses-budget-handle [rv64, smp=1]   0.1s
PASS  init-refuses-budget-handle [rv32, smp=1]   0.3s
PASS  init-refuses-confined-server [rv64, smp=1]   0.1s
PASS  init-refuses-confined-server [rv32, smp=1]   0.3s
PASS  init-refuses-consoled-handed [rv64, smp=1]   0.1s
PASS  init-refuses-consoled-handed [rv32, smp=1]   0.3s
PASS  init-refuses-device-dma [rv64, smp=1]   0.1s
PASS  init-refuses-device-dma [rv32, smp=1]   0.3s
PASS  init-refuses-device-unmatched [rv64, smp=1]   0.1s
PASS  init-refuses-device-unmatched [rv32, smp=1]   0.3s
PASS  init-refuses-held-bundle-key [rv64, smp=1]   0.2s
PASS  init-refuses-held-bundle-key [rv32, smp=1]   0.4s
PASS  init-refuses-held-login-key [rv64, smp=1]   0.2s
PASS  init-refuses-held-login-key [rv32, smp=1]   0.4s
PASS  init-refuses-public-manifest [rv64, smp=1]   0.1s
PASS  init-refuses-public-manifest [rv32, smp=1]   0.3s
PASS  init-refuses-second-keyd [rv64, smp=1]   0.1s
PASS  init-refuses-second-keyd [rv32, smp=1]   0.3s
PASS  init-refuses-stack [rv64, smp=1]   0.1s
PASS  init-refuses-stack [rv32, smp=1]   0.3s
PASS  init-refuses-system-fit [rv64, smp=1]   0.1s
PASS  init-refuses-system-fit [rv32, smp=1]   0.3s
PASS  init-restart [rv64, smp=1]         1.6s
PASS  init-restart [rv32, smp=1]         1.7s
PASS  init-rollback [rv64, smp=1]        1.9s
PASS  init-rollback [rv32, smp=1]        2.0s
PASS  init-servers [rv64, smp=1]         0.3s
PASS  init-servers [rv32, smp=1]         0.5s
PASS  ipc-fair-label-sets [rv64, smp=1]   0.8s
PASS  ipc-fair-label-sets [rv32, smp=1]   0.7s
PASS  ipc-outcomes [rv64, smp=1]         1.7s
PASS  ipc-outcomes [rv32, smp=1]         1.8s
PASS  ipc [rv64, smp=1]                  2.2s
PASS  ipc [rv64, smp=4]                  2.2s
PASS  ipc [rv32, smp=1]                  2.2s
PASS  ipc [rv32, smp=4]                  2.2s
PASS  ipd-build [rv64]                   0.0s
PASS  ipd-build [rv32]                   0.0s
PASS  ipd-host-tests                     3.3s
PASS  irq-attack [rv64, smp=1]           1.5s
PASS  irq-attack [rv32, smp=1]           1.5s
PASS  irq-first-receive [rv64, smp=1]    0.6s
PASS  irq-first-receive [rv32, smp=1]    0.7s
      qemu seed 13 (TESTBENCH_QEMU_SEED=13 replays it)
      sched_oracle: 561866 records, 50949 picks in rank order, every wake at or above the floor, no pass falling but by a weight change; 36 lifts by the rule (15 with a leading parent and work to move); 97 weight changes by the rule; R10 18 destructions over up to 9335 object frames, µs p50/p99/max 20771/25323/25323, their threads' ending 3528/4337/4337, no audit inside one; 44709 audits, 4108228 µs; 49812 timer interrupts billed by the rule (5583 expiring, 56 finding a wait ended early, 9510405 ticks after expiry to the budget billed last; 44173 ending a slice, 0 nobody's); lease end p99, net decision wake 7758 + R10 25323 = 33081 µs: target met (<= 125000)
      gate driver_wake (200): net p50/p99/max 8631/10885/21114 µs, gross 8662/10925/21897, audits 8122 µs: target met (p50 <= 15000, p99 <= 50000)
      gate timer_wake (64): net p50/p99/max 7770/8850/8850 µs, gross 7801/8859/8859, audits 1924 µs: target met (p50 <= 15000, p99 <= 50000)
      gate decision_wake (9): net p50/p99/max 7724/7758/7758 µs, gross 7759/7793/7793, audits 316 µs: target met (p50 <= 25000, p99 <= 95000)
      gate deadline_notice (18): net p50/p99/max 26104/28818/28818 µs, gross 90356/102096/102096, audits 1237689 µs: target met (p99 <= 40000)
PASS  kernel-containment [rv64, smp=1] 102.9s
      qemu seed 13 (TESTBENCH_QEMU_SEED=13 replays it)
      sched_oracle: 623859 records, 56619 picks in rank order, every wake at or above the floor, no pass falling but by a weight change; 36 lifts by the rule (17 with a leading parent and work to move); 97 weight changes by the rule; R10 18 destructions over up to 9320 object frames, µs p50/p99/max 21639/26171/26171, their threads' ending 3638/4576/4576, no audit inside one; 49738 audits, 5508519 µs; 55494 timer interrupts billed by the rule (6225 expiring, 54 finding a wait ended early, 12434370 ticks after expiry to the budget billed last; 49215 ending a slice, 0 nobody's); lease end p99, net decision wake 7915 + R10 26171 = 34086 µs: target met (<= 125000)
      gate driver_wake (200): net p50/p99/max 8727/11079/21568 µs, gross 8776/11547/22400, audits 12000 µs: target met (p50 <= 15000, p99 <= 50000)
      gate timer_wake (64): net p50/p99/max 7868/9023/9023 µs, gross 7917/9066/9066, audits 3058 µs: target met (p50 <= 15000, p99 <= 50000)
      gate decision_wake (9): net p50/p99/max 7912/7915/7915 µs, gross 7967/7970/7970, audits 498 µs: target met (p50 <= 25000, p99 <= 95000)
      gate deadline_notice (18): net p50/p99/max 27205/29894/29894 µs, gross 97960/109687/109687, audits 1354820 µs: target met (p99 <= 40000)
PASS  kernel-containment [rv32, smp=1]  91.5s
PASS  kernel-half-attack [rv64, smp=1]   0.5s
PASS  kernel-half-attack [rv32, smp=1]   0.6s
PASS  kernel-wx [rv64, smp=1]            0.2s
PASS  kernel-wx [rv32, smp=1]            0.3s
PASS  keyd-build [rv64]                  0.0s
PASS  keyd-build [rv32]                  0.0s
PASS  launcher-orphan [rv64, smp=1]      0.5s
PASS  launcher-orphan [rv32, smp=1]      0.6s
PASS  legacy-gone [rv64, smp=1]          2.5s
PASS  legacy-gone [rv32, smp=1]          2.5s
PASS  lend-untouched-page [rv64, smp=1]   0.5s
PASS  lend-untouched-page [rv64, smp=4]   0.5s
PASS  lend-untouched-page [rv32, smp=1]   0.6s
PASS  lend-untouched-page [rv32, smp=4]   0.6s
PASS  lender-touches-lent [rv64, smp=1]   0.5s
PASS  lender-touches-lent [rv32, smp=1]   0.6s
PASS  littlefs-host-tests               17.5s
PASS  loader-rejects-kernel-address [rv64, smp=1]   0.1s
PASS  loader-rejects-kernel-address [rv32, smp=1]   0.2s
PASS  loader-rejects-kernel-entry [rv64, smp=1]   0.1s
PASS  loader-rejects-kernel-entry [rv32, smp=1]   0.2s
PASS  loader-rejects-truncated-elf [rv64, smp=1]   0.1s
PASS  logsrv-badge-forgery [rv64, smp=1]   0.5s
PASS  logsrv-badge-forgery [rv32, smp=1]   0.5s
PASS  map-anon-placement [rv64, smp=1]   0.4s
PASS  map-anon-placement [rv32, smp=1]   0.5s
PASS  map-anon-search-bound [rv64, smp=1]   6.0s
PASS  map-anon-search-bound [rv32, smp=1]   6.1s
PASS  map-fixed-attack [rv64, smp=1]     0.5s
PASS  map-fixed-attack [rv32, smp=1]     0.6s
PASS  map-fixed-tables-rv32 [rv32, smp=1]   1.0s
PASS  map-fixed-tables [rv64, smp=1]     1.5s
PASS  mem-attack [rv64, smp=1]           0.2s
PASS  mem-attack [rv32, smp=1]           0.4s
PASS  memory-host-tests                  4.1s
PASS  model-host-tests                 392.6s
PASS  move-borrowed-page [rv64, smp=1]   0.2s
PASS  move-borrowed-page [rv32, smp=1]   0.3s
PASS  net-attacks [rv64, smp=1]          0.5s
PASS  net-attacks [rv32, smp=1]          0.7s
PASS  net-host-tests                     0.3s
PASS  net-pinned [rv64, smp=1]           0.5s
PASS  net-pinned [rv32, smp=1]           0.7s
PASS  net-tcp [rv64, smp=1]              0.4s
PASS  net-tcp [rv32, smp=1]              0.7s
PASS  netd-build [rv64]                  0.0s
PASS  netd-build [rv32]                  0.0s
PASS  netd-host-tests                    0.5s
PASS  netd-restart [rv64, smp=1]         0.4s
PASS  netd-restart [rv32, smp=1]         0.6s
PASS  ninep-newconn-discard [rv64, smp=1]   0.7s
PASS  ninep-newconn-discard [rv32, smp=1]   0.8s
PASS  no-cruft                        
PASS  page-table-reclaim [rv64, smp=1]   2.1s
PASS  page-table-reclaim [rv32, smp=1]   3.1s
PASS  pages-exhaustion [rv64, smp=1]     0.6s
PASS  pages-exhaustion [rv32, smp=1]     0.7s
PASS  panic-in-print [rv64, smp=1]       0.4s
PASS  panic-in-print [rv32, smp=1]       0.5s
PASS  pid-pinning-attack [rv64, smp=1]   0.5s
PASS  pid-pinning-attack [rv32, smp=1]   0.5s
PASS  pid-reuse-authority [rv64, smp=1]  15.4s
PASS  pid-reuse-authority [rv32, smp=1]   1.7s
PASS  process-attack [rv64, smp=1]       0.9s
PASS  process-attack [rv32, smp=1]       1.0s
PASS  process-chain-fault [rv64, smp=1]   0.6s
PASS  process-chain-fault [rv32, smp=1]   0.7s
PASS  process-fill [rv64, smp=1]         4.2s
PASS  process-fill [rv32, smp=1]         4.1s
PASS  process-lifecycle [rv64, smp=1]    1.9s
PASS  process-lifecycle [rv32, smp=1]    2.0s
PASS  process-map-untouched-attack [rv64, smp=1]   0.5s
PASS  process-map-untouched-attack [rv32, smp=1]   0.6s
PASS  process-review [rv64, smp=1]       0.6s
PASS  process-review [rv32, smp=1]       0.6s
PASS  process [rv64, smp=1]              1.1s
PASS  process [rv32, smp=1]              1.1s
PASS  programs-unknown-budget-attack [rv64, smp=1]   0.1s
PASS  programs-unknown-budget-attack [rv32, smp=1]   0.2s
PASS  programs-unknown-program-attack [rv64, smp=1]   0.1s
PASS  programs-unknown-program-attack [rv32, smp=1]   0.2s
PASS  r4-host-tests                      0.8s
PASS  receive-bad-record [rv64, smp=1]   0.8s
PASS  receive-bad-record [rv32, smp=1]   0.8s
PASS  redoubt-dead [rv64, smp=1]         1.5s
PASS  redoubt-dead [rv32, smp=1]         1.5s
PASS  redoubt-ipc-attack [rv64, smp=1]   0.7s
PASS  redoubt-ipc-attack [rv32, smp=1]   0.8s
PASS  redoubt-ipc [rv64, smp=1]          9.1s
PASS  redoubt-ipc [rv32, smp=1]          8.5s
PASS  redoubt-revoke [rv64, smp=1]       1.7s
PASS  redoubt-revoke [rv32, smp=1]       1.7s
PASS  redoubt-tight [rv64, smp=1]        1.5s
PASS  redoubt-tight [rv32, smp=1]        1.5s
PASS  return-lent-unmapped [rv64, smp=1]   0.2s
PASS  return-lent-unmapped [rv64, smp=4]   0.2s
PASS  return-lent-unmapped [rv32, smp=1]   0.4s
PASS  return-lent-unmapped [rv32, smp=4]   0.4s
PASS  rng [rv64, smp=1]                  0.3s
PASS  rng [rv32, smp=1]                  0.6s
PASS  rt-build [rv64]                    0.6s
PASS  rt-build [rv32]                    0.6s
PASS  rt-host-tests                      7.7s
PASS  rt-miri                           94.6s
PASS  rustsbi-boot [rv32, smp=1]         0.8s
PASS  rustsbi-boot [rv64, smp=1]         0.7s
PASS  scan-bounds [rv64, smp=1]          1.1s
PASS  scan-bounds [rv32, smp=1]          1.4s
      sched_oracle: 12931 records, 895 picks in rank order, every wake at or above the floor, no pass falling but by a weight change; 97 lifts by the rule (10 with a leading parent and work to move); 291 weight changes by the rule; R10 95 destructions over up to 655 object frames, µs p50/p99/max 834/2592/2592, their threads' ending 0/41/41, no audit inside one; 1049 audits, 1773204 µs; 845 timer interrupts billed by the rule (12 expiring, 0 finding a wait ended early, 8447 ticks after expiry to the budget billed last; 833 ending a slice, 0 nobody's)
      share blocking: net 965, gross 954 of 1000, audits 24331 µs, 0 timer interrupts nobody's, 0 finding another budget's wait ended early: target met (450 <= share <= 1000)
      share spinning-parent: net 494, gross 380 of 1000, audits 463002 µs, 0 timer interrupts nobody's, 0 finding another budget's wait ended early: target met (450 <= share <= 1000)
      share deadline: net 986, gross 975 of 1000, audits 21787 µs, 0 timer interrupts nobody's, 0 finding another budget's wait ended early: target met (450 <= share <= 1000)
      share fresh-intermediates: net 965, gross 953 of 1000, audits 24431 µs, 0 timer interrupts nobody's, 0 finding another budget's wait ended early: target met (450 <= share <= 1000)
      share shell: net 576, gross 288 of 1000, audits 1000613 µs, 0 timer interrupts nobody's, 0 finding another budget's wait ended early: target met (450 <= share <= 1000)
PASS  sched-budget-churn [rv64, smp=1]   3.3s
      sched_oracle: 12552 records, 865 picks in rank order, every wake at or above the floor, no pass falling but by a weight change; 95 lifts by the rule (13 with a leading parent and work to move); 285 weight changes by the rule; R10 93 destructions over up to 656 object frames, µs p50/p99/max 939/2736/2736, their threads' ending 0/46/46, no audit inside one; 1013 audits, 2114348 µs; 815 timer interrupts billed by the rule (12 expiring, 0 finding a wait ended early, 11854 ticks after expiry to the budget billed last; 803 ending a slice, 0 nobody's)
      share blocking: net 963, gross 948 of 1000, audits 31209 µs, 0 timer interrupts nobody's, 0 finding another budget's wait ended early: target met (450 <= share <= 1000)
      share spinning-parent: net 495, gross 367 of 1000, audits 517397 µs, 0 timer interrupts nobody's, 0 finding another budget's wait ended early: target met (450 <= share <= 1000)
      share deadline: net 986, gross 972 of 1000, audits 28133 µs, 0 timer interrupts nobody's, 0 finding another budget's wait ended early: target met (450 <= share <= 1000)
      share fresh-intermediates: net 962, gross 947 of 1000, audits 31392 µs, 0 timer interrupts nobody's, 0 finding another budget's wait ended early: target met (450 <= share <= 1000)
      share shell: net 498, gross 212 of 1000, audits 1147519 µs, 0 timer interrupts nobody's, 0 finding another budget's wait ended early: target met (450 <= share <= 1000)
PASS  sched-budget-churn [rv32, smp=1]   2.8s
PASS  sched-carve-inflation [rv64, smp=1]   1.2s
PASS  sched-carve-inflation [rv32, smp=1]   1.0s
      sched_oracle: 2384 records, 216 picks in rank order, every wake at or above the floor, no pass falling but by a weight change; 1 lifts by the rule (0 with a leading parent and work to move); 7 weight changes by the rule; R10 1 destructions over up to 617 object frames, µs p50/p99/max 798/798/798, their threads' ending 0/0/0, no audit inside one; 215 audits, 24064 µs; 206 timer interrupts billed by the rule (1 expiring, 0 finding a wait ended early, 701 ticks after expiry to the budget billed last; 205 ending a slice, 0 nobody's)
      share u-after-return: net 498, gross 497 of 1000, audits 4370 µs, 0 timer interrupts nobody's, 0 finding another budget's wait ended early: target met (450 <= share <= 1000)
PASS  sched-carve-return [rv64, smp=1]   1.5s
      sched_oracle: 2283 records, 216 picks in rank order, every wake at or above the floor, no pass falling but by a weight change; 1 lifts by the rule (0 with a leading parent and work to move); 7 weight changes by the rule; R10 1 destructions over up to 615 object frames, µs p50/p99/max 902/902/902, their threads' ending 0/0/0, no audit inside one; 214 audits, 31315 µs; 205 timer interrupts billed by the rule (1 expiring, 0 finding a wait ended early, 893 ticks after expiry to the budget billed last; 204 ending a slice, 0 nobody's)
      share u-after-return: net 497, gross 495 of 1000, audits 6947 µs, 0 timer interrupts nobody's, 0 finding another budget's wait ended early: target met (450 <= share <= 1000)
PASS  sched-carve-return [rv32, smp=1]   1.4s
PASS  sched-debt-lift [rv64, smp=1]      1.2s
PASS  sched-debt-lift [rv32, smp=1]      1.0s
PASS  sched-destroy-billing [rv64, smp=1]   0.8s
PASS  sched-destroy-billing [rv32, smp=1]   0.8s
      sched_oracle: 6957 records, 557 picks in rank order, every wake at or above the floor, no pass falling but by a weight change; 6 lifts by the rule (3 with a leading parent and work to move); 20 weight changes by the rule; R10 6 destructions over up to 640 object frames, µs p50/p99/max 464/2414/2414, their threads' ending 0/45/45, no audit inside one; 688 audits, 183880 µs; 408 timer interrupts billed by the rule (100 expiring, 0 finding a wait ended early, 84003 ticks after expiry to the budget billed last; 308 ending a slice, 0 nobody's)
      share threads-exit: net 494, gross 493 of 1000, audits 4281 µs, 0 timer interrupts nobody's, 0 finding another budget's wait ended early: target met (450 <= share <= 1000)
      share processes-exit: net 496, gross 486 of 1000, audits 37684 µs, 0 timer interrupts nobody's, 0 finding another budget's wait ended early: target met (450 <= share <= 1000)
      share processes-fault: net 497, gross 489 of 1000, audits 31285 µs, 0 timer interrupts nobody's, 0 finding another budget's wait ended early: target met (450 <= share <= 1000)
PASS  sched-exit-churn [rv64, smp=1]     2.5s
      sched_oracle: 7160 records, 608 picks in rank order, every wake at or above the floor, no pass falling but by a weight change; 6 lifts by the rule (2 with a leading parent and work to move); 20 weight changes by the rule; R10 6 destructions over up to 648 object frames, µs p50/p99/max 539/2312/2312, their threads' ending 0/49/49, no audit inside one; 645 audits, 213820 µs; 465 timer interrupts billed by the rule (99 expiring, 0 finding a wait ended early, 98132 ticks after expiry to the budget billed last; 366 ending a slice, 0 nobody's)
      share threads-exit: net 491, gross 489 of 1000, audits 6055 µs, 0 timer interrupts nobody's, 0 finding another budget's wait ended early: target met (450 <= share <= 1000)
      share processes-exit: net 493, gross 484 of 1000, audits 39460 µs, 0 timer interrupts nobody's, 0 finding another budget's wait ended early: target met (450 <= share <= 1000)
      share processes-fault: net 497, gross 489 of 1000, audits 33124 µs, 0 timer interrupts nobody's, 0 finding another budget's wait ended early: target met (450 <= share <= 1000)
PASS  sched-exit-churn [rv32, smp=1]     2.3s
PASS  sched-idle-gap [rv64, smp=1]       1.1s
PASS  sched-idle-gap [rv32, smp=1]       0.9s
PASS  sched-large-weight [rv64, smp=1]   1.0s
PASS  sched-large-weight [rv32, smp=1]   0.9s
      sched_oracle: 91798 records, 8512 picks in rank order, every wake at or above the floor, no pass falling but by a weight change; 331 lifts by the rule (42 with a leading parent and work to move); 996 weight changes by the rule; R10 331 destructions over up to 1285 object frames, µs p50/p99/max 695/1347/2348, their threads' ending 10/15/71, no audit inside one; 6170 audits, 646104 µs; 6219 timer interrupts billed by the rule (900 expiring, 110 finding a wait ended early, 298673 ticks after expiry to the budget billed last; 5209 ending a slice, 0 nobody's)
      N=1 driver_wake (200): net p50/p99/max 7892/8443/23043 µs, gross 7900/8452/23144, audits 1916 µs: no target
      N=16 driver_wake (200): net p50/p99/max 8137/28578/151811 µs, gross 8160/28646/152167, audits 5282 µs: no target
      N=4 driver_wake (200): net p50/p99/max 7894/8398/28195 µs, gross 7905/8409/28231, audits 2261 µs: no target
      N=1 timer_wake (200): net p50/p99/max 6884/7477/7676 µs, gross 6893/7506/7707, audits 1824 µs: no target
      N=16 timer_wake (200): net p50/p99/max 7146/48176/119380 µs, gross 7169/48292/119667, audits 5617 µs: no target
      N=4 timer_wake (200): net p50/p99/max 6882/17306/27270 µs, gross 6893/17328/27306, audits 2283 µs: no target
      N=1 decision_wake (50): net p50/p99/max 5262/8067/8067 µs, gross 5269/8084/8084, audits 403 µs: no target
      N=16 decision_wake (50): net p50/p99/max 5337/97581/97581 µs, gross 5361/97809/97809, audits 2222 µs: no target
      N=4 decision_wake (50): net p50/p99/max 5216/15540/15540 µs, gross 5229/15565/15565, audits 696 µs: no target
      N=1 deadline_notice (50): net p50/p99/max 872/1112/1112 µs, gross 2120/2357/2357, audits 62009 µs: no target
      N=16 deadline_notice (50): net p50/p99/max 1550/1706/1706 µs, gross 3918/4129/4129, audits 109312 µs: no target
      N=4 deadline_notice (50): net p50/p99/max 1005/1138/1138 µs, gross 2480/2591/2591, audits 72238 µs: no target
PASS  sched-latency-tcg [rv64, smp=1]   63.1s
      sched_oracle: 91434 records, 8474 picks in rank order, every wake at or above the floor, no pass falling but by a weight change; 331 lifts by the rule (47 with a leading parent and work to move); 996 weight changes by the rule; R10 331 destructions over up to 1270 object frames, µs p50/p99/max 683/1202/3206, their threads' ending 9/16/91, no audit inside one; 6147 audits, 656057 µs; 6182 timer interrupts billed by the rule (895 expiring, 111 finding a wait ended early, 319347 ticks after expiry to the budget billed last; 5176 ending a slice, 0 nobody's)
      N=1 driver_wake (200): net p50/p99/max 7846/8382/28508 µs, gross 7858/8394/28652, audits 2500 µs: no target
      N=16 driver_wake (200): net p50/p99/max 8144/28068/131767 µs, gross 8174/28152/132136, audits 6382 µs: no target
      N=4 driver_wake (200): net p50/p99/max 7894/8471/18115 µs, gross 7909/8487/18148, audits 3172 µs: no target
      N=1 timer_wake (200): net p50/p99/max 6834/7356/8849 µs, gross 6846/7368/8862, audits 2368 µs: no target
      N=16 timer_wake (200): net p50/p99/max 7115/27631/99348 µs, gross 7143/27716/99630, audits 6584 µs: no target
      N=4 timer_wake (200): net p50/p99/max 6910/7488/17202 µs, gross 6926/7508/17235, audits 3172 µs: no target
      N=1 decision_wake (50): net p50/p99/max 5206/8468/8468 µs, gross 5219/8524/8524, audits 730 µs: no target
      N=16 decision_wake (50): net p50/p99/max 5354/86620/86620 µs, gross 5382/86875/86875, audits 2506 µs: no target
      N=4 decision_wake (50): net p50/p99/max 5240/26214/26214 µs, gross 5257/26263/26263, audits 909 µs: no target
      N=1 deadline_notice (50): net p50/p99/max 887/1057/1057 µs, gross 2121/2318/2318, audits 61469 µs: no target
      N=16 deadline_notice (50): net p50/p99/max 1439/1636/1636 µs, gross 3721/3933/3933, audits 106722 µs: no target
      N=4 deadline_notice (50): net p50/p99/max 982/1139/1139 µs, gross 2413/2572/2572, audits 70500 µs: no target
PASS  sched-latency-tcg [rv32, smp=1]   62.7s
      qemu seed 3 (TESTBENCH_QEMU_SEED=3 replays it)
      sched_oracle: 96143 records, 8898 picks in rank order, every wake at or above the floor, no pass falling but by a weight change; 331 lifts by the rule (40 with a leading parent and work to move); 996 weight changes by the rule; R10 331 destructions over up to 1285 object frames, µs p50/p99/max 3732/7791/7925, their threads' ending 41/41/41, no audit inside one; 7010 audits, 8371885 µs; 6635 timer interrupts billed by the rule (901 expiring, 124 finding a wait ended early, 1257168 ticks after expiry to the budget billed last; 5610 ending a slice, 0 nobody's); lease end p99, net decision wake 28069 + R10 7791 = 35860 µs: target met (<= 125000)
      N=1 driver_wake (200): net p50/p99/max 8795/9783/9805 µs, gross 8826/9814/9836, audits 6200 µs: target met (p50 <= 15000, p99 <= 50000)
      N=16 driver_wake (200): net p50/p99/max 10701/21590/32037 µs, gross 10862/21913/32520, audits 35301 µs: target met (p50 <= 15000, p99 <= 50000)
      N=4 driver_wake (200): net p50/p99/max 9157/10253/19623 µs, gross 9210/10306/19729, audits 10663 µs: target met (p50 <= 15000, p99 <= 50000)
      N=1 timer_wake (200): net p50/p99/max 7771/8828/13644 µs, gross 7802/8859/13675, audits 6200 µs: target met (p50 <= 15000, p99 <= 50000)
      N=16 timer_wake (200): net p50/p99/max 9622/22672/32519 µs, gross 9783/23000/33002, audits 37342 µs: target met (p50 <= 15000, p99 <= 50000)
      N=4 timer_wake (200): net p50/p99/max 8108/9255/18935 µs, gross 8161/9308/19041, audits 10663 µs: target met (p50 <= 15000, p99 <= 50000)
      N=1 decision_wake (50): net p50/p99/max 5745/5748/5748 µs, gross 5778/5779/5779, audits 1651 µs: target met (p50 <= 25000, p99 <= 95000)
      N=16 decision_wake (50): net p50/p99/max 6826/28069/28069 µs, gross 6988/28556/28556, audits 9590 µs: target met (p50 <= 25000, p99 <= 95000)
      N=4 decision_wake (50): net p50/p99/max 5946/16249/16249 µs, gross 6001/16358/16358, audits 3169 µs: target met (p50 <= 25000, p99 <= 95000)
      N=1 deadline_notice (50): net p50/p99/max 4338/4341/4341 µs, gross 25135/25138/25138, audits 1033994 µs: target met (p99 <= 40000)
      N=16 deadline_notice (50): net p50/p99/max 5895/9092/9092 µs, gross 28795/38251/38251, audits 1261704 µs: target met (p99 <= 40000)
      N=4 deadline_notice (50): net p50/p99/max 5151/5152/5152 µs, gross 27628/27629/27629, audits 1097394 µs: target met (p99 <= 40000)
PASS  sched-latency [rv64, smp=1]       17.1s
      qemu seed 3 (TESTBENCH_QEMU_SEED=3 replays it)
      sched_oracle: 95158 records, 8817 picks in rank order, every wake at or above the floor, no pass falling but by a weight change; 331 lifts by the rule (32 with a leading parent and work to move); 996 weight changes by the rule; R10 331 destructions over up to 1270 object frames, µs p50/p99/max 3922/8207/8399, their threads' ending 45/46/46, no audit inside one; 6931 audits, 9916629 µs; 6547 timer interrupts billed by the rule (901 expiring, 116 finding a wait ended early, 1505882 ticks after expiry to the budget billed last; 5530 ending a slice, 0 nobody's); lease end p99, net decision wake 49934 + R10 8207 = 58141 µs: target met (<= 125000)
      N=1 driver_wake (200): net p50/p99/max 8917/9922/9932 µs, gross 8966/9971/9980, audits 9767 µs: target met (p50 <= 15000, p99 <= 50000)
      N=16 driver_wake (200): net p50/p99/max 10989/22100/32375 µs, gross 11199/22523/33010, audits 45570 µs: target met (p50 <= 15000, p99 <= 50000)
      N=4 driver_wake (200): net p50/p99/max 9310/10445/19387 µs, gross 9385/10521/19540, audits 15281 µs: target met (p50 <= 15000, p99 <= 50000)
      N=1 timer_wake (200): net p50/p99/max 7860/8935/13894 µs, gross 7909/8985/13943, audits 9767 µs: target met (p50 <= 15000, p99 <= 50000)
      N=16 timer_wake (200): net p50/p99/max 9955/31279/31659 µs, gross 10167/31908/32293, audits 49886 µs: target met (p50 <= 15000, p99 <= 50000)
      N=4 timer_wake (200): net p50/p99/max 8270/15353/19141 µs, gross 8345/15427/19293, audits 15358 µs: target met (p50 <= 15000, p99 <= 50000)
      N=1 decision_wake (50): net p50/p99/max 5812/5816/5816 µs, gross 5863/5869/5869, audits 2575 µs: target met (p50 <= 25000, p99 <= 95000)
      N=16 decision_wake (50): net p50/p99/max 7025/49934/49934 µs, gross 7239/51010/51010, audits 18786 µs: target met (p50 <= 25000, p99 <= 95000)
      N=4 decision_wake (50): net p50/p99/max 6037/16410/16410 µs, gross 6115/16569/16569, audits 4454 µs: target met (p50 <= 25000, p99 <= 95000)
      N=1 deadline_notice (50): net p50/p99/max 4516/4521/4521 µs, gross 29477/29485/29485, audits 1241431 µs: target met (p99 <= 40000)
      N=16 deadline_notice (50): net p50/p99/max 6197/9746/9746 µs, gross 33365/43591/43591, audits 1465226 µs: target met (p99 <= 40000)
      N=4 deadline_notice (50): net p50/p99/max 5409/5419/5419 µs, gross 32150/32161/32161, audits 1307386 µs: target met (p99 <= 40000)
PASS  sched-latency [rv32, smp=1]       14.2s
PASS  sched-server-busy [rv64, smp=1]    1.1s
PASS  sched-server-busy [rv32, smp=1]    1.0s
PASS  sched-share [rv64, smp=1]          0.9s
PASS  sched-share [rv32, smp=1]          0.8s
PASS  sched-sleep-gaming [rv64, smp=1]   1.5s
PASS  sched-sleep-gaming [rv32, smp=1]   1.1s
      sched_oracle: 793 records, 79 picks in rank order, every wake at or above the floor, no pass falling but by a weight change; 1 lifts by the rule (0 with a leading parent and work to move); 12 weight changes by the rule; R10 1 destructions over up to 792 object frames, µs p50/p99/max 2184/2184/2184, their threads' ending 0/0/0, no audit inside one; 69 audits, 28786 µs; 50 timer interrupts billed by the rule (2 expiring, 0 finding a wait ended early, 2310 ticks after expiry to the budget billed last; 48 ending a slice, 0 nobody's)
PASS  sched-ties [rv64, smp=1]           1.3s
      sched_oracle: 791 records, 79 picks in rank order, every wake at or above the floor, no pass falling but by a weight change; 1 lifts by the rule (0 with a leading parent and work to move); 12 weight changes by the rule; R10 1 destructions over up to 792 object frames, µs p50/p99/max 2416/2416/2416, their threads' ending 0/0/0, no audit inside one; 69 audits, 33911 µs; 49 timer interrupts billed by the rule (2 expiring, 0 finding a wait ended early, 1420 ticks after expiry to the budget billed last; 47 ending a slice, 0 nobody's)
PASS  sched-ties [rv32, smp=1]           1.4s
      sched_oracle: 11971 records, 930 picks in rank order, every wake at or above the floor, no pass falling but by a weight change; 70 lifts by the rule (2 with a leading parent and work to move); 212 weight changes by the rule; R10 70 destructions over up to 710 object frames, µs p50/p99/max 733/1935/1935, their threads' ending 0/0/0, no audit inside one; 726 audits, 1267718 µs; 711 timer interrupts billed by the rule (70 expiring, 76 finding a wait ended early, 74382 ticks after expiry to the budget billed last; 565 ending a slice, 0 nobody's)
      share sleepers: net 494, gross 492 of 1000, audits 4588 µs, 0 timer interrupts nobody's, 0 finding another budget's wait ended early: target met (450 <= share <= 1000)
      share sleepers-and-deadlines: net 495, gross 476 of 1000, audits 77255 µs, 0 timer interrupts nobody's, 0 finding another budget's wait ended early: target met (450 <= share <= 1000)
      share cancelled-waits: net 493, gross 492 of 1000, audits 3997 µs, 0 timer interrupts nobody's, 57 finding another budget's wait ended early: target met (450 <= share <= 1000)
PASS  sched-timer-flood [rv64, smp=1]    3.1s
      sched_oracle: 11652 records, 893 picks in rank order, every wake at or above the floor, no pass falling but by a weight change; 70 lifts by the rule (2 with a leading parent and work to move); 212 weight changes by the rule; R10 70 destructions over up to 710 object frames, µs p50/p99/max 908/2189/2189, their threads' ending 0/50/50, no audit inside one; 718 audits, 1552450 µs; 700 timer interrupts billed by the rule (70 expiring, 72 finding a wait ended early, 94570 ticks after expiry to the budget billed last; 558 ending a slice, 0 nobody's)
      share sleepers: net 490, gross 488 of 1000, audits 7442 µs, 0 timer interrupts nobody's, 0 finding another budget's wait ended early: target met (450 <= share <= 1000)
      share sleepers-and-deadlines: net 490, gross 466 of 1000, audits 95831 µs, 0 timer interrupts nobody's, 0 finding another budget's wait ended early: target met (450 <= share <= 1000)
      share cancelled-waits: net 491, gross 489 of 1000, audits 6315 µs, 0 timer interrupts nobody's, 53 finding another budget's wait ended early: target met (450 <= share <= 1000)
PASS  sched-timer-flood [rv32, smp=1]    2.9s
PASS  sched-wake-no-preempt [rv64, smp=1]   0.8s
PASS  sched-wake-no-preempt [rv32, smp=1]   0.7s
PASS  size-budget                     
      kernel: 8361 of 8361 lines
      loader: 868 of 868 lines
      stub: 366 of 366 lines
      libs/sys: 1017 of 1017 lines
      libs/layout: 83 of 83 lines
      libs/paging: 257 of 257 lines
      libs/stride: 522 of 522 lines
      libs/signing: 15 of 15 lines
      libs/client: 987 of 987 lines
      libs/rt: 3434 of 3434 lines
      libs/wire: 3073 of 3073 lines
      libs/steward: 3160 of 3160 lines
      libs/littlefs: 2033 of 2033 lines
      model: 10240 of 10240 lines
      servers/keyd: 541 of 541 lines
      servers/sshd: 388 of 388 lines
      servers/bootfsd: 228 of 229 lines
      servers/consoled: 338 of 338 lines
      servers/blkd: 1627 of 1627 lines
      servers/netd: 1590 of 1590 lines
      servers/ipd: 2928 of 2928 lines
      servers/init: 1957 of 1957 lines
      servers/fsd: 1405 of 1405 lines
PASS  smp-spike [rv64, smp=2]            1.4s
PASS  smp-spike [rv32, smp=2]            1.5s
PASS  sshd-build [rv64]                  3.6s
PASS  sshd-build [rv32]                  2.5s
PASS  sshd-host-tests                    0.2s
PASS  sshd-loopback-env-refused          0.1s
PASS  sshd-loopback-independent          0.4s
PASS  sshd-loopback-interrupt            0.1s
PASS  sshd-loopback-logins               0.1s
PASS  sshd-loopback-r67                  0.1s
PASS  sshd-loopback-window-change-zero   0.1s
PASS  sshd-loopback-window-change        0.1s
PASS  steward-host-tests                 0.2s
PASS  stride-host-tests                  3.0s
PASS  stub-launch [rv64, smp=1]          0.6s
PASS  stub-launch [rv32, smp=1]          0.7s
PASS  sum-clear [rv64, smp=1]            1.4s
PASS  sum-clear [rv32, smp=1]            1.5s
PASS  syscall-attack [rv64, smp=1]       0.2s
PASS  syscall-attack [rv32, smp=1]       0.3s
PASS  thread-limit [rv64, smp=1]         1.5s
PASS  thread-limit [rv32, smp=1]         1.6s
PASS  timeouts-tcg [rv64, smp=1]         6.1s
PASS  timeouts-tcg [rv32, smp=1]         6.3s
PASS  timeouts [rv64, smp=1]             2.2s
PASS  timeouts [rv32, smp=1]             2.1s
PASS  touch-beyond-ram [rv64, smp=1]     0.2s
PASS  touch-beyond-ram [rv32, smp=1]     0.3s
PASS  uaf-lent-page [rv64, smp=1]        0.1s
PASS  uart-irq [rv64, smp=1]             1.4s
PASS  uart-irq [rv32, smp=1]             1.5s
PASS  unsafe-budget                   
      paging crate (Sv32/Sv39 page tables): 12 unsafe, 0 undocumented
      redoubt-stride (scheduler rules): 0 unsafe, 0 undocumented
      loader: 18 unsafe, 0 undocumented
      redoubt-signing (signature preimages): 0 unsafe, 0 undocumented
      kernel: Sv39, SBI and PLIC backends: 13 unsafe, 0 undocumented
      kernel: RISC-V arch (shared with rv32): 13 unsafe, 0 undocumented
      kernel: core: 18 unsafe, 0 undocumented
      redoubt-sys (system call ABI): the ecall stub: 3 unsafe, 0 undocumented
      redoubt-client (the userland client API): 0 unsafe, 0 undocumented
      redoubt-rt (native runtime): the allocator's trait, the heap's two words of a free block, a page buffer's two views, the device registers' read and write, the pages mapped before the first instruction, a spawned thread's closure taken back in its entry: 11 unsafe, 0 undocumented
      keyd (holds every private key; signs, never exports): 0 unsafe, 0 undocumented
      sshd (the network's first parser; carries every channel): 0 unsafe, 0 undocumented
      blkd (virtio-blk driver; DMA, so TCB): 4 unsafe, 0 undocumented
      netd (virtio-net driver; DMA, so TCB): 8 unsafe, 0 undocumented
      ipd (the TCP/IP stack; /net over 9P): 0 unsafe, 0 undocumented
      fsd (the file server; parses one volume's medium): 0 unsafe, 0 undocumented
      bootfsd and consoled (the first two 9P servers): 0 unsafe, 0 undocumented
      redoubt-wire (protocol codecs): 0 unsafe, 0 undocumented
      redoubt-steward (the steward's policy core): 0 unsafe, 0 undocumented
      redoubt-init (init): 0 unsafe, 0 undocumented
      redoubt-layout (kernel-half map): 0 unsafe, 0 undocumented
      stub (the loader stub): 7 unsafe, 0 undocumented
      redoubt-littlefs: 0 unsafe, 0 undocumented
PASS  userland-bad-start [rv64, smp=1]   7.0s
PASS  userland-bad-start [rv32, smp=1]   7.3s
FAIL  userland-boot [rv64, smp=1]        7.1s  forbidden output /faulted/: init: beamlet (PID 89) faulted, code 15, serving nobody, labels none; blamed on nobody: no steward
FAIL  userland-boot [rv32, smp=1]        7.2s  forbidden output /faulted/: init: beamlet (PID 274) faulted, code 15, serving nobody, labels none; blamed on nobody: no steward
FAIL  userland-read-only [rv64, smp=1]   7.9s  forbidden output /^init: .* (exited|faulted|was killed)/: init: beamlet (PID 223) faulted, code 15, serving nobody, labels none; blamed on nobody: no steward
FAIL  userland-read-only [rv32, smp=1]   8.2s  forbidden output /^init: .* (exited|faulted|was killed)/: init: beamlet (PID 231) faulted, code 15, serving nobody, labels none; blamed on nobody: no steward
PASS  vendor-build [rv64]                0.1s
PASS  vendor-build [rv32]                0.1s
PASS  vendor-check                       1.7s
PASS  verified-boot-rejects-bare-archive [rv64, smp=1]   0.1s
PASS  verified-boot-rejects-tamper [rv64, smp=1]   0.1s
PASS  wire-host-tests                    0.2s
PASS  write-only-attack [rv64, smp=1]    0.4s
PASS  write-only-attack [rv32, smp=1]    0.5s
PASS  wx [rv64, smp=1]                   0.5s
PASS  wx [rv32, smp=1]                   0.5s
Error: 5 test(s) failed; console logs are in /work/.worktrees/MEM1/target/testbench/run-1-1791157885812581464
