PASS  beamlet-budget-flood [rv32, smp=1]   1.1s
PASS  budget-carve-attack [rv32, smp=1]   0.3s
PASS  budget-deadline [rv32, smp=1]      0.8s
PASS  budget-destroy-attack [rv32, smp=1]   0.3s
PASS  budget-destroy-growth [rv32, smp=1]   0.6s
PASS  budget-destroy-kills [rv32, smp=1]   1.3s
PASS  budget-forge-attack [rv32, smp=1]   0.3s
PASS  budget-mem-churn [rv32, smp=1]     0.3s
PASS  budget-mem-churn [rv32, smp=2]     0.3s
PASS  budget-syscall-attack [rv32, smp=1]   0.5s
PASS  budget-table-attack [rv32, smp=1]   0.7s
PASS  budget [rv32, smp=1]               2.2s
PASS  init-refuses-budget-handle [rv32, smp=1]   0.3s
PASS  programs-unknown-budget-attack [rv32, smp=1]   0.2s
FAIL  sched-budget-churn [rv32, smp=1]   6.5s  sched_oracle: sched_oracle: 64493 records, 5806 picks in rank order, every wake at or above the floor, no pass falling but by a weight change; 118 lifts by the rule (37 with a leading parent and work to move); 354 weight changes by the rule; R10 116 destructions over up to 657 object frames, µs p50/p99/max 764/2348/2349, their threads' ending 0/66/66, no audit inside one; 6334 audits, 3049387 µs; 5756 timer interrupts billed by the rule (13 expiring, 0 finding a wait ended early, 9652 ticks after expiry to the budget billed last; 5743 ending a slice, 0 nobody's)
      share blocking: net 846, gross 720 of 1000, audits 297408 µs, 0 timer interrupts nobody's, 0 finding another budget's wait ended early: target met (450 <= share <= 1000)
      share spinning-parent: net 485, gross 303 of 1000, audits 746909 µs, 0 timer interrupts nobody's, 0 finding another budget's wait ended early: target met (450 <= share <= 1000)
      share deadline: net 1006, gross 972 of 1000, audits 68411 µs, 0 timer interrupts nobody's, 0 finding another budget's wait ended early: target missed (450 <= share <= 1000)
      share fresh-intermediates: net 977, gross 927 of 1000, audits 100890 µs, 0 timer interrupts nobody's, 0 finding another budget's wait ended early: target met (450 <= share <= 1000)
      share shell: net 514, gross 147 of 1000, audits 1425166 µs, 0 timer interrupts nobody's, 0 finding another budget's wait ended early: target met (450 <= share <= 1000)
PASS  size-budget                     
      kernel: 8823 of 8823 lines
      loader: 868 of 868 lines
      stub: 361 of 361 lines
      libs/sys: 1017 of 1017 lines
      libs/layout: 83 of 83 lines
      libs/paging: 257 of 257 lines
      libs/stride: 522 of 522 lines
      libs/ipclist: 499 of 499 lines
      libs/signing: 15 of 15 lines
      libs/client: 965 of 966 lines
      libs/rt: 3434 of 3434 lines
      libs/wire: 3073 of 3073 lines
      libs/steward: 3160 of 3160 lines
      libs/littlefs: 2033 of 2033 lines
      model: 10240 of 10240 lines
      servers/keyd: 541 of 541 lines
      servers/sshd: 388 of 388 lines
      servers/bootfsd: 228 of 229 lines
      servers/consoled: 338 of 338 lines
      servers/blkd: 1627 of 1627 lines
      servers/netd: 1590 of 1590 lines
      servers/ipd: 2928 of 2928 lines
      servers/init: 1949 of 1952 lines
      servers/fsd: 1405 of 1405 lines
PASS  unsafe-budget                   
      paging crate (Sv32/Sv39 page tables): 12 unsafe, 0 undocumented
      redoubt-stride (scheduler rules): 0 unsafe, 0 undocumented
      redoubt-ipclist (IPC lists): 0 unsafe, 0 undocumented
      loader: 18 unsafe, 0 undocumented
      redoubt-signing (signature preimages): 0 unsafe, 0 undocumented
      kernel: Sv39, SBI and PLIC backends: 13 unsafe, 0 undocumented
      kernel: RISC-V arch (shared with rv32): 13 unsafe, 0 undocumented
      kernel: core: 18 unsafe, 0 undocumented
      redoubt-sys (system call ABI): the ecall stub: 3 unsafe, 0 undocumented
      redoubt-client (the userland client API): 0 unsafe, 0 undocumented
      redoubt-rt (native runtime): the allocator's trait, the heap's two words of a free block, a page buffer's two views, the device registers' read and write, the pages mapped before the first instruction, a spawned thread's closure taken back in its entry: 11 unsafe, 0 undocumented
      keyd (holds every private key; signs, never exports): 0 unsafe, 0 undocumented
      sshd (the network's first parser; carries every channel): 0 unsafe, 0 undocumented
      blkd (virtio-blk driver; DMA, so TCB): 4 unsafe, 0 undocumented
      netd (virtio-net driver; DMA, so TCB): 8 unsafe, 0 undocumented
      ipd (the TCP/IP stack; /net over 9P): 0 unsafe, 0 undocumented
      fsd (the file server; parses one volume's medium): 0 unsafe, 0 undocumented
      bootfsd and consoled (the first two 9P servers): 0 unsafe, 0 undocumented
      redoubt-wire (protocol codecs): 0 unsafe, 0 undocumented
      redoubt-steward (the steward's policy core): 0 unsafe, 0 undocumented
      redoubt-init (init): 0 unsafe, 0 undocumented
      redoubt-layout (kernel-half map): 0 unsafe, 0 undocumented
      stub (the loader stub): 7 unsafe, 0 undocumented
      redoubt-littlefs: 0 unsafe, 0 undocumented
Error: 1 test(s) failed; console logs are in /home/mcloonan/redoubt/.worktrees/SCHED1/target/testbench/run-3735826-1791273663231700035
