PASS  beamlet-budget-flood [rv64, smp=1]   0.9s
PASS  budget-carve-attack [rv64, smp=1]   0.1s
PASS  budget-deadline [rv64, smp=1]      0.9s
PASS  budget-destroy-attack [rv64, smp=1]   0.2s
PASS  budget-destroy-growth [rv64, smp=1]   0.4s
PASS  budget-destroy-kills [rv64, smp=1]   0.2s
PASS  budget-forge-attack [rv64, smp=1]   0.1s
PASS  budget-mem-churn [rv64, smp=1]     0.2s
PASS  budget-mem-churn [rv64, smp=2]     0.2s
PASS  budget-syscall-attack [rv64, smp=1]   0.6s
PASS  budget-table-attack [rv64, smp=1]   0.6s
PASS  budget [rv64, smp=1]               2.4s
PASS  init-refuses-budget-handle [rv64, smp=1]   0.1s
PASS  programs-unknown-budget-attack [rv64, smp=1]   0.1s
FAIL  sched-budget-churn [rv64, smp=1]   7.6s  sched_oracle: sched_oracle: 69448 records, 6226 picks in rank order, every wake at or above the floor, no pass falling but by a weight change; 133 lifts by the rule (41 with a leading parent and work to move); 399 weight changes by the rule; R10 131 destructions over up to 656 object frames, µs p50/p99/max 674/2245/2325, their threads' ending 0/59/59, no audit inside one; 6790 audits, 2805904 µs; 6175 timer interrupts billed by the rule (15 expiring, 0 finding a wait ended early, 8063 ticks after expiry to the budget billed last; 6160 ending a slice, 0 nobody's)
      share blocking: net 853, gross 744 of 1000, audits 254817 µs, 0 timer interrupts nobody's, 0 finding another budget's wait ended early: target met (450 <= share <= 1000)
      share spinning-parent: net 484, gross 312 of 1000, audits 710292 µs, 0 timer interrupts nobody's, 0 finding another budget's wait ended early: target met (450 <= share <= 1000)
      share deadline: net 1003, gross 980 of 1000, audits 46021 µs, 0 timer interrupts nobody's, 0 finding another budget's wait ended early: target missed (450 <= share <= 1000)
      share fresh-intermediates: net 976, gross 940 of 1000, audits 73977 µs, 0 timer interrupts nobody's, 0 finding another budget's wait ended early: target met (450 <= share <= 1000)
      share shell: net 511, gross 157 of 1000, audits 1385049 µs, 0 timer interrupts nobody's, 0 finding another budget's wait ended early: target met (450 <= share <= 1000)
PASS  size-budget                     
      kernel: 8823 of 8823 lines
      loader: 868 of 868 lines
      stub: 361 of 361 lines
      libs/sys: 1017 of 1017 lines
      libs/layout: 83 of 83 lines
      libs/paging: 257 of 257 lines
      libs/stride: 522 of 522 lines
      libs/ipclist: 499 of 499 lines
      libs/signing: 15 of 15 lines
      libs/client: 965 of 966 lines
      libs/rt: 3434 of 3434 lines
      libs/wire: 3073 of 3073 lines
      libs/steward: 3160 of 3160 lines
      libs/littlefs: 2033 of 2033 lines
      model: 10240 of 10240 lines
      servers/keyd: 541 of 541 lines
      servers/sshd: 388 of 388 lines
      servers/bootfsd: 228 of 229 lines
      servers/consoled: 338 of 338 lines
      servers/blkd: 1627 of 1627 lines
      servers/netd: 1590 of 1590 lines
      servers/ipd: 2928 of 2928 lines
      servers/init: 1949 of 1952 lines
      servers/fsd: 1405 of 1405 lines
PASS  unsafe-budget                   
      paging crate (Sv32/Sv39 page tables): 12 unsafe, 0 undocumented
      redoubt-stride (scheduler rules): 0 unsafe, 0 undocumented
      redoubt-ipclist (IPC lists): 0 unsafe, 0 undocumented
      loader: 18 unsafe, 0 undocumented
      redoubt-signing (signature preimages): 0 unsafe, 0 undocumented
      kernel: Sv39, SBI and PLIC backends: 13 unsafe, 0 undocumented
      kernel: RISC-V arch (shared with rv32): 13 unsafe, 0 undocumented
      kernel: core: 18 unsafe, 0 undocumented
      redoubt-sys (system call ABI): the ecall stub: 3 unsafe, 0 undocumented
      redoubt-client (the userland client API): 0 unsafe, 0 undocumented
      redoubt-rt (native runtime): the allocator's trait, the heap's two words of a free block, a page buffer's two views, the device registers' read and write, the pages mapped before the first instruction, a spawned thread's closure taken back in its entry: 11 unsafe, 0 undocumented
      keyd (holds every private key; signs, never exports): 0 unsafe, 0 undocumented
      sshd (the network's first parser; carries every channel): 0 unsafe, 0 undocumented
      blkd (virtio-blk driver; DMA, so TCB): 4 unsafe, 0 undocumented
      netd (virtio-net driver; DMA, so TCB): 8 unsafe, 0 undocumented
      ipd (the TCP/IP stack; /net over 9P): 0 unsafe, 0 undocumented
      fsd (the file server; parses one volume's medium): 0 unsafe, 0 undocumented
      bootfsd and consoled (the first two 9P servers): 0 unsafe, 0 undocumented
      redoubt-wire (protocol codecs): 0 unsafe, 0 undocumented
      redoubt-steward (the steward's policy core): 0 unsafe, 0 undocumented
      redoubt-init (init): 0 unsafe, 0 undocumented
      redoubt-layout (kernel-half map): 0 unsafe, 0 undocumented
      stub (the loader stub): 7 unsafe, 0 undocumented
      redoubt-littlefs: 0 unsafe, 0 undocumented
Error: 1 test(s) failed; console logs are in /home/mcloonan/redoubt/.worktrees/SCHED1/target/testbench/run-2955461-1791250000011960704
