
loader: Redoubt rv32 loader, boot hart 0
  1 hart(s), timebase 10000000 Hz
  ram: 0x80000000..0x90000000 (256 MiB)
  bundle: 0x88200000..0x88280640
  devices: 14 mmio (8 dma), 10 irq, console 0x10000000
  plic: 0xc000000, S-mode context 1
  rng-seed: 32 bytes
  bundle signature ok (525824 bytes)
  PID 1: kernel -> 0xffd00000
  PID 2: asid-reuse-stale -> 0x133ba
  bundle mapped read-only at 0x20000000 (525888 bytes)
  252 MiB free, entering kernel
Kernel arguments:
    XArg (67724158, 28 bytes): 00000123 00000002 80000000 00000000 10000000 00000000 6d617273
    MREx (7845524d, 384 bytes): 10100000 00000000 00001000 00000000 632d7766 00000000 20000000 00000000 02000000 00000000 73616c66 00000000 00101000 00000000 00001000 00000000 40637472 00000000 10000000 00000000 00001000 00000000 69726573 00000000 00100000 00000000 00001000 00000000 74736574 00000000 10008000 00000000 00001000 00000000 74726976 00000000 10007000 00000000 00001000 00000000 74726976 00000000 10006000 00000000 00001000 00000000 74726976 00000000 10005000 00000000 00001000 00000000 74726976 00000000 10004000 00000000 00001000 00000000 74726976 00000000 10003000 00000000 00001000 00000000 74726976 00000000 10002000 00000000 00001000 00000000 74726976 00000000 10001000 00000000 00001000 00000000 74726976 00000000 0c000000 00000000 00600000 00000000 63696c70 00000000 02000000 00000000 00010000 00000000 6e696c63 00000000 30000000 00000000 10000000 00000000 40696370 00000000
    Ctrl (6c727443, 32 bytes): 0c000000 00000000 00600000 00000000 02000000 00000000 00010000 00000000
    Devs (73766544, 600 bytes): 00000003 00000000 00000000 00000000 00000000 00000000 00000001 10000000 00000000 00001000 00000000 00000000 00000002 0000000a 00000000 00000000 00000000 00000000 00000001 10100000 00000000 00001000 00000000 00000000 00000001 20000000 00000000 02000000 00000000 00000000 00000001 00101000 00000000 00001000 00000000 00000000 00000001 00100000 00000000 00001000 00000000 00000000 00000001 10008000 00000000 00001000 00000000 00000001 00000001 10007000 00000000 00001000 00000000 00000001 00000001 10006000 00000000 00001000 00000000 00000001 00000001 10005000 00000000 00001000 00000000 00000001 00000001 10004000 00000000 00001000 00000000 00000001 00000001 10003000 00000000 00001000 00000000 00000001 00000001 10002000 00000000 00001000 00000000 00000001 00000001 10001000 00000000 00001000 00000000 00000001 00000001 30000000 00000000 10000000 00000000 00000000 00000002 00000001 00000000 00000000 00000000 00000000 00000002 00000002 00000000 00000000 00000000 00000000 00000002 00000003 00000000 00000000 00000000 00000000 00000002 00000004 00000000 00000000 00000000 00000000 00000002 00000005 00000000 00000000 00000000 00000000 00000002 00000006 00000000 00000000 00000000 00000000 00000002 00000007 00000000 00000000 00000000 00000000 00000002 00000008 00000000 00000000 00000000 00000000 00000002 0000000b 00000000 00000000 00000000 00000000
    Plic (63696c50, 24 bytes): 0c000000 00000000 00600000 00000000 00000001 00000000
    Seed (64656553, 32 bytes): 985d427f 2b1b1ee4 0068edea ff46a6ea c1453b86 648e723d a847c300 ddb3ec23
    Time (656d6954, 8 bytes): 00989680 00000000
asid: 9 bits
Devices: 25 objects, all held by init
Budgets: root 63732 pages (1168 kept for init), system 15640, users 46922
W^X verified: 41 executable kernel pages, none writable under any alias
Kernel RNG seeded from the loader (32 bytes)
KMAIN (clean boot): Supervisor mode started...
kernel: checks on (debug assertions, overflow checks)

[pid 2] [asid-reuse] one process: V reads 0x0 after an unmap and a new map, neither marker: true
terminate_process: 293
[!] Terminating process with PID 293
[pid 2] [asid-reuse] A (pid 293) wrote its marker at V and read it back: true
terminate_process: 156
[!] Terminating process with PID 156
terminate_process: 411
[!] Terminating process with PID 411
terminate_process: 489
[!] Terminating process with PID 489
terminate_process: 312
[!] Terminating process with PID 312
terminate_process: 201
[!] Terminating process with PID 201
terminate_process: 233
[!] Terminating process with PID 233
terminate_process: 4
[!] Terminating process with PID 4
terminate_process: 85
[!] Terminating process with PID 85
terminate_process: 16
[!] Terminating process with PID 16
terminate_process: 223
[!] Terminating process with PID 223
terminate_process: 138
[!] Terminating process with PID 138
terminate_process: 68
[!] Terminating process with PID 68
terminate_process: 81
[!] Terminating process with PID 81
terminate_process: 177
[!] Terminating process with PID 177
terminate_process: 332
[!] Terminating process with PID 332
terminate_process: 424
[!] Terminating process with PID 424
terminate_process: 504
[!] Terminating process with PID 504
terminate_process: 297
[!] Terminating process with PID 297
terminate_process: 131
[!] Terminating process with PID 131
terminate_process: 133
[!] Terminating process with PID 133
terminate_process: 21
[!] Terminating process with PID 21
terminate_process: 86
[!] Terminating process with PID 86
terminate_process: 159
[!] Terminating process with PID 159
terminate_process: 232
[!] Terminating process with PID 232
terminate_process: 327
[!] Terminating process with PID 327
terminate_process: 262
[!] Terminating process with PID 262
terminate_process: 386
[!] Terminating process with PID 386
terminate_process: 474
[!] Terminating process with PID 474
terminate_process: 81
[!] Terminating process with PID 81
terminate_process: 509
[!] Terminating process with PID 509
terminate_process: 167
[!] Terminating process with PID 167
terminate_process: 451
[!] Terminating process with PID 451
terminate_process: 267
[!] Terminating process with PID 267
terminate_process: 167
[!] Terminating process with PID 167
terminate_process: 374
[!] Terminating process with PID 374
terminate_process: 427
[!] Terminating process with PID 427
terminate_process: 404
[!] Terminating process with PID 404
terminate_process: 131
[!] Terminating process with PID 131
terminate_process: 302
[!] Terminating process with PID 302
terminate_process: 422
[!] Terminating process with PID 422
terminate_process: 168
[!] Terminating process with PID 168
terminate_process: 283
[!] Terminating process with PID 283
terminate_process: 357
[!] Terminating process with PID 357
terminate_process: 354
[!] Terminating process with PID 354
terminate_process: 480
[!] Terminating process with PID 480
terminate_process: 13
[!] Terminating process with PID 13
terminate_process: 123
[!] Terminating process with PID 123
terminate_process: 126
[!] Terminating process with PID 126
terminate_process: 102
[!] Terminating process with PID 102
terminate_process: 242
[!] Terminating process with PID 242
terminate_process: 224
[!] Terminating process with PID 224
terminate_process: 75
[!] Terminating process with PID 75
terminate_process: 259
[!] Terminating process with PID 259
terminate_process: 260
[!] Terminating process with PID 260
terminate_process: 415
[!] Terminating process with PID 415
terminate_process: 64
[!] Terminating process with PID 64
terminate_process: 195
[!] Terminating process with PID 195
terminate_process: 472
[!] Terminating process with PID 472
terminate_process: 206
[!] Terminating process with PID 206
terminate_process: 182
[!] Terminating process with PID 182
terminate_process: 262
[!] Terminating process with PID 262
terminate_process: 480
[!] Terminating process with PID 480
terminate_process: 119
[!] Terminating process with PID 119
terminate_process: 281
[!] Terminating process with PID 281
terminate_process: 117
[!] Terminating process with PID 117
terminate_process: 130
[!] Terminating process with PID 130
terminate_process: 272
[!] Terminating process with PID 272
terminate_process: 362
[!] Terminating process with PID 362
terminate_process: 339
[!] Terminating process with PID 339
terminate_process: 189
[!] Terminating process with PID 189
terminate_process: 452
[!] Terminating process with PID 452
terminate_process: 31
[!] Terminating process with PID 31
terminate_process: 361
[!] Terminating process with PID 361
terminate_process: 107
[!] Terminating process with PID 107
terminate_process: 169
[!] Terminating process with PID 169
terminate_process: 348
[!] Terminating process with PID 348
terminate_process: 431
[!] Terminating process with PID 431
terminate_process: 399
[!] Terminating process with PID 399
terminate_process: 460
[!] Terminating process with PID 460
terminate_process: 331
[!] Terminating process with PID 331
terminate_process: 86
[!] Terminating process with PID 86
terminate_process: 293
[!] Terminating process with PID 293
[pid 2] [asid-reuse] B drew pid 293
[pid 2] [asid-reuse] B read 0x0 at V, not A's marker: true
[pid 2] [asid-reuse] every child read 0 at V: true
[pid 2] ASID REUSE STALE TEST PASSED
system_reset: PowerOff asked for by PID 2
