
loader: Redoubt rv32 loader, boot hart 0
  1 hart(s), timebase 10000000 Hz
  ram: 0x80000000..0x90000000 (256 MiB)
  bundle: 0x88200000..0x883e2e40
  devices: 14 mmio (8 dma), 10 irq, console 0x10000000
  plic: 0xc000000, S-mode context 1
  rng-seed: 32 bytes
  bundle signature ok (1977856 bytes)
  PID 1: kernel -> 0xffd00000
  PID 2: init -> 0x19058
  bundle mapped read-only at 0x20000000 (1977920 bytes)
  250 MiB free, entering kernel
Kernel arguments:
    XArg (67724158, 28 bytes): 00000123 00000002 80000000 00000000 10000000 00000000 6d617273
    MREx (7845524d, 384 bytes): 10100000 00000000 00001000 00000000 632d7766 00000000 20000000 00000000 02000000 00000000 73616c66 00000000 00101000 00000000 00001000 00000000 40637472 00000000 10000000 00000000 00001000 00000000 69726573 00000000 00100000 00000000 00001000 00000000 74736574 00000000 10008000 00000000 00001000 00000000 74726976 00000000 10007000 00000000 00001000 00000000 74726976 00000000 10006000 00000000 00001000 00000000 74726976 00000000 10005000 00000000 00001000 00000000 74726976 00000000 10004000 00000000 00001000 00000000 74726976 00000000 10003000 00000000 00001000 00000000 74726976 00000000 10002000 00000000 00001000 00000000 74726976 00000000 10001000 00000000 00001000 00000000 74726976 00000000 0c000000 00000000 00600000 00000000 63696c70 00000000 02000000 00000000 00010000 00000000 6e696c63 00000000 30000000 00000000 10000000 00000000 40696370 00000000
    Ctrl (6c727443, 32 bytes): 0c000000 00000000 00600000 00000000 02000000 00000000 00010000 00000000
    Devs (73766544, 600 bytes): 00000003 00000000 00000000 00000000 00000000 00000000 00000001 10000000 00000000 00001000 00000000 00000000 00000002 0000000a 00000000 00000000 00000000 00000000 00000001 10100000 00000000 00001000 00000000 00000000 00000001 20000000 00000000 02000000 00000000 00000000 00000001 00101000 00000000 00001000 00000000 00000000 00000001 00100000 00000000 00001000 00000000 00000000 00000001 10008000 00000000 00001000 00000000 00000001 00000001 10007000 00000000 00001000 00000000 00000001 00000001 10006000 00000000 00001000 00000000 00000001 00000001 10005000 00000000 00001000 00000000 00000001 00000001 10004000 00000000 00001000 00000000 00000001 00000001 10003000 00000000 00001000 00000000 00000001 00000001 10002000 00000000 00001000 00000000 00000001 00000001 10001000 00000000 00001000 00000000 00000001 00000001 30000000 00000000 10000000 00000000 00000000 00000002 00000001 00000000 00000000 00000000 00000000 00000002 00000002 00000000 00000000 00000000 00000000 00000002 00000003 00000000 00000000 00000000 00000000 00000002 00000004 00000000 00000000 00000000 00000000 00000002 00000005 00000000 00000000 00000000 00000000 00000002 00000006 00000000 00000000 00000000 00000000 00000002 00000007 00000000 00000000 00000000 00000000 00000002 00000008 00000000 00000000 00000000 00000000 00000002 0000000b 00000000 00000000 00000000 00000000
    Plic (63696c50, 24 bytes): 0c000000 00000000 00600000 00000000 00000001 00000000
    Seed (64656553, 32 bytes): d2dc0a97 87c01837 abe30b8c e73a4196 0d8e906b ee772d30 2203f600 114298c1
    Time (656d6954, 8 bytes): 00989680 00000000
asid: 9 bits
Devices: 25 objects, all held by init
Budgets: root 63742 pages (1564 kept for init), system 15544, users 46632
W^X verified: 34 executable kernel pages, none writable under any alias
Kernel RNG seeded from the loader (32 bytes)
KMAIN (clean boot): Supervisor mode started...
init: up
init: the manifest is checked: 9 servers, bound 489 pages
init: started keyd
init: keyd holds none of the 2 keys
init: started consoled, and writes through it
init: started netd, console a57d6cff89f9f811
init: started ipd, console eb95649751679d24
init: started judge, console bba7138320c3b05b
init: started victim, console 93b8597460937fea
init: started narrow, console 89908f8762514987
init: started any, console 0e31176e12805943
init: started labelled, console d6742bac495b69d6
init: holds none of the 11 badges and 7 console connections it handed
init: the boot is done: 9 servers, root holds 330 pages for it, within the bound of 489
[con bba7138320c3b05b] judge ipd has a link (1 probes)
[con bba7138320c3b05b] judge victim listening on 8000
[con bba7138320c3b05b] judge attack outside the prefix to 10.0.9.101:7: outcome 26
[con bba7138320c3b05b] judge its control to 10.0.9.110:7: outcome 42
[con bba7138320c3b05b] judge attack on the box's own 10.0.9.102:7: outcome 42
[con bba7138320c3b05b] judge attack on the box's own 10.0.2.15:8000: outcome 26
[con bba7138320c3b05b] judge attack on the box's own 127.0.0.1:8000: outcome 26
[con bba7138320c3b05b] judge attack on the box's own 127.1.2.3:8000: outcome 26
[con bba7138320c3b05b] judge attack on the box's own 10.0.2.2:8000: outcome 26
[con bba7138320c3b05b] judge attack on the box's own 10.0.2.2:22: outcome 26
[con bba7138320c3b05b] judge the twin to 10.0.9.111:7: outcome 42
[con bba7138320c3b05b] judge the labelled caller reports (information only): not refused 0x0
[con bba7138320c3b05b] judge ok: the victim accepted the bench's dial (1)
[con bba7138320c3b05b] judge ok: the victim accepted nothing more and still runs
[con bba7138320c3b05b] judge TEST PASSED
