$ libs/steward/elixir/run-traces --break not_locked
DIVERGES blame.trace: event 11: event now=13 Done object=lease@1/7#601 ok=[budget(902),scope,connection,process(72)]
  rust:   audit 1/7 at=13 StartFailed lease=601
  elixir: audit 1/7 at=13 AgentStarted lease=601 sponsor=0 parent=none deadline=1000004
  the rest of the event, rust:
    batch lease@1/7#601
    step destroy-budget budget=lease@1/7#601.0
    store
    domain 1/ sessions_started=1 agents_started=0 blame=Open times=[] until=0
      session id=101 state=Running principal=0 key=11 badge=102 number=1 reply=1
      request id=501 state=Rendered by=session#101 principal=0 content=agent([7],1000000) reason="a" snapshot=none reader=0 hash=6ce580914572b511e0282bebd5f9c2cdeb24c76681f8ac083cc69ec7386b15db audit=1/7 channel=50 reply=3
    domain 1/7 sessions_started=0 agents_started=0 blame=LockedOut times=[] until=600000012
      lease id=601 state=Ending principal=0 badge=602 number=0 lease=1000000 deadline=1000004 parent=none granted=true reply=0
    route 102 session@1/#101
    id 101 session@1/
    id 601 lease@1/7
    channel id=50 state=Open principal=0 key=21
    exited false
  the rest of the event, elixir:
    store
    domain 1/ sessions_started=1 agents_started=0 blame=Open times=[] until=0
      session id=101 state=Running principal=0 key=11 badge=102 number=1 reply=1
      request id=501 state=Rendered by=session#101 principal=0 content=agent([7],1000000) reason="a" snapshot=none reader=0 hash=6ce580914572b511e0282bebd5f9c2cdeb24c76681f8ac083cc69ec7386b15db audit=1/7 channel=50 reply=3
    domain 1/7 sessions_started=0 agents_started=1 blame=LockedOut times=[] until=600000012
      lease id=601 state=Running principal=0 badge=602 number=1 lease=1000000 deadline=1000004 parent=none granted=true reply=0
    route 102 session@1/#101
    route 602 lease@1/7#601
    id 101 session@1/
    id 601 lease@1/7
    channel id=50 state=Open principal=0 key=21
    exited false
ok channel.trace: 13 events
ok crossing.trace: 44 events
ok lease.trace: 29 events
ok model-noninterference-1-with.trace: 37 events
ok model-noninterference-1-without.trace: 37 events
ok model-policy-1.trace: 108 events
ok model-policy-2.trace: 112 events
DIVERGES model-policy-3.trace: event 110: event now=1146480000 random=[4313016372417040724,17339628440855558869,6706484296432059368,1675864782399135476,6092619124586260829,11209868441846838571,12780259841725926420,6990668446536938398] reply=66 Login principal="alice" labels=[] key=11
  rust:   reply 66 refused LockedOut
  elixir: batch session@1001/#4313016372417040724
  the rest of the event, rust:
    store
    domain 1001/ sessions_started=4 agents_started=2 blame=LockedOut times=[] until=1266480000
    domain 1001/7 sessions_started=1 agents_started=0 blame=Open times=[242200000] until=0
      session id=9239662784458341999 state=Running principal=0 key=11 badge=144348941679192689 number=1 reply=21
      request id=11793420344077264495 state=Frozen by=session#9239662784458341999 principal=0 content=declassify([7],0) reason="\"s\x1b\\uz\xe2\x81\xa6z\xe2\x80\x8balnwqf\\\\rwj\\uc\x07namtlqae\n\xe2\x81\xa6v\x07\"sav\x1b\xe2\x80\xae\"wmsjoc\"\"o\x1b\nxbd\xe2\x81\xa6w\xe2\x80\x8b\\" snapshot="ddlpgl" reader=31 hash=0f7bbce9ddca4d9776804f14f3a6cb9fde952fd020533cb6eccab8d7ef872da8 audit=1001/7 channel=none reply=39
      request id=16946445229941228724 state=Frozen by=session#9239662784458341999 principal=0 content=declassify([7],0) reason="\xe2\x81\xa6\x1bwnwufx\xe2\x80\xae\nstquf\x07wtvc\x1b\xe2\x80\x8b\xe2\x80\x8baileak\npagapw" snapshot="" reader=30 hash=1831ad4ddc293db18b755447bd401137b245a82882ee33ea6631776411a3d840 audit=1001/7 channel=none reply=38
    domain 1001/8 sessions_started=1 agents_started=0 blame=Open times=[] until=0
      session id=9285408548282087926 state=Running principal=0 key=11 badge=8472925556313956938 number=1 reply=49
    domain 1002/ sessions_started=2 agents_started=1 blame=Open times=[662200000,846480000] until=0
      session id=12232248766052734552 state=Running principal=1 key=21 badge=3265496452404041671 number=1 reply=35
      session id=15527819295543332638 state=Running principal=1 key=21 badge=29269973402826423 number=2 reply=50
      request id=18083783180545791327 state=Frozen by=session#12232248766052734552 principal=1 content=note("") reason="g\x07q\x1b\nj\x07d\\ii\nu\xe2\x80\x8basy\xe2\x81\xa6g\xe2\x80\xae\n\xe2\x81\xa6jmqef\x07uqfg\nq\x1b\"yia\xe2\x80\x8bgmv\xe2\x81\xa6o\xe2\x80\x8bz\xe2\x80\xae\xe2\x81\xa6\x07kzaj\x07paad\xe2\x80\x8b\xe2\x80\x8b\nh\xe2\x80\xael\\o\x07blg\xe2\x80\xae\\q\xe2\x80\xae\xe2\x80\xaev" snapshot=none reader=0 hash=a3700e7f86e50d33b2ece229b2d5344fb677523ced6c178eb3cfe4024972ea93 audit=1002/ channel=none reply=64
    domain 1002/9 sessions_started=0 agents_started=0 blame=Open times=[] until=0
    domain 1002/7 sessions_started=0 agents_started=0 blame=Open times=[] until=0
    domain 1003/ sessions_started=4 agents_started=0 blame=Open times=[662200000] until=0
      session id=6082500795585116577 state=Running principal=2 key=31 badge=14370438164270261375 number=3 reply=59
      session id=16451222580064962642 state=Running principal=2 key=31 badge=10715586960670274956 number=4 reply=65
    route 29269973402826423 session@1002/#15527819295543332638
    route 144348941679192689 session@1001/7#9239662784458341999
    route 3265496452404041671 session@1002/#12232248766052734552
    route 8472925556313956938 session@1001/8#9285408548282087926
    route 10715586960670274956 session@1003/#16451222580064962642
    route 14370438164270261375 session@1003/#6082500795585116577
    id 6082500795585116577 session@1003/
    id 9239662784458341999 session@1001/7
    id 9285408548282087926 session@1001/8
    id 12232248766052734552 session@1002/
    id 15527819295543332638 session@1002/
    id 16451222580064962642 session@1003/
    channel id=2970748210525120346 state=Open principal=1 key=22
    channel id=7561142360988570281 state=Open principal=1 key=22
    channel id=12504320961947774809 state=Open principal=1 key=22
    exited false
  the rest of the event, elixir:
    step create-budget token=session@1001/#4313016372417040724.0 parent=sub(1001/) limits=40,1,5 labels=[] deadline=none
    step create-scope scope=session@1001/#4313016372417040724.1 budget=session@1001/#4313016372417040724.0
    step connect token=session@1001/#4313016372417040724.3 scope=session@1001/#4313016372417040724.1 server=steward badge=17339628440855558869
    step connect token=session@1001/#4313016372417040724.4 scope=session@1001/#4313016372417040724.1 server=shared(0) badge=6706484296432059368
    step launch token=session@1001/#4313016372417040724.2 budget=session@1001/#4313016372417040724.0 connections=[session@1001/#4313016372417040724.3,session@1001/#4313016372417040724.4]
    store
    domain 1001/ sessions_started=4 agents_started=2 blame=Open times=[] until=1266480000
      session id=4313016372417040724 state=Starting principal=0 key=11 badge=17339628440855558869 number=0 reply=66
    domain 1001/7 sessions_started=1 agents_started=0 blame=Open times=[242200000] until=0
      session id=9239662784458341999 state=Running principal=0 key=11 badge=144348941679192689 number=1 reply=21
      request id=11793420344077264495 state=Frozen by=session#9239662784458341999 principal=0 content=declassify([7],0) reason="\"s\x1b\\uz\xe2\x81\xa6z\xe2\x80\x8balnwqf\\\\rwj\\uc\x07namtlqae\n\xe2\x81\xa6v\x07\"sav\x1b\xe2\x80\xae\"wmsjoc\"\"o\x1b\nxbd\xe2\x81\xa6w\xe2\x80\x8b\\" snapshot="ddlpgl" reader=31 hash=0f7bbce9ddca4d9776804f14f3a6cb9fde952fd020533cb6eccab8d7ef872da8 audit=1001/7 channel=none reply=39
      request id=16946445229941228724 state=Frozen by=session#9239662784458341999 principal=0 content=declassify([7],0) reason="\xe2\x81\xa6\x1bwnwufx\xe2\x80\xae\nstquf\x07wtvc\x1b\xe2\x80\x8b\xe2\x80\x8baileak\npagapw" snapshot="" reader=30 hash=1831ad4ddc293db18b755447bd401137b245a82882ee33ea6631776411a3d840 audit=1001/7 channel=none reply=38
    domain 1001/8 sessions_started=1 agents_started=0 blame=Open times=[] until=0
      session id=9285408548282087926 state=Running principal=0 key=11 badge=8472925556313956938 number=1 reply=49
    domain 1002/ sessions_started=2 agents_started=1 blame=Open times=[662200000,846480000] until=0
      session id=12232248766052734552 state=Running principal=1 key=21 badge=3265496452404041671 number=1 reply=35
      session id=15527819295543332638 state=Running principal=1 key=21 badge=29269973402826423 number=2 reply=50
      request id=18083783180545791327 state=Frozen by=session#12232248766052734552 principal=1 content=note("") reason="g\x07q\x1b\nj\x07d\\ii\nu\xe2\x80\x8basy\xe2\x81\xa6g\xe2\x80\xae\n\xe2\x81\xa6jmqef\x07uqfg\nq\x1b\"yia\xe2\x80\x8bgmv\xe2\x81\xa6o\xe2\x80\x8bz\xe2\x80\xae\xe2\x81\xa6\x07kzaj\x07paad\xe2\x80\x8b\xe2\x80\x8b\nh\xe2\x80\xael\\o\x07blg\xe2\x80\xae\\q\xe2\x80\xae\xe2\x80\xaev" snapshot=none reader=0 hash=a3700e7f86e50d33b2ece229b2d5344fb677523ced6c178eb3cfe4024972ea93 audit=1002/ channel=none reply=64
    domain 1002/9 sessions_started=0 agents_started=0 blame=Open times=[] until=0
    domain 1002/7 sessions_started=0 agents_started=0 blame=Open times=[] until=0
    domain 1003/ sessions_started=4 agents_started=0 blame=Open times=[662200000] until=0
      session id=6082500795585116577 state=Running principal=2 key=31 badge=14370438164270261375 number=3 reply=59
      session id=16451222580064962642 state=Running principal=2 key=31 badge=10715586960670274956 number=4 reply=65
    route 29269973402826423 session@1002/#15527819295543332638
    route 144348941679192689 session@1001/7#9239662784458341999
    route 3265496452404041671 session@1002/#12232248766052734552
    route 8472925556313956938 session@1001/8#9285408548282087926
    route 10715586960670274956 session@1003/#16451222580064962642
    route 14370438164270261375 session@1003/#6082500795585116577
    id 4313016372417040724 session@1001/
    id 6082500795585116577 session@1003/
    id 9239662784458341999 session@1001/7
    id 9285408548282087926 session@1001/8
    id 12232248766052734552 session@1002/
    id 15527819295543332638 session@1002/
    id 16451222580064962642 session@1003/
    channel id=2970748210525120346 state=Open principal=1 key=22
    channel id=7561142360988570281 state=Open principal=1 key=22
    channel id=12504320961947774809 state=Open principal=1 key=22
    exited false
DIVERGES model-policy-4.trace: event 98: event now=1206850000 random=[594122308112300690,15199261946209168722,8300629575250755713,2073133414978849351,10397639615337832732,1072288403799141329,14025002458991130438,4113539301115184688] reply=74 Login principal="bob" labels=[] key=21
  rust:   reply 74 refused LockedOut
  elixir: batch session@1002/#594122308112300690
  the rest of the event, rust:
    store
    domain 1001/ sessions_started=3 agents_started=0 blame=Open times=[] until=0
      session id=7918900616824067569 state=Running principal=0 key=11 badge=11308236898384159382 number=2 reply=67
      session id=11102567248655200175 state=Running principal=0 key=11 badge=14833398101709836459 number=3 reply=68
    domain 1001/7 sessions_started=0 agents_started=0 blame=Open times=[] until=0
    domain 1001/8 sessions_started=1 agents_started=0 blame=Open times=[1206850000] until=0
      session id=9950085948251190070 state=Running principal=0 key=11 badge=4695908532677526671 number=1 reply=44
      request id=16115287665690834851 state=Frozen by=session#9950085948251190070 principal=0 content=note("\niqh\x1b\\\ngk\xe2\x80\x8blvne") reason="r\ni\xe2\x80\xae\x1bbu\x1b\x1bb\xe2\x80\xae\xe2\x81\xa6q\x07pvdl" snapshot=none reader=0 hash=1e89abf32a8dadc1a3d4188163acbe63982f3e418c8669966f075c04f1c91ca9 audit=1001/8 channel=none reply=60
    domain 1002/ sessions_started=2 agents_started=1 blame=LockedOut times=[] until=1806850000
    domain 1002/9 sessions_started=0 agents_started=0 blame=Open times=[] until=0
    domain 1002/7 sessions_started=0 agents_started=0 blame=Open times=[] until=0
    domain 1003/ sessions_started=1 agents_started=1 blame=Open times=[1206850000,1206850000] until=0
      session id=499238374320495668 state=Running principal=2 key=31 badge=8401540465104365841 number=1 reply=47
      lease id=8292564795101714065 state=Running principal=2 badge=17373528785539179905 number=1 lease=3180000 deadline=1210030000 parent=none granted=false reply=71
    route 4695908532677526671 session@1001/8#9950085948251190070
    route 8401540465104365841 session@1003/#499238374320495668
    route 11308236898384159382 session@1001/#7918900616824067569
    route 14833398101709836459 session@1001/#11102567248655200175
    route 17373528785539179905 lease@1003/#8292564795101714065
    id 499238374320495668 session@1003/
    id 7918900616824067569 session@1001/
    id 8292564795101714065 lease@1003/
    id 9950085948251190070 session@1001/8
    id 11102567248655200175 session@1001/
    channel id=4915601433448765017 state=Open principal=2 key=32
    channel id=6274378105758208690 state=Open principal=2 key=32
    channel id=10311471669591495692 state=Open principal=2 key=32
    channel id=11657889990540909350 state=Open principal=0 key=12
    exited false
  the rest of the event, elixir:
    step create-budget token=session@1002/#594122308112300690.0 parent=sub(1002/) limits=40,1,5 labels=[] deadline=none
    step create-scope scope=session@1002/#594122308112300690.1 budget=session@1002/#594122308112300690.0
    step connect token=session@1002/#594122308112300690.3 scope=session@1002/#594122308112300690.1 server=steward badge=15199261946209168722
    step connect token=session@1002/#594122308112300690.4 scope=session@1002/#594122308112300690.1 server=shared(0) badge=8300629575250755713
    step launch token=session@1002/#594122308112300690.2 budget=session@1002/#594122308112300690.0 connections=[session@1002/#594122308112300690.3,session@1002/#594122308112300690.4]
    store
    domain 1001/ sessions_started=3 agents_started=0 blame=Open times=[] until=0
      session id=7918900616824067569 state=Running principal=0 key=11 badge=11308236898384159382 number=2 reply=67
      session id=11102567248655200175 state=Running principal=0 key=11 badge=14833398101709836459 number=3 reply=68
    domain 1001/7 sessions_started=0 agents_started=0 blame=Open times=[] until=0
    domain 1001/8 sessions_started=1 agents_started=0 blame=Open times=[1206850000] until=0
      session id=9950085948251190070 state=Running principal=0 key=11 badge=4695908532677526671 number=1 reply=44
      request id=16115287665690834851 state=Frozen by=session#9950085948251190070 principal=0 content=note("\niqh\x1b\\\ngk\xe2\x80\x8blvne") reason="r\ni\xe2\x80\xae\x1bbu\x1b\x1bb\xe2\x80\xae\xe2\x81\xa6q\x07pvdl" snapshot=none reader=0 hash=1e89abf32a8dadc1a3d4188163acbe63982f3e418c8669966f075c04f1c91ca9 audit=1001/8 channel=none reply=60
    domain 1002/ sessions_started=2 agents_started=1 blame=Open times=[] until=1806850000
      session id=594122308112300690 state=Starting principal=1 key=21 badge=15199261946209168722 number=0 reply=74
    domain 1002/9 sessions_started=0 agents_started=0 blame=Open times=[] until=0
    domain 1002/7 sessions_started=0 agents_started=0 blame=Open times=[] until=0
    domain 1003/ sessions_started=1 agents_started=1 blame=Open times=[1206850000,1206850000] until=0
      session id=499238374320495668 state=Running principal=2 key=31 badge=8401540465104365841 number=1 reply=47
      lease id=8292564795101714065 state=Running principal=2 badge=17373528785539179905 number=1 lease=3180000 deadline=1210030000 parent=none granted=false reply=71
    route 4695908532677526671 session@1001/8#9950085948251190070
    route 8401540465104365841 session@1003/#499238374320495668
    route 11308236898384159382 session@1001/#7918900616824067569
    route 14833398101709836459 session@1001/#11102567248655200175
    route 17373528785539179905 lease@1003/#8292564795101714065
    id 499238374320495668 session@1003/
    id 594122308112300690 session@1002/
    id 7918900616824067569 session@1001/
    id 8292564795101714065 lease@1003/
    id 9950085948251190070 session@1001/8
    id 11102567248655200175 session@1001/
    channel id=4915601433448765017 state=Open principal=2 key=32
    channel id=6274378105758208690 state=Open principal=2 key=32
    channel id=10311471669591495692 state=Open principal=2 key=32
    channel id=11657889990540909350 state=Open principal=0 key=12
    exited false
ok request.trace: 56 events
ok session.trace: 23 events
ok unreachable-crossing-closing.trace: 5 events
ok unreachable-crossing-open.trace: 4 events
ok unreachable-lease-ending.trace: 6 events
ok unreachable-lease-running.trace: 5 events
ok unreachable-request.trace: 4 events
ok unreachable-session-ending.trace: 4 events
ok unreachable-session-running.trace: 4 events
UNTAKEN by the hand-written traces: blame (libs/steward/tables/blame.md:14)
UNTAKEN by the hand-written traces: blame (libs/steward/tables/blame.md:15)
UNTAKEN by the hand-written traces: blame (libs/steward/tables/blame.md:16)
UNTAKEN by the hand-written traces: blame (libs/steward/tables/blame.md:17)
UNTAKEN by the hand-written traces: lease (libs/steward/tables/lease.md:15)
UNTAKEN by the hand-written traces: lease (libs/steward/tables/lease.md:18)
UNTAKEN by the hand-written traces: lease (libs/steward/tables/lease.md:19)
UNTAKEN by the hand-written traces: lease (libs/steward/tables/lease.md:32)
UNTAKEN by the hand-written traces: request (libs/steward/tables/request.md:40)
UNTAKEN by the hand-written traces: session (libs/steward/tables/session.md:12)
UNTAKEN by the hand-written traces: session (libs/steward/tables/session.md:14)
UNTAKEN by the hand-written traces: session (libs/steward/tables/session.md:18)
UNTAKEN by the hand-written traces: session (libs/steward/tables/session.md:24)
never reached by the model's traces: approval_channel (libs/steward/tables/approval_channel.md:13)
never reached by the model's traces: blame (libs/steward/tables/blame.md:14)
never reached by the model's traces: blame (libs/steward/tables/blame.md:15)
never reached by the model's traces: blame (libs/steward/tables/blame.md:17)
never reached by the model's traces: crossing (libs/steward/tables/crossing.md:14)
never reached by the model's traces: crossing (libs/steward/tables/crossing.md:15)
never reached by the model's traces: crossing (libs/steward/tables/crossing.md:17)
never reached by the model's traces: crossing (libs/steward/tables/crossing.md:18)
never reached by the model's traces: crossing (libs/steward/tables/crossing.md:19)
never reached by the model's traces: crossing (libs/steward/tables/crossing.md:20)
never reached by the model's traces: crossing (libs/steward/tables/crossing.md:21)
never reached by the model's traces: crossing (libs/steward/tables/crossing.md:22)
never reached by the model's traces: crossing (libs/steward/tables/crossing.md:23)
never reached by the model's traces: crossing (libs/steward/tables/crossing.md:24)
never reached by the model's traces: lease (libs/steward/tables/lease.md:15)
never reached by the model's traces: lease (libs/steward/tables/lease.md:18)
never reached by the model's traces: lease (libs/steward/tables/lease.md:19)
never reached by the model's traces: lease (libs/steward/tables/lease.md:22)
never reached by the model's traces: lease (libs/steward/tables/lease.md:24)
never reached by the model's traces: lease (libs/steward/tables/lease.md:25)
never reached by the model's traces: lease (libs/steward/tables/lease.md:29)
never reached by the model's traces: lease (libs/steward/tables/lease.md:31)
never reached by the model's traces: lease (libs/steward/tables/lease.md:32)
never reached by the model's traces: request (libs/steward/tables/request.md:23)
never reached by the model's traces: request (libs/steward/tables/request.md:27)
never reached by the model's traces: request (libs/steward/tables/request.md:29)
never reached by the model's traces: request (libs/steward/tables/request.md:30)
never reached by the model's traces: request (libs/steward/tables/request.md:31)
never reached by the model's traces: request (libs/steward/tables/request.md:32)
never reached by the model's traces: request (libs/steward/tables/request.md:36)
never reached by the model's traces: request (libs/steward/tables/request.md:39)
never reached by the model's traces: request (libs/steward/tables/request.md:40)
never reached by the model's traces: request (libs/steward/tables/request.md:42)
never reached by the model's traces: request (libs/steward/tables/request.md:43)
never reached by the model's traces: request (libs/steward/tables/request.md:45)
never reached by the model's traces: request (libs/steward/tables/request.md:46)
never reached by the model's traces: session (libs/steward/tables/session.md:12)
never reached by the model's traces: session (libs/steward/tables/session.md:14)
never reached by the model's traces: session (libs/steward/tables/session.md:17)
never reached by the model's traces: session (libs/steward/tables/session.md:18)
never reached by the model's traces: session (libs/steward/tables/session.md:21)
never reached by the model's traces: session (libs/steward/tables/session.md:23)
never reached by the model's traces: session (libs/steward/tables/session.md:24)
warning: a method with this name may be added to the standard library in the future
   --> /work/.worktrees/BEAM7/vendor/libm/src/math/support/big.rs:200:14
    |
200 |         self.widen()
    |              ^^^^^
    |
    = help: call with fully qualified syntax `HInt::widen(...)` to keep using the current method
    = warning: once this associated item is added to the standard library, the ambiguity may cause an error or change in behavior!
    = note: for more information, see issue #48919 <https://github.com/rust-lang/rust/issues/48919>
    = note: `#[warn(unstable_name_collisions)]` (part of `#[warn(future_incompatible)]`) on by default

warning: an associated constant with this name may be added to the standard library in the future
   --> /work/.worktrees/BEAM7/vendor/libm/src/math/support/float_traits.rs:232:68
    |
232 |               const NEG_NAN: Self = $from_bits($to_bits(Self::NAN) | Self::SIGN_MASK);
    |                                                                      ^^^^^^^^^^^^^^^ help: use the fully qualified path to the associated const: `<f32 as float_traits::Float>::SIGN_MASK`
...
324 | / float_impl!(
325 | |     f32,
326 | |     u32,
327 | |     i32,
...   |
333 | |     fmaf32
334 | | );
    | |_- in this macro invocation
    |
    = warning: once this associated item is added to the standard library, the ambiguity may cause an error or change in behavior!
    = note: for more information, see issue #48919 <https://github.com/rust-lang/rust/issues/48919>
    = note: this warning originates in the macro `float_impl` (in Nightly builds, run with -Z macro-backtrace for more info)

warning: an associated constant with this name may be added to the standard library in the future
   --> /work/.worktrees/BEAM7/vendor/libm/src/math/support/float_traits.rs:248:48
    |
248 |               const SIGN_MASK: Self::Int = 1 << (Self::BITS - 1);
    |                                                  ^^^^^^^^^^ help: use the fully qualified path to the associated const: `<f32 as float_traits::Float>::BITS`
...
324 | / float_impl!(
325 | |     f32,
326 | |     u32,
327 | |     i32,
...   |
333 | |     fmaf32
334 | | );
    | |_- in this macro invocation
    |
    = warning: once this associated item is added to the standard library, the ambiguity may cause an error or change in behavior!
    = note: for more information, see issue #48919 <https://github.com/rust-lang/rust/issues/48919>
    = note: this warning originates in the macro `float_impl` (in Nightly builds, run with -Z macro-backtrace for more info)

warning: an associated constant with this name may be added to the standard library in the future
   --> /work/.worktrees/BEAM7/vendor/libm/src/math/support/float_traits.rs:250:43
    |
250 |               const EXP_MASK: Self::Int = !(Self::SIGN_MASK | Self::SIG_MASK);
    |                                             ^^^^^^^^^^^^^^^ help: use the fully qualified path to the associated const: `<f32 as float_traits::Float>::SIGN_MASK`
...
324 | / float_impl!(
325 | |     f32,
326 | |     u32,
327 | |     i32,
...   |
333 | |     fmaf32
334 | | );
    | |_- in this macro invocation
    |
    = warning: once this associated item is added to the standard library, the ambiguity may cause an error or change in behavior!
    = note: for more information, see issue #48919 <https://github.com/rust-lang/rust/issues/48919>
    = note: this warning originates in the macro `float_impl` (in Nightly builds, run with -Z macro-backtrace for more info)

warning: an associated constant with this name may be added to the standard library in the future
   --> /work/.worktrees/BEAM7/vendor/libm/src/math/support/float_traits.rs:232:68
    |
232 |               const NEG_NAN: Self = $from_bits($to_bits(Self::NAN) | Self::SIGN_MASK);
    |                                                                      ^^^^^^^^^^^^^^^ help: use the fully qualified path to the associated const: `<f64 as float_traits::Float>::SIGN_MASK`
...
335 | / float_impl!(
336 | |     f64,
337 | |     u64,
338 | |     i64,
...   |
344 | |     fmaf64
345 | | );
    | |_- in this macro invocation
    |
    = warning: once this associated item is added to the standard library, the ambiguity may cause an error or change in behavior!
    = note: for more information, see issue #48919 <https://github.com/rust-lang/rust/issues/48919>
    = note: this warning originates in the macro `float_impl` (in Nightly builds, run with -Z macro-backtrace for more info)

warning: an associated constant with this name may be added to the standard library in the future
   --> /work/.worktrees/BEAM7/vendor/libm/src/math/support/float_traits.rs:248:48
    |
248 |               const SIGN_MASK: Self::Int = 1 << (Self::BITS - 1);
    |                                                  ^^^^^^^^^^ help: use the fully qualified path to the associated const: `<f64 as float_traits::Float>::BITS`
...
335 | / float_impl!(
336 | |     f64,
337 | |     u64,
338 | |     i64,
...   |
344 | |     fmaf64
345 | | );
    | |_- in this macro invocation
    |
    = warning: once this associated item is added to the standard library, the ambiguity may cause an error or change in behavior!
    = note: for more information, see issue #48919 <https://github.com/rust-lang/rust/issues/48919>
    = note: this warning originates in the macro `float_impl` (in Nightly builds, run with -Z macro-backtrace for more info)

warning: an associated constant with this name may be added to the standard library in the future
   --> /work/.worktrees/BEAM7/vendor/libm/src/math/support/float_traits.rs:250:43
    |
250 |               const EXP_MASK: Self::Int = !(Self::SIGN_MASK | Self::SIG_MASK);
    |                                             ^^^^^^^^^^^^^^^ help: use the fully qualified path to the associated const: `<f64 as float_traits::Float>::SIGN_MASK`
...
335 | / float_impl!(
336 | |     f64,
337 | |     u64,
338 | |     i64,
...   |
344 | |     fmaf64
345 | | );
    | |_- in this macro invocation
    |
    = warning: once this associated item is added to the standard library, the ambiguity may cause an error or change in behavior!
    = note: for more information, see issue #48919 <https://github.com/rust-lang/rust/issues/48919>
    = note: this warning originates in the macro `float_impl` (in Nightly builds, run with -Z macro-backtrace for more info)

warning: a method with this name may be added to the standard library in the future
  --> /work/.worktrees/BEAM7/vendor/libm/src/math/support/int_traits/narrowing_div.rs:37:28
   |
37 |                 ((self / n.widen()).cast(), (self % n.widen()).cast())
   |                            ^^^^^
...
75 | impl_narrowing_div_primitive!(u16);
   | ---------------------------------- in this macro invocation
   |
   = help: call with fully qualified syntax `HInt::widen(...)` to keep using the current method
   = warning: once this associated item is added to the standard library, the ambiguity may cause an error or change in behavior!
   = note: for more information, see issue #48919 <https://github.com/rust-lang/rust/issues/48919>
   = note: this warning originates in the macro `impl_narrowing_div_primitive` (in Nightly builds, run with -Z macro-backtrace for more info)

warning: a method with this name may be added to the standard library in the future
  --> /work/.worktrees/BEAM7/vendor/libm/src/math/support/int_traits/narrowing_div.rs:37:55
   |
37 |                 ((self / n.widen()).cast(), (self % n.widen()).cast())
   |                                                       ^^^^^
...
75 | impl_narrowing_div_primitive!(u16);
   | ---------------------------------- in this macro invocation
   |
   = help: call with fully qualified syntax `HInt::widen(...)` to keep using the current method
   = warning: once this associated item is added to the standard library, the ambiguity may cause an error or change in behavior!
   = note: for more information, see issue #48919 <https://github.com/rust-lang/rust/issues/48919>
   = note: this warning originates in the macro `impl_narrowing_div_primitive` (in Nightly builds, run with -Z macro-backtrace for more info)

warning: a method with this name may be added to the standard library in the future
  --> /work/.worktrees/BEAM7/vendor/libm/src/math/support/int_traits/narrowing_div.rs:37:28
   |
37 |                 ((self / n.widen()).cast(), (self % n.widen()).cast())
   |                            ^^^^^
...
76 | impl_narrowing_div_primitive!(u32);
   | ---------------------------------- in this macro invocation
   |
   = help: call with fully qualified syntax `HInt::widen(...)` to keep using the current method
   = warning: once this associated item is added to the standard library, the ambiguity may cause an error or change in behavior!
   = note: for more information, see issue #48919 <https://github.com/rust-lang/rust/issues/48919>
   = note: this warning originates in the macro `impl_narrowing_div_primitive` (in Nightly builds, run with -Z macro-backtrace for more info)

warning: a method with this name may be added to the standard library in the future
  --> /work/.worktrees/BEAM7/vendor/libm/src/math/support/int_traits/narrowing_div.rs:37:55
   |
37 |                 ((self / n.widen()).cast(), (self % n.widen()).cast())
   |                                                       ^^^^^
...
76 | impl_narrowing_div_primitive!(u32);
   | ---------------------------------- in this macro invocation
   |
   = help: call with fully qualified syntax `HInt::widen(...)` to keep using the current method
   = warning: once this associated item is added to the standard library, the ambiguity may cause an error or change in behavior!
   = note: for more information, see issue #48919 <https://github.com/rust-lang/rust/issues/48919>
   = note: this warning originates in the macro `impl_narrowing_div_primitive` (in Nightly builds, run with -Z macro-backtrace for more info)

warning: a method with this name may be added to the standard library in the future
  --> /work/.worktrees/BEAM7/vendor/libm/src/math/support/int_traits/narrowing_div.rs:37:28
   |
37 |                 ((self / n.widen()).cast(), (self % n.widen()).cast())
   |                            ^^^^^
...
77 | impl_narrowing_div_primitive!(u64);
   | ---------------------------------- in this macro invocation
   |
   = help: call with fully qualified syntax `HInt::widen(...)` to keep using the current method
   = warning: once this associated item is added to the standard library, the ambiguity may cause an error or change in behavior!
   = note: for more information, see issue #48919 <https://github.com/rust-lang/rust/issues/48919>
   = note: this warning originates in the macro `impl_narrowing_div_primitive` (in Nightly builds, run with -Z macro-backtrace for more info)

warning: a method with this name may be added to the standard library in the future
  --> /work/.worktrees/BEAM7/vendor/libm/src/math/support/int_traits/narrowing_div.rs:37:55
   |
37 |                 ((self / n.widen()).cast(), (self % n.widen()).cast())
   |                                                       ^^^^^
...
77 | impl_narrowing_div_primitive!(u64);
   | ---------------------------------- in this macro invocation
   |
   = help: call with fully qualified syntax `HInt::widen(...)` to keep using the current method
   = warning: once this associated item is added to the standard library, the ambiguity may cause an error or change in behavior!
   = note: for more information, see issue #48919 <https://github.com/rust-lang/rust/issues/48919>
   = note: this warning originates in the macro `impl_narrowing_div_primitive` (in Nightly builds, run with -Z macro-backtrace for more info)

warning: a method with this name may be added to the standard library in the future
  --> /work/.worktrees/BEAM7/vendor/libm/src/math/support/int_traits/narrowing_div.rs:37:28
   |
37 |                 ((self / n.widen()).cast(), (self % n.widen()).cast())
   |                            ^^^^^
...
78 | impl_narrowing_div_primitive!(u128);
   | ----------------------------------- in this macro invocation
   |
   = help: call with fully qualified syntax `HInt::widen(...)` to keep using the current method
   = warning: once this associated item is added to the standard library, the ambiguity may cause an error or change in behavior!
   = note: for more information, see issue #48919 <https://github.com/rust-lang/rust/issues/48919>
   = note: this warning originates in the macro `impl_narrowing_div_primitive` (in Nightly builds, run with -Z macro-backtrace for more info)

warning: a method with this name may be added to the standard library in the future
  --> /work/.worktrees/BEAM7/vendor/libm/src/math/support/int_traits/narrowing_div.rs:37:55
   |
37 |                 ((self / n.widen()).cast(), (self % n.widen()).cast())
   |                                                       ^^^^^
...
78 | impl_narrowing_div_primitive!(u128);
   | ----------------------------------- in this macro invocation
   |
   = help: call with fully qualified syntax `HInt::widen(...)` to keep using the current method
   = warning: once this associated item is added to the standard library, the ambiguity may cause an error or change in behavior!
   = note: for more information, see issue #48919 <https://github.com/rust-lang/rust/issues/48919>
   = note: this warning originates in the macro `impl_narrowing_div_primitive` (in Nightly builds, run with -Z macro-backtrace for more info)

warning: a method with this name may be added to the standard library in the future
   --> /work/.worktrees/BEAM7/vendor/libm/src/math/support/int_traits.rs:382:26
    |
382 |                       self.widen().wrapping_mul(rhs.widen())
    |                            ^^^^^
...
393 | / impl_h_int!(
394 | |     u8 u8 u16,
395 | |     u16 u16 u32,
396 | |     u32 u32 u64,
...   |
401 | |     i64 u64 i128
402 | | );
    | |_- in this macro invocation
    |
    = help: call with fully qualified syntax `HInt::widen(...)` to keep using the current method
    = warning: once this associated item is added to the standard library, the ambiguity may cause an error or change in behavior!
    = note: for more information, see issue #48919 <https://github.com/rust-lang/rust/issues/48919>
    = note: this warning originates in the macro `impl_h_int` (in Nightly builds, run with -Z macro-backtrace for more info)

warning: a method with this name may be added to the standard library in the future
   --> /work/.worktrees/BEAM7/vendor/libm/src/math/support/int_traits.rs:382:51
    |
382 |                       self.widen().wrapping_mul(rhs.widen())
    |                                                     ^^^^^
...
393 | / impl_h_int!(
394 | |     u8 u8 u16,
395 | |     u16 u16 u32,
396 | |     u32 u32 u64,
...   |
401 | |     i64 u64 i128
402 | | );
    | |_- in this macro invocation
    |
    = help: call with fully qualified syntax `HInt::widen(...)` to keep using the current method
    = warning: once this associated item is added to the standard library, the ambiguity may cause an error or change in behavior!
    = note: for more information, see issue #48919 <https://github.com/rust-lang/rust/issues/48919>
    = note: this warning originates in the macro `impl_h_int` (in Nightly builds, run with -Z macro-backtrace for more info)

warning: an associated constant with this name may be added to the standard library in the future
  --> /work/.worktrees/BEAM7/vendor/libm/src/math/cbrt.rs:49:29
   |
49 |         let ix: u64 = hx & !f64::SIGN_MASK;
   |                             ^^^^^^^^^^^^^^ help: use the fully qualified path to the associated const: `<f64 as float_traits::Float>::SIGN_MASK`
   |
   = warning: once this associated item is added to the standard library, the ambiguity may cause an error or change in behavior!
   = note: for more information, see issue #48919 <https://github.com/rust-lang/rust/issues/48919>


