
loader: Redoubt rv64 loader, boot hart 0
  1 hart(s), timebase 10000000 Hz
  ram: 0x80000000..0x90000000 (256 MiB)
  bundle: 0x88200000..0x882a1040
  devices: 14 mmio (8 dma), 10 irq, console 0x10000000
  plic: 0xc000000, S-mode context 1
  rng-seed: 32 bytes
  bundle signature ok (659456 bytes)
  PID 1: kernel -> 0xffffffffffd00000
  PID 2: budget-deadline -> 0x138f0
  bundle mapped read-only at 0x20000000 (659520 bytes)
  252 MiB free, entering kernel
Kernel arguments:
    XArg (67724158, 28 bytes): 00000123 00000002 80000000 00000000 10000000 00000000 6d617273
    MREx (7845524d, 384 bytes): 10100000 00000000 00001000 00000000 632d7766 00000000 20000000 00000000 02000000 00000000 73616c66 00000000 00101000 00000000 00001000 00000000 40637472 00000000 10000000 00000000 00001000 00000000 69726573 00000000 00100000 00000000 00001000 00000000 74736574 00000000 10008000 00000000 00001000 00000000 74726976 00000000 10007000 00000000 00001000 00000000 74726976 00000000 10006000 00000000 00001000 00000000 74726976 00000000 10005000 00000000 00001000 00000000 74726976 00000000 10004000 00000000 00001000 00000000 74726976 00000000 10003000 00000000 00001000 00000000 74726976 00000000 10002000 00000000 00001000 00000000 74726976 00000000 10001000 00000000 00001000 00000000 74726976 00000000 0c000000 00000000 00600000 00000000 63696c70 00000000 02000000 00000000 00010000 00000000 6e696c63 00000000 30000000 00000000 10000000 00000000 40696370 00000000
    Ctrl (6c727443, 32 bytes): 0c000000 00000000 00600000 00000000 02000000 00000000 00010000 00000000
    Devs (73766544, 600 bytes): 00000003 00000000 00000000 00000000 00000000 00000000 00000001 10000000 00000000 00001000 00000000 00000000 00000002 0000000a 00000000 00000000 00000000 00000000 00000001 10100000 00000000 00001000 00000000 00000000 00000001 20000000 00000000 02000000 00000000 00000000 00000001 00101000 00000000 00001000 00000000 00000000 00000001 00100000 00000000 00001000 00000000 00000000 00000001 10008000 00000000 00001000 00000000 00000001 00000001 10007000 00000000 00001000 00000000 00000001 00000001 10006000 00000000 00001000 00000000 00000001 00000001 10005000 00000000 00001000 00000000 00000001 00000001 10004000 00000000 00001000 00000000 00000001 00000001 10003000 00000000 00001000 00000000 00000001 00000001 10002000 00000000 00001000 00000000 00000001 00000001 10001000 00000000 00001000 00000000 00000001 00000001 30000000 00000000 10000000 00000000 00000000 00000002 00000001 00000000 00000000 00000000 00000000 00000002 00000002 00000000 00000000 00000000 00000000 00000002 00000003 00000000 00000000 00000000 00000000 00000002 00000004 00000000 00000000 00000000 00000000 00000002 00000005 00000000 00000000 00000000 00000000 00000002 00000006 00000000 00000000 00000000 00000000 00000002 00000007 00000000 00000000 00000000 00000000 00000002 00000008 00000000 00000000 00000000 00000000 00000002 0000000b 00000000 00000000 00000000 00000000
    Plic (63696c50, 24 bytes): 0c000000 00000000 00600000 00000000 00000001 00000000
    Seed (64656553, 32 bytes): c445dc1c 2b6f48ab b2798e64 86e1b2e5 3f0aec8a 75616738 10ea136d 6457154a
    Time (656d6954, 8 bytes): 00989680 00000000
asid: 16 bits
Devices: 25 objects, all held by init
Budgets: root 63726 pages (1204 kept for init), system 15630, users 46890
W^X verified: 36 executable kernel pages, none writable under any alias
Kernel RNG seeded from the loader (32 bytes)
KMAIN (clean boot): Supervisor mode started...
kernel: checks on (debug assertions, overflow checks)
[!] Terminating process with PID 302
[!] Terminating process with PID 400
[!] Terminating process with PID 453
terminate_process: 190
[!] Terminating process with PID 190
[deadline] ok: the running spinner's budget was destroyed at its deadline, killed notices blaming nobody
[deadline] lateness ok (25680 µs after the deadline; destroying by hand took 26645 µs; bound 1000 µs more)
[deadline] ok: the server took the lease's call
[!] Terminating process with PID 88
[!] Terminating process with PID 231
[deadline] ok: 2 killed notices, blaming nobody
terminate_process: 299
[!] Terminating process with PID 299
[deadline] ok: the taken call was abandoned: one notice, reply discarded
[deadline] ok: a send queued through a handle stamped with the lease failed Dead, the handle revoked
[deadline] ok: handles to the lease, its child and stamped with it revoked ([Some(BadHandle), Some(BadHandle), Some(BadHandle)])
[deadline] ok: system's usage restored (before Usage { pages_limit: 15630, pages_usage: 627, processes_limit: 127, processes_usage: 2, weight_limit: 250000, weight_carved: 20 }, after Usage { pages_limit: 15630, pages_usage: 627, processes_limit: 127, processes_usage: 2, weight_limit: 250000, weight_carved: 20 })
terminate_process: 305
[!] Terminating process with PID 305
[deadline] ok: a past deadline destroys at once (Some(BadHandle)); FOREVER never
[deadline] ok: the destroyed child's later deadline did not fire
BUDGET-DEADLINE TEST PASSED
system_reset: PowerOff asked for by PID 2
