
loader: Redoubt rv32 loader, boot hart 0
  1 hart(s), timebase 10000000 Hz
  ram: 0x80000000..0x90000000 (256 MiB)
  bundle: 0x88200000..0x8826ac40
  devices: 14 mmio (8 dma), 10 irq, console 0x10000000
  plic: 0xc000000, S-mode context 1
  rng-seed: 32 bytes
  bundle signature ok (437248 bytes)
  PID 1: kernel -> 0xffd00000
  PID 2: bundle-mapped -> 0x13212
  bundle mapped read-only at 0x20000000 (437312 bytes)
  252 MiB free, entering kernel
Kernel arguments:
    XArg (67724158, 28 bytes): 00000123 00000002 80000000 00000000 10000000 00000000 6d617273
    MREx (7845524d, 384 bytes): 10100000 00000000 00001000 00000000 632d7766 00000000 20000000 00000000 02000000 00000000 73616c66 00000000 00101000 00000000 00001000 00000000 40637472 00000000 10000000 00000000 00001000 00000000 69726573 00000000 00100000 00000000 00001000 00000000 74736574 00000000 10008000 00000000 00001000 00000000 74726976 00000000 10007000 00000000 00001000 00000000 74726976 00000000 10006000 00000000 00001000 00000000 74726976 00000000 10005000 00000000 00001000 00000000 74726976 00000000 10004000 00000000 00001000 00000000 74726976 00000000 10003000 00000000 00001000 00000000 74726976 00000000 10002000 00000000 00001000 00000000 74726976 00000000 10001000 00000000 00001000 00000000 74726976 00000000 0c000000 00000000 00600000 00000000 63696c70 00000000 02000000 00000000 00010000 00000000 6e696c63 00000000 30000000 00000000 10000000 00000000 40696370 00000000
    Ctrl (6c727443, 32 bytes): 0c000000 00000000 00600000 00000000 02000000 00000000 00010000 00000000
    Devs (73766544, 600 bytes): 00000003 00000000 00000000 00000000 00000000 00000000 00000001 10000000 00000000 00001000 00000000 00000000 00000002 0000000a 00000000 00000000 00000000 00000000 00000001 10100000 00000000 00001000 00000000 00000000 00000001 20000000 00000000 02000000 00000000 00000000 00000001 00101000 00000000 00001000 00000000 00000000 00000001 00100000 00000000 00001000 00000000 00000000 00000001 10008000 00000000 00001000 00000000 00000001 00000001 10007000 00000000 00001000 00000000 00000001 00000001 10006000 00000000 00001000 00000000 00000001 00000001 10005000 00000000 00001000 00000000 00000001 00000001 10004000 00000000 00001000 00000000 00000001 00000001 10003000 00000000 00001000 00000000 00000001 00000001 10002000 00000000 00001000 00000000 00000001 00000001 10001000 00000000 00001000 00000000 00000001 00000001 30000000 00000000 10000000 00000000 00000000 00000002 00000001 00000000 00000000 00000000 00000000 00000002 00000002 00000000 00000000 00000000 00000000 00000002 00000003 00000000 00000000 00000000 00000000 00000002 00000004 00000000 00000000 00000000 00000000 00000002 00000005 00000000 00000000 00000000 00000000 00000002 00000006 00000000 00000000 00000000 00000000 00000002 00000007 00000000 00000000 00000000 00000000 00000002 00000008 00000000 00000000 00000000 00000000 00000002 0000000b 00000000 00000000 00000000 00000000
    Plic (63696c50, 24 bytes): 0c000000 00000000 00600000 00000000 00000001 00000000
    Seed (64656553, 32 bytes): 88a44795 0685f80a a69256f4 b4250c40 a1a9a937 55904e38 76501c2e 000b796d
    Time (656d6954, 8 bytes): 00989680 00000000
asid: 9 bits
Devices: 25 objects, all held by init
Budgets: root 63742 pages (1145 kept for init), system 15648, users 46947
W^X verified: 34 executable kernel pages, none writable under any alias
Kernel RNG seeded from the loader (32 bytes)
KMAIN (clean boot): Supervisor mode started...

[bundle-mapped] the bundle is at 0x20000000, 437312 bytes
[bundle-mapped] ok: a0 is a page, a1 more than a signature
[bundle-mapped] ok: the first entry is the kernel's ELF
[bundle-mapped] ok: the second entry is this program
[bundle-mapped] ok: its read-only segments are this program's own image (14652 bytes compared)
[bundle-mapped] ok: system 127 processes, users 382, and root keeps one for this one
[bundle-mapped] ok: root pays for the bundle's 107 pages and the rest of this process (123)
[bundle-mapped] ok: map_fixed over the bundle -> Err(InvalidArgument), nothing charged
[bundle-mapped] writing to the bundle
PROGRAM HALT: CPU Exception on PID 2: Store page fault of 0x20000000 at 0x000138f4
Current thread 1:
Thread 1:
PC:000138f4   SP:7ffffea0   RA:000138f4
GP:00000000   TP:00000000
T0:000001fe   T1:000123d0   T2:7ffffe36
T3:7ffffe35   T4:00000064   T5:7ffffd98   T6:d1b71759
S0:00000003   S1:00000003   S2:0000f500   S3:00000000
S4:000101d0   S5:00000000   S6:00012206   S7:00000000
S8:00000fff   S9:00000000  S10:0000f483  S11:20000000
A0:00000000   A1:0001056c   A2:0001056c   A3:00000008
A4:0000000a   A5:60000000   A6:00000020   A7:0000007f
Memory Maps for satp 0x8088ff01:
    0000000000010000 -> 008feff000 (PteFlags(VALID | R | USER | A | D))
    0000000000011000 -> 008fefe000 (PteFlags(VALID | R | X | USER | A | D))
    0000000000012000 -> 008fefd000 (PteFlags(VALID | R | X | USER | A | D))
    0000000000013000 -> 008fefc000 (PteFlags(VALID | R | X | USER | A | D))
    0000000000014000 -> 008fefb000 (PteFlags(VALID | R | X | USER | A | D))
    0000000000015000 -> 008fefa000 (PteFlags(VALID | R | W | USER | A | D))
    0000000020000000 -> 0088200000 (PteFlags(VALID | R | USER | A | D))
    0000000020001000 -> 0088201000 (PteFlags(VALID | R | USER | A | D))
    0000000020002000 -> 0088202000 (PteFlags(VALID | R | USER | A | D))
    0000000020003000 -> 0088203000 (PteFlags(VALID | R | USER | A | D))
    0000000020004000 -> 0088204000 (PteFlags(VALID | R | USER | A | D))
    0000000020005000 -> 0088205000 (PteFlags(VALID | R | USER | A | D))
    0000000020006000 -> 0088206000 (PteFlags(VALID | R | USER | A | D))
    0000000020007000 -> 0088207000 (PteFlags(VALID | R | USER | A | D))
    0000000020008000 -> 0088208000 (PteFlags(VALID | R | USER | A | D))
    0000000020009000 -> 0088209000 (PteFlags(VALID | R | USER | A | D))
    000000002000a000 -> 008820a000 (PteFlags(VALID | R | USER | A | D))
    000000002000b000 -> 008820b000 (PteFlags(VALID | R | USER | A | D))
    000000002000c000 -> 008820c000 (PteFlags(VALID | R | USER | A | D))
    000000002000d000 -> 008820d000 (PteFlags(VALID | R | USER | A | D))
    000000002000e000 -> 008820e000 (PteFlags(VALID | R | USER | A | D))
    000000002000f000 -> 008820f000 (PteFlags(VALID | R | USER | A | D))
    0000000020010000 -> 0088210000 (PteFlags(VALID | R | USER | A | D))
    0000000020011000 -> 0088211000 (PteFlags(VALID | R | USER | A | D))
    0000000020012000 -> 0088212000 (PteFlags(VALID | R | USER | A | D))
    0000000020013000 -> 0088213000 (PteFlags(VALID | R | USER | A | D))
    0000000020014000 -> 0088214000 (PteFlags(VALID | R | USER | A | D))
    0000000020015000 -> 0088215000 (PteFlags(VALID | R | USER | A | D))
    0000000020016000 -> 0088216000 (PteFlags(VALID | R | USER | A | D))
    0000000020017000 -> 0088217000 (PteFlags(VALID | R | USER | A | D))
    0000000020018000 -> 0088218000 (PteFlags(VALID | R | USER | A | D))
    0000000020019000 -> 0088219000 (PteFlags(VALID | R | USER | A | D))
    000000002001a000 -> 008821a000 (PteFlags(VALID | R | USER | A | D))
    000000002001b000 -> 008821b000 (PteFlags(VALID | R | USER | A | D))
    000000002001c000 -> 008821c000 (PteFlags(VALID | R | USER | A | D))
    000000002001d000 -> 008821d000 (PteFlags(VALID | R | USER | A | D))
    000000002001e000 -> 008821e000 (PteFlags(VALID | R | USER | A | D))
    000000002001f000 -> 008821f000 (PteFlags(VALID | R | USER | A | D))
    0000000020020000 -> 0088220000 (PteFlags(VALID | R | USER | A | D))
    0000000020021000 -> 0088221000 (PteFlags(VALID | R | USER | A | D))
    0000000020022000 -> 0088222000 (PteFlags(VALID | R | USER | A | D))
    0000000020023000 -> 0088223000 (PteFlags(VALID | R | USER | A | D))
    0000000020024000 -> 0088224000 (PteFlags(VALID | R | USER | A | D))
    0000000020025000 -> 0088225000 (PteFlags(VALID | R | USER | A | D))
    0000000020026000 -> 0088226000 (PteFlags(VALID | R | USER | A | D))
    0000000020027000 -> 0088227000 (PteFlags(VALID | R | USER | A | D))
    0000000020028000 -> 0088228000 (PteFlags(VALID | R | USER | A | D))
    0000000020029000 -> 0088229000 (PteFlags(VALID | R | USER | A | D))
    000000002002a000 -> 008822a000 (PteFlags(VALID | R | USER | A | D))
    000000002002b000 -> 008822b000 (PteFlags(VALID | R | USER | A | D))
    000000002002c000 -> 008822c000 (PteFlags(VALID | R | USER | A | D))
    000000002002d000 -> 008822d000 (PteFlags(VALID | R | USER | A | D))
    000000002002e000 -> 008822e000 (PteFlags(VALID | R | USER | A | D))
    000000002002f000 -> 008822f000 (PteFlags(VALID | R | USER | A | D))
    0000000020030000 -> 0088230000 (PteFlags(VALID | R | USER | A | D))
    0000000020031000 -> 0088231000 (PteFlags(VALID | R | USER | A | D))
    0000000020032000 -> 0088232000 (PteFlags(VALID | R | USER | A | D))
    0000000020033000 -> 0088233000 (PteFlags(VALID | R | USER | A | D))
    0000000020034000 -> 0088234000 (PteFlags(VALID | R | USER | A | D))
    0000000020035000 -> 0088235000 (PteFlags(VALID | R | USER | A | D))
    0000000020036000 -> 0088236000 (PteFlags(VALID | R | USER | A | D))
    0000000020037000 -> 0088237000 (PteFlags(VALID | R | USER | A | D))
    0000000020038000 -> 0088238000 (PteFlags(VALID | R | USER | A | D))
    0000000020039000 -> 0088239000 (PteFlags(VALID | R | USER | A | D))
    000000002003a000 -> 008823a000 (PteFlags(VALID | R | USER | A | D))
    000000002003b000 -> 008823b000 (PteFlags(VALID | R | USER | A | D))
    000000002003c000 -> 008823c000 (PteFlags(VALID | R | USER | A | D))
    000000002003d000 -> 008823d000 (PteFlags(VALID | R | USER | A | D))
    000000002003e000 -> 008823e000 (PteFlags(VALID | R | USER | A | D))
    000000002003f000 -> 008823f000 (PteFlags(VALID | R | USER | A | D))
    0000000020040000 -> 0088240000 (PteFlags(VALID | R | USER | A | D))
    0000000020041000 -> 0088241000 (PteFlags(VALID | R | USER | A | D))
    0000000020042000 -> 0088242000 (PteFlags(VALID | R | USER | A | D))
    0000000020043000 -> 0088243000 (PteFlags(VALID | R | USER | A | D))
    0000000020044000 -> 0088244000 (PteFlags(VALID | R | USER | A | D))
    0000000020045000 -> 0088245000 (PteFlags(VALID | R | USER | A | D))
    0000000020046000 -> 0088246000 (PteFlags(VALID | R | USER | A | D))
    0000000020047000 -> 0088247000 (PteFlags(VALID | R | USER | A | D))
    0000000020048000 -> 0088248000 (PteFlags(VALID | R | USER | A | D))
    0000000020049000 -> 0088249000 (PteFlags(VALID | R | USER | A | D))
    000000002004a000 -> 008824a000 (PteFlags(VALID | R | USER | A | D))
    000000002004b000 -> 008824b000 (PteFlags(VALID | R | USER | A | D))
    000000002004c000 -> 008824c000 (PteFlags(VALID | R | USER | A | D))
    000000002004d000 -> 008824d000 (PteFlags(VALID | R | USER | A | D))
    000000002004e000 -> 008824e000 (PteFlags(VALID | R | USER | A | D))
    000000002004f000 -> 008824f000 (PteFlags(VALID | R | USER | A | D))
    0000000020050000 -> 0088250000 (PteFlags(VALID | R | USER | A | D))
    0000000020051000 -> 0088251000 (PteFlags(VALID | R | USER | A | D))
    0000000020052000 -> 0088252000 (PteFlags(VALID | R | USER | A | D))
    0000000020053000 -> 0088253000 (PteFlags(VALID | R | USER | A | D))
    0000000020054000 -> 0088254000 (PteFlags(VALID | R | USER | A | D))
    0000000020055000 -> 0088255000 (PteFlags(VALID | R | USER | A | D))
    0000000020056000 -> 0088256000 (PteFlags(VALID | R | USER | A | D))
    0000000020057000 -> 0088257000 (PteFlags(VALID | R | USER | A | D))
    0000000020058000 -> 0088258000 (PteFlags(VALID | R | USER | A | D))
    0000000020059000 -> 0088259000 (PteFlags(VALID | R | USER | A | D))
    000000002005a000 -> 008825a000 (PteFlags(VALID | R | USER | A | D))
    000000002005b000 -> 008825b000 (PteFlags(VALID | R | USER | A | D))
    000000002005c000 -> 008825c000 (PteFlags(VALID | R | USER | A | D))
    000000002005d000 -> 008825d000 (PteFlags(VALID | R | USER | A | D))
    000000002005e000 -> 008825e000 (PteFlags(VALID | R | USER | A | D))
    000000002005f000 -> 008825f000 (PteFlags(VALID | R | USER | A | D))
    0000000020060000 -> 0088260000 (PteFlags(VALID | R | USER | A | D))
    0000000020061000 -> 0088261000 (PteFlags(VALID | R | USER | A | D))
    0000000020062000 -> 0088262000 (PteFlags(VALID | R | USER | A | D))
    0000000020063000 -> 0088263000 (PteFlags(VALID | R | USER | A | D))
    0000000020064000 -> 0088264000 (PteFlags(VALID | R | USER | A | D))
    0000000020065000 -> 0088265000 (PteFlags(VALID | R | USER | A | D))
    0000000020066000 -> 0088266000 (PteFlags(VALID | R | USER | A | D))
    0000000020067000 -> 0088267000 (PteFlags(VALID | R | USER | A | D))
    0000000020068000 -> 0088268000 (PteFlags(VALID | R | USER | A | D))
    0000000020069000 -> 0088269000 (PteFlags(VALID | R | USER | A | D))
    000000002006a000 -> 008826a000 (PteFlags(VALID | R | USER | A | D))
    0000000060000000 -> 0010000000 (PteFlags(VALID | R | W | USER | A | D))
    000000007ffff000 -> 008fef9000 (PteFlags(VALID | R | W | USER | A | D))
End of map
terminate_process: 2
[!] Terminating process with PID 2
