
loader: Redoubt rv32 loader, boot hart 0
  1 hart(s), timebase 10000000 Hz
  ram: 0x80000000..0x90000000 (256 MiB)
  bundle: 0x88200000..0x88280c40
  devices: 14 mmio (8 dma), 10 irq, console 0x10000000
  plic: 0xc000000, S-mode context 1
  rng-seed: 32 bytes
  bundle signature ok (527360 bytes)
  PID 1: kernel -> 0xffd00000
  PID 2: cbo-user-fault -> 0x137f6
  bundle mapped read-only at 0x20000000 (527424 bytes)
  252 MiB free, entering kernel
Kernel arguments:
    XArg (67724158, 28 bytes): 00000123 00000002 80000000 00000000 10000000 00000000 6d617273
    MREx (7845524d, 384 bytes): 10100000 00000000 00001000 00000000 632d7766 00000000 20000000 00000000 02000000 00000000 73616c66 00000000 00101000 00000000 00001000 00000000 40637472 00000000 10000000 00000000 00001000 00000000 69726573 00000000 00100000 00000000 00001000 00000000 74736574 00000000 10008000 00000000 00001000 00000000 74726976 00000000 10007000 00000000 00001000 00000000 74726976 00000000 10006000 00000000 00001000 00000000 74726976 00000000 10005000 00000000 00001000 00000000 74726976 00000000 10004000 00000000 00001000 00000000 74726976 00000000 10003000 00000000 00001000 00000000 74726976 00000000 10002000 00000000 00001000 00000000 74726976 00000000 10001000 00000000 00001000 00000000 74726976 00000000 0c000000 00000000 00600000 00000000 63696c70 00000000 02000000 00000000 00010000 00000000 6e696c63 00000000 30000000 00000000 10000000 00000000 40696370 00000000
    Ctrl (6c727443, 32 bytes): 0c000000 00000000 00600000 00000000 02000000 00000000 00010000 00000000
    Devs (73766544, 600 bytes): 00000003 00000000 00000000 00000000 00000000 00000000 00000001 10000000 00000000 00001000 00000000 00000000 00000002 0000000a 00000000 00000000 00000000 00000000 00000001 10100000 00000000 00001000 00000000 00000000 00000001 20000000 00000000 02000000 00000000 00000000 00000001 00101000 00000000 00001000 00000000 00000000 00000001 00100000 00000000 00001000 00000000 00000000 00000001 10008000 00000000 00001000 00000000 00000001 00000001 10007000 00000000 00001000 00000000 00000001 00000001 10006000 00000000 00001000 00000000 00000001 00000001 10005000 00000000 00001000 00000000 00000001 00000001 10004000 00000000 00001000 00000000 00000001 00000001 10003000 00000000 00001000 00000000 00000001 00000001 10002000 00000000 00001000 00000000 00000001 00000001 10001000 00000000 00001000 00000000 00000001 00000001 30000000 00000000 10000000 00000000 00000000 00000002 00000001 00000000 00000000 00000000 00000000 00000002 00000002 00000000 00000000 00000000 00000000 00000002 00000003 00000000 00000000 00000000 00000000 00000002 00000004 00000000 00000000 00000000 00000000 00000002 00000005 00000000 00000000 00000000 00000000 00000002 00000006 00000000 00000000 00000000 00000000 00000002 00000007 00000000 00000000 00000000 00000000 00000002 00000008 00000000 00000000 00000000 00000000 00000002 0000000b 00000000 00000000 00000000 00000000
    Plic (63696c50, 24 bytes): 0c000000 00000000 00600000 00000000 00000001 00000000
    Seed (64656553, 32 bytes): cc436c5c 33facf42 0b0b9825 4a39e3b7 c8c868cd 9d789f1b b74cc50a 8d858aa1
    Time (656d6954, 8 bytes): 00989680 00000000
asid: 9 bits
Devices: 25 objects, all held by init
Budgets: root 63732 pages (1168 kept for init), system 15640, users 46922
W^X verified: 41 executable kernel pages, none writable under any alias
Kernel RNG seeded from the loader (32 bytes)
KMAIN (clean boot): Supervisor mode started...
kernel: checks on (debug assertions, overflow checks)

!!! Unrecognized exception: IllegalInstruction(143fe, 5a00f)
PROGRAM HALT: CPU Exception on PID 8: Illegal instruction 0x0005a00f at 0x000143fe
Current thread 1:
Thread 1:
PC:000143fe   SP:0fffffe0   RA:000143ae
GP:00000000   TP:00000000
T0:0fffff38   T1:00000000   T2:00000000
T3:00000000   T4:00000000   T5:0fffff18   T6:00000000
S0:0f000000   S1:00000000   S2:00000000   S3:00000000
S4:00000000   S5:00000000   S6:00000000   S7:00000000
S8:00000000   S9:00000000  S10:00000000  S11:00000000
A0:00000000   A1:60000000   A2:00000000   A3:00000006
A4:00000000   A5:0fffff18   A6:00000040   A7:00000040
Memory Maps for satp 0x82080224:
    0000000000010000 -> 0080228000 (PteFlags(VALID | R | USER | A | D))
    0000000000011000 -> 0080229000 (PteFlags(VALID | R | USER | A | D))
    0000000000012000 -> 008022a000 (PteFlags(VALID | R | X | USER | A | D))
    0000000000013000 -> 008022b000 (PteFlags(VALID | R | X | USER | A | D))
    0000000000014000 -> 008022c000 (PteFlags(VALID | R | X | USER | A | D))
    0000000000015000 -> 008022d000 (PteFlags(VALID | R | X | USER | A | D))
    0000000000016000 -> 008022e000 (PteFlags(VALID | R | W | USER | A | D))
    000000000f000000 -> 0080239000 (PteFlags(VALID | R | USER | A | D))
    000000000fff8000 -> 0080230000 (PteFlags(VALID | R | W | USER | A | D))
    000000000fff9000 -> 0080231000 (PteFlags(VALID | R | W | USER | A | D))
    000000000fffa000 -> 0080232000 (PteFlags(VALID | R | W | USER | A | D))
    000000000fffb000 -> 0080233000 (PteFlags(VALID | R | W | USER | A | D))
    000000000fffc000 -> 0080234000 (PteFlags(VALID | R | W | USER | A | D))
    000000000fffd000 -> 0080235000 (PteFlags(VALID | R | W | USER | A | D))
    000000000fffe000 -> 0080236000 (PteFlags(VALID | R | W | USER | A | D))
    000000000ffff000 -> 0080237000 (PteFlags(VALID | R | W | USER | A | D))
    0000000060000000 -> 008023c000 (PteFlags(VALID | R | W | USER | A | D))
End of map
terminate_process: 8
[!] Terminating process with PID 8
[cbo-user-fault] ok: cbo.inval by a child faulted with cause 2
!!! Unrecognized exception: IllegalInstruction(143f8, 15a00f)
PROGRAM HALT: CPU Exception on PID 386: Illegal instruction 0x0015a00f at 0x000143f8
Current thread 1:
Thread 1:
PC:000143f8   SP:0fffffe0   RA:000143ae
GP:00000000   TP:00000000
T0:0fffff38   T1:00000000   T2:00000000
T3:00000000   T4:00000000   T5:0fffff18   T6:00000000
S0:0f000000   S1:00000000   S2:00000000   S3:00000000
S4:00000000   S5:00000000   S6:00000000   S7:00000000
S8:00000000   S9:00000000  S10:00000000  S11:00000000
A0:00000001   A1:60000000   A2:00000001   A3:00000006
A4:00000000   A5:0fffff18   A6:00000040   A7:00000040
Memory Maps for satp 0xe0880224:
    0000000000010000 -> 0080228000 (PteFlags(VALID | R | USER | A | D))
    0000000000011000 -> 0080229000 (PteFlags(VALID | R | USER | A | D))
    0000000000012000 -> 008022a000 (PteFlags(VALID | R | X | USER | A | D))
    0000000000013000 -> 008022b000 (PteFlags(VALID | R | X | USER | A | D))
    0000000000014000 -> 008022c000 (PteFlags(VALID | R | X | USER | A | D))
    0000000000015000 -> 008022d000 (PteFlags(VALID | R | X | USER | A | D))
    0000000000016000 -> 008022e000 (PteFlags(VALID | R | W | USER | A | D))
    000000000f000000 -> 0080239000 (PteFlags(VALID | R | USER | A | D))
    000000000fff8000 -> 0080230000 (PteFlags(VALID | R | W | USER | A | D))
    000000000fff9000 -> 0080231000 (PteFlags(VALID | R | W | USER | A | D))
    000000000fffa000 -> 0080232000 (PteFlags(VALID | R | W | USER | A | D))
    000000000fffb000 -> 0080233000 (PteFlags(VALID | R | W | USER | A | D))
    000000000fffc000 -> 0080234000 (PteFlags(VALID | R | W | USER | A | D))
    000000000fffd000 -> 0080235000 (PteFlags(VALID | R | W | USER | A | D))
    000000000fffe000 -> 0080236000 (PteFlags(VALID | R | W | USER | A | D))
    000000000ffff000 -> 0080237000 (PteFlags(VALID | R | W | USER | A | D))
    0000000060000000 -> 008023c000 (PteFlags(VALID | R | W | USER | A | D))
End of map
terminate_process: 386
[!] Terminating process with PID 386
[cbo-user-fault] ok: cbo.clean by a child faulted with cause 2
!!! Unrecognized exception: IllegalInstruction(143f2, 25a00f)
PROGRAM HALT: CPU Exception on PID 314: Illegal instruction 0x0025a00f at 0x000143f2
Current thread 1:
Thread 1:
PC:000143f2   SP:0fffffe0   RA:000143ae
GP:00000000   TP:00000000
T0:0fffff38   T1:00000000   T2:00000000
T3:00000000   T4:00000000   T5:0fffff18   T6:00000000
S0:0f000000   S1:00000000   S2:00000000   S3:00000000
S4:00000000   S5:00000000   S6:00000000   S7:00000000
S8:00000000   S9:00000000  S10:00000000  S11:00000000
A0:00000002   A1:60000000   A2:00000002   A3:00000006
A4:00000000   A5:0fffff18   A6:00000040   A7:00000040
Memory Maps for satp 0xce880224:
    0000000000010000 -> 0080228000 (PteFlags(VALID | R | USER | A | D))
    0000000000011000 -> 0080229000 (PteFlags(VALID | R | USER | A | D))
    0000000000012000 -> 008022a000 (PteFlags(VALID | R | X | USER | A | D))
    0000000000013000 -> 008022b000 (PteFlags(VALID | R | X | USER | A | D))
    0000000000014000 -> 008022c000 (PteFlags(VALID | R | X | USER | A | D))
    0000000000015000 -> 008022d000 (PteFlags(VALID | R | X | USER | A | D))
    0000000000016000 -> 008022e000 (PteFlags(VALID | R | W | USER | A | D))
    000000000f000000 -> 0080239000 (PteFlags(VALID | R | USER | A | D))
    000000000fff8000 -> 0080230000 (PteFlags(VALID | R | W | USER | A | D))
    000000000fff9000 -> 0080231000 (PteFlags(VALID | R | W | USER | A | D))
    000000000fffa000 -> 0080232000 (PteFlags(VALID | R | W | USER | A | D))
    000000000fffb000 -> 0080233000 (PteFlags(VALID | R | W | USER | A | D))
    000000000fffc000 -> 0080234000 (PteFlags(VALID | R | W | USER | A | D))
    000000000fffd000 -> 0080235000 (PteFlags(VALID | R | W | USER | A | D))
    000000000fffe000 -> 0080236000 (PteFlags(VALID | R | W | USER | A | D))
    000000000ffff000 -> 0080237000 (PteFlags(VALID | R | W | USER | A | D))
    0000000060000000 -> 008023c000 (PteFlags(VALID | R | W | USER | A | D))
End of map
terminate_process: 314
[!] Terminating process with PID 314
[cbo-user-fault] ok: cbo.flush by a child faulted with cause 2
!!! Unrecognized exception: IllegalInstruction(14404, 45a00f)
PROGRAM HALT: CPU Exception on PID 120: Illegal instruction 0x0045a00f at 0x00014404
Current thread 1:
Thread 1:
PC:00014404   SP:0fffffe0   RA:000143ae
GP:00000000   TP:00000000
T0:0fffff38   T1:00000000   T2:00000000
T3:00000000   T4:00000000   T5:0fffff18   T6:00000000
S0:0f000000   S1:00000000   S2:00000000   S3:00000000
S4:00000000   S5:00000000   S6:00000000   S7:00000000
S8:00000000   S9:00000000  S10:00000000  S11:00000000
A0:00000004   A1:60000000   A2:00000002   A3:00000006
A4:00000000   A5:0fffff18   A6:00000040   A7:00000040
Memory Maps for satp 0x9e080224:
    0000000000010000 -> 0080228000 (PteFlags(VALID | R | USER | A | D))
    0000000000011000 -> 0080229000 (PteFlags(VALID | R | USER | A | D))
    0000000000012000 -> 008022a000 (PteFlags(VALID | R | X | USER | A | D))
    0000000000013000 -> 008022b000 (PteFlags(VALID | R | X | USER | A | D))
    0000000000014000 -> 008022c000 (PteFlags(VALID | R | X | USER | A | D))
    0000000000015000 -> 008022d000 (PteFlags(VALID | R | X | USER | A | D))
    0000000000016000 -> 008022e000 (PteFlags(VALID | R | W | USER | A | D))
    000000000f000000 -> 0080239000 (PteFlags(VALID | R | USER | A | D))
    000000000fff8000 -> 0080230000 (PteFlags(VALID | R | W | USER | A | D))
    000000000fff9000 -> 0080231000 (PteFlags(VALID | R | W | USER | A | D))
    000000000fffa000 -> 0080232000 (PteFlags(VALID | R | W | USER | A | D))
    000000000fffb000 -> 0080233000 (PteFlags(VALID | R | W | USER | A | D))
    000000000fffc000 -> 0080234000 (PteFlags(VALID | R | W | USER | A | D))
    000000000fffd000 -> 0080235000 (PteFlags(VALID | R | W | USER | A | D))
    000000000fffe000 -> 0080236000 (PteFlags(VALID | R | W | USER | A | D))
    000000000ffff000 -> 0080237000 (PteFlags(VALID | R | W | USER | A | D))
    0000000060000000 -> 008023c000 (PteFlags(VALID | R | W | USER | A | D))
End of map
terminate_process: 120
[!] Terminating process with PID 120
[cbo-user-fault] ok: cbo.zero by a child faulted with cause 2
[cbo-user-fault] CBO USER FAULT
system_reset: PowerOff asked for by PID 2
