
loader: Redoubt rv32 loader, boot hart 0
  1 hart(s), timebase 10000000 Hz
  ram: 0x80000000..0x90000000 (256 MiB)
  bundle: 0x88200000..0x88282e40
  devices: 14 mmio (8 dma), 10 irq, console 0x10000000
  plic: 0xc000000, S-mode context 1
  rng-seed: 32 bytes
  bundle signature ok (536064 bytes)
  PID 1: kernel -> 0xffd00000
  PID 2: dma-reset-quarantine -> 0x14322
  bundle mapped read-only at 0x20000000 (536128 bytes)
  252 MiB free, entering kernel
Kernel arguments:
    XArg (67724158, 28 bytes): 00000123 00000002 80000000 00000000 10000000 00000000 6d617273
    MREx (7845524d, 384 bytes): 10100000 00000000 00001000 00000000 632d7766 00000000 20000000 00000000 02000000 00000000 73616c66 00000000 00101000 00000000 00001000 00000000 40637472 00000000 10000000 00000000 00001000 00000000 69726573 00000000 00100000 00000000 00001000 00000000 74736574 00000000 10008000 00000000 00001000 00000000 74726976 00000000 10007000 00000000 00001000 00000000 74726976 00000000 10006000 00000000 00001000 00000000 74726976 00000000 10005000 00000000 00001000 00000000 74726976 00000000 10004000 00000000 00001000 00000000 74726976 00000000 10003000 00000000 00001000 00000000 74726976 00000000 10002000 00000000 00001000 00000000 74726976 00000000 10001000 00000000 00001000 00000000 74726976 00000000 0c000000 00000000 00600000 00000000 63696c70 00000000 02000000 00000000 00010000 00000000 6e696c63 00000000 30000000 00000000 10000000 00000000 40696370 00000000
    Ctrl (6c727443, 32 bytes): 0c000000 00000000 00600000 00000000 02000000 00000000 00010000 00000000
    Devs (73766544, 600 bytes): 00000003 00000000 00000000 00000000 00000000 00000000 00000001 10000000 00000000 00001000 00000000 00000000 00000002 0000000a 00000000 00000000 00000000 00000000 00000001 10100000 00000000 00001000 00000000 00000000 00000001 20000000 00000000 02000000 00000000 00000000 00000001 00101000 00000000 00001000 00000000 00000000 00000001 00100000 00000000 00001000 00000000 00000000 00000001 10008000 00000000 00001000 00000000 00000001 00000001 10007000 00000000 00001000 00000000 00000001 00000001 10006000 00000000 00001000 00000000 00000001 00000001 10005000 00000000 00001000 00000000 00000001 00000001 10004000 00000000 00001000 00000000 00000001 00000001 10003000 00000000 00001000 00000000 00000001 00000001 10002000 00000000 00001000 00000000 00000001 00000001 10001000 00000000 00001000 00000000 00000001 00000001 30000000 00000000 10000000 00000000 00000000 00000002 00000001 00000000 00000000 00000000 00000000 00000002 00000002 00000000 00000000 00000000 00000000 00000002 00000003 00000000 00000000 00000000 00000000 00000002 00000004 00000000 00000000 00000000 00000000 00000002 00000005 00000000 00000000 00000000 00000000 00000002 00000006 00000000 00000000 00000000 00000000 00000002 00000007 00000000 00000000 00000000 00000000 00000002 00000008 00000000 00000000 00000000 00000000 00000002 0000000b 00000000 00000000 00000000 00000000
    Plic (63696c50, 24 bytes): 0c000000 00000000 00600000 00000000 00000001 00000000
    Seed (64656553, 32 bytes): c9c72a24 9aa60cb9 dd93e2b7 2a7f7567 aa71231e a0b0b7e4 939238ad 3f2fc6b4
    Time (656d6954, 8 bytes): 00989680 00000000
asid: 9 bits
Devices: 25 objects, all held by init
Budgets: root 63732 pages (1169 kept for init), system 15640, users 46921
W^X verified: 41 executable kernel pages, none writable under any alias
Kernel RNG seeded from the loader (32 bytes)
KMAIN (clean boot): Supervisor mode started...
kernel: checks on (debug assertions, overflow checks)

[dma-reset-quarantine] mapped the console
PROGRAM HALT: CPU Exception on PID 193: Store page fault of 0x00000000 at 0x00014f48
Current thread 1:
Thread 1:
PC:00014f48   SP:0fffff10   RA:00014f28
GP:00000000   TP:00000000
T0:0ffffea8   T1:00000000   T2:00000000
T3:00000000   T4:00000000   T5:0ffffe88   T6:00000000
S0:0f000000   S1:0fffff38   S2:00000000   S3:00000000
S4:00000000   S5:00000000   S6:00000000   S7:00000000
S8:00000000   S9:00000000  S10:00000000  S11:00000000
A0:00000001   A1:00000001   A2:00000000   A3:00000005
A4:00000000   A5:0ffffe88   A6:00000040   A7:00000040
Memory Maps for satp 0xb0480244:
    0000000000010000 -> 0080248000 (PteFlags(VALID | R | USER | A | D))
    0000000000011000 -> 0080249000 (PteFlags(VALID | R | USER | A | D))
    0000000000012000 -> 008024a000 (PteFlags(VALID | R | X | USER | A | D))
    0000000000013000 -> 008024b000 (PteFlags(VALID | R | X | USER | A | D))
    0000000000014000 -> 008024c000 (PteFlags(VALID | R | X | USER | A | D))
    0000000000015000 -> 008024d000 (PteFlags(VALID | R | X | USER | A | D))
    000000000f000000 -> 0080258000 (PteFlags(VALID | R | USER | A | D))
    000000000fff8000 -> 008024f000 (PteFlags(VALID | R | W | USER | A | D))
    000000000fff9000 -> 0080250000 (PteFlags(VALID | R | W | USER | A | D))
    000000000fffa000 -> 0080251000 (PteFlags(VALID | R | W | USER | A | D))
    000000000fffb000 -> 0080252000 (PteFlags(VALID | R | W | USER | A | D))
    000000000fffc000 -> 0080253000 (PteFlags(VALID | R | W | USER | A | D))
    000000000fffd000 -> 0080254000 (PteFlags(VALID | R | W | USER | A | D))
    000000000fffe000 -> 0080255000 (PteFlags(VALID | R | W | USER | A | D))
    000000000ffff000 -> 0080256000 (PteFlags(VALID | R | W | USER | A | D))
    0000000060000000 -> 008faef000 (PteFlags(VALID | R | W | USER | A | D))
    0000000060001000 -> 008faf0000 (PteFlags(VALID | R | W | USER | A | D))
    0000000060002000 -> 008faf1000 (PteFlags(VALID | R | W | USER | A | D))
    0000000060003000 -> 008faf2000 (PteFlags(VALID | R | W | USER | A | D))
End of map
terminate_process: 193
[!] Terminating process with PID 193
DMA: device 10008000 did not confirm its reset; quarantined until reboot
[dma-reset-quarantine] ok: two drivers hold a run each on the deaf slot (0x8faef000, 0x8faeb000); the first faulted
[dma-reset-quarantine] ok: every handle to the quarantined slot is gone (map_device Err(BadHandle), dma_alloc Err(BadHandle))
[dma-reset-quarantine] ok: the faulted driver's budget still carries its quarantined run (0 -> 4 pages)
[dma-reset-quarantine] ok: driver 1 destroyed: its carve of 103 came back and its run's 4 pages are charged to system (230 -> 131)
[!] Terminating process with PID 93
[dma-reset-quarantine] ok: driver 2 destroyed: its carve of 103 came back and its run's 4 pages are charged to system (131 -> 32)
[dma-reset-quarantine] ok: the search took the whole pool but the quarantined runs: 1016 allocated plus 2 runs of 4 of 1024
[dma-reset-quarantine] ok: no page handed out overlaps a quarantined run (0 overlaps)
[dma-reset-quarantine] ok: the pool, not the budget, refused the last page: Err(OutOfMemory) with 46917 of 47934 pages left (users destroyed: Ok(()))
[dma-reset-quarantine] DMA RESET QUARANTINE PASSED
system_reset: PowerOff asked for by PID 2
