
loader: Redoubt rv32 loader, boot hart 0
  1 hart(s), timebase 10000000 Hz
  ram: 0x80000000..0x90000000 (256 MiB)
  bundle: 0x88200000..0x8828b040
  devices: 14 mmio (8 dma), 10 irq, console 0x10000000
  plic: 0xc000000, S-mode context 1
  rng-seed: 32 bytes
  bundle signature ok (569344 bytes)
  PID 1: kernel -> 0xffd00000
  PID 2: endpoint-destroy-full -> 0x185cc
  bundle mapped read-only at 0x20000000 (569408 bytes)
  252 MiB free, entering kernel
Kernel arguments:
    XArg (67724158, 28 bytes): 00000123 00000002 80000000 00000000 10000000 00000000 6d617273
    MREx (7845524d, 384 bytes): 10100000 00000000 00001000 00000000 632d7766 00000000 20000000 00000000 02000000 00000000 73616c66 00000000 00101000 00000000 00001000 00000000 40637472 00000000 10000000 00000000 00001000 00000000 69726573 00000000 00100000 00000000 00001000 00000000 74736574 00000000 10008000 00000000 00001000 00000000 74726976 00000000 10007000 00000000 00001000 00000000 74726976 00000000 10006000 00000000 00001000 00000000 74726976 00000000 10005000 00000000 00001000 00000000 74726976 00000000 10004000 00000000 00001000 00000000 74726976 00000000 10003000 00000000 00001000 00000000 74726976 00000000 10002000 00000000 00001000 00000000 74726976 00000000 10001000 00000000 00001000 00000000 74726976 00000000 0c000000 00000000 00600000 00000000 63696c70 00000000 02000000 00000000 00010000 00000000 6e696c63 00000000 30000000 00000000 10000000 00000000 40696370 00000000
    Ctrl (6c727443, 32 bytes): 0c000000 00000000 00600000 00000000 02000000 00000000 00010000 00000000
    Devs (73766544, 600 bytes): 00000003 00000000 00000000 00000000 00000000 00000000 00000001 10000000 00000000 00001000 00000000 00000000 00000002 0000000a 00000000 00000000 00000000 00000000 00000001 10100000 00000000 00001000 00000000 00000000 00000001 20000000 00000000 02000000 00000000 00000000 00000001 00101000 00000000 00001000 00000000 00000000 00000001 00100000 00000000 00001000 00000000 00000000 00000001 10008000 00000000 00001000 00000000 00000001 00000001 10007000 00000000 00001000 00000000 00000001 00000001 10006000 00000000 00001000 00000000 00000001 00000001 10005000 00000000 00001000 00000000 00000001 00000001 10004000 00000000 00001000 00000000 00000001 00000001 10003000 00000000 00001000 00000000 00000001 00000001 10002000 00000000 00001000 00000000 00000001 00000001 10001000 00000000 00001000 00000000 00000001 00000001 30000000 00000000 10000000 00000000 00000000 00000002 00000001 00000000 00000000 00000000 00000000 00000002 00000002 00000000 00000000 00000000 00000000 00000002 00000003 00000000 00000000 00000000 00000000 00000002 00000004 00000000 00000000 00000000 00000000 00000002 00000005 00000000 00000000 00000000 00000000 00000002 00000006 00000000 00000000 00000000 00000000 00000002 00000007 00000000 00000000 00000000 00000000 00000002 00000008 00000000 00000000 00000000 00000000 00000002 0000000b 00000000 00000000 00000000 00000000
    Plic (63696c50, 24 bytes): 0c000000 00000000 00600000 00000000 00000001 00000000
    Seed (64656553, 32 bytes): 3aa6bc93 16a2e6a8 2617d0a0 9eae6f78 4a132e1b 38d7387c 9587c886 0853f572
    Time (656d6954, 8 bytes): 00989680 00000000
asid: 9 bits
Devices: 25 objects, all held by init
Budgets: root 47331 pages (1184 kept for init), system 11536, users 34609
W^X verified: 42 executable kernel pages, none writable under any alias
Kernel RNG seeded from the loader (32 bytes)
KMAIN (clean boot): Supervisor mode started...
kernel: checks on (debug assertions, overflow checks)

[destroy-full] calibrated: 10 ticks/us, 8642 iterations/ms
[destroy-full] ok: the filler holds a full table of endpoints: 4095
[!] Terminating process with PID 70
[destroy-full] budget_destroy of 4095 endpoints: 37951 us
ENDPOINT-DESTROY-FULL TEST PASSED
system_reset: PowerOff asked for by PID 2
SCHED-TRACE 0 0 G 1 0
SCHED-TRACE 1 0 g 1 0
SCHED-TRACE 2 0 v 1 f4240000b71b0
SCHED-TRACE 3 0 f 1 0
SCHED-TRACE 4 0 N 1 0
SCHED-TRACE 5 0 n 1 0
SCHED-TRACE 6 0 G 1 0
SCHED-TRACE 7 0 g 1 0
SCHED-TRACE 8 0 v 1 b71b0000003e8
SCHED-TRACE 9 0 f 1 0
SCHED-TRACE 10 0 N 1 0
SCHED-TRACE 11 0 n 1 0
SCHED-TRACE 12 1 W 1 0
SCHED-TRACE 13 1 K 1 0
SCHED-TRACE 14 7 P 1 ce0c49
SCHED-TRACE 15 7 D 1 ce0c49
SCHED-TRACE 16 9 U 4 920
SCHED-TRACE 17 9 V 4 92e
SCHED-TRACE 18 10 W 1 e6c8b4
SCHED-TRACE 19 10 U 4 cc99
SCHED-TRACE 20 10 V 4 ccad
SCHED-TRACE 21 11 K 1 e6c8b4
SCHED-TRACE 22 13 I 1 f419
SCHED-TRACE 23 13 B 1 ed
SCHED-TRACE 24 13 P 1 7210e56
SCHED-TRACE 25 13 R 1 7210e56
SCHED-TRACE 26 14 U 4 f486
SCHED-TRACE 27 14 V 4 f49e
SCHED-TRACE 28 14 O 0 0
SCHED-TRACE 29 14 P 1 730dd2f
SCHED-TRACE 30 15 K 1 730dd2f
SCHED-TRACE 31 15 P 1 742353f
SCHED-TRACE 32 16 I 1 11c23
SCHED-TRACE 33 16 B 1 f0
SCHED-TRACE 34 16 P 1 d81fbe7
SCHED-TRACE 35 16 R 1 d81fbe7
SCHED-TRACE 36 17 U 4 11c90
SCHED-TRACE 37 17 V 4 11ca9
SCHED-TRACE 38 17 O 0 0
SCHED-TRACE 39 17 P 1 d91db22
SCHED-TRACE 40 18 K 1 d91db22
SCHED-TRACE 41 18 P 1 da33333
SCHED-TRACE 42 19 I 1 1442e
SCHED-TRACE 43 19 B 1 ef
SCHED-TRACE 44 19 P 1 13e2f1a9
SCHED-TRACE 45 19 R 1 13e2f1a9
SCHED-TRACE 46 20 U 4 1449b
SCHED-TRACE 47 20 V 4 144b4
SCHED-TRACE 48 20 O 0 0
SCHED-TRACE 49 20 P 1 13f2c8b4
SCHED-TRACE 50 21 K 1 13f2c8b4
SCHED-TRACE 51 21 P 1 140420c4
SCHED-TRACE 52 22 I 1 16c39
SCHED-TRACE 53 22 B 1 f1
SCHED-TRACE 54 22 P 1 1a440000
SCHED-TRACE 55 22 R 1 1a440000
SCHED-TRACE 56 23 U 4 16ca7
SCHED-TRACE 57 23 V 4 16cc0
SCHED-TRACE 58 23 O 0 0
SCHED-TRACE 59 23 P 1 1a53eb85
SCHED-TRACE 60 24 K 1 1a53eb85
SCHED-TRACE 61 24 P 1 1a6547ae
SCHED-TRACE 62 25 I 1 19445
SCHED-TRACE 63 25 B 1 f0
SCHED-TRACE 64 25 P 1 20a51eb8
SCHED-TRACE 65 25 R 1 20a51eb8
SCHED-TRACE 66 26 U 4 194b2
SCHED-TRACE 67 26 V 4 194cb
SCHED-TRACE 68 26 O 0 0
SCHED-TRACE 69 26 P 1 20b4f9db
SCHED-TRACE 70 27 K 1 20b4f9db
SCHED-TRACE 71 27 P 1 20c65604
SCHED-TRACE 72 28 I 1 1bc50
SCHED-TRACE 73 28 B 1 f1
SCHED-TRACE 74 28 P 1 270620c4
SCHED-TRACE 75 28 R 1 270620c4
SCHED-TRACE 76 29 U 4 1bcbe
SCHED-TRACE 77 29 V 4 1bcd7
SCHED-TRACE 78 29 O 0 0
SCHED-TRACE 79 29 P 1 2716147a
SCHED-TRACE 80 30 K 1 2716147a
SCHED-TRACE 81 30 P 1 272774bc
SCHED-TRACE 82 31 I 1 1e45c
SCHED-TRACE 83 31 B 1 f1
SCHED-TRACE 84 31 P 1 2d67374b
SCHED-TRACE 85 31 R 1 2d67374b
SCHED-TRACE 86 32 U 4 1e4ca
SCHED-TRACE 87 32 V 4 1e4e2
SCHED-TRACE 88 32 O 0 0
SCHED-TRACE 89 32 P 1 2d7722d0
SCHED-TRACE 90 33 K 1 2d7722d0
SCHED-TRACE 91 33 P 1 2d88872b
SCHED-TRACE 92 34 I 1 20c68
SCHED-TRACE 93 34 B 1 f2
SCHED-TRACE 94 34 P 1 33c8624d
SCHED-TRACE 95 34 R 1 33c8624d
SCHED-TRACE 96 35 U 4 20cd6
SCHED-TRACE 97 35 V 4 20cef
SCHED-TRACE 98 35 O 0 0
SCHED-TRACE 99 35 P 1 33d849ba
SCHED-TRACE 100 36 K 1 33d849ba
SCHED-TRACE 101 36 P 1 33e99999
SCHED-TRACE 102 37 I 1 23474
SCHED-TRACE 103 37 B 1 ed
SCHED-TRACE 104 37 P 1 3a2970a3
SCHED-TRACE 105 37 R 1 3a2970a3
SCHED-TRACE 106 38 U 4 234e1
SCHED-TRACE 107 38 V 4 234fa
SCHED-TRACE 108 38 O 0 0
SCHED-TRACE 109 38 P 1 3a394fdf
SCHED-TRACE 110 39 K 1 3a394fdf
SCHED-TRACE 111 39 P 1 3a4ab851
SCHED-TRACE 112 42 G 3 0
SCHED-TRACE 113 42 g 3 0
SCHED-TRACE 114 42 v 3 b6dc8000b6d64
SCHED-TRACE 115 42 f 3 3a4ab851
SCHED-TRACE 116 42 N 3 3a4ab851
SCHED-TRACE 117 42 n 3 0
SCHED-TRACE 118 43 U 2 25d40
SCHED-TRACE 119 43 V 2 25efb
SCHED-TRACE 120 44 I 1 25f7d
SCHED-TRACE 121 44 B 1 f1
SCHED-TRACE 122 44 P 1 40bde76c
SCHED-TRACE 123 44 R 1 40bde76c
SCHED-TRACE 124 45 U 4 25fec
SCHED-TRACE 125 45 V 4 26009
SCHED-TRACE 126 45 O 0 0
SCHED-TRACE 127 45 P 1 40ce0418
SCHED-TRACE 128 46 K 1 40ce0418
SCHED-TRACE 129 46 P 1 40df6872
SCHED-TRACE 130 54 P 32 40df6872
SCHED-TRACE 131 54 W 32 40df6872
SCHED-TRACE 132 54 P 1 4685eb85
SCHED-TRACE 133 54 D 1 4685eb85
SCHED-TRACE 134 56 K 32 40df6872
SCHED-TRACE 135 84 I 32 2ace2
SCHED-TRACE 136 84 B 32 f2
SCHED-TRACE 137 84 P 32 80345e34
SCHED-TRACE 138 84 R 32 80345e34
SCHED-TRACE 139 85 U 4 2ad50
SCHED-TRACE 140 85 V 4 2ad6c
SCHED-TRACE 141 85 O 0 0
SCHED-TRACE 142 85 P 32 80d8353e
SCHED-TRACE 143 86 K 32 80d8353e
SCHED-TRACE 144 86 P 32 8187e353
SCHED-TRACE 145 110 I 32 2d5ec
SCHED-TRACE 146 110 B 32 f1
SCHED-TRACE 147 110 P 32 c0f6c49a
SCHED-TRACE 148 110 R 32 c0f6c49a
SCHED-TRACE 149 111 U 4 2d65b
SCHED-TRACE 150 111 V 4 2d677
SCHED-TRACE 151 111 O 0 0
SCHED-TRACE 152 111 P 32 c19b6872
SCHED-TRACE 153 112 K 32 c19b6872
SCHED-TRACE 154 112 P 32 c24ac49a
SCHED-TRACE 155 136 I 32 2fec3
SCHED-TRACE 156 136 B 32 f1
SCHED-TRACE 157 136 P 32 1016620c3
SCHED-TRACE 158 136 R 32 1016620c3
SCHED-TRACE 159 137 U 4 2ff32
SCHED-TRACE 160 137 V 4 2ff4f
SCHED-TRACE 161 137 O 0 0
SCHED-TRACE 162 137 P 32 1020b9167
SCHED-TRACE 163 138 K 32 1020b9167
SCHED-TRACE 164 138 P 32 102bb1686
SCHED-TRACE 165 164 I 32 32701
SCHED-TRACE 166 164 B 32 f0
SCHED-TRACE 167 164 P 32 140d649b9
SCHED-TRACE 168 164 R 32 140d649b9
SCHED-TRACE 169 165 U 4 3276f
SCHED-TRACE 170 165 V 4 3278b
SCHED-TRACE 171 165 O 0 0
SCHED-TRACE 172 165 P 32 1417a20c3
SCHED-TRACE 173 166 K 32 1417a20c3
SCHED-TRACE 174 166 P 32 1422953f7
SCHED-TRACE 175 189 I 32 34fc1
SCHED-TRACE 176 189 B 32 f1
SCHED-TRACE 177 189 P 32 18128872a
SCHED-TRACE 178 189 R 32 18128872a
SCHED-TRACE 179 190 U 4 3502f
SCHED-TRACE 180 190 V 4 3504b
SCHED-TRACE 181 190 O 0 0
SCHED-TRACE 182 190 P 32 181cac49a
SCHED-TRACE 183 191 K 32 181cac49a
SCHED-TRACE 184 191 P 32 182792b01
SCHED-TRACE 185 217 I 32 37922
SCHED-TRACE 186 217 B 32 f1
SCHED-TRACE 187 217 P 32 1c2685e34
SCHED-TRACE 188 217 R 32 1c2685e34
SCHED-TRACE 189 218 U 4 37990
SCHED-TRACE 190 218 V 4 379ac
SCHED-TRACE 191 218 O 0 0
SCHED-TRACE 192 218 P 32 1c30be353
SCHED-TRACE 193 219 K 32 1c30be353
SCHED-TRACE 194 219 P 32 1c3bb6872
SCHED-TRACE 195 244 I 32 3a1a3
SCHED-TRACE 196 244 B 32 f0
SCHED-TRACE 197 244 P 32 2024620c3
SCHED-TRACE 198 244 R 32 2024620c3
SCHED-TRACE 199 245 U 4 3a210
SCHED-TRACE 200 245 V 4 3a22c
SCHED-TRACE 201 245 O 0 0
SCHED-TRACE 202 245 P 32 202e9f7ce
SCHED-TRACE 203 246 K 32 202e9f7ce
SCHED-TRACE 204 246 P 32 2039953f7
SCHED-TRACE 205 268 I 32 3c9f6
SCHED-TRACE 206 268 B 32 f2
SCHED-TRACE 207 268 P 32 241f33f7c
SCHED-TRACE 208 268 R 32 241f33f7c
SCHED-TRACE 209 269 U 4 3ca65
SCHED-TRACE 210 269 V 4 3ca82
SCHED-TRACE 211 269 O 0 0
SCHED-TRACE 212 269 P 32 24297ba5d
SCHED-TRACE 213 270 K 32 24297ba5d
SCHED-TRACE 214 270 P 32 243476872
SCHED-TRACE 215 297 I 32 3f29c
SCHED-TRACE 216 297 B 32 f3
SCHED-TRACE 217 297 P 32 281fd53f7
SCHED-TRACE 218 297 R 32 281fd53f7
SCHED-TRACE 219 298 U 4 3f30b
SCHED-TRACE 220 298 V 4 3f328
SCHED-TRACE 221 298 O 0 0
SCHED-TRACE 222 298 P 32 282a29ba5
SCHED-TRACE 223 299 K 32 282a29ba5
SCHED-TRACE 224 299 P 32 28351a5e2
SCHED-TRACE 225 323 I 32 41afc
SCHED-TRACE 226 323 B 32 ee
SCHED-TRACE 227 323 P 32 2c1adced8
SCHED-TRACE 228 323 R 32 2c1adced8
SCHED-TRACE 229 324 U 4 41b6a
SCHED-TRACE 230 324 V 4 41b86
SCHED-TRACE 231 324 O 0 0
SCHED-TRACE 232 324 P 32 2c251ced8
SCHED-TRACE 233 325 K 32 2c251ced8
SCHED-TRACE 234 325 P 32 2c301a5e2
SCHED-TRACE 235 348 I 32 443ac
SCHED-TRACE 236 348 B 32 f2
SCHED-TRACE 237 348 P 32 301e5f7ce
SCHED-TRACE 238 348 R 32 301e5f7ce
SCHED-TRACE 239 349 U 4 4441b
SCHED-TRACE 240 349 V 4 44437
SCHED-TRACE 241 349 O 0 0
SCHED-TRACE 242 349 P 32 30289ced8
SCHED-TRACE 243 350 K 32 30289ced8
SCHED-TRACE 244 350 P 32 30339020b
SCHED-TRACE 245 377 I 32 46c9a
SCHED-TRACE 246 377 B 32 f2
SCHED-TRACE 247 377 P 32 34263e353
SCHED-TRACE 248 377 R 32 34263e353
SCHED-TRACE 249 378 U 4 46d08
SCHED-TRACE 250 378 V 4 46d25
SCHED-TRACE 251 378 O 0 0
SCHED-TRACE 252 378 P 32 343085e34
SCHED-TRACE 253 379 K 32 343085e34
SCHED-TRACE 254 379 P 32 343b79167
SCHED-TRACE 255 402 I 32 494b7
SCHED-TRACE 256 402 B 32 f1
SCHED-TRACE 257 402 P 32 381b05e34
SCHED-TRACE 258 402 R 32 381b05e34
SCHED-TRACE 259 403 U 4 49525
SCHED-TRACE 260 403 V 4 49542
SCHED-TRACE 261 403 O 0 0
SCHED-TRACE 262 403 P 32 38254353e
SCHED-TRACE 263 404 K 32 38254353e
SCHED-TRACE 264 404 P 32 38303e353
SCHED-TRACE 265 429 I 32 4bdd4
SCHED-TRACE 266 429 B 32 f3
SCHED-TRACE 267 429 P 32 3c2871686
SCHED-TRACE 268 429 R 32 3c2871686
SCHED-TRACE 269 430 U 4 4be43
SCHED-TRACE 270 430 V 4 4be60
SCHED-TRACE 271 430 O 0 0
SCHED-TRACE 272 430 P 32 3c32cd915
SCHED-TRACE 273 431 K 32 3c32cd915
SCHED-TRACE 274 431 P 32 3c3dcb020
SCHED-TRACE 275 457 I 32 4e721
SCHED-TRACE 276 457 B 32 f2
SCHED-TRACE 277 457 P 32 403a29ba5
SCHED-TRACE 278 457 R 32 403a29ba5
SCHED-TRACE 279 458 U 4 4e790
SCHED-TRACE 280 458 V 4 4e7ad
SCHED-TRACE 281 458 O 0 0
SCHED-TRACE 282 458 P 32 40448353e
SCHED-TRACE 283 459 K 32 40448353e
SCHED-TRACE 284 459 P 32 404f7e353
SCHED-TRACE 285 482 I 32 510cd
SCHED-TRACE 286 482 B 32 f2
SCHED-TRACE 287 482 P 32 4456b9167
SCHED-TRACE 288 482 R 32 4456b9167
SCHED-TRACE 289 483 U 4 5113a
SCHED-TRACE 290 483 V 4 51156
SCHED-TRACE 291 483 O 0 0
SCHED-TRACE 292 483 P 32 4460d53f7
SCHED-TRACE 293 484 K 32 4460d53f7
SCHED-TRACE 294 484 P 32 446bc872a
SCHED-TRACE 295 511 I 32 53a37
SCHED-TRACE 296 511 B 32 f2
SCHED-TRACE 297 511 P 32 486b249b9
SCHED-TRACE 298 511 R 32 486b249b9
SCHED-TRACE 299 512 U 4 53aa6
SCHED-TRACE 300 512 V 4 53ac3
SCHED-TRACE 301 512 O 0 0
SCHED-TRACE 302 512 P 32 48757ba5d
SCHED-TRACE 303 513 K 32 48757ba5d
SCHED-TRACE 304 513 P 32 48807ba5d
SCHED-TRACE 305 538 I 32 563f6
SCHED-TRACE 306 538 B 32 f3
SCHED-TRACE 307 538 P 32 4c88b3f7c
SCHED-TRACE 308 538 R 32 4c88b3f7c
SCHED-TRACE 309 539 U 4 56465
SCHED-TRACE 310 539 V 4 56482
SCHED-TRACE 311 539 O 0 0
SCHED-TRACE 312 539 P 32 4c92f1686
SCHED-TRACE 313 540 K 32 4c92f1686
SCHED-TRACE 314 540 P 32 4c9de9ba5
SCHED-TRACE 315 563 I 32 58d1a
SCHED-TRACE 316 563 B 32 f3
SCHED-TRACE 317 563 P 32 50978d915
SCHED-TRACE 318 563 R 32 50978d915
SCHED-TRACE 319 564 U 4 58d89
SCHED-TRACE 320 564 V 4 58da6
SCHED-TRACE 321 564 O 0 0
SCHED-TRACE 322 564 P 32 50a1d7cec
SCHED-TRACE 323 565 K 32 50a1d7cec
SCHED-TRACE 324 565 P 32 50acd53f7
SCHED-TRACE 325 592 I 32 5b5cf
SCHED-TRACE 326 592 B 32 f2
SCHED-TRACE 327 592 P 32 54999ced8
SCHED-TRACE 328 592 R 32 54999ced8
SCHED-TRACE 329 593 U 4 5b63f
SCHED-TRACE 330 593 V 4 5b65b
SCHED-TRACE 331 593 O 0 0
SCHED-TRACE 332 593 P 32 54a3f6872
SCHED-TRACE 333 594 K 32 54a3f6872
SCHED-TRACE 334 594 P 32 54aef3f7c
SCHED-TRACE 335 618 I 32 5df9e
SCHED-TRACE 336 618 B 32 f2
SCHED-TRACE 337 618 P 32 58b900c49
SCHED-TRACE 338 618 R 32 58b900c49
SCHED-TRACE 339 619 U 4 5e00c
SCHED-TRACE 340 619 V 4 5e028
SCHED-TRACE 341 619 O 0 0
SCHED-TRACE 342 619 P 32 58c31ced8
SCHED-TRACE 343 620 K 32 58c31ced8
SCHED-TRACE 344 620 P 32 58ce0353e
SCHED-TRACE 345 645 I 32 608bd
SCHED-TRACE 346 645 B 32 f1
SCHED-TRACE 347 645 P 32 5cc69f7ce
SCHED-TRACE 348 645 R 32 5cc69f7ce
SCHED-TRACE 349 646 U 4 6092b
SCHED-TRACE 350 646 V 4 60947
SCHED-TRACE 351 646 O 0 0
SCHED-TRACE 352 646 P 32 5cd0d020b
SCHED-TRACE 353 647 K 32 5cd0d020b
SCHED-TRACE 354 647 P 32 5cdbc5e34
SCHED-TRACE 355 673 I 32 6320b
SCHED-TRACE 356 673 B 32 f2
SCHED-TRACE 357 673 P 32 60d89ced8
SCHED-TRACE 358 673 R 32 60d89ced8
SCHED-TRACE 359 674 U 4 6327a
SCHED-TRACE 360 674 V 4 63296
SCHED-TRACE 361 674 O 0 0
SCHED-TRACE 362 674 P 32 60e2f1686
SCHED-TRACE 363 675 K 32 60e2f1686
SCHED-TRACE 364 675 P 32 60ede72af
SCHED-TRACE 365 698 I 32 65bbc
SCHED-TRACE 366 698 B 32 f1
SCHED-TRACE 367 698 P 32 64f5a20c3
SCHED-TRACE 368 698 R 32 64f5a20c3
SCHED-TRACE 369 699 U 4 65c2a
SCHED-TRACE 370 699 V 4 65c47
SCHED-TRACE 371 699 O 0 0
SCHED-TRACE 372 699 P 32 64ffdced8
SCHED-TRACE 373 700 K 32 64ffdced8
SCHED-TRACE 374 700 P 32 650ad2b01
SCHED-TRACE 375 727 I 32 68530
SCHED-TRACE 376 727 B 32 f1
SCHED-TRACE 377 727 P 32 690ac0c49
SCHED-TRACE 378 727 R 32 690ac0c49
SCHED-TRACE 379 728 U 4 6859e
SCHED-TRACE 380 728 V 4 685bb
SCHED-TRACE 381 728 O 0 0
SCHED-TRACE 382 728 P 32 69150b020
SCHED-TRACE 383 729 K 32 69150b020
SCHED-TRACE 384 729 P 32 69200353e
SCHED-TRACE 385 754 I 32 6aef3
SCHED-TRACE 386 754 B 32 f1
SCHED-TRACE 387 754 P 32 6d28d2b01
SCHED-TRACE 388 754 R 32 6d28d2b01
SCHED-TRACE 389 755 U 4 6af62
SCHED-TRACE 390 755 V 4 6af7f
SCHED-TRACE 391 755 O 0 0
SCHED-TRACE 392 755 P 32 6d331ced8
SCHED-TRACE 393 756 K 32 6d331ced8
SCHED-TRACE 394 756 P 32 6d3e1f7ce
SCHED-TRACE 395 779 I 32 6d81d
SCHED-TRACE 396 779 B 32 f2
SCHED-TRACE 397 779 P 32 71383e353
SCHED-TRACE 398 779 R 32 71383e353
SCHED-TRACE 399 780 U 4 6d88b
SCHED-TRACE 400 780 V 4 6d8a7
SCHED-TRACE 401 780 O 0 0
SCHED-TRACE 402 780 P 32 714280c49
SCHED-TRACE 403 781 K 32 714280c49
SCHED-TRACE 404 781 P 32 714d6c49a
SCHED-TRACE 405 808 I 32 700d8
SCHED-TRACE 406 808 B 32 ee
SCHED-TRACE 407 808 P 32 753acd915
SCHED-TRACE 408 808 R 32 753acd915
SCHED-TRACE 409 809 U 4 70144
SCHED-TRACE 410 809 V 4 7015f
SCHED-TRACE 411 809 O 0 0
SCHED-TRACE 412 809 P 32 7544cb020
SCHED-TRACE 413 810 K 32 7544cb020
SCHED-TRACE 414 810 P 32 754fb9167
SCHED-TRACE 415 834 I 32 72aa2
SCHED-TRACE 416 834 B 32 f3
SCHED-TRACE 417 834 P 32 795a31686
SCHED-TRACE 418 834 R 32 795a31686
SCHED-TRACE 419 835 U 4 72b11
SCHED-TRACE 420 835 V 4 72b2e
SCHED-TRACE 421 835 O 0 0
SCHED-TRACE 422 835 P 32 79647e353
SCHED-TRACE 423 836 K 32 79647e353
SCHED-TRACE 424 836 P 32 796f7ba5d
SCHED-TRACE 425 861 I 32 753cc
SCHED-TRACE 426 861 B 32 f3
SCHED-TRACE 427 861 P 32 7d68cd915
SCHED-TRACE 428 861 R 32 7d68cd915
SCHED-TRACE 429 862 U 4 7543b
SCHED-TRACE 430 862 V 4 75458
SCHED-TRACE 431 862 O 0 0
SCHED-TRACE 432 862 P 32 7d731a5e2
SCHED-TRACE 433 863 K 32 7d731a5e2
SCHED-TRACE 434 863 P 32 7d7e153f7
SCHED-TRACE 435 889 I 32 77d27
SCHED-TRACE 436 889 B 32 f3
SCHED-TRACE 437 889 P 32 817bc5e34
SCHED-TRACE 438 889 R 32 817bc5e34
SCHED-TRACE 439 890 U 4 77d96
SCHED-TRACE 440 890 V 4 77db3
SCHED-TRACE 441 890 O 0 0
SCHED-TRACE 442 890 P 32 8186249b9
SCHED-TRACE 443 891 K 32 8186249b9
SCHED-TRACE 444 891 P 32 819129ba5
SCHED-TRACE 445 914 I 32 7a6df
SCHED-TRACE 446 914 B 32 f3
SCHED-TRACE 447 914 P 32 859976872
SCHED-TRACE 448 914 R 32 859976872
SCHED-TRACE 449 915 U 4 7a74e
SCHED-TRACE 450 915 V 4 7a76b
SCHED-TRACE 451 915 O 0 0
SCHED-TRACE 452 915 P 32 85a3c5e34
SCHED-TRACE 453 916 K 32 85a3c5e34
SCHED-TRACE 454 916 P 32 85aecb020
SCHED-TRACE 455 943 I 32 7d05e
SCHED-TRACE 456 943 B 32 f2
SCHED-TRACE 457 943 P 32 89af80c49
SCHED-TRACE 458 943 R 32 89af80c49
SCHED-TRACE 459 944 U 4 7d0cb
SCHED-TRACE 460 944 V 4 7d0e8
SCHED-TRACE 461 944 O 0 0
SCHED-TRACE 462 944 P 32 89b9aed90
SCHED-TRACE 463 945 K 32 89b9aed90
SCHED-TRACE 464 945 P 32 89c4a49b9
SCHED-TRACE 465 970 I 32 7fa29
SCHED-TRACE 466 970 B 32 f3
SCHED-TRACE 467 970 P 32 8dce36872
SCHED-TRACE 468 970 R 32 8dce36872
SCHED-TRACE 469 971 U 4 7fa98
SCHED-TRACE 470 971 V 4 7fab6
SCHED-TRACE 471 971 O 0 0
SCHED-TRACE 472 971 P 32 8dd8953f7
SCHED-TRACE 473 972 K 32 8dd8953f7
SCHED-TRACE 474 972 P 32 8de39a5e2
SCHED-TRACE 475 995 I 32 82359
SCHED-TRACE 476 995 B 32 f3
SCHED-TRACE 477 995 P 32 91de29ba5
SCHED-TRACE 478 995 R 32 91de29ba5
SCHED-TRACE 479 996 U 4 823c8
SCHED-TRACE 480 996 V 4 823e5
SCHED-TRACE 481 996 O 0 0
SCHED-TRACE 482 996 P 32 91e88b020
SCHED-TRACE 483 997 K 32 91e88b020
SCHED-TRACE 484 997 P 32 91f38353e
SCHED-TRACE 485 1024 I 32 84c19
SCHED-TRACE 486 1024 B 32 f4
SCHED-TRACE 487 1024 P 32 95e16ed90
SCHED-TRACE 488 1024 R 32 95e16ed90
SCHED-TRACE 489 1025 U 4 84c87
SCHED-TRACE 490 1025 V 4 84ca4
SCHED-TRACE 491 1025 O 0 0
SCHED-TRACE 492 1025 P 32 95ebbe353
SCHED-TRACE 493 1026 K 32 95ebbe353
SCHED-TRACE 494 1026 P 32 95f6b1686
SCHED-TRACE 495 1050 I 32 875ef
SCHED-TRACE 496 1050 B 32 f0
SCHED-TRACE 497 1050 P 32 9a01bba5d
SCHED-TRACE 498 1050 R 32 9a01bba5d
SCHED-TRACE 499 1051 U 4 8765e
SCHED-TRACE 500 1051 V 4 8767b
SCHED-TRACE 501 1051 O 0 0
SCHED-TRACE 502 1051 P 32 9a0c0872a
SCHED-TRACE 503 1052 K 32 9a0c0872a
SCHED-TRACE 504 1052 P 32 9a1705e34
SCHED-TRACE 505 1077 I 32 89f1e
SCHED-TRACE 506 1077 B 32 f2
SCHED-TRACE 507 1077 P 32 9e10d020b
SCHED-TRACE 508 1077 R 32 9e10d020b
SCHED-TRACE 509 1078 U 4 89f8d
SCHED-TRACE 510 1078 V 4 89faa
SCHED-TRACE 511 1078 O 0 0
SCHED-TRACE 512 1078 P 32 9e1b2ed90
SCHED-TRACE 513 1079 K 32 9e1b2ed90
SCHED-TRACE 514 1079 P 32 9e26272af
SCHED-TRACE 515 1105 I 32 8c87f
SCHED-TRACE 516 1105 B 32 f2
SCHED-TRACE 517 1105 P 32 a22452b01
SCHED-TRACE 518 1105 R 32 a22452b01
SCHED-TRACE 519 1106 U 4 8c8ed
SCHED-TRACE 520 1106 V 4 8c90a
SCHED-TRACE 521 1106 O 0 0
SCHED-TRACE 522 1106 P 32 a22e97cec
SCHED-TRACE 523 1107 K 32 a22e97cec
SCHED-TRACE 524 1107 P 32 a2398b020
SCHED-TRACE 525 1130 I 32 8f23c
SCHED-TRACE 526 1130 B 32 f2
SCHED-TRACE 527 1130 P 32 a64269ba5
SCHED-TRACE 528 1130 R 32 a64269ba5
SCHED-TRACE 529 1131 U 4 8f2aa
SCHED-TRACE 530 1131 V 4 8f2c7
SCHED-TRACE 531 1131 O 0 0
SCHED-TRACE 532 1131 P 32 a64cbba5d
SCHED-TRACE 533 1132 K 32 a64cbba5d
SCHED-TRACE 534 1132 P 32 a657b6872
SCHED-TRACE 535 1159 I 32 91bbe
SCHED-TRACE 536 1159 B 32 f0
SCHED-TRACE 537 1159 P 32 aa58e72af
SCHED-TRACE 538 1159 R 32 aa58e72af
SCHED-TRACE 539 1160 U 4 91c2d
SCHED-TRACE 540 1160 V 4 91c49
SCHED-TRACE 541 1160 O 0 0
SCHED-TRACE 542 1160 P 32 aa63249b9
SCHED-TRACE 543 1161 K 32 aa63249b9
SCHED-TRACE 544 1161 P 32 aa6e1f7ce
SCHED-TRACE 545 1186 I 32 9458f
SCHED-TRACE 546 1186 B 32 f3
SCHED-TRACE 547 1186 P 32 ae782c49a
SCHED-TRACE 548 1186 R 32 ae782c49a
SCHED-TRACE 549 1187 U 4 945fe
SCHED-TRACE 550 1187 V 4 9461b
SCHED-TRACE 551 1187 O 0 0
SCHED-TRACE 552 1187 P 32 ae827ba5d
SCHED-TRACE 553 1188 K 32 ae827ba5d
SCHED-TRACE 554 1188 P 32 ae8d79167
SCHED-TRACE 555 1211 I 32 96ec4
SCHED-TRACE 556 1211 B 32 f1
SCHED-TRACE 557 1211 P 32 b28892b01
SCHED-TRACE 558 1211 R 32 b28892b01
SCHED-TRACE 559 1212 U 4 96f33
SCHED-TRACE 560 1212 V 4 96f51
SCHED-TRACE 561 1212 O 0 0
SCHED-TRACE 562 1212 P 32 b292f6872
SCHED-TRACE 563 1213 K 32 b292f6872
SCHED-TRACE 564 1213 P 32 b29dfe353
SCHED-TRACE 565 1240 I 32 9978f
SCHED-TRACE 566 1240 B 32 f3
SCHED-TRACE 567 1240 P 32 b68c9ced8
SCHED-TRACE 568 1240 R 32 b68c9ced8
SCHED-TRACE 569 1241 U 4 997fe
SCHED-TRACE 570 1241 V 4 9981b
SCHED-TRACE 571 1241 O 0 0
SCHED-TRACE 572 1241 P 32 b696f9167
SCHED-TRACE 573 1242 K 32 b696f9167
SCHED-TRACE 574 1242 P 32 b6a1f1686
SCHED-TRACE 575 1266 I 32 9c16e
SCHED-TRACE 576 1266 B 32 f3
SCHED-TRACE 577 1266 P 32 baad9f7ce
SCHED-TRACE 578 1266 R 32 baad9f7ce
SCHED-TRACE 579 1267 U 4 9c1dc
SCHED-TRACE 580 1267 V 4 9c1f9
SCHED-TRACE 581 1267 O 0 0
SCHED-TRACE 582 1267 P 32 bab7f9167
SCHED-TRACE 583 1268 K 32 bab7f9167
SCHED-TRACE 584 1268 P 32 bac2f6872
SCHED-TRACE 585 1293 I 32 9eaa5
SCHED-TRACE 586 1293 B 32 f3
SCHED-TRACE 587 1293 P 32 bebd71686
SCHED-TRACE 588 1293 R 32 bebd71686
SCHED-TRACE 589 1294 U 4 9eb15
SCHED-TRACE 590 1294 V 4 9eb32
SCHED-TRACE 591 1294 O 0 0
SCHED-TRACE 592 1294 P 32 bec7d53f7
SCHED-TRACE 593 1295 K 32 bec7d53f7
SCHED-TRACE 594 1295 P 32 bed2da5e2
SCHED-TRACE 595 1321 I 32 a140c
SCHED-TRACE 596 1321 B 32 f3
SCHED-TRACE 597 1321 P 32 c2d19020b
SCHED-TRACE 598 1321 R 32 c2d19020b
SCHED-TRACE 599 1322 U 4 a147a
SCHED-TRACE 600 1322 V 4 a1497
SCHED-TRACE 601 1322 O 0 0
SCHED-TRACE 602 1322 P 32 c2dbdced8
SCHED-TRACE 603 1323 K 32 c2dbdced8
SCHED-TRACE 604 1323 P 32 c2e6d7cec
SCHED-TRACE 605 1346 I 32 a3dce
SCHED-TRACE 606 1346 B 32 f3
SCHED-TRACE 607 1346 P 32 c6f03ba5d
SCHED-TRACE 608 1346 R 32 c6f03ba5d
SCHED-TRACE 609 1347 U 4 a3e3e
SCHED-TRACE 610 1347 V 4 a3e5b
SCHED-TRACE 611 1347 O 0 0
SCHED-TRACE 612 1347 P 32 c6fa953f7
SCHED-TRACE 613 1348 K 32 c6fa953f7
SCHED-TRACE 614 1348 P 32 c7059a5e2
SCHED-TRACE 615 1375 I 32 a6759
SCHED-TRACE 616 1375 B 32 f5
SCHED-TRACE 617 1375 P 32 cb0776872
SCHED-TRACE 618 1375 R 32 cb0776872
SCHED-TRACE 619 1376 U 4 a67c8
SCHED-TRACE 620 1376 V 4 a67e5
SCHED-TRACE 621 1376 O 0 0
SCHED-TRACE 622 1376 P 32 cb11da5e2
SCHED-TRACE 623 1377 K 32 cb11da5e2
SCHED-TRACE 624 1377 P 32 cb1cd2b01
SCHED-TRACE 625 1402 I 32 a9132
SCHED-TRACE 626 1402 B 32 f3
SCHED-TRACE 627 1402 P 32 cf2773f7c
SCHED-TRACE 628 1402 R 32 cf2773f7c
SCHED-TRACE 629 1403 U 4 a91a0
SCHED-TRACE 630 1403 V 4 a91bc
SCHED-TRACE 631 1403 O 0 0
SCHED-TRACE 632 1403 P 32 cf31b3f7c
SCHED-TRACE 633 1404 K 32 cf31b3f7c
SCHED-TRACE 634 1404 P 32 cf3cb6872
SCHED-TRACE 635 1427 I 32 aba6c
SCHED-TRACE 636 1427 B 32 f4
SCHED-TRACE 637 1427 P 32 d338649b9
SCHED-TRACE 638 1427 R 32 d338649b9
SCHED-TRACE 639 1428 U 4 abadb
SCHED-TRACE 640 1428 V 4 abaf9
SCHED-TRACE 641 1428 O 0 0
SCHED-TRACE 642 1428 P 32 d342cd915
SCHED-TRACE 643 1429 K 32 d342cd915
SCHED-TRACE 644 1429 P 32 d34dd2b01
SCHED-TRACE 645 1456 I 32 ae33f
SCHED-TRACE 646 1456 B 32 f4
SCHED-TRACE 647 1456 P 32 d73d272af
SCHED-TRACE 648 1456 R 32 d73d272af
SCHED-TRACE 649 1457 U 4 ae3ae
SCHED-TRACE 650 1457 V 4 ae3cc
SCHED-TRACE 651 1457 O 0 0
SCHED-TRACE 652 1457 P 32 d747953f7
SCHED-TRACE 653 1458 K 32 d747953f7
SCHED-TRACE 654 1458 P 32 d75297cec
SCHED-TRACE 655 1482 I 32 b0d25
SCHED-TRACE 656 1482 B 32 f4
SCHED-TRACE 657 1482 P 32 db5ecb020
SCHED-TRACE 658 1482 R 32 db5ecb020
SCHED-TRACE 659 1483 U 4 b0d94
SCHED-TRACE 660 1483 V 4 b0db1
SCHED-TRACE 661 1483 O 0 0
SCHED-TRACE 662 1483 P 32 db6917cec
SCHED-TRACE 663 1484 K 32 db6917cec
SCHED-TRACE 664 1484 P 32 db741a5e2
SCHED-TRACE 665 1509 I 32 b3663
SCHED-TRACE 666 1509 B 32 f3
SCHED-TRACE 667 1509 P 32 df6f249b9
SCHED-TRACE 668 1509 R 32 df6f249b9
SCHED-TRACE 669 1510 U 4 b36d2
SCHED-TRACE 670 1510 V 4 b36ef
SCHED-TRACE 671 1510 O 0 0
SCHED-TRACE 672 1510 P 32 df798872a
SCHED-TRACE 673 1511 K 32 df798872a
SCHED-TRACE 674 1511 P 32 df848b020
SCHED-TRACE 675 1537 I 32 b5fd2
SCHED-TRACE 676 1537 B 32 f3
SCHED-TRACE 677 1537 P 32 e38405e34
SCHED-TRACE 678 1537 R 32 e38405e34
SCHED-TRACE 679 1538 U 4 b6042
SCHED-TRACE 680 1538 V 4 b605e
SCHED-TRACE 681 1538 O 0 0
SCHED-TRACE 682 1538 P 32 e38e3e353
SCHED-TRACE 683 1539 K 32 e38e3e353
SCHED-TRACE 684 1539 P 32 e3992c49a
SCHED-TRACE 685 1562 I 32 b899b
SCHED-TRACE 686 1562 B 32 f1
SCHED-TRACE 687 1562 P 32 e7a31020b
SCHED-TRACE 688 1562 R 32 e7a31020b
SCHED-TRACE 689 1563 U 4 b8a09
SCHED-TRACE 690 1563 V 4 b8a26
SCHED-TRACE 691 1563 O 0 0
SCHED-TRACE 692 1563 P 32 e7ad620c3
SCHED-TRACE 693 1564 K 32 e7ad620c3
SCHED-TRACE 694 1564 P 32 e7b8672af
SCHED-TRACE 695 1591 I 32 bb32d
SCHED-TRACE 696 1591 B 32 f3
SCHED-TRACE 697 1591 P 32 ebbafe353
SCHED-TRACE 698 1591 R 32 ebbafe353
SCHED-TRACE 699 1592 U 4 bb39c
SCHED-TRACE 700 1592 V 4 bb3b9
SCHED-TRACE 701 1592 O 0 0
SCHED-TRACE 702 1592 P 32 ebc55f7ce
SCHED-TRACE 703 1593 K 32 ebc55f7ce
SCHED-TRACE 704 1593 P 32 ebd05a5e2
SCHED-TRACE 705 1617 I 32 bdb42
SCHED-TRACE 706 1617 B 32 f0
SCHED-TRACE 707 1617 P 32 efadf9167
SCHED-TRACE 708 1617 R 32 efadf9167
SCHED-TRACE 709 1618 U 4 bdbb2
SCHED-TRACE 710 1618 V 4 bdbcf
SCHED-TRACE 711 1618 O 0 0
SCHED-TRACE 712 1618 P 32 efb873f7c
SCHED-TRACE 713 1619 K 32 efb873f7c
SCHED-TRACE 714 1619 P 32 efc373f7c
SCHED-TRACE 715 1641 I 32 c0390
SCHED-TRACE 716 1641 B 32 f2
SCHED-TRACE 717 1641 P 32 f3a780c49
SCHED-TRACE 718 1641 R 32 f3a780c49
SCHED-TRACE 719 1642 U 4 c03ff
SCHED-TRACE 720 1642 V 4 c041b
SCHED-TRACE 721 1642 O 0 0
SCHED-TRACE 722 1642 P 32 f3b1cd915
SCHED-TRACE 723 1643 K 32 f3b1cd915
SCHED-TRACE 724 1643 P 32 f3bcc872a
SCHED-TRACE 725 1670 I 32 c2bdc
SCHED-TRACE 726 1670 B 32 f4
SCHED-TRACE 727 1670 P 32 f79f1ced8
SCHED-TRACE 728 1670 R 32 f79f1ced8
SCHED-TRACE 729 1671 U 4 c2c4b
SCHED-TRACE 730 1671 V 4 c2c68
SCHED-TRACE 731 1671 O 0 0
SCHED-TRACE 732 1671 P 32 f7a96ed90
SCHED-TRACE 733 1672 K 32 f7a96ed90
SCHED-TRACE 734 1672 P 32 f7b469ba5
SCHED-TRACE 735 1696 I 32 c554e
SCHED-TRACE 736 1696 B 32 f2
SCHED-TRACE 737 1696 P 32 fbb539167
SCHED-TRACE 738 1696 R 32 fbb539167
SCHED-TRACE 739 1697 U 4 c55bd
SCHED-TRACE 740 1697 V 4 c55da
SCHED-TRACE 741 1697 O 0 0
SCHED-TRACE 742 1697 P 32 fbbf92b01
SCHED-TRACE 743 1698 K 32 fbbf92b01
SCHED-TRACE 744 1698 P 32 fbca953f7
SCHED-TRACE 745 1722 I 32 c7dea
SCHED-TRACE 746 1722 B 32 f3
SCHED-TRACE 747 1722 P 32 ffb5da5e2
SCHED-TRACE 748 1722 R 32 ffb5da5e2
SCHED-TRACE 749 1723 U 4 c7e5a
SCHED-TRACE 750 1723 V 4 c7e78
SCHED-TRACE 751 1723 O 0 0
SCHED-TRACE 752 1723 P 32 ffc045e34
SCHED-TRACE 753 1724 K 32 ffc045e34
SCHED-TRACE 754 1724 P 32 ffcb5020b
SCHED-TRACE 755 1750 I 32 ca69d
SCHED-TRACE 756 1750 B 32 f5
SCHED-TRACE 757 1750 P 32 103b800c49
SCHED-TRACE 758 1750 R 32 103b800c49
SCHED-TRACE 759 1751 U 4 ca70d
SCHED-TRACE 760 1751 V 4 ca72a
SCHED-TRACE 761 1751 O 0 0
SCHED-TRACE 762 1751 P 32 103c2649b9
SCHED-TRACE 763 1752 K 32 103c2649b9
SCHED-TRACE 764 1752 P 32 103cd649b9
SCHED-TRACE 765 1775 I 32 ccfc4
SCHED-TRACE 766 1775 B 32 f2
SCHED-TRACE 767 1775 P 32 107c6df7ce
SCHED-TRACE 768 1775 R 32 107c6df7ce
SCHED-TRACE 769 1776 U 4 cd033
SCHED-TRACE 770 1776 V 4 cd050
SCHED-TRACE 771 1776 O 0 0
SCHED-TRACE 772 1776 P 32 107d11f7ce
SCHED-TRACE 773 1777 K 32 107d11f7ce
SCHED-TRACE 774 1777 P 32 107dc12b01
SCHED-TRACE 775 1803 I 32 cf8f6
SCHED-TRACE 776 1803 B 32 f3
SCHED-TRACE 777 1803 P 32 10bd59020b
SCHED-TRACE 778 1803 R 32 10bd59020b
SCHED-TRACE 779 1804 U 4 cf965
SCHED-TRACE 780 1804 V 4 cf982
SCHED-TRACE 781 1804 O 0 0
SCHED-TRACE 782 1804 P 32 10bdfe20c3
SCHED-TRACE 783 1805 K 32 10bdfe20c3
SCHED-TRACE 784 1805 P 32 10beae72af
SCHED-TRACE 785 1830 I 32 d21e3
SCHED-TRACE 786 1830 B 32 f1
SCHED-TRACE 787 1830 P 32 10fde00c49
SCHED-TRACE 788 1830 R 32 10fde00c49
SCHED-TRACE 789 1831 U 4 d2252
SCHED-TRACE 790 1831 V 4 d226f
SCHED-TRACE 791 1831 O 0 0
SCHED-TRACE 792 1831 P 32 10fe85a5e2
SCHED-TRACE 793 1832 K 32 10fe85a5e2
SCHED-TRACE 794 1832 P 32 10ff357cec
SCHED-TRACE 795 1854 I 32 d4a97
SCHED-TRACE 796 1854 B 32 f2
SCHED-TRACE 797 1854 P 32 113e1f6872
SCHED-TRACE 798 1854 R 32 113e1f6872
SCHED-TRACE 799 1855 U 4 d4b07
SCHED-TRACE 800 1855 V 4 d4b24
SCHED-TRACE 801 1855 O 0 0
SCHED-TRACE 802 1855 P 32 113ec57cec
SCHED-TRACE 803 1856 K 32 113ec57cec
SCHED-TRACE 804 1856 P 32 113f75a5e2
SCHED-TRACE 805 1883 I 32 d730f
SCHED-TRACE 806 1883 B 32 f3
SCHED-TRACE 807 1883 P 32 117dd953f7
SCHED-TRACE 808 1883 R 32 117dd953f7
SCHED-TRACE 809 1884 U 4 d737e
SCHED-TRACE 810 1884 V 4 d739c
SCHED-TRACE 811 1884 O 0 0
SCHED-TRACE 812 1884 P 32 117e7fba5d
SCHED-TRACE 813 1885 K 32 117e7fba5d
SCHED-TRACE 814 1885 P 32 117f2f1686
SCHED-TRACE 815 1909 I 32 d9bd9
SCHED-TRACE 816 1909 B 32 ed
SCHED-TRACE 817 1909 P 32 11be2be353
SCHED-TRACE 818 1909 R 32 11be2be353
SCHED-TRACE 819 1910 U 4 d9c48
SCHED-TRACE 820 1910 V 4 d9c65
SCHED-TRACE 821 1910 O 0 0
SCHED-TRACE 822 1910 P 32 11bed0d915
SCHED-TRACE 823 1911 K 32 11bed0d915
SCHED-TRACE 824 1911 P 32 11bf80b020
SCHED-TRACE 825 1934 I 32 dc44b
SCHED-TRACE 826 1934 B 32 f3
SCHED-TRACE 827 1934 P 32 11fdf80c49
SCHED-TRACE 828 1934 R 32 11fdf80c49
SCHED-TRACE 829 1935 U 4 dc4ba
SCHED-TRACE 830 1935 V 4 dc4d7
SCHED-TRACE 831 1935 O 0 0
SCHED-TRACE 832 1935 P 32 11fe9d53f7
SCHED-TRACE 833 1936 K 32 11fe9d53f7
SCHED-TRACE 834 1936 P 32 11ff4d53f7
SCHED-TRACE 835 1963 I 32 dedb1
SCHED-TRACE 836 1963 B 32 f4
SCHED-TRACE 837 1963 P 32 123f2f1686
SCHED-TRACE 838 1963 R 32 123f2f1686
SCHED-TRACE 839 1964 U 4 dee21
SCHED-TRACE 840 1964 V 4 dee3f
SCHED-TRACE 841 1964 O 0 0
SCHED-TRACE 842 1964 P 32 123fd649b9
SCHED-TRACE 843 1965 K 32 123fd649b9
SCHED-TRACE 844 1965 P 32 124086ed90
SCHED-TRACE 845 1988 I 32 e1634
SCHED-TRACE 846 1988 B 32 f4
SCHED-TRACE 847 1988 P 32 127f179167
SCHED-TRACE 848 1988 R 32 127f179167
SCHED-TRACE 849 1989 U 4 e16a4
SCHED-TRACE 850 1989 V 4 e16c1
SCHED-TRACE 851 1989 O 0 0
SCHED-TRACE 852 1989 P 32 127fbdced8
SCHED-TRACE 853 1990 K 32 127fbdced8
SCHED-TRACE 854 1990 P 32 12806df7ce
SCHED-TRACE 855 2015 I 32 e3f19
SCHED-TRACE 856 2015 B 32 f3
SCHED-TRACE 857 2015 P 32 12bf8e49b9
SCHED-TRACE 858 2015 R 32 12bf8e49b9
SCHED-TRACE 859 2016 U 4 e3f88
SCHED-TRACE 860 2016 V 4 e3fa6
SCHED-TRACE 861 2016 O 0 0
SCHED-TRACE 862 2016 P 32 12c035020b
SCHED-TRACE 863 2017 K 32 12c035020b
SCHED-TRACE 864 2017 P 32 12c0e39167
SCHED-TRACE 865 2043 I 32 e68d4
SCHED-TRACE 866 2043 B 32 ec
SCHED-TRACE 867 2043 P 32 1301545e34
SCHED-TRACE 868 2043 R 32 1301545e34
SCHED-TRACE 869 2044 U 4 e6941
SCHED-TRACE 870 2044 V 4 e695d
SCHED-TRACE 871 2044 O 0 0
SCHED-TRACE 872 2044 P 32 1301f79167
SCHED-TRACE 873 2045 K 32 1301f79167
SCHED-TRACE 874 2045 P 32 1302a79167
SCHED-TRACE 875 2067 I 32 e90ea
SCHED-TRACE 876 2067 B 32 f3
SCHED-TRACE 877 2067 P 32 134097e353
SCHED-TRACE 878 2067 R 32 134097e353
SCHED-TRACE 879 2068 U 4 e9158
SCHED-TRACE 880 2068 V 4 e9175
SCHED-TRACE 881 2068 O 0 0
SCHED-TRACE 882 2068 P 32 13413bba5d
SCHED-TRACE 883 2069 K 32 13413bba5d
SCHED-TRACE 884 2069 P 32 1341ec353e
SCHED-TRACE 885 2096 I 32 eba8a
SCHED-TRACE 886 2096 B 32 f4
SCHED-TRACE 887 2096 P 32 13822cd915
SCHED-TRACE 888 2096 R 32 13822cd915
SCHED-TRACE 889 2097 U 4 ebaf9
SCHED-TRACE 890 2097 V 4 ebb16
SCHED-TRACE 891 2097 O 0 0
SCHED-TRACE 892 2097 P 32 1382d2c49a
SCHED-TRACE 893 2098 K 32 1382d2c49a
SCHED-TRACE 894 2098 P 32 1383836872
SCHED-TRACE 895 2122 I 32 ee2aa
SCHED-TRACE 896 2122 B 32 f4
SCHED-TRACE 897 2122 P 32 13c16e49b9
SCHED-TRACE 898 2122 R 32 13c16e49b9
SCHED-TRACE 899 2123 U 4 ee319
SCHED-TRACE 900 2123 V 4 ee337
SCHED-TRACE 901 2123 O 0 0
SCHED-TRACE 902 2123 P 32 13c214b020
SCHED-TRACE 903 2124 K 32 13c214b020
SCHED-TRACE 904 2124 P 32 13c2c52b01
SCHED-TRACE 905 2146 I 32 f0b03
SCHED-TRACE 906 2146 B 32 f3
SCHED-TRACE 907 2146 P 32 140119f7ce
SCHED-TRACE 908 2146 R 32 140119f7ce
SCHED-TRACE 909 2147 U 4 f0b72
SCHED-TRACE 910 2147 V 4 f0b90
SCHED-TRACE 911 2147 O 0 0
SCHED-TRACE 912 2147 P 32 1401bfe353
SCHED-TRACE 913 2148 K 32 1401bfe353
SCHED-TRACE 914 2148 P 32 1402705e34
SCHED-TRACE 915 2175 I 32 f3364
SCHED-TRACE 916 2175 B 32 f5
SCHED-TRACE 917 2175 P 32 1440af6872
SCHED-TRACE 918 2175 R 32 1440af6872
SCHED-TRACE 919 2176 U 4 f33d4
SCHED-TRACE 920 2176 V 4 f33f1
SCHED-TRACE 921 2176 O 0 0
SCHED-TRACE 922 2176 P 32 144156ed90
SCHED-TRACE 923 2177 K 32 144156ed90
SCHED-TRACE 924 2177 P 32 14420620c3
SCHED-TRACE 925 2201 I 32 f5cce
SCHED-TRACE 926 2201 B 32 ed
SCHED-TRACE 927 2201 P 32 148214872a
SCHED-TRACE 928 2201 R 32 148214872a
SCHED-TRACE 929 2202 U 4 f5d3a
SCHED-TRACE 930 2202 V 4 f5d55
SCHED-TRACE 931 2202 O 0 0
SCHED-TRACE 932 2202 P 32 1482b3e353
SCHED-TRACE 933 2203 K 32 1482b3e353
SCHED-TRACE 934 2203 P 32 1483612b01
SCHED-TRACE 935 2227 I 32 f8551
SCHED-TRACE 936 2227 B 32 ef
SCHED-TRACE 937 2227 P 32 14c210353e
SCHED-TRACE 938 2227 R 32 14c210353e
SCHED-TRACE 939 2228 U 4 f85be
SCHED-TRACE 940 2228 V 4 f85d9
SCHED-TRACE 941 2228 O 0 0
SCHED-TRACE 942 2228 P 32 14c2b12b01
SCHED-TRACE 943 2229 K 32 14c2b12b01
SCHED-TRACE 944 2229 P 32 14c35eed90
SCHED-TRACE 945 2255 I 32 fadf2
SCHED-TRACE 946 2255 B 32 ee
SCHED-TRACE 947 2255 P 32 150229ced8
SCHED-TRACE 948 2255 R 32 150229ced8
SCHED-TRACE 949 2256 U 4 fae5f
SCHED-TRACE 950 2256 V 4 fae7a
SCHED-TRACE 951 2256 O 0 0
SCHED-TRACE 952 2256 P 32 1502caed90
SCHED-TRACE 953 2257 K 32 1502caed90
SCHED-TRACE 954 2257 P 32 150378872a
SCHED-TRACE 955 2280 I 32 fd707
SCHED-TRACE 956 2280 B 32 ee
SCHED-TRACE 957 2280 P 32 154310353e
SCHED-TRACE 958 2280 R 32 154310353e
SCHED-TRACE 959 2281 U 4 fd774
SCHED-TRACE 960 2281 V 4 fd78f
SCHED-TRACE 961 2281 O 0 0
SCHED-TRACE 962 2281 P 32 1543b1a5e2
SCHED-TRACE 963 2282 K 32 1543b1a5e2
SCHED-TRACE 964 2282 P 32 15445fe353
SCHED-TRACE 965 2308 I 32 10002e
SCHED-TRACE 966 2308 B 32 ef
SCHED-TRACE 967 2308 P 32 1583fcb020
SCHED-TRACE 968 2308 R 32 1583fcb020
SCHED-TRACE 969 2309 U 4 10009c
SCHED-TRACE 970 2309 V 4 1000b8
SCHED-TRACE 971 2309 O 0 0
SCHED-TRACE 972 2309 P 32 15849fba5d
SCHED-TRACE 973 2310 K 32 15849fba5d
SCHED-TRACE 974 2310 P 32 15854e9ba5
SCHED-TRACE 975 2335 I 32 102913
SCHED-TRACE 976 2335 B 32 f1
SCHED-TRACE 977 2335 P 32 15c484b020
SCHED-TRACE 978 2335 R 32 15c484b020
SCHED-TRACE 979 2336 U 4 102981
SCHED-TRACE 980 2336 V 4 10299c
SCHED-TRACE 981 2336 O 0 0
SCHED-TRACE 982 2336 P 32 15c527ba5d
SCHED-TRACE 983 2337 K 32 15c527ba5d
SCHED-TRACE 984 2337 P 32 15c5d69ba5
SCHED-TRACE 985 2359 I 32 1051c0
SCHED-TRACE 986 2359 B 32 f0
SCHED-TRACE 987 2359 P 32 1604c620c3
SCHED-TRACE 988 2359 R 32 1604c620c3
SCHED-TRACE 989 2360 U 4 10522e
SCHED-TRACE 990 2360 V 4 10524a
SCHED-TRACE 991 2360 O 0 0
SCHED-TRACE 992 2360 P 32 160569020b
SCHED-TRACE 993 2361 K 32 160569020b
SCHED-TRACE 994 2361 P 32 1606169ba5
SCHED-TRACE 995 2388 I 32 107a2e
SCHED-TRACE 996 2388 B 32 ef
SCHED-TRACE 997 2388 P 32 1644805e34
SCHED-TRACE 998 2388 R 32 1644805e34
SCHED-TRACE 999 2389 U 4 107a9c
SCHED-TRACE 1000 2389 V 4 107ab7
SCHED-TRACE 1001 2389 O 0 0
SCHED-TRACE 1002 2389 P 32 16452220c3
SCHED-TRACE 1003 2390 K 32 16452220c3
SCHED-TRACE 1004 2390 P 32 1645d0872a
SCHED-TRACE 1005 2414 I 32 10a2f0
SCHED-TRACE 1006 2414 B 32 f1
SCHED-TRACE 1007 2414 P 32 1684d3ba5d
SCHED-TRACE 1008 2414 R 32 1684d3ba5d
SCHED-TRACE 1009 2415 U 4 10a35d
SCHED-TRACE 1010 2415 V 4 10a377
SCHED-TRACE 1011 2415 O 0 0
SCHED-TRACE 1012 2415 P 32 1685745e34
SCHED-TRACE 1013 2416 K 32 1685745e34
SCHED-TRACE 1014 2416 P 32 168622c49a
SCHED-TRACE 1015 2439 I 32 10cb58
SCHED-TRACE 1016 2439 B 32 f1
SCHED-TRACE 1017 2439 P 32 16c4a00c49
SCHED-TRACE 1018 2439 R 32 16c4a00c49
SCHED-TRACE 1019 2440 U 4 10cbc5
SCHED-TRACE 1020 2440 V 4 10cbe1
SCHED-TRACE 1021 2440 O 0 0
SCHED-TRACE 1022 2440 P 32 16c541ced8
SCHED-TRACE 1023 2441 K 32 16c541ced8
SCHED-TRACE 1024 2441 P 32 16c5f0b020
SCHED-TRACE 1025 2468 I 32 10f4b5
SCHED-TRACE 1026 2468 B 32 f0
SCHED-TRACE 1027 2468 P 32 1705d8872a
SCHED-TRACE 1028 2468 R 32 1705d8872a
SCHED-TRACE 1029 2469 U 4 10f523
SCHED-TRACE 1030 2469 V 4 10f53f
SCHED-TRACE 1031 2469 O 0 0
SCHED-TRACE 1032 2469 P 32 17067c353e
SCHED-TRACE 1033 2470 K 32 17067c353e
SCHED-TRACE 1034 2470 P 32 17072ac49a
SCHED-TRACE 1035 2493 I 32 111d33
SCHED-TRACE 1036 2493 B 32 ee
SCHED-TRACE 1037 2493 P 32 1745c39167
SCHED-TRACE 1038 2493 R 32 1745c39167
SCHED-TRACE 1039 2494 U 4 111da1
SCHED-TRACE 1040 2494 V 4 111dbd
SCHED-TRACE 1041 2494 O 0 0
SCHED-TRACE 1042 2494 P 32 1746673f7c
SCHED-TRACE 1043 2495 K 32 1746673f7c
SCHED-TRACE 1044 2495 P 32 174716c49a
SCHED-TRACE 1045 2520 I 32 114615
SCHED-TRACE 1046 2520 B 32 f0
SCHED-TRACE 1047 2520 P 32 1786417cec
SCHED-TRACE 1048 2520 R 32 1786417cec
SCHED-TRACE 1049 2521 U 4 114683
SCHED-TRACE 1050 2521 V 4 11469f
SCHED-TRACE 1051 2521 O 0 0
SCHED-TRACE 1052 2521 P 32 1786e4353e
SCHED-TRACE 1053 2522 K 32 1786e4353e
SCHED-TRACE 1054 2522 P 32 178792ed90
SCHED-TRACE 1055 2548 I 32 116fcd
SCHED-TRACE 1056 2548 B 32 f2
SCHED-TRACE 1057 2548 P 32 17c80dced8
SCHED-TRACE 1058 2548 R 32 17c80dced8
SCHED-TRACE 1059 2549 U 4 11703a
SCHED-TRACE 1060 2549 V 4 117057
SCHED-TRACE 1061 2549 O 0 0
SCHED-TRACE 1062 2549 P 32 17c8b1a5e2
SCHED-TRACE 1063 2550 K 32 17c8b1a5e2
SCHED-TRACE 1064 2550 P 32 17c960d915
SCHED-TRACE 1065 2572 I 32 1197e4
SCHED-TRACE 1066 2572 B 32 f2
SCHED-TRACE 1067 2572 P 32 18075a49b9
SCHED-TRACE 1068 2572 R 32 18075a49b9
SCHED-TRACE 1069 2573 U 4 119852
SCHED-TRACE 1070 2573 V 4 11986e
SCHED-TRACE 1071 2573 O 0 0
SCHED-TRACE 1072 2573 P 32 1807fe9ba5
SCHED-TRACE 1073 2574 K 32 1807fe9ba5
SCHED-TRACE 1074 2574 P 32 1808adced8
SCHED-TRACE 1075 2601 I 32 11c183
SCHED-TRACE 1076 2601 B 32 f1
SCHED-TRACE 1077 2601 P 32 1848f76872
SCHED-TRACE 1078 2601 R 32 1848f76872
SCHED-TRACE 1079 2602 U 4 11c1f2
SCHED-TRACE 1080 2602 V 4 11c20f
SCHED-TRACE 1081 2602 O 0 0
SCHED-TRACE 1082 2602 P 32 18499c353e
SCHED-TRACE 1083 2603 K 32 18499c353e
SCHED-TRACE 1084 2603 P 32 184a4953f7
SCHED-TRACE 1085 2627 I 32 11e99f
SCHED-TRACE 1086 2627 B 32 ee
SCHED-TRACE 1087 2627 P 32 18883be353
SCHED-TRACE 1088 2627 R 32 18883be353
SCHED-TRACE 1089 2628 U 4 11ea0d
SCHED-TRACE 1090 2628 V 4 11ea29
SCHED-TRACE 1091 2628 O 0 0
SCHED-TRACE 1092 2628 P 32 1888e0b020
SCHED-TRACE 1093 2629 K 32 1888e0b020
SCHED-TRACE 1094 2629 P 32 18898f6872
SCHED-TRACE 1095 2651 I 32 1211f6
SCHED-TRACE 1096 2651 B 32 f1
SCHED-TRACE 1097 2651 P 32 18c7ee72af
SCHED-TRACE 1098 2651 R 32 18c7ee72af
SCHED-TRACE 1099 2652 U 4 121265
SCHED-TRACE 1100 2652 V 4 121280
SCHED-TRACE 1101 2652 O 0 0
SCHED-TRACE 1102 2652 P 32 18c890872a
SCHED-TRACE 1103 2653 K 32 18c890872a
SCHED-TRACE 1104 2653 P 32 18c93eed90
SCHED-TRACE 1105 2680 I 32 123a56
SCHED-TRACE 1106 2680 B 32 f1
SCHED-TRACE 1107 2680 P 32 19078a9ba5
SCHED-TRACE 1108 2680 R 32 19078a9ba5
SCHED-TRACE 1109 2681 U 4 123ac4
SCHED-TRACE 1110 2681 V 4 123ae0
SCHED-TRACE 1111 2681 O 0 0
SCHED-TRACE 1112 2681 P 32 19082df7ce
SCHED-TRACE 1113 2682 K 32 19082df7ce
SCHED-TRACE 1114 2682 P 32 1908dcd915
SCHED-TRACE 1115 2706 I 32 1263d4
SCHED-TRACE 1116 2706 B 32 f0
SCHED-TRACE 1117 2706 P 32 1949085e34
SCHED-TRACE 1118 2706 R 32 1949085e34
SCHED-TRACE 1119 2707 U 4 126441
SCHED-TRACE 1120 2707 V 4 12645d
SCHED-TRACE 1121 2707 O 0 0
SCHED-TRACE 1122 2707 P 32 1949ab9167
SCHED-TRACE 1123 2708 K 32 1949ab9167
SCHED-TRACE 1124 2708 P 32 194a5a9ba5
SCHED-TRACE 1125 2732 I 32 128c79
SCHED-TRACE 1126 2732 B 32 f0
SCHED-TRACE 1127 2732 P 32 19892b9167
SCHED-TRACE 1128 2732 R 32 19892b9167
SCHED-TRACE 1129 2733 U 4 128ce8
SCHED-TRACE 1130 2733 V 4 128d04
SCHED-TRACE 1131 2733 O 0 0
SCHED-TRACE 1132 2733 P 32 1989cfe353
SCHED-TRACE 1133 2734 K 32 1989cfe353
SCHED-TRACE 1134 2734 P 32 198a7f3f7c
SCHED-TRACE 1135 2760 I 32 12b53c
SCHED-TRACE 1136 2760 B 32 f2
SCHED-TRACE 1137 2760 P 32 19c96cb020
SCHED-TRACE 1138 2760 R 32 19c96cb020
SCHED-TRACE 1139 2761 U 4 12b5ab
SCHED-TRACE 1140 2761 V 4 12b5c7
SCHED-TRACE 1141 2761 O 0 0
SCHED-TRACE 1142 2761 P 32 19ca117cec
SCHED-TRACE 1143 2762 K 32 19ca117cec
SCHED-TRACE 1144 2762 P 32 19cac0872a
SCHED-TRACE 1145 2785 I 32 12de6e
SCHED-TRACE 1146 2785 B 32 ed
SCHED-TRACE 1147 2785 P 32 1a0a739167
SCHED-TRACE 1148 2785 R 32 1a0a739167
SCHED-TRACE 1149 2786 U 4 12dedb
SCHED-TRACE 1150 2786 V 4 12def7
SCHED-TRACE 1151 2786 O 0 0
SCHED-TRACE 1152 2786 P 32 1a0b16ed90
SCHED-TRACE 1153 2787 K 32 1a0b16ed90
SCHED-TRACE 1154 2787 P 32 1a0bc620c3
SCHED-TRACE 1155 2813 I 32 1307ae
SCHED-TRACE 1156 2813 B 32 f1
SCHED-TRACE 1157 2813 P 32 1a4b7e9ba5
SCHED-TRACE 1158 2813 R 32 1a4b7e9ba5
SCHED-TRACE 1159 2814 U 4 13081c
SCHED-TRACE 1160 2814 V 4 130839
SCHED-TRACE 1161 2814 O 0 0
SCHED-TRACE 1162 2814 P 32 1a4c23e353
SCHED-TRACE 1163 2815 K 32 1a4c23e353
SCHED-TRACE 1164 2815 P 32 1a4cd33f7c
SCHED-TRACE 1165 2840 I 32 1330ad
SCHED-TRACE 1166 2840 B 32 f1
SCHED-TRACE 1167 2840 P 32 1a8c26ed90
SCHED-TRACE 1168 2840 R 32 1a8c26ed90
SCHED-TRACE 1169 2841 U 4 13311c
SCHED-TRACE 1170 2841 V 4 133139
SCHED-TRACE 1171 2841 O 0 0
SCHED-TRACE 1172 2841 P 32 1a8ccc353e
SCHED-TRACE 1173 2842 K 32 1a8ccc353e
SCHED-TRACE 1174 2842 P 32 1a8d7be353
SCHED-TRACE 1175 2864 I 32 13596f
SCHED-TRACE 1176 2864 B 32 f1
SCHED-TRACE 1177 2864 P 32 1acc8153f7
SCHED-TRACE 1178 2864 R 32 1acc8153f7
SCHED-TRACE 1179 2865 U 4 1359dd
SCHED-TRACE 1180 2865 V 4 1359fa
SCHED-TRACE 1181 2865 O 0 0
SCHED-TRACE 1182 2865 P 32 1acd2649b9
SCHED-TRACE 1183 2866 K 32 1acd2649b9
SCHED-TRACE 1184 2866 P 32 1acdd553f7
SCHED-TRACE 1185 2893 I 32 1381f5
SCHED-TRACE 1186 2893 B 32 f2
SCHED-TRACE 1187 2893 P 32 1b0c5b6872
SCHED-TRACE 1188 2893 R 32 1b0c5b6872
SCHED-TRACE 1189 2894 U 4 138264
SCHED-TRACE 1190 2894 V 4 13827f
SCHED-TRACE 1191 2894 O 0 0
SCHED-TRACE 1192 2894 P 32 1b0cfc872a
SCHED-TRACE 1193 2895 K 32 1b0cfc872a
SCHED-TRACE 1194 2895 P 32 1b0da9ced8
SCHED-TRACE 1195 2919 I 32 13aac8
SCHED-TRACE 1196 2919 B 32 ed
SCHED-TRACE 1197 2919 P 32 1b4cc39167
SCHED-TRACE 1198 2919 R 32 1b4cc39167
SCHED-TRACE 1199 2920 U 4 13ab36
SCHED-TRACE 1200 2920 V 4 13ab52
SCHED-TRACE 1201 2920 O 0 0
SCHED-TRACE 1202 2920 P 32 1b4d6649b9
SCHED-TRACE 1203 2921 K 32 1b4d6649b9
SCHED-TRACE 1204 2921 P 32 1b4e1553f7
SCHED-TRACE 1205 2944 I 32 13d345
SCHED-TRACE 1206 2944 B 32 f1
SCHED-TRACE 1207 2944 P 32 1b8ca9020b
SCHED-TRACE 1208 2944 R 32 1b8ca9020b
SCHED-TRACE 1209 2945 U 4 13d3b2
SCHED-TRACE 1210 2945 V 4 13d3ce
SCHED-TRACE 1211 2945 O 0 0
SCHED-TRACE 1212 2945 P 32 1b8d4bba5d
SCHED-TRACE 1213 2946 K 32 1b8d4bba5d
SCHED-TRACE 1214 2946 P 32 1b8dfb9167
SCHED-TRACE 1215 2973 I 32 13fcb9
SCHED-TRACE 1216 2973 B 32 f2
SCHED-TRACE 1217 2973 P 32 1bcdff3f7c
SCHED-TRACE 1218 2973 R 32 1bcdff3f7c
SCHED-TRACE 1219 2974 U 4 13fd27
SCHED-TRACE 1220 2974 V 4 13fd44
SCHED-TRACE 1221 2974 O 0 0
SCHED-TRACE 1222 2974 P 32 1bcea40c49
SCHED-TRACE 1223 2975 K 32 1bcea40c49
SCHED-TRACE 1224 2975 P 32 1bcf53e353
SCHED-TRACE 1225 2998 I 32 14254a
SCHED-TRACE 1226 2998 B 32 f2
SCHED-TRACE 1227 2998 P 32 1c0e029ba5
SCHED-TRACE 1228 2998 R 32 1c0e029ba5
SCHED-TRACE 1229 2999 U 4 1425b9
SCHED-TRACE 1230 2999 V 4 1425d6
SCHED-TRACE 1231 2999 O 0 0
SCHED-TRACE 1232 2999 P 32 1c0ea7ba5d
SCHED-TRACE 1233 3000 K 32 1c0ea7ba5d
SCHED-TRACE 1234 3000 P 32 1c0f576872
SCHED-TRACE 1235 3025 I 32 144e41
SCHED-TRACE 1236 3025 B 32 f2
SCHED-TRACE 1237 3025 P 32 1c4e9aed90
SCHED-TRACE 1238 3025 R 32 1c4e9aed90
SCHED-TRACE 1239 3026 U 4 144eaf
SCHED-TRACE 1240 3026 V 4 144ecc
SCHED-TRACE 1241 3026 O 0 0
SCHED-TRACE 1242 3026 P 32 1c4f3eed90
SCHED-TRACE 1243 3027 K 32 1c4f3eed90
SCHED-TRACE 1244 3027 P 32 1c4fed53f7
SCHED-TRACE 1245 3053 I 32 14780b
SCHED-TRACE 1246 3053 B 32 ed
SCHED-TRACE 1247 3053 P 32 1c90805e34
SCHED-TRACE 1248 3053 R 32 1c90805e34
SCHED-TRACE 1249 3054 U 4 147879
SCHED-TRACE 1250 3054 V 4 147896
SCHED-TRACE 1251 3054 O 0 0
SCHED-TRACE 1252 3054 P 32 1c91240c49
SCHED-TRACE 1253 3055 K 32 1c91240c49
SCHED-TRACE 1254 3055 P 32 1c91d3e353
SCHED-TRACE 1255 3077 I 32 14a033
SCHED-TRACE 1256 3077 B 32 f2
SCHED-TRACE 1257 3077 P 32 1ccfe29ba5
SCHED-TRACE 1258 3077 R 32 1ccfe29ba5
SCHED-TRACE 1259 3078 U 4 14a0a2
SCHED-TRACE 1260 3078 V 4 14a0bf
SCHED-TRACE 1261 3078 O 0 0
SCHED-TRACE 1262 3078 P 32 1cd0880c49
SCHED-TRACE 1263 3079 K 32 1cd0880c49
SCHED-TRACE 1264 3079 P 32 1cd1380c49
SCHED-TRACE 1265 3105 I 32 14c856
SCHED-TRACE 1266 3105 B 32 f2
SCHED-TRACE 1267 3105 P 32 1d0f212b01
SCHED-TRACE 1268 3105 R 32 1d0f212b01
SCHED-TRACE 1269 3106 U 4 14c8c5
SCHED-TRACE 1270 3106 V 4 14c8e1
SCHED-TRACE 1271 3106 O 0 0
SCHED-TRACE 1272 3106 P 32 1d0fc649b9
SCHED-TRACE 1273 3107 K 32 1d0fc649b9
SCHED-TRACE 1274 3107 P 32 1d1075a5e2
SCHED-TRACE 1275 3132 I 32 14f217
SCHED-TRACE 1276 3132 B 32 f1
SCHED-TRACE 1277 3132 P 32 1d50fd7cec
SCHED-TRACE 1278 3132 R 32 1d50fd7cec
SCHED-TRACE 1279 3133 U 4 14f285
SCHED-TRACE 1280 3133 V 4 14f2a1
SCHED-TRACE 1281 3133 O 0 0
SCHED-TRACE 1282 3133 P 32 1d519fba5d
SCHED-TRACE 1283 3134 K 32 1d519fba5d
SCHED-TRACE 1284 3134 P 32 1d524e9ba5
SCHED-TRACE 1285 3156 I 32 151a7d
SCHED-TRACE 1286 3156 B 32 f1
SCHED-TRACE 1287 3156 P 32 1d90c2c49a
SCHED-TRACE 1288 3156 R 32 1d90c2c49a
SCHED-TRACE 1289 3157 U 4 151aec
SCHED-TRACE 1290 3157 V 4 151b08
SCHED-TRACE 1291 3157 O 0 0
SCHED-TRACE 1292 3157 P 32 1d9166c49a
SCHED-TRACE 1293 3158 K 32 1d9166c49a
SCHED-TRACE 1294 3158 P 32 1d92152b01
SCHED-TRACE 1295 3185 I 32 1542f2
SCHED-TRACE 1296 3185 B 32 ed
SCHED-TRACE 1297 3185 P 32 1dd07a49b9
SCHED-TRACE 1298 3185 R 32 1dd07a49b9
SCHED-TRACE 1299 3186 U 4 15435d
SCHED-TRACE 1300 3186 V 4 154378
SCHED-TRACE 1301 3186 O 0 0
SCHED-TRACE 1302 3186 P 32 1dd118d915
SCHED-TRACE 1303 3187 K 32 1dd118d915
SCHED-TRACE 1304 3187 P 32 1dd1c79167
SCHED-TRACE 1305 3211 I 32 156c79
SCHED-TRACE 1306 3211 B 32 f3
SCHED-TRACE 1307 3211 P 32 1e12080c49
SCHED-TRACE 1308 3211 R 32 1e12080c49
SCHED-TRACE 1309 3212 U 4 156ce7
SCHED-TRACE 1310 3212 V 4 156d04
SCHED-TRACE 1311 3212 O 0 0
SCHED-TRACE 1312 3212 P 32 1e12ac5e34
SCHED-TRACE 1313 3213 K 32 1e12ac5e34
SCHED-TRACE 1314 3213 P 32 1e135c0c49
SCHED-TRACE 1315 3237 I 32 159530
SCHED-TRACE 1316 3237 B 32 f3
SCHED-TRACE 1317 3237 P 32 1e524272af
SCHED-TRACE 1318 3237 R 32 1e524272af
SCHED-TRACE 1319 3238 U 4 15959f
SCHED-TRACE 1320 3238 V 4 1595bb
SCHED-TRACE 1321 3238 O 0 0
SCHED-TRACE 1322 3238 P 32 1e52e7ba5d
SCHED-TRACE 1323 3239 K 32 1e52e7ba5d
SCHED-TRACE 1324 3239 P 32 1e53976872
SCHED-TRACE 1325 3265 I 32 15be04
SCHED-TRACE 1326 3265 B 32 f1
SCHED-TRACE 1327 3265 P 32 1e929cb020
SCHED-TRACE 1328 3265 R 32 1e929cb020
SCHED-TRACE 1329 3266 U 4 15be73
SCHED-TRACE 1330 3266 V 4 15be90
SCHED-TRACE 1331 3266 O 0 0
SCHED-TRACE 1332 3266 P 32 1e93417cec
SCHED-TRACE 1333 3267 K 32 1e93417cec
SCHED-TRACE 1334 3267 P 32 1e93f12b01
SCHED-TRACE 1335 3290 I 32 15e745
SCHED-TRACE 1336 3290 B 32 f1
SCHED-TRACE 1337 3290 P 32 1ed3b92b01
SCHED-TRACE 1338 3290 R 32 1ed3b92b01
SCHED-TRACE 1339 3291 U 4 15e7b3
SCHED-TRACE 1340 3291 V 4 15e7d0
SCHED-TRACE 1341 3291 O 0 0
SCHED-TRACE 1342 3291 P 32 1ed45da5e2
SCHED-TRACE 1343 3292 K 32 1ed45da5e2
SCHED-TRACE 1344 3292 P 32 1ed50cb020
SCHED-TRACE 1345 3318 I 32 161098
SCHED-TRACE 1346 3318 B 32 ed
SCHED-TRACE 1347 3318 P 32 1f14dd020b
SCHED-TRACE 1348 3318 R 32 1f14dd020b
SCHED-TRACE 1349 3319 U 4 161106
SCHED-TRACE 1350 3319 V 4 161123
SCHED-TRACE 1351 3319 O 0 0
SCHED-TRACE 1352 3319 P 32 1f1581f7ce
SCHED-TRACE 1353 3320 K 32 1f1581f7ce
SCHED-TRACE 1354 3320 P 32 1f1631ced8
SCHED-TRACE 1355 3345 I 32 1639a7
SCHED-TRACE 1356 3345 B 32 f2
SCHED-TRACE 1357 3345 P 32 1f559be353
SCHED-TRACE 1358 3345 R 32 1f559be353
SCHED-TRACE 1359 3346 U 4 163a17
SCHED-TRACE 1360 3346 V 4 163a34
SCHED-TRACE 1361 3346 O 0 0
SCHED-TRACE 1362 3346 P 32 1f5642c49a
SCHED-TRACE 1363 3347 K 32 1f5642c49a
SCHED-TRACE 1364 3347 P 32 1f56f272af
SCHED-TRACE 1365 3369 I 32 166279
SCHED-TRACE 1366 3369 B 32 f3
SCHED-TRACE 1367 3369 P 32 1f960cb020
SCHED-TRACE 1368 3369 R 32 1f960cb020
SCHED-TRACE 1369 3370 U 4 1662e6
SCHED-TRACE 1370 3370 V 4 166302
SCHED-TRACE 1371 3370 O 0 0
SCHED-TRACE 1372 3370 P 32 1f96af6872
SCHED-TRACE 1373 3371 K 32 1f96af6872
SCHED-TRACE 1374 3371 P 32 1f975e20c3
SCHED-TRACE 1375 3398 I 32 168b0e
SCHED-TRACE 1376 3398 B 32 f2
SCHED-TRACE 1377 3398 P 32 1fd5fc5e34
SCHED-TRACE 1378 3398 R 32 1fd5fc5e34
SCHED-TRACE 1379 3399 U 4 168b7c
SCHED-TRACE 1380 3399 V 4 168b98
SCHED-TRACE 1381 3399 O 0 0
SCHED-TRACE 1382 3399 P 32 1fd6a05e34
SCHED-TRACE 1383 3400 K 32 1fd6a05e34
SCHED-TRACE 1384 3400 P 32 1fd74fe353
SCHED-TRACE 1385 3424 I 32 16b3f5
SCHED-TRACE 1386 3424 B 32 f2
SCHED-TRACE 1387 3424 P 32 201681f7ce
SCHED-TRACE 1388 3424 R 32 201681f7ce
SCHED-TRACE 1389 3425 U 4 16b464
SCHED-TRACE 1390 3425 V 4 16b481
SCHED-TRACE 1391 3425 O 0 0
SCHED-TRACE 1392 3425 P 32 201727ba5d
SCHED-TRACE 1393 3426 K 32 201727ba5d
SCHED-TRACE 1394 3426 P 32 2017d6ed90
SCHED-TRACE 1395 3449 I 32 16dc86
SCHED-TRACE 1396 3449 B 32 ee
SCHED-TRACE 1397 3449 P 32 205681020b
SCHED-TRACE 1398 3449 R 32 205681020b
SCHED-TRACE 1399 3450 U 4 16dcf5
SCHED-TRACE 1400 3450 V 4 16dd11
SCHED-TRACE 1401 3450 O 0 0
SCHED-TRACE 1402 3450 P 32 205725f7ce
SCHED-TRACE 1403 3451 K 32 205725f7ce
SCHED-TRACE 1404 3451 P 32 2057d5f7ce
SCHED-TRACE 1405 3478 I 32 17060e
SCHED-TRACE 1406 3478 B 32 f3
SCHED-TRACE 1407 3478 P 32 2097f2c49a
SCHED-TRACE 1408 3478 R 32 2097f2c49a
SCHED-TRACE 1409 3479 U 4 17067d
SCHED-TRACE 1410 3479 V 4 17069a
SCHED-TRACE 1411 3479 O 0 0
SCHED-TRACE 1412 3479 P 32 209896ed90
SCHED-TRACE 1413 3480 K 32 209896ed90
SCHED-TRACE 1414 3480 P 32 2099469ba5
SCHED-TRACE 1415 3503 I 32 172eae
SCHED-TRACE 1416 3503 B 32 f4
SCHED-TRACE 1417 3503 P 32 20d80be353
SCHED-TRACE 1418 3503 R 32 20d80be353
SCHED-TRACE 1419 3504 U 4 172f1d
SCHED-TRACE 1420 3504 V 4 172f3a
SCHED-TRACE 1421 3504 O 0 0
SCHED-TRACE 1422 3504 P 32 20d8b17cec
SCHED-TRACE 1423 3505 K 32 20d8b17cec
SCHED-TRACE 1424 3505 P 32 20d961020b
SCHED-TRACE 1425 3530 I 32 1757b2
SCHED-TRACE 1426 3530 B 32 f1
SCHED-TRACE 1427 3530 P 32 2118b8353e
SCHED-TRACE 1428 3530 R 32 2118b8353e
SCHED-TRACE 1429 3531 U 4 175821
SCHED-TRACE 1430 3531 V 4 17583e
SCHED-TRACE 1431 3531 O 0 0
SCHED-TRACE 1432 3531 P 32 21195dced8
SCHED-TRACE 1433 3532 K 32 21195dced8
SCHED-TRACE 1434 3532 P 32 211a0d7cec
SCHED-TRACE 1435 3557 I 32 177fd0
SCHED-TRACE 1436 3557 B 32 f2
SCHED-TRACE 1437 3557 P 32 2157f553f7
SCHED-TRACE 1438 3557 R 32 2157f553f7
SCHED-TRACE 1439 3558 U 4 17803f
SCHED-TRACE 1440 3558 V 4 17805c
SCHED-TRACE 1441 3558 O 0 0
SCHED-TRACE 1442 3558 P 32 21589b3f7c
SCHED-TRACE 1443 3559 K 32 21589b3f7c
SCHED-TRACE 1444 3559 P 32 21594b6872
SCHED-TRACE 1445 3582 I 32 17a9c3
SCHED-TRACE 1446 3582 B 32 f4
SCHED-TRACE 1447 3582 P 32 219a2e49b9
SCHED-TRACE 1448 3582 R 32 219a2e49b9
SCHED-TRACE 1449 3583 U 4 17aa32
SCHED-TRACE 1450 3583 V 4 17aa4f
SCHED-TRACE 1451 3583 O 0 0
SCHED-TRACE 1452 3583 P 32 219ad36872
SCHED-TRACE 1453 3584 K 32 219ad36872
SCHED-TRACE 1454 3584 P 32 219b82c49a
SCHED-TRACE 1455 3610 I 32 17d1f3
SCHED-TRACE 1456 3610 B 32 f3
SCHED-TRACE 1457 3610 P 32 21d9812b01
SCHED-TRACE 1458 3610 R 32 21d9812b01
SCHED-TRACE 1459 3611 U 4 17d262
SCHED-TRACE 1460 3611 V 4 17d27e
SCHED-TRACE 1461 3611 O 0 0
SCHED-TRACE 1462 3611 P 32 21da245e34
SCHED-TRACE 1463 3612 K 32 21da245e34
SCHED-TRACE 1464 3612 P 32 21dad36872
SCHED-TRACE 1465 3637 I 32 17fbc1
SCHED-TRACE 1466 3637 B 32 f2
SCHED-TRACE 1467 3637 P 32 221b6e72af
SCHED-TRACE 1468 3637 R 32 221b6e72af
SCHED-TRACE 1469 3638 U 4 17fc2f
SCHED-TRACE 1470 3638 V 4 17fc4c
SCHED-TRACE 1471 3638 O 0 0
SCHED-TRACE 1472 3638 P 32 221c140c49
SCHED-TRACE 1473 3639 K 32 221c140c49
SCHED-TRACE 1474 3639 P 32 221cc3e353
SCHED-TRACE 1475 3661 I 32 182435
SCHED-TRACE 1476 3661 B 32 f1
SCHED-TRACE 1477 3661 P 32 225b49a5e2
SCHED-TRACE 1478 3661 R 32 225b49a5e2
SCHED-TRACE 1479 3662 U 4 1824a4
SCHED-TRACE 1480 3662 V 4 1824c1
SCHED-TRACE 1481 3662 O 0 0
SCHED-TRACE 1482 3662 P 32 225bef1686
SCHED-TRACE 1483 3663 K 32 225bef1686
SCHED-TRACE 1484 3663 P 32 225c9f1686
SCHED-TRACE 1485 3690 I 32 184cb9
SCHED-TRACE 1486 3690 B 32 f2
SCHED-TRACE 1487 3690 P 32 229b1a72af
SCHED-TRACE 1488 3690 R 32 229b1a72af
SCHED-TRACE 1489 3691 U 4 184d27
SCHED-TRACE 1490 3691 V 4 184d44
SCHED-TRACE 1491 3691 O 0 0
SCHED-TRACE 1492 3691 P 32 229bbf9167
SCHED-TRACE 1493 3692 K 32 229bbf9167
SCHED-TRACE 1494 3692 P 32 229c6f9167
SCHED-TRACE 1495 3716 I 32 187658
SCHED-TRACE 1496 3716 B 32 f4
SCHED-TRACE 1497 3716 P 32 22dcc5a5e2
SCHED-TRACE 1498 3716 R 32 22dcc5a5e2
SCHED-TRACE 1499 3717 U 4 1876c6
SCHED-TRACE 1500 3717 V 4 1876e3
SCHED-TRACE 1501 3717 O 0 0
SCHED-TRACE 1502 3717 P 32 22dd6a49b9
SCHED-TRACE 1503 3718 K 32 22dd6a49b9
SCHED-TRACE 1504 3718 P 32 22de1a20c3
SCHED-TRACE 1505 3742 I 32 189f1e
SCHED-TRACE 1506 3742 B 32 f3
SCHED-TRACE 1507 3742 P 32 231d169ba5
SCHED-TRACE 1508 3742 R 32 231d169ba5
SCHED-TRACE 1509 3743 U 4 189f8e
SCHED-TRACE 1510 3743 V 4 189faa
SCHED-TRACE 1511 3743 O 0 0
SCHED-TRACE 1512 3743 P 32 231dbc353e
SCHED-TRACE 1513 3744 K 32 231dbc353e
SCHED-TRACE 1514 3744 P 32 231e6cd915
SCHED-TRACE 1515 3770 I 32 18c803
SCHED-TRACE 1516 3770 B 32 f3
SCHED-TRACE 1517 3770 P 32 235d88872a
SCHED-TRACE 1518 3770 R 32 235d88872a
SCHED-TRACE 1519 3771 U 4 18c873
SCHED-TRACE 1520 3771 V 4 18c890
SCHED-TRACE 1521 3771 O 0 0
SCHED-TRACE 1522 3771 P 32 235e2e72af
SCHED-TRACE 1523 3772 K 32 235e2e72af
SCHED-TRACE 1524 3772 P 32 235ede20c3
SCHED-TRACE 1525 3795 I 32 18f155
SCHED-TRACE 1526 3795 B 32 f1
SCHED-TRACE 1527 3795 P 32 239ebbba5d
SCHED-TRACE 1528 3795 R 32 239ebbba5d
SCHED-TRACE 1529 3796 U 4 18f1c4
SCHED-TRACE 1530 3796 V 4 18f1e1
SCHED-TRACE 1531 3796 O 0 0
SCHED-TRACE 1532 3796 P 32 239f61ced8
SCHED-TRACE 1533 3797 K 32 239f61ced8
SCHED-TRACE 1534 3797 P 32 23a011a5e2
SCHED-TRACE 1535 3823 I 32 191aba
SCHED-TRACE 1536 3823 B 32 f2
SCHED-TRACE 1537 3823 P 32 23dff9020b
SCHED-TRACE 1538 3823 R 32 23dff9020b
SCHED-TRACE 1539 3824 U 4 191b29
SCHED-TRACE 1540 3824 V 4 191b45
SCHED-TRACE 1541 3824 O 0 0
SCHED-TRACE 1542 3824 P 32 23e09dced8
SCHED-TRACE 1543 3825 K 32 23e09dced8
SCHED-TRACE 1544 3825 P 32 23e14c872a
SCHED-TRACE 1545 3850 I 32 1943d8
SCHED-TRACE 1546 3850 B 32 ed
SCHED-TRACE 1547 3850 P 32 2420cb3f7c
SCHED-TRACE 1548 3850 R 32 2420cb3f7c
SCHED-TRACE 1549 3851 U 4 194444
SCHED-TRACE 1550 3851 V 4 194461
SCHED-TRACE 1551 3851 O 0 0
SCHED-TRACE 1552 3851 P 32 24216f9167
SCHED-TRACE 1553 3852 K 32 24216f9167
SCHED-TRACE 1554 3852 P 32 24221f3f7c
SCHED-TRACE 1555 3874 I 32 196cb0
SCHED-TRACE 1556 3874 B 32 f2
SCHED-TRACE 1557 3874 P 32 24614ac49a
SCHED-TRACE 1558 3874 R 32 24614ac49a
SCHED-TRACE 1559 3875 U 4 196d1f
SCHED-TRACE 1560 3875 V 4 196d3c
SCHED-TRACE 1561 3875 O 0 0
SCHED-TRACE 1562 3875 P 32 2461f0872a
SCHED-TRACE 1563 3876 K 32 2461f0872a
SCHED-TRACE 1564 3876 P 32 2462a0872a
SCHED-TRACE 1565 3903 I 32 199558
SCHED-TRACE 1566 3903 B 32 f4
SCHED-TRACE 1567 3903 P 32 24a15649b9
SCHED-TRACE 1568 3903 R 32 24a15649b9
SCHED-TRACE 1569 3904 U 4 1995c8
SCHED-TRACE 1570 3904 V 4 1995e5
SCHED-TRACE 1571 3904 O 0 0
SCHED-TRACE 1572 3904 P 32 24a1fc0c49
SCHED-TRACE 1573 3905 K 32 24a1fc0c49
SCHED-TRACE 1574 3905 P 32 24a2abe353
SCHED-TRACE 1575 3929 I 32 19be4f
SCHED-TRACE 1576 3929 B 32 f1
SCHED-TRACE 1577 3929 P 32 24e1f17cec
SCHED-TRACE 1578 3929 R 32 24e1f17cec
SCHED-TRACE 1579 3930 U 4 19bebe
SCHED-TRACE 1580 3930 V 4 19bedb
SCHED-TRACE 1581 3930 O 0 0
SCHED-TRACE 1582 3930 P 32 24e2971686
SCHED-TRACE 1583 3931 K 32 24e2971686
SCHED-TRACE 1584 3931 P 32 24e3471686
SCHED-TRACE 1585 3954 I 32 19e6ea
SCHED-TRACE 1586 3954 B 32 f3
SCHED-TRACE 1587 3954 P 32 252202c49a
SCHED-TRACE 1588 3954 R 32 252202c49a
SCHED-TRACE 1589 3955 U 4 19e758
SCHED-TRACE 1590 3955 V 4 19e775
SCHED-TRACE 1591 3955 O 0 0
SCHED-TRACE 1592 3955 P 32 2522a7e353
SCHED-TRACE 1593 3956 K 32 2522a7e353
SCHED-TRACE 1594 3956 P 32 252357e353
SCHED-TRACE 1595 3983 I 32 1a1080
SCHED-TRACE 1596 3983 B 32 f4
SCHED-TRACE 1597 3983 P 32 25638a9ba5
SCHED-TRACE 1598 3983 R 32 25638a9ba5
SCHED-TRACE 1599 3984 U 4 1a10f0
SCHED-TRACE 1600 3984 V 4 1a110d
SCHED-TRACE 1601 3984 O 0 0
SCHED-TRACE 1602 3984 P 32 256430872a
SCHED-TRACE 1603 3985 K 32 256430872a
SCHED-TRACE 1604 3985 P 32 2564e0d915
SCHED-TRACE 1605 4008 I 32 1a392f
SCHED-TRACE 1606 4008 B 32 f3
SCHED-TRACE 1607 4008 P 32 25a3b92b01
SCHED-TRACE 1608 4008 R 32 25a3b92b01
SCHED-TRACE 1609 4009 U 4 1a399f
SCHED-TRACE 1610 4009 V 4 1a39bc
SCHED-TRACE 1611 4009 O 0 0
SCHED-TRACE 1612 4009 P 32 25a4600c49
SCHED-TRACE 1613 4010 K 32 25a4600c49
SCHED-TRACE 1614 4010 P 32 25a510d915
SCHED-TRACE 1615 4035 I 32 1a6246
SCHED-TRACE 1616 4035 B 32 f4
SCHED-TRACE 1617 4035 P 32 25e47fba5d
SCHED-TRACE 1618 4035 R 32 25e47fba5d
SCHED-TRACE 1619 4036 U 4 1a62b4
SCHED-TRACE 1620 4036 V 4 1a62d0
SCHED-TRACE 1621 4036 O 0 0
SCHED-TRACE 1622 4036 P 32 25e5231686
SCHED-TRACE 1623 4037 K 32 25e5231686
SCHED-TRACE 1624 4037 P 32 25e5d220c3
SCHED-TRACE 1625 4062 I 32 1a8a6f
SCHED-TRACE 1626 4062 B 32 f3
SCHED-TRACE 1627 4062 P 32 2623ce9ba5
SCHED-TRACE 1628 4062 R 32 2623ce9ba5
SCHED-TRACE 1629 4063 U 4 1a8ade
SCHED-TRACE 1630 4063 V 4 1a8afa
SCHED-TRACE 1631 4063 O 0 0
SCHED-TRACE 1632 4063 P 32 2624731686
SCHED-TRACE 1633 4064 K 32 2624731686
SCHED-TRACE 1634 4064 P 32 2625229ba5
SCHED-TRACE 1635 4087 I 32 1ab46e
SCHED-TRACE 1636 4087 B 32 f3
SCHED-TRACE 1637 4087 P 32 266618d915
SCHED-TRACE 1638 4087 R 32 266618d915
SCHED-TRACE 1639 4088 U 4 1ab4dd
SCHED-TRACE 1640 4088 V 4 1ab4fb
SCHED-TRACE 1641 4088 O 0 0
SCHED-TRACE 1642 4088 P 32 2666be49b9
SCHED-TRACE 1643 4089 K 32 2666be49b9
SCHED-TRACE 1644 4089 P 32 26676dced8
SCHED-TRACE 1645 4115 I 32 1adcaf
SCHED-TRACE 1646 4115 B 32 ee
SCHED-TRACE 1647 4115 P 32 26a58220c3
SCHED-TRACE 1648 4115 R 32 26a58220c3
SCHED-TRACE 1649 4116 U 4 1add1e
SCHED-TRACE 1650 4116 V 4 1add3b
SCHED-TRACE 1651 4116 O 0 0
SCHED-TRACE 1652 4116 P 32 26a6279167
SCHED-TRACE 1653 4117 K 32 26a6279167
SCHED-TRACE 1654 4117 P 32 26a6d7e353
SCHED-TRACE 1655 4141 I 32 1b04c4
SCHED-TRACE 1656 4141 B 32 f3
SCHED-TRACE 1657 4141 P 32 26e4b2ed90
SCHED-TRACE 1658 4141 R 32 26e4b2ed90
SCHED-TRACE 1659 4142 U 4 1b0533
SCHED-TRACE 1660 4142 V 4 1b0551
SCHED-TRACE 1661 4142 O 0 0
SCHED-TRACE 1662 4142 P 32 26e558d915
SCHED-TRACE 1663 4143 K 32 26e558d915
SCHED-TRACE 1664 4143 P 32 26e608d915
SCHED-TRACE 1665 4165 I 32 1b2db5
SCHED-TRACE 1666 4165 B 32 f3
SCHED-TRACE 1667 4165 P 32 27254e9ba5
SCHED-TRACE 1668 4165 R 32 27254e9ba5
SCHED-TRACE 1669 4166 U 4 1b2e24
SCHED-TRACE 1670 4166 V 4 1b2e42
SCHED-TRACE 1671 4166 O 0 0
SCHED-TRACE 1672 4166 P 32 2725f5f7ce
SCHED-TRACE 1673 4167 K 32 2725f5f7ce
SCHED-TRACE 1674 4167 P 32 2726a5f7ce
SCHED-TRACE 1675 4194 I 32 1b5606
SCHED-TRACE 1676 4194 B 32 f2
SCHED-TRACE 1677 4194 P 32 2764cb3f7c
SCHED-TRACE 1678 4194 R 32 2764cb3f7c
SCHED-TRACE 1679 4195 U 4 1b5675
SCHED-TRACE 1680 4195 V 4 1b5691
SCHED-TRACE 1681 4195 O 0 0
SCHED-TRACE 1682 4195 P 32 27656fba5d
SCHED-TRACE 1683 4196 K 32 27656fba5d
SCHED-TRACE 1684 4196 P 32 27661f6872
SCHED-TRACE 1685 4220 I 32 1b7f76
SCHED-TRACE 1686 4220 B 32 f4
SCHED-TRACE 1687 4220 P 32 27a62a49b9
SCHED-TRACE 1688 4220 R 32 27a62a49b9
SCHED-TRACE 1689 4221 U 4 1b7fe4
SCHED-TRACE 1690 4221 V 4 1b8001
SCHED-TRACE 1691 4221 O 0 0
SCHED-TRACE 1692 4221 P 32 27a6cf9167
SCHED-TRACE 1693 4222 K 32 27a6cf9167
SCHED-TRACE 1694 4222 P 32 27a780353e
SCHED-TRACE 1695 4246 I 32 1ba8b4
SCHED-TRACE 1696 4246 B 32 f5
SCHED-TRACE 1697 4246 P 32 27e738353e
SCHED-TRACE 1698 4246 R 32 27e738353e
SCHED-TRACE 1699 4247 U 4 1ba923
SCHED-TRACE 1700 4247 V 4 1ba940
SCHED-TRACE 1701 4247 O 0 0
SCHED-TRACE 1702 4247 P 32 27e7de9ba5
SCHED-TRACE 1703 4248 K 32 27e7de9ba5
SCHED-TRACE 1704 4248 P 32 27e88eed90
SCHED-TRACE 1705 4274 I 32 1bd166
SCHED-TRACE 1706 4274 B 32 f4
SCHED-TRACE 1707 4274 P 32 2827579167
SCHED-TRACE 1708 4274 R 32 2827579167
SCHED-TRACE 1709 4275 U 4 1bd1d5
SCHED-TRACE 1710 4275 V 4 1bd1f2
SCHED-TRACE 1711 4275 O 0 0
SCHED-TRACE 1712 4275 P 32 2827fdf7ce
SCHED-TRACE 1713 4276 K 32 2827fdf7ce
SCHED-TRACE 1714 4276 P 32 2828adf7ce
SCHED-TRACE 1715 4299 I 32 1bfa8a
SCHED-TRACE 1716 4299 B 32 f3
SCHED-TRACE 1717 4299 P 32 286842c49a
SCHED-TRACE 1718 4299 R 32 286842c49a
SCHED-TRACE 1719 4300 U 4 1bfaf8
SCHED-TRACE 1720 4300 V 4 1bfb15
SCHED-TRACE 1721 4300 O 0 0
SCHED-TRACE 1722 4300 P 32 2868e7ba5d
SCHED-TRACE 1723 4301 K 32 2868e7ba5d
SCHED-TRACE 1724 4301 P 32 2869971686
SCHED-TRACE 1725 4326 I 32 1c22d6
SCHED-TRACE 1726 4326 B 32 f1
SCHED-TRACE 1727 4326 P 32 28a7c73f7c
SCHED-TRACE 1728 4326 R 32 28a7c73f7c
SCHED-TRACE 1729 4327 U 4 1c2344
SCHED-TRACE 1730 4327 V 4 1c2360
SCHED-TRACE 1731 4327 O 0 0
SCHED-TRACE 1732 4327 P 32 28a86a49b9
SCHED-TRACE 1733 4328 K 32 28a86a49b9
SCHED-TRACE 1734 4328 P 32 28a91953f7
SCHED-TRACE 1735 4353 I 32 1c4b82
SCHED-TRACE 1736 4353 B 32 f3
SCHED-TRACE 1737 4353 P 32 28e7e6ed90
SCHED-TRACE 1738 4353 R 32 28e7e6ed90
SCHED-TRACE 1739 4354 U 4 1c4bf1
SCHED-TRACE 1740 4354 V 4 1c4c0e
SCHED-TRACE 1741 4354 O 0 0
SCHED-TRACE 1742 4354 P 32 28e88d53f7
SCHED-TRACE 1743 4355 K 32 28e88d53f7
SCHED-TRACE 1744 4355 P 32 28e93d53f7
SCHED-TRACE 1745 4377 I 32 1c7401
SCHED-TRACE 1746 4377 B 32 f3
SCHED-TRACE 1747 4377 P 32 2927d1020b
SCHED-TRACE 1748 4377 R 32 2927d1020b
SCHED-TRACE 1749 4378 U 4 1c7471
SCHED-TRACE 1750 4378 V 4 1c748e
SCHED-TRACE 1751 4378 O 0 0
SCHED-TRACE 1752 4378 P 32 2928771686
SCHED-TRACE 1753 4379 K 32 2928771686
SCHED-TRACE 1754 4379 P 32 292926ed90
SCHED-TRACE 1755 4406 I 32 1c9d7a
SCHED-TRACE 1756 4406 B 32 f1
SCHED-TRACE 1757 4406 P 32 2969271686
SCHED-TRACE 1758 4406 R 32 2969271686
SCHED-TRACE 1759 4407 U 4 1c9de9
SCHED-TRACE 1760 4407 V 4 1c9e06
SCHED-TRACE 1761 4407 O 0 0
SCHED-TRACE 1762 4407 P 32 2969ccd915
SCHED-TRACE 1763 4408 K 32 2969ccd915
SCHED-TRACE 1764 4408 P 32 296a7cd915
SCHED-TRACE 1765 4432 I 32 1cc608
SCHED-TRACE 1766 4432 B 32 f3
SCHED-TRACE 1767 4432 P 32 29a919f7ce
SCHED-TRACE 1768 4432 R 32 29a919f7ce
SCHED-TRACE 1769 4433 U 4 1cc677
SCHED-TRACE 1770 4433 V 4 1cc694
SCHED-TRACE 1771 4433 O 0 0
SCHED-TRACE 1772 4433 P 32 29a9bf1686
SCHED-TRACE 1773 4434 K 32 29a9bf1686
SCHED-TRACE 1774 4434 P 32 29aa6eed90
SCHED-TRACE 1775 4456 I 32 1cee23
SCHED-TRACE 1776 4456 B 32 f3
SCHED-TRACE 1777 4456 P 32 29e8617cec
SCHED-TRACE 1778 4456 R 32 29e8617cec
SCHED-TRACE 1779 4457 U 4 1cee92
SCHED-TRACE 1780 4457 V 4 1ceeaf
SCHED-TRACE 1781 4457 O 0 0
SCHED-TRACE 1782 4457 P 32 29e9073f7c
SCHED-TRACE 1783 4458 K 32 29e9073f7c
SCHED-TRACE 1784 4458 P 32 29e9b71686
SCHED-TRACE 1785 4485 I 32 1d1701
SCHED-TRACE 1786 4485 B 32 f2
SCHED-TRACE 1787 4485 P 32 2a28bf1686
SCHED-TRACE 1788 4485 R 32 2a28bf1686
SCHED-TRACE 1789 4486 U 4 1d1770
SCHED-TRACE 1790 4486 V 4 1d178d
SCHED-TRACE 1791 4486 O 0 0
SCHED-TRACE 1792 4486 P 32 2a2964b020
SCHED-TRACE 1793 4487 K 32 2a2964b020
SCHED-TRACE 1794 4487 P 32 2a2a152b01
SCHED-TRACE 1795 4510 I 32 1d3f16
SCHED-TRACE 1796 4510 B 32 f3
SCHED-TRACE 1797 4510 P 32 2a67f5f7ce
SCHED-TRACE 1798 4510 R 32 2a67f5f7ce
SCHED-TRACE 1799 4511 U 4 1d3f86
SCHED-TRACE 1800 4511 V 4 1d3fa3
SCHED-TRACE 1801 4511 O 0 0
SCHED-TRACE 1802 4511 P 32 2a689c5e34
SCHED-TRACE 1803 4512 K 32 2a689c5e34
SCHED-TRACE 1804 4512 P 32 2a694d2b01
SCHED-TRACE 1805 4536 I 32 1d67f0
SCHED-TRACE 1806 4536 B 32 f4
SCHED-TRACE 1807 4536 P 32 2aa8645e34
SCHED-TRACE 1808 4536 R 32 2aa8645e34
SCHED-TRACE 1809 4537 U 4 1d6860
SCHED-TRACE 1810 4537 V 4 1d687d
SCHED-TRACE 1811 4537 O 0 0
SCHED-TRACE 1812 4537 P 32 2aa90ac49a
SCHED-TRACE 1813 4538 K 32 2aa90ac49a
SCHED-TRACE 1814 4538 P 32 2aa9ba72af
SCHED-TRACE 1815 4564 I 32 1d90eb
SCHED-TRACE 1816 4564 B 32 f0
SCHED-TRACE 1817 4564 P 32 2ae8f5f7ce
SCHED-TRACE 1818 4564 R 32 2ae8f5f7ce
SCHED-TRACE 1819 4565 U 4 1d915a
SCHED-TRACE 1820 4565 V 4 1d9177
SCHED-TRACE 1821 4565 O 0 0
SCHED-TRACE 1822 4565 P 32 2ae99c0c49
SCHED-TRACE 1823 4566 K 32 2ae99c0c49
SCHED-TRACE 1824 4566 P 32 2aea4c5e34
SCHED-TRACE 1825 4589 I 32 1dba4f
SCHED-TRACE 1826 4589 B 32 f3
SCHED-TRACE 1827 4589 P 32 2b2a479167
SCHED-TRACE 1828 4589 R 32 2b2a479167
SCHED-TRACE 1829 4590 U 4 1dbabe
SCHED-TRACE 1830 4590 V 4 1dbadb
SCHED-TRACE 1831 4590 O 0 0
SCHED-TRACE 1832 4590 P 32 2b2aecb020
SCHED-TRACE 1833 4591 K 32 2b2aecb020
SCHED-TRACE 1834 4591 P 32 2b2b9c5e34
SCHED-TRACE 1835 4617 I 32 1de3c6
SCHED-TRACE 1836 4617 B 32 f1
SCHED-TRACE 1837 4617 P 32 2b6ba29ba5
SCHED-TRACE 1838 4617 R 32 2b6ba29ba5
SCHED-TRACE 1839 4618 U 4 1de434
SCHED-TRACE 1840 4618 V 4 1de451
SCHED-TRACE 1841 4618 O 0 0
SCHED-TRACE 1842 4618 P 32 2b6c480c49
SCHED-TRACE 1843 4619 K 32 2b6c480c49
SCHED-TRACE 1844 4619 P 32 2b6cf85e34
SCHED-TRACE 1845 4644 I 32 1e0cf9
SCHED-TRACE 1846 4644 B 32 f4
SCHED-TRACE 1847 4644 P 32 2bac979167
SCHED-TRACE 1848 4644 R 32 2bac979167
SCHED-TRACE 1849 4645 U 4 1e0d68
SCHED-TRACE 1850 4645 V 4 1e0d85
SCHED-TRACE 1851 4645 O 0 0
SCHED-TRACE 1852 4645 P 32 2bad3df7ce
SCHED-TRACE 1853 4646 K 32 2bad3df7ce
SCHED-TRACE 1854 4646 P 32 2badee9ba5
SCHED-TRACE 1855 4668 I 32 1e35ee
SCHED-TRACE 1856 4668 B 32 f4
SCHED-TRACE 1857 4668 P 32 2bed3ac49a
SCHED-TRACE 1858 4668 R 32 2bed3ac49a
SCHED-TRACE 1859 4669 U 4 1e365e
SCHED-TRACE 1860 4669 V 4 1e367b
SCHED-TRACE 1861 4669 O 0 0
SCHED-TRACE 1862 4669 P 32 2bede12b01
SCHED-TRACE 1863 4670 K 32 2bede12b01
SCHED-TRACE 1864 4670 P 32 2bee917cec
SCHED-TRACE 1865 4673 P 1 2bee917cec
SCHED-TRACE 1866 4673 W 1 2bee917cec
SCHED-TRACE 1867 4673 P 32 2bfaba72af
SCHED-TRACE 1868 4673 D 32 2bfaba72af
SCHED-TRACE 1869 4675 K 1 2bee917cec
SCHED-TRACE 1870 4677 G 3 3a4ab851
SCHED-TRACE 1871 4677 g 3 0
SCHED-TRACE 1872 4677 v 3 b6d64000b6dc8
SCHED-TRACE 1873 4677 f 3 2bee917cec
SCHED-TRACE 1874 4677 N 3 2bee917cec
SCHED-TRACE 1875 4677 n 3 0
SCHED-TRACE 1876 4677 X 32 1e4104
SCHED-TRACE 1877 4677 Z 0 1281
SCHED-TRACE 1878 4677 T 0 1e4161
SCHED-TRACE 1879 4677 t 0 1e4193
SCHED-TRACE 1880 4677 G 3 2bee917cec
SCHED-TRACE 1881 4677 g 3 0
SCHED-TRACE 1882 4677 v 3 b6dc8000b6dc8
SCHED-TRACE 1883 4677 f 3 2bee917cec
SCHED-TRACE 1884 4677 N 3 2bee917cec
SCHED-TRACE 1885 4677 n 3 0
SCHED-TRACE 1886 4677 L 3 2bee917cec
SCHED-TRACE 1887 4677 l 32 2bfc1a72af
SCHED-TRACE 1888 4677 e 32 3a4ab851
SCHED-TRACE 1889 4677 f 0 2bee917cec
SCHED-TRACE 1890 4677 r 32 2c
SCHED-TRACE 1891 4677 q 3 0
SCHED-TRACE 1892 4677 w 0 64000b6dc8
SCHED-TRACE 1893 4677 A 3 2bee91f359
SCHED-TRACE 1894 4677 a 3 81230
SCHED-TRACE 1895 4677 Y 32 1e7286
SCHED-TRACE 1896 4677 U 1 1e728b
SCHED-TRACE 1897 4677 V 1 1ed2a9
SCHED-TRACE 1898 4678 I 1 1ed2c6
SCHED-TRACE 1899 4678 B 1 ef
SCHED-TRACE 1900 4678 P 1 2bf6bfc28d
SCHED-TRACE 1901 4678 R 1 2bf6bfc28d
SCHED-TRACE 1902 4679 U 4 1ed333
SCHED-TRACE 1903 4679 V 4 1ed34b
SCHED-TRACE 1904 4679 O 0 0
SCHED-TRACE 1905 4679 P 1 2bf6cfd708
SCHED-TRACE 1906 4680 K 1 2bf6cfd708
SCHED-TRACE 1907 4680 P 1 2bf6e126e7
SCHED-TRACE 1908 4682 U 2 1ed65f
SCHED-TRACE 1909 4682 V 2 1edf18
SCHED-TRACE-END 1910 dropped 0
