
loader: Redoubt rv64 loader, boot hart 0
  1 hart(s), timebase 10000000 Hz
  ram: 0x80000000..0x90000000 (256 MiB)
  bundle: 0x88200000..0x882a6840
  devices: 14 mmio (8 dma), 10 irq, console 0x10000000
  plic: 0xc000000, S-mode context 1
  rng-seed: 32 bytes
  bundle signature ok (681984 bytes)
  PID 1: kernel -> 0xffffffffffd00000
  PID 2: endpoint-destroy-full -> 0x17354
  bundle mapped read-only at 0x20000000 (682048 bytes)
  252 MiB free, entering kernel
Kernel arguments:
    XArg (67724158, 28 bytes): 00000123 00000002 80000000 00000000 10000000 00000000 6d617273
    MREx (7845524d, 384 bytes): 10100000 00000000 00001000 00000000 632d7766 00000000 20000000 00000000 02000000 00000000 73616c66 00000000 00101000 00000000 00001000 00000000 40637472 00000000 10000000 00000000 00001000 00000000 69726573 00000000 00100000 00000000 00001000 00000000 74736574 00000000 10008000 00000000 00001000 00000000 74726976 00000000 10007000 00000000 00001000 00000000 74726976 00000000 10006000 00000000 00001000 00000000 74726976 00000000 10005000 00000000 00001000 00000000 74726976 00000000 10004000 00000000 00001000 00000000 74726976 00000000 10003000 00000000 00001000 00000000 74726976 00000000 10002000 00000000 00001000 00000000 74726976 00000000 10001000 00000000 00001000 00000000 74726976 00000000 0c000000 00000000 00600000 00000000 63696c70 00000000 02000000 00000000 00010000 00000000 6e696c63 00000000 30000000 00000000 10000000 00000000 40696370 00000000
    Ctrl (6c727443, 32 bytes): 0c000000 00000000 00600000 00000000 02000000 00000000 00010000 00000000
    Devs (73766544, 600 bytes): 00000003 00000000 00000000 00000000 00000000 00000000 00000001 10000000 00000000 00001000 00000000 00000000 00000002 0000000a 00000000 00000000 00000000 00000000 00000001 10100000 00000000 00001000 00000000 00000000 00000001 20000000 00000000 02000000 00000000 00000000 00000001 00101000 00000000 00001000 00000000 00000000 00000001 00100000 00000000 00001000 00000000 00000000 00000001 10008000 00000000 00001000 00000000 00000001 00000001 10007000 00000000 00001000 00000000 00000001 00000001 10006000 00000000 00001000 00000000 00000001 00000001 10005000 00000000 00001000 00000000 00000001 00000001 10004000 00000000 00001000 00000000 00000001 00000001 10003000 00000000 00001000 00000000 00000001 00000001 10002000 00000000 00001000 00000000 00000001 00000001 10001000 00000000 00001000 00000000 00000001 00000001 30000000 00000000 10000000 00000000 00000000 00000002 00000001 00000000 00000000 00000000 00000000 00000002 00000002 00000000 00000000 00000000 00000000 00000002 00000003 00000000 00000000 00000000 00000000 00000002 00000004 00000000 00000000 00000000 00000000 00000002 00000005 00000000 00000000 00000000 00000000 00000002 00000006 00000000 00000000 00000000 00000000 00000002 00000007 00000000 00000000 00000000 00000000 00000002 00000008 00000000 00000000 00000000 00000000 00000002 0000000b 00000000 00000000 00000000 00000000
    Plic (63696c50, 24 bytes): 0c000000 00000000 00600000 00000000 00000001 00000000
    Seed (64656553, 32 bytes): 3aa6bc93 16a2e6a8 2617d0a0 9eae6f78 4a132e1b 38d7387c 9587c886 0853f572
    Time (656d6954, 8 bytes): 00989680 00000000
asid: 16 bits
Devices: 25 objects, all held by init
Budgets: root 47310 pages (1213 kept for init), system 11523, users 34572
W^X verified: 37 executable kernel pages, none writable under any alias
Kernel RNG seeded from the loader (32 bytes)
KMAIN (clean boot): Supervisor mode started...
kernel: checks on (debug assertions, overflow checks)

[destroy-full] calibrated: 10 ticks/us, 24389 iterations/ms
[destroy-full] ok: the filler holds a full table of endpoints: 4095
[!] Terminating process with PID 70
[destroy-full] budget_destroy of 4095 endpoints: 33483 us
ENDPOINT-DESTROY-FULL TEST PASSED
system_reset: PowerOff asked for by PID 2
SCHED-TRACE 0 0 G 1 0
SCHED-TRACE 1 0 g 1 0
SCHED-TRACE 2 0 v 1 f4240000b71b0
SCHED-TRACE 3 0 f 1 0
SCHED-TRACE 4 0 N 1 0
SCHED-TRACE 5 0 n 1 0
SCHED-TRACE 6 0 G 1 0
SCHED-TRACE 7 0 g 1 0
SCHED-TRACE 8 0 v 1 b71b0000003e8
SCHED-TRACE 9 0 f 1 0
SCHED-TRACE 10 0 N 1 0
SCHED-TRACE 11 0 n 1 0
SCHED-TRACE 12 1 W 1 0
SCHED-TRACE 13 1 K 1 0
SCHED-TRACE 14 7 P 1 bee560
SCHED-TRACE 15 7 D 1 bee560
SCHED-TRACE 16 9 U 4 b2c
SCHED-TRACE 17 9 V 4 b33
SCHED-TRACE 18 10 W 1 d2b020
SCHED-TRACE 19 10 U 4 cea9
SCHED-TRACE 20 10 V 4 ceb4
SCHED-TRACE 21 11 K 1 d2b020
SCHED-TRACE 22 13 I 1 f610
SCHED-TRACE 23 13 B 1 7a
SCHED-TRACE 24 13 P 1 70e8312
SCHED-TRACE 25 13 R 1 70e8312
SCHED-TRACE 26 14 U 4 f65f
SCHED-TRACE 27 14 V 4 f66d
SCHED-TRACE 28 14 O 0 0
SCHED-TRACE 29 14 P 1 71aa7ef
SCHED-TRACE 30 15 K 1 71aa7ef
SCHED-TRACE 31 15 P 1 7283126
SCHED-TRACE 32 16 I 1 11dde
SCHED-TRACE 33 16 B 1 7a
SCHED-TRACE 34 16 P 1 d67f7ce
SCHED-TRACE 35 16 R 1 d67f7ce
SCHED-TRACE 36 17 U 4 11e2d
SCHED-TRACE 37 17 V 4 11e3b
SCHED-TRACE 38 17 O 0 0
SCHED-TRACE 39 17 P 1 d741893
SCHED-TRACE 40 18 K 1 d741893
SCHED-TRACE 41 18 P 1 d819db2
SCHED-TRACE 42 19 I 1 145ac
SCHED-TRACE 43 19 B 1 7b
SCHED-TRACE 44 19 P 1 13c16c8b
SCHED-TRACE 45 19 R 1 13c16c8b
SCHED-TRACE 46 20 U 4 145fb
SCHED-TRACE 47 20 V 4 14609
SCHED-TRACE 48 20 O 0 0
SCHED-TRACE 49 20 P 1 13cd8937
SCHED-TRACE 50 21 K 1 13cd8937
SCHED-TRACE 51 21 P 1 13db0e56
SCHED-TRACE 52 22 I 1 16d7a
SCHED-TRACE 53 22 B 1 7a
SCHED-TRACE 54 22 P 1 1a1ad4fd
SCHED-TRACE 55 22 R 1 1a1ad4fd
SCHED-TRACE 56 23 U 4 16dc9
SCHED-TRACE 57 23 V 4 16dd7
SCHED-TRACE 58 23 O 0 0
SCHED-TRACE 59 23 P 1 1a26f9db
SCHED-TRACE 60 24 K 1 1a26f9db
SCHED-TRACE 61 24 P 1 1a347ef9
SCHED-TRACE 62 25 I 1 19548
SCHED-TRACE 63 25 B 1 7a
SCHED-TRACE 64 25 P 1 207445a1
SCHED-TRACE 65 25 R 1 207445a1
SCHED-TRACE 66 26 U 4 19597
SCHED-TRACE 67 26 V 4 195a5
SCHED-TRACE 68 26 O 0 0
SCHED-TRACE 69 26 P 1 20806a7e
SCHED-TRACE 70 27 K 1 20806a7e
SCHED-TRACE 71 27 P 1 208df3b6
SCHED-TRACE 72 28 I 1 1bd16
SCHED-TRACE 73 28 B 1 7a
SCHED-TRACE 74 28 P 1 26cdba5e
SCHED-TRACE 75 28 R 1 26cdba5e
SCHED-TRACE 76 29 U 4 1bd65
SCHED-TRACE 77 29 V 4 1bd73
SCHED-TRACE 78 29 O 0 0
SCHED-TRACE 79 29 P 1 26d9db22
SCHED-TRACE 80 30 K 1 26d9db22
SCHED-TRACE 81 30 P 1 26e7645a
SCHED-TRACE 82 31 I 1 1e4e4
SCHED-TRACE 83 31 B 1 7a
SCHED-TRACE 84 31 P 1 2d272b02
SCHED-TRACE 85 31 R 1 2d272b02
SCHED-TRACE 86 32 U 4 1e533
SCHED-TRACE 87 32 V 4 1e541
SCHED-TRACE 88 32 O 0 0
SCHED-TRACE 89 32 P 1 2d3347ae
SCHED-TRACE 90 33 K 1 2d3347ae
SCHED-TRACE 91 33 P 1 2d40cccc
SCHED-TRACE 92 34 I 1 20cb2
SCHED-TRACE 93 34 B 1 7a
SCHED-TRACE 94 34 P 1 33809374
SCHED-TRACE 95 34 R 1 33809374
SCHED-TRACE 96 35 U 4 20d01
SCHED-TRACE 97 35 V 4 20d0f
SCHED-TRACE 98 35 O 0 0
SCHED-TRACE 99 35 P 1 338cb851
SCHED-TRACE 100 36 K 1 338cb851
SCHED-TRACE 101 36 P 1 339a3d70
SCHED-TRACE 102 37 I 1 23480
SCHED-TRACE 103 37 B 1 7a
SCHED-TRACE 104 37 P 1 39da0418
SCHED-TRACE 105 37 R 1 39da0418
SCHED-TRACE 106 38 U 4 234cf
SCHED-TRACE 107 38 V 4 234dd
SCHED-TRACE 108 38 O 0 0
SCHED-TRACE 109 38 P 1 39e628f5
SCHED-TRACE 110 39 K 1 39e628f5
SCHED-TRACE 111 39 P 1 39f3ae14
SCHED-TRACE 112 42 G 3 0
SCHED-TRACE 113 42 g 3 0
SCHED-TRACE 114 42 v 3 b6dc8000b6d64
SCHED-TRACE 115 42 f 3 39f3ae14
SCHED-TRACE 116 42 N 3 39f3ae14
SCHED-TRACE 117 42 n 3 0
SCHED-TRACE 118 43 U 2 25e09
SCHED-TRACE 119 43 V 2 25fb0
SCHED-TRACE 120 44 I 1 26023
SCHED-TRACE 121 44 B 1 7a
SCHED-TRACE 122 44 P 1 408cac08
SCHED-TRACE 123 44 R 1 408cac08
SCHED-TRACE 124 45 U 4 26072
SCHED-TRACE 125 45 V 4 26082
SCHED-TRACE 126 45 O 0 0
SCHED-TRACE 127 45 P 1 4098cccc
SCHED-TRACE 128 46 K 1 4098cccc
SCHED-TRACE 129 46 P 1 40a66a7e
SCHED-TRACE 130 54 P 32 40a66a7e
SCHED-TRACE 131 54 W 32 40a66a7e
SCHED-TRACE 132 54 P 1 45ad8106
SCHED-TRACE 133 54 D 1 45ad8106
SCHED-TRACE 134 56 K 32 40a66a7e
SCHED-TRACE 135 87 I 32 2a89e
SCHED-TRACE 136 87 B 32 7a
SCHED-TRACE 137 87 P 32 7fa3db21
SCHED-TRACE 138 87 R 32 7fa3db21
SCHED-TRACE 139 88 U 4 2a8ed
SCHED-TRACE 140 88 V 4 2a8fd
SCHED-TRACE 141 88 O 0 0
SCHED-TRACE 142 88 P 32 801d74bb
SCHED-TRACE 143 89 K 32 801d74bb
SCHED-TRACE 144 89 P 32 80a574bb
SCHED-TRACE 145 115 I 32 2d0f6
SCHED-TRACE 146 115 B 32 7a
SCHED-TRACE 147 115 P 32 bfc3b22c
SCHED-TRACE 148 115 R 32 bfc3b22c
SCHED-TRACE 149 116 U 4 2d145
SCHED-TRACE 150 116 V 4 2d155
SCHED-TRACE 151 116 O 0 0
SCHED-TRACE 152 116 P 32 c03d74bb
SCHED-TRACE 153 117 K 32 c03d74bb
SCHED-TRACE 154 117 P 32 c0c59db1
SCHED-TRACE 155 146 I 32 2f9c2
SCHED-TRACE 156 146 B 32 7a
SCHED-TRACE 157 146 P 32 10096bc69
SCHED-TRACE 158 146 R 32 10096bc69
SCHED-TRACE 159 147 U 4 2fa11
SCHED-TRACE 160 147 V 4 2fa21
SCHED-TRACE 161 147 O 0 0
SCHED-TRACE 162 147 P 32 101107ef8
SCHED-TRACE 163 148 K 32 101107ef8
SCHED-TRACE 164 148 P 32 10198a7ee
SCHED-TRACE 165 176 I 32 322b4
SCHED-TRACE 166 176 B 32 7a
SCHED-TRACE 167 176 P 32 141a85603
SCHED-TRACE 168 176 R 32 141a85603
SCHED-TRACE 169 177 U 4 32303
SCHED-TRACE 170 177 V 4 32312
SCHED-TRACE 171 177 O 0 0
SCHED-TRACE 172 177 P 32 142221892
SCHED-TRACE 173 178 K 32 142221892
SCHED-TRACE 174 178 P 32 142aa4188
SCHED-TRACE 175 204 I 32 34ad0
SCHED-TRACE 176 204 B 32 7a
SCHED-TRACE 177 204 P 32 18168a7ee
SCHED-TRACE 178 204 R 32 18168a7ee
SCHED-TRACE 179 205 U 4 34b1f
SCHED-TRACE 180 205 V 4 34b2f
SCHED-TRACE 181 205 O 0 0
SCHED-TRACE 182 205 P 32 181e26a7e
SCHED-TRACE 183 206 K 32 181e26a7e
SCHED-TRACE 184 206 P 32 1826a9373
SCHED-TRACE 185 236 I 32 373b4
SCHED-TRACE 186 236 B 32 7a
SCHED-TRACE 187 236 P 32 1c260a7ee
SCHED-TRACE 188 236 R 32 1c260a7ee
SCHED-TRACE 189 237 U 4 37403
SCHED-TRACE 190 237 V 4 37413
SCHED-TRACE 191 237 O 0 0
SCHED-TRACE 192 237 P 32 1c2da6a7e
SCHED-TRACE 193 238 K 32 1c2da6a7e
SCHED-TRACE 194 238 P 32 1c3629373
SCHED-TRACE 195 263 I 32 39bbd
SCHED-TRACE 196 263 B 32 7a
SCHED-TRACE 197 263 P 32 20203b22c
SCHED-TRACE 198 263 R 32 20203b22c
SCHED-TRACE 199 264 U 4 39c0c
SCHED-TRACE 200 264 V 4 39c1b
SCHED-TRACE 201 264 O 0 0
SCHED-TRACE 202 264 P 32 2027d74bb
SCHED-TRACE 203 265 K 32 2027d74bb
SCHED-TRACE 204 265 P 32 203059db1
SCHED-TRACE 205 295 I 32 3c440
SCHED-TRACE 206 295 B 32 7b
SCHED-TRACE 207 295 P 32 24260d0e4
SCHED-TRACE 208 295 R 32 24260d0e4
SCHED-TRACE 209 296 U 4 3c48f
SCHED-TRACE 210 296 V 4 3c49f
SCHED-TRACE 211 296 O 0 0
SCHED-TRACE 212 296 P 32 242da6a7e
SCHED-TRACE 213 297 K 32 242da6a7e
SCHED-TRACE 214 297 P 32 243626a7e
SCHED-TRACE 215 324 I 32 3ed15
SCHED-TRACE 216 324 B 32 7a
SCHED-TRACE 217 324 P 32 28346bc69
SCHED-TRACE 218 324 R 32 28346bc69
SCHED-TRACE 219 325 U 4 3ed64
SCHED-TRACE 220 325 V 4 3ed74
SCHED-TRACE 221 325 O 0 0
SCHED-TRACE 222 325 P 32 283c05603
SCHED-TRACE 223 326 K 32 283c05603
SCHED-TRACE 224 326 P 32 284485603
SCHED-TRACE 225 354 I 32 415f5
SCHED-TRACE 226 354 B 32 7a
SCHED-TRACE 227 354 P 32 2c43a9373
SCHED-TRACE 228 354 R 32 2c43a9373
SCHED-TRACE 229 355 U 4 41644
SCHED-TRACE 230 355 V 4 41653
SCHED-TRACE 231 355 O 0 0
SCHED-TRACE 232 355 P 32 2c4b45603
SCHED-TRACE 233 356 K 32 2c4b45603
SCHED-TRACE 234 356 P 32 2c53c7ef8
SCHED-TRACE 235 385 I 32 43f36
SCHED-TRACE 236 385 B 32 7a
SCHED-TRACE 237 385 P 32 305c94bc5
SCHED-TRACE 238 385 R 32 305c94bc5
SCHED-TRACE 239 386 U 4 43f85
SCHED-TRACE 240 386 V 4 43f95
SCHED-TRACE 241 386 O 0 0
SCHED-TRACE 242 386 P 32 306430e55
SCHED-TRACE 243 387 K 32 306430e55
SCHED-TRACE 244 387 P 32 306cb374a
SCHED-TRACE 245 412 I 32 4679f
SCHED-TRACE 246 412 B 32 7a
SCHED-TRACE 247 412 P 32 346069373
SCHED-TRACE 248 412 R 32 346069373
SCHED-TRACE 249 413 U 4 467ee
SCHED-TRACE 250 413 V 4 467fe
SCHED-TRACE 251 413 O 0 0
SCHED-TRACE 252 413 P 32 346805603
SCHED-TRACE 253 414 K 32 346805603
SCHED-TRACE 254 414 P 32 347085603
SCHED-TRACE 255 445 I 32 490a3
SCHED-TRACE 256 445 B 32 7a
SCHED-TRACE 257 445 P 32 3872ebc69
SCHED-TRACE 258 445 R 32 3872ebc69
SCHED-TRACE 259 446 U 4 490f2
SCHED-TRACE 260 446 V 4 49102
SCHED-TRACE 261 446 O 0 0
SCHED-TRACE 262 446 P 32 387a85603
SCHED-TRACE 263 447 K 32 387a85603
SCHED-TRACE 264 447 P 32 388305603
SCHED-TRACE 265 473 I 32 4b97d
SCHED-TRACE 266 473 B 32 7a
SCHED-TRACE 267 473 P 32 3c81f374a
SCHED-TRACE 268 473 R 32 3c81f374a
SCHED-TRACE 269 474 U 4 4b9cc
SCHED-TRACE 270 474 V 4 4b9dc
SCHED-TRACE 271 474 O 0 0
SCHED-TRACE 272 474 P 32 3c898f9da
SCHED-TRACE 273 475 K 32 3c898f9da
SCHED-TRACE 274 475 P 32 3c92122cf
SCHED-TRACE 275 504 I 32 4e1a5
SCHED-TRACE 276 504 B 32 7a
SCHED-TRACE 277 504 P 32 407eb0e55
SCHED-TRACE 278 504 R 32 407eb0e55
SCHED-TRACE 279 505 U 4 4e1f4
SCHED-TRACE 280 505 V 4 4e204
SCHED-TRACE 281 505 O 0 0
SCHED-TRACE 282 505 P 32 40864d0e4
SCHED-TRACE 283 506 K 32 40864d0e4
SCHED-TRACE 284 506 P 32 408ecf9da
SCHED-TRACE 285 533 I 32 50983
SCHED-TRACE 286 533 B 32 7a
SCHED-TRACE 287 533 P 32 44746bc69
SCHED-TRACE 288 533 R 32 44746bc69
SCHED-TRACE 289 534 U 4 509d2
SCHED-TRACE 290 534 V 4 509e2
SCHED-TRACE 291 534 O 0 0
SCHED-TRACE 292 534 P 32 447c07ef8
SCHED-TRACE 293 535 K 32 447c07ef8
SCHED-TRACE 294 535 P 32 44848a7ee
SCHED-TRACE 295 562 I 32 5328b
SCHED-TRACE 296 562 B 32 7a
SCHED-TRACE 297 562 P 32 4887e1892
SCHED-TRACE 298 562 R 32 4887e1892
SCHED-TRACE 299 563 U 4 532da
SCHED-TRACE 300 563 V 4 532ea
SCHED-TRACE 301 563 O 0 0
SCHED-TRACE 302 563 P 32 488f7db21
SCHED-TRACE 303 564 K 32 488f7db21
SCHED-TRACE 304 564 P 32 489800417
SCHED-TRACE 305 593 I 32 55a7f
SCHED-TRACE 306 593 B 32 7a
SCHED-TRACE 307 593 P 32 4c7f78936
SCHED-TRACE 308 593 R 32 4c7f78936
SCHED-TRACE 309 594 U 4 55ace
SCHED-TRACE 310 594 V 4 55ade
SCHED-TRACE 311 594 O 0 0
SCHED-TRACE 312 594 P 32 4c8714bc5
SCHED-TRACE 313 595 K 32 4c8714bc5
SCHED-TRACE 314 595 P 32 4c8f974bb
SCHED-TRACE 315 620 I 32 582cb
SCHED-TRACE 316 620 B 32 7a
SCHED-TRACE 317 620 P 32 5080574bb
SCHED-TRACE 318 620 R 32 5080574bb
SCHED-TRACE 319 621 U 4 58319
SCHED-TRACE 320 621 V 4 58329
SCHED-TRACE 321 621 O 0 0
SCHED-TRACE 322 621 P 32 5087f374a
SCHED-TRACE 323 622 K 32 5087f374a
SCHED-TRACE 324 622 P 32 509076040
SCHED-TRACE 325 652 I 32 5ab04
SCHED-TRACE 326 652 B 32 7a
SCHED-TRACE 327 652 P 32 547eb8936
SCHED-TRACE 328 652 R 32 547eb8936
SCHED-TRACE 329 653 U 4 5ab53
SCHED-TRACE 330 653 V 4 5ab63
SCHED-TRACE 331 653 O 0 0
SCHED-TRACE 332 653 P 32 548654bc5
SCHED-TRACE 333 654 K 32 548654bc5
SCHED-TRACE 334 654 P 32 548ed74bb
SCHED-TRACE 335 681 I 32 5d422
SCHED-TRACE 336 681 B 32 7a
SCHED-TRACE 337 681 P 32 58945c6a6
SCHED-TRACE 338 681 R 32 58945c6a6
SCHED-TRACE 339 682 U 4 5d470
SCHED-TRACE 340 682 V 4 5d480
SCHED-TRACE 341 682 O 0 0
SCHED-TRACE 342 682 P 32 589bf8936
SCHED-TRACE 343 683 K 32 589bf8936
SCHED-TRACE 344 683 P 32 58a47b22c
SCHED-TRACE 345 711 I 32 5fcb1
SCHED-TRACE 346 711 B 32 7a
SCHED-TRACE 347 711 P 32 5c9b9c6a6
SCHED-TRACE 348 711 R 32 5c9b9c6a6
SCHED-TRACE 349 712 U 4 5fd00
SCHED-TRACE 350 712 V 4 5fd0f
SCHED-TRACE 351 712 O 0 0
SCHED-TRACE 352 712 P 32 5ca336040
SCHED-TRACE 353 713 K 32 5ca336040
SCHED-TRACE 354 713 P 32 5cabb6040
SCHED-TRACE 355 741 I 32 624ac
SCHED-TRACE 356 741 B 32 7a
SCHED-TRACE 357 741 P 32 6094122cf
SCHED-TRACE 358 741 R 32 6094122cf
SCHED-TRACE 359 742 U 4 624fb
SCHED-TRACE 360 742 V 4 6250b
SCHED-TRACE 361 742 O 0 0
SCHED-TRACE 362 742 P 32 609bae55f
SCHED-TRACE 363 743 K 32 609bae55f
SCHED-TRACE 364 743 P 32 60a430e55
SCHED-TRACE 365 768 I 32 64d1e
SCHED-TRACE 366 768 B 32 7a
SCHED-TRACE 367 768 P 32 6498c5603
SCHED-TRACE 368 768 R 32 6498c5603
SCHED-TRACE 369 769 U 4 64d6c
SCHED-TRACE 370 769 V 4 64d7c
SCHED-TRACE 371 769 O 0 0
SCHED-TRACE 372 769 P 32 64a061892
SCHED-TRACE 373 770 K 32 64a061892
SCHED-TRACE 374 770 P 32 64a8e4188
SCHED-TRACE 375 801 I 32 6762d
SCHED-TRACE 376 801 B 32 7a
SCHED-TRACE 377 801 P 32 68ac5ef9c
SCHED-TRACE 378 801 R 32 68ac5ef9c
SCHED-TRACE 379 802 U 4 6767b
SCHED-TRACE 380 802 V 4 6768b
SCHED-TRACE 381 802 O 0 0
SCHED-TRACE 382 802 P 32 68b3fb22c
SCHED-TRACE 383 803 K 32 68b3fb22c
SCHED-TRACE 384 803 P 32 68bc7db21
SCHED-TRACE 385 829 I 32 69f10
SCHED-TRACE 386 829 B 32 7a
SCHED-TRACE 387 829 P 32 6cbc4f9da
SCHED-TRACE 388 829 R 32 6cbc4f9da
SCHED-TRACE 389 830 U 4 69f5f
SCHED-TRACE 390 830 V 4 69f6f
SCHED-TRACE 391 830 O 0 0
SCHED-TRACE 392 830 P 32 6cc3ebc69
SCHED-TRACE 393 831 K 32 6cc3ebc69
SCHED-TRACE 394 831 P 32 6ccc6bc69
SCHED-TRACE 395 860 I 32 6c741
SCHED-TRACE 396 860 B 32 7a
SCHED-TRACE 397 860 P 32 70ba0d0e4
SCHED-TRACE 398 860 R 32 70ba0d0e4
SCHED-TRACE 399 861 U 4 6c790
SCHED-TRACE 400 861 V 4 6c7a0
SCHED-TRACE 401 861 O 0 0
SCHED-TRACE 402 861 P 32 70c1a9373
SCHED-TRACE 403 862 K 32 70c1a9373
SCHED-TRACE 404 862 P 32 70ca29373
SCHED-TRACE 405 889 I 32 6ef29
SCHED-TRACE 406 889 B 32 7a
SCHED-TRACE 407 889 P 32 74b0b6040
SCHED-TRACE 408 889 R 32 74b0b6040
SCHED-TRACE 409 890 U 4 6ef78
SCHED-TRACE 410 890 V 4 6ef88
SCHED-TRACE 411 890 O 0 0
SCHED-TRACE 412 890 P 32 74b8522cf
SCHED-TRACE 413 891 K 32 74b8522cf
SCHED-TRACE 414 891 P 32 74c0d4bc5
SCHED-TRACE 415 918 I 32 7183b
SCHED-TRACE 416 918 B 32 7a
SCHED-TRACE 417 918 P 32 78c51c6a6
SCHED-TRACE 418 918 R 32 78c51c6a6
SCHED-TRACE 419 919 U 4 7188a
SCHED-TRACE 420 919 V 4 71899
SCHED-TRACE 421 919 O 0 0
SCHED-TRACE 422 919 P 32 78ccb6040
SCHED-TRACE 423 920 K 32 78ccb6040
SCHED-TRACE 424 920 P 32 78d536040
SCHED-TRACE 425 949 I 32 74039
SCHED-TRACE 426 949 B 32 7b
SCHED-TRACE 427 949 P 32 7cbdb374a
SCHED-TRACE 428 949 R 32 7cbdb374a
SCHED-TRACE 429 950 U 4 74088
SCHED-TRACE 430 950 V 4 74098
SCHED-TRACE 431 950 O 0 0
SCHED-TRACE 432 950 P 32 7cc54d0e4
SCHED-TRACE 433 951 K 32 7cc54d0e4
SCHED-TRACE 434 951 P 32 7ccdcd0e4
SCHED-TRACE 435 976 I 32 7688d
SCHED-TRACE 436 976 B 32 7a
SCHED-TRACE 437 976 P 32 80bf6bc69
SCHED-TRACE 438 976 R 32 80bf6bc69
SCHED-TRACE 439 977 U 4 768dc
SCHED-TRACE 440 977 V 4 768eb
SCHED-TRACE 441 977 O 0 0
SCHED-TRACE 442 977 P 32 80c707ef8
SCHED-TRACE 443 978 K 32 80c707ef8
SCHED-TRACE 444 978 P 32 80cf8a7ee
SCHED-TRACE 445 1008 I 32 790d0
SCHED-TRACE 446 1008 B 32 7a
SCHED-TRACE 447 1008 P 32 84bed74bb
SCHED-TRACE 448 1008 R 32 84bed74bb
SCHED-TRACE 449 1009 U 4 7911f
SCHED-TRACE 450 1009 V 4 7912f
SCHED-TRACE 451 1009 O 0 0
SCHED-TRACE 452 1009 P 32 84c67374a
SCHED-TRACE 453 1010 K 32 84c67374a
SCHED-TRACE 454 1010 P 32 84cef374a
SCHED-TRACE 455 1037 I 32 7b9f7
SCHED-TRACE 456 1037 B 32 7a
SCHED-TRACE 457 1037 P 32 88d569373
SCHED-TRACE 458 1037 R 32 88d569373
SCHED-TRACE 459 1038 U 4 7ba46
SCHED-TRACE 460 1038 V 4 7ba56
SCHED-TRACE 461 1038 O 0 0
SCHED-TRACE 462 1038 P 32 88dd02d0d
SCHED-TRACE 463 1039 K 32 88dd02d0d
SCHED-TRACE 464 1039 P 32 88e582d0d
SCHED-TRACE 465 1067 I 32 7e290
SCHED-TRACE 466 1067 B 32 7a
SCHED-TRACE 467 1067 P 32 8cdd9ef9c
SCHED-TRACE 468 1067 R 32 8cdd9ef9c
SCHED-TRACE 469 1068 U 4 7e2df
SCHED-TRACE 470 1068 V 4 7e2ef
SCHED-TRACE 471 1068 O 0 0
SCHED-TRACE 472 1068 P 32 8ce538936
SCHED-TRACE 473 1069 K 32 8ce538936
SCHED-TRACE 474 1069 P 32 8cedb8936
SCHED-TRACE 475 1097 I 32 80a95
SCHED-TRACE 476 1097 B 32 7b
SCHED-TRACE 477 1097 P 32 90d70f9da
SCHED-TRACE 478 1097 R 32 90d70f9da
SCHED-TRACE 479 1098 U 4 80ae4
SCHED-TRACE 480 1098 V 4 80af4
SCHED-TRACE 481 1098 O 0 0
SCHED-TRACE 482 1098 P 32 90dea9373
SCHED-TRACE 483 1099 K 32 90dea9373
SCHED-TRACE 484 1099 P 32 90e729373
SCHED-TRACE 485 1124 I 32 83310
SCHED-TRACE 486 1124 B 32 7a
SCHED-TRACE 487 1124 P 32 94dc99db1
SCHED-TRACE 488 1124 R 32 94dc99db1
SCHED-TRACE 489 1125 U 4 8335e
SCHED-TRACE 490 1125 V 4 8336e
SCHED-TRACE 491 1125 O 0 0
SCHED-TRACE 492 1125 P 32 94e43374a
SCHED-TRACE 493 1126 K 32 94e43374a
SCHED-TRACE 494 1126 P 32 94ecb374a
SCHED-TRACE 495 1157 I 32 85c29
SCHED-TRACE 496 1157 B 32 7a
SCHED-TRACE 497 1157 P 32 98f145603
SCHED-TRACE 498 1157 R 32 98f145603
SCHED-TRACE 499 1158 U 4 85c78
SCHED-TRACE 500 1158 V 4 85c88
SCHED-TRACE 501 1158 O 0 0
SCHED-TRACE 502 1158 P 32 98f8def9c
SCHED-TRACE 503 1159 K 32 98f8def9c
SCHED-TRACE 504 1159 P 32 99015ef9c
SCHED-TRACE 505 1185 I 32 88516
SCHED-TRACE 506 1185 B 32 7a
SCHED-TRACE 507 1185 P 32 9d0219db1
SCHED-TRACE 508 1185 R 32 9d0219db1
SCHED-TRACE 509 1186 U 4 88564
SCHED-TRACE 510 1186 V 4 88574
SCHED-TRACE 511 1186 O 0 0
SCHED-TRACE 512 1186 P 32 9d09b6040
SCHED-TRACE 513 1187 K 32 9d09b6040
SCHED-TRACE 514 1187 P 32 9d1238936
SCHED-TRACE 515 1216 I 32 8ad51
SCHED-TRACE 516 1216 B 32 7a
SCHED-TRACE 517 1216 P 32 a100dc6a6
SCHED-TRACE 518 1216 R 32 a100dc6a6
SCHED-TRACE 519 1217 U 4 8ada0
SCHED-TRACE 520 1217 V 4 8adb0
SCHED-TRACE 521 1217 O 0 0
SCHED-TRACE 522 1217 P 32 a10876040
SCHED-TRACE 523 1218 K 32 a10876040
SCHED-TRACE 524 1218 P 32 a110f6040
SCHED-TRACE 525 1245 I 32 8d543
SCHED-TRACE 526 1245 B 32 7a
SCHED-TRACE 527 1245 P 32 a4f878936
SCHED-TRACE 528 1245 R 32 a4f878936
SCHED-TRACE 529 1246 U 4 8d592
SCHED-TRACE 530 1246 V 4 8d5a2
SCHED-TRACE 531 1246 O 0 0
SCHED-TRACE 532 1246 P 32 a50014bc5
SCHED-TRACE 533 1247 K 32 a50014bc5
SCHED-TRACE 534 1247 P 32 a508974bb
SCHED-TRACE 535 1273 I 32 8fd1b
SCHED-TRACE 536 1273 B 32 7a
SCHED-TRACE 537 1273 P 32 a8edbb22c
SCHED-TRACE 538 1273 R 32 a8edbb22c
SCHED-TRACE 539 1274 U 4 8fd6a
SCHED-TRACE 540 1274 V 4 8fd7a
SCHED-TRACE 541 1274 O 0 0
SCHED-TRACE 542 1274 P 32 a8f554bc5
SCHED-TRACE 543 1275 K 32 a8f554bc5
SCHED-TRACE 544 1275 P 32 a8fdd4bc5
SCHED-TRACE 545 1305 I 32 92665
SCHED-TRACE 546 1305 B 32 7a
SCHED-TRACE 547 1305 P 32 ad0761892
SCHED-TRACE 548 1305 R 32 ad0761892
SCHED-TRACE 549 1306 U 4 926b4
SCHED-TRACE 550 1306 V 4 926c4
SCHED-TRACE 551 1306 O 0 0
SCHED-TRACE 552 1306 P 32 ad0efb22c
SCHED-TRACE 553 1307 K 32 ad0efb22c
SCHED-TRACE 554 1307 P 32 ad177db21
SCHED-TRACE 555 1332 I 32 94ec2
SCHED-TRACE 556 1332 B 32 7a
SCHED-TRACE 557 1332 P 32 b109f8936
SCHED-TRACE 558 1332 R 32 b109f8936
SCHED-TRACE 559 1333 U 4 94f11
SCHED-TRACE 560 1333 V 4 94f21
SCHED-TRACE 561 1333 O 0 0
SCHED-TRACE 562 1333 P 32 b111922cf
SCHED-TRACE 563 1334 K 32 b111922cf
SCHED-TRACE 564 1334 P 32 b11a14bc5
SCHED-TRACE 565 1364 I 32 97710
SCHED-TRACE 566 1364 B 32 7a
SCHED-TRACE 567 1364 P 32 b50a6e55f
SCHED-TRACE 568 1364 R 32 b50a6e55f
SCHED-TRACE 569 1365 U 4 9775f
SCHED-TRACE 570 1365 V 4 9776f
SCHED-TRACE 571 1365 O 0 0
SCHED-TRACE 572 1365 P 32 b51207ef8
SCHED-TRACE 573 1366 K 32 b51207ef8
SCHED-TRACE 574 1366 P 32 b51a87ef8
SCHED-TRACE 575 1393 I 32 9a040
SCHED-TRACE 576 1393 B 32 7a
SCHED-TRACE 577 1393 P 32 b921ebc69
SCHED-TRACE 578 1393 R 32 b921ebc69
SCHED-TRACE 579 1394 U 4 9a08f
SCHED-TRACE 580 1394 V 4 9a09f
SCHED-TRACE 581 1394 O 0 0
SCHED-TRACE 582 1394 P 32 b92987ef8
SCHED-TRACE 583 1395 K 32 b92987ef8
SCHED-TRACE 584 1395 P 32 b93207ef8
SCHED-TRACE 585 1423 I 32 9c8e3
SCHED-TRACE 586 1423 B 32 7a
SCHED-TRACE 587 1423 P 32 bd2b1c6a6
SCHED-TRACE 588 1423 R 32 bd2b1c6a6
SCHED-TRACE 589 1424 U 4 9c932
SCHED-TRACE 590 1424 V 4 9c942
SCHED-TRACE 591 1424 O 0 0
SCHED-TRACE 592 1424 P 32 bd32b6040
SCHED-TRACE 593 1425 K 32 bd32b6040
SCHED-TRACE 594 1425 P 32 bd3b36040
SCHED-TRACE 595 1453 I 32 9f0f2
SCHED-TRACE 596 1453 B 32 7a
SCHED-TRACE 597 1453 P 32 c12587ef8
SCHED-TRACE 598 1453 R 32 c12587ef8
SCHED-TRACE 599 1454 U 4 9f141
SCHED-TRACE 600 1454 V 4 9f151
SCHED-TRACE 601 1454 O 0 0
SCHED-TRACE 602 1454 P 32 c12d24188
SCHED-TRACE 603 1455 K 32 c12d24188
SCHED-TRACE 604 1455 P 32 c135a4188
SCHED-TRACE 605 1480 I 32 a1975
SCHED-TRACE 606 1480 B 32 7a
SCHED-TRACE 607 1480 P 32 c52bee55f
SCHED-TRACE 608 1480 R 32 c52bee55f
SCHED-TRACE 609 1481 U 4 a19c4
SCHED-TRACE 610 1481 V 4 a19d3
SCHED-TRACE 611 1481 O 0 0
SCHED-TRACE 612 1481 P 32 c5338a7ee
SCHED-TRACE 613 1482 K 32 c5338a7ee
SCHED-TRACE 614 1482 P 32 c53c0d0e4
SCHED-TRACE 615 1513 I 32 a4299
SCHED-TRACE 616 1513 B 32 7a
SCHED-TRACE 617 1513 P 32 c941b0e55
SCHED-TRACE 618 1513 R 32 c941b0e55
SCHED-TRACE 619 1514 U 4 a42e8
SCHED-TRACE 620 1514 V 4 a42f8
SCHED-TRACE 621 1514 O 0 0
SCHED-TRACE 622 1514 P 32 c9494d0e4
SCHED-TRACE 623 1515 K 32 c9494d0e4
SCHED-TRACE 624 1515 P 32 c951cd0e4
SCHED-TRACE 625 1541 I 32 a6b8f
SCHED-TRACE 626 1541 B 32 7a
SCHED-TRACE 627 1541 P 32 cd536e55f
SCHED-TRACE 628 1541 R 32 cd536e55f
SCHED-TRACE 629 1542 U 4 a6bdd
SCHED-TRACE 630 1542 V 4 a6bed
SCHED-TRACE 631 1542 O 0 0
SCHED-TRACE 632 1542 P 32 cd5b07ef8
SCHED-TRACE 633 1543 K 32 cd5b07ef8
SCHED-TRACE 634 1543 P 32 cd6387ef8
SCHED-TRACE 635 1572 I 32 a93d4
SCHED-TRACE 636 1572 B 32 7a
SCHED-TRACE 637 1572 P 32 d1532e55f
SCHED-TRACE 638 1572 R 32 d1532e55f
SCHED-TRACE 639 1573 U 4 a9423
SCHED-TRACE 640 1573 V 4 a9433
SCHED-TRACE 641 1573 O 0 0
SCHED-TRACE 642 1573 P 32 d15aca7ee
SCHED-TRACE 643 1574 K 32 d15aca7ee
SCHED-TRACE 644 1574 P 32 d1634d0e4
SCHED-TRACE 645 1601 I 32 abbcf
SCHED-TRACE 646 1601 B 32 7a
SCHED-TRACE 647 1601 P 32 d54bbdb21
SCHED-TRACE 648 1601 R 32 d54bbdb21
SCHED-TRACE 649 1602 U 4 abc1e
SCHED-TRACE 650 1602 V 4 abc2e
SCHED-TRACE 651 1602 O 0 0
SCHED-TRACE 652 1602 P 32 d55359db1
SCHED-TRACE 653 1603 K 32 d55359db1
SCHED-TRACE 654 1603 P 32 d55bdc6a6
SCHED-TRACE 655 1629 I 32 ae3b1
SCHED-TRACE 656 1629 B 32 7a
SCHED-TRACE 657 1629 P 32 d941e6a7e
SCHED-TRACE 658 1629 R 32 d941e6a7e
SCHED-TRACE 659 1630 U 4 ae400
SCHED-TRACE 660 1630 V 4 ae40f
SCHED-TRACE 661 1630 O 0 0
SCHED-TRACE 662 1630 P 32 d94980417
SCHED-TRACE 663 1631 K 32 d94980417
SCHED-TRACE 664 1631 P 32 d95200417
SCHED-TRACE 665 1661 I 32 b0d05
SCHED-TRACE 666 1661 B 32 7a
SCHED-TRACE 667 1661 P 32 dd5c974bb
SCHED-TRACE 668 1661 R 32 dd5c974bb
SCHED-TRACE 669 1662 U 4 b0d54
SCHED-TRACE 670 1662 V 4 b0d64
SCHED-TRACE 671 1662 O 0 0
SCHED-TRACE 672 1662 P 32 dd643374a
SCHED-TRACE 673 1663 K 32 dd643374a
SCHED-TRACE 674 1663 P 32 dd6cb6040
SCHED-TRACE 675 1688 I 32 b356a
SCHED-TRACE 676 1688 B 32 7a
SCHED-TRACE 677 1688 P 32 e1600f9da
SCHED-TRACE 678 1688 R 32 e1600f9da
SCHED-TRACE 679 1689 U 4 b35b9
SCHED-TRACE 680 1689 V 4 b35c9
SCHED-TRACE 681 1689 O 0 0
SCHED-TRACE 682 1689 P 32 e167a9373
SCHED-TRACE 683 1690 K 32 e167a9373
SCHED-TRACE 684 1690 P 32 e17029373
SCHED-TRACE 685 1720 I 32 b5dc3
SCHED-TRACE 686 1720 B 32 7a
SCHED-TRACE 687 1720 P 32 e5618f9da
SCHED-TRACE 688 1720 R 32 e5618f9da
SCHED-TRACE 689 1721 U 4 b5e12
SCHED-TRACE 690 1721 V 4 b5e22
SCHED-TRACE 691 1721 O 0 0
SCHED-TRACE 692 1721 P 32 e56929373
SCHED-TRACE 693 1722 K 32 e56929373
SCHED-TRACE 694 1722 P 32 e571abc69
SCHED-TRACE 695 1749 I 32 b86fd
SCHED-TRACE 696 1749 B 32 7a
SCHED-TRACE 697 1749 P 32 e979fdb21
SCHED-TRACE 698 1749 R 32 e979fdb21
SCHED-TRACE 699 1750 U 4 b874c
SCHED-TRACE 700 1750 V 4 b875b
SCHED-TRACE 701 1750 O 0 0
SCHED-TRACE 702 1750 P 32 e98199db1
SCHED-TRACE 703 1751 K 32 e98199db1
SCHED-TRACE 704 1751 P 32 e98a1c6a6
SCHED-TRACE 705 1779 I 32 bafa9
SCHED-TRACE 706 1779 B 32 7a
SCHED-TRACE 707 1779 P 32 ed8429373
SCHED-TRACE 708 1779 R 32 ed8429373
SCHED-TRACE 709 1780 U 4 baff8
SCHED-TRACE 710 1780 V 4 bb008
SCHED-TRACE 711 1780 O 0 0
SCHED-TRACE 712 1780 P 32 ed8bc2d0d
SCHED-TRACE 713 1781 K 32 ed8bc2d0d
SCHED-TRACE 714 1781 P 32 ed9442d0d
SCHED-TRACE 715 1809 I 32 bd7c2
SCHED-TRACE 716 1809 B 32 7a
SCHED-TRACE 717 1809 P 32 f17f8f9da
SCHED-TRACE 718 1809 R 32 f17f8f9da
SCHED-TRACE 719 1810 U 4 bd811
SCHED-TRACE 720 1810 V 4 bd821
SCHED-TRACE 721 1810 O 0 0
SCHED-TRACE 722 1810 P 32 f18729373
SCHED-TRACE 723 1811 K 32 f18729373
SCHED-TRACE 724 1811 P 32 f18fa9373
SCHED-TRACE 725 1836 I 32 c004d
SCHED-TRACE 726 1836 B 32 7a
SCHED-TRACE 727 1836 P 32 f586d22cf
SCHED-TRACE 728 1836 R 32 f586d22cf
SCHED-TRACE 729 1837 U 4 c009c
SCHED-TRACE 730 1837 V 4 c00ac
SCHED-TRACE 731 1837 O 0 0
SCHED-TRACE 732 1837 P 32 f58e6bc69
SCHED-TRACE 733 1838 K 32 f58e6bc69
SCHED-TRACE 734 1838 P 32 f596ebc69
SCHED-TRACE 735 1869 I 32 c297c
SCHED-TRACE 736 1869 B 32 7a
SCHED-TRACE 737 1869 P 32 f99da6a7e
SCHED-TRACE 738 1869 R 32 f99da6a7e
SCHED-TRACE 739 1870 U 4 c29cb
SCHED-TRACE 740 1870 V 4 c29db
SCHED-TRACE 741 1870 O 0 0
SCHED-TRACE 742 1870 P 32 f9a542d0d
SCHED-TRACE 743 1871 K 32 f9a542d0d
SCHED-TRACE 744 1871 P 32 f9adc5603
SCHED-TRACE 745 1897 I 32 c527b
SCHED-TRACE 746 1897 B 32 7a
SCHED-TRACE 747 1897 P 32 fdb04a7ee
SCHED-TRACE 748 1897 R 32 fdb04a7ee
SCHED-TRACE 749 1898 U 4 c52ca
SCHED-TRACE 750 1898 V 4 c52d9
SCHED-TRACE 751 1898 O 0 0
SCHED-TRACE 752 1898 P 32 fdb7e6a7e
SCHED-TRACE 753 1899 K 32 fdb7e6a7e
SCHED-TRACE 754 1899 P 32 fdc069373
SCHED-TRACE 755 1928 I 32 c7acb
SCHED-TRACE 756 1928 B 32 7a
SCHED-TRACE 757 1928 P 32 101b10f9da
SCHED-TRACE 758 1928 R 32 101b10f9da
SCHED-TRACE 759 1929 U 4 c7b19
SCHED-TRACE 760 1929 V 4 c7b29
SCHED-TRACE 761 1929 O 0 0
SCHED-TRACE 762 1929 P 32 101b8a9373
SCHED-TRACE 763 1930 K 32 101b8a9373
SCHED-TRACE 764 1930 P 32 101c129373
SCHED-TRACE 765 1957 I 32 ca2cf
SCHED-TRACE 766 1957 B 32 7a
SCHED-TRACE 767 1957 P 32 105aa8a7ee
SCHED-TRACE 768 1957 R 32 105aa8a7ee
SCHED-TRACE 769 1958 U 4 ca31e
SCHED-TRACE 770 1958 V 4 ca32e
SCHED-TRACE 771 1958 O 0 0
SCHED-TRACE 772 1958 P 32 105b226a7e
SCHED-TRACE 773 1959 K 32 105b226a7e
SCHED-TRACE 774 1959 P 32 105baa9373
SCHED-TRACE 775 1985 I 32 ccab9
SCHED-TRACE 776 1985 B 32 7a
SCHED-TRACE 777 1985 P 32 109a199db1
SCHED-TRACE 778 1985 R 32 109a199db1
SCHED-TRACE 779 1986 U 4 ccb08
SCHED-TRACE 780 1986 V 4 ccb18
SCHED-TRACE 781 1986 O 0 0
SCHED-TRACE 782 1986 P 32 109a93374a
SCHED-TRACE 783 1987 K 32 109a93374a
SCHED-TRACE 784 1987 P 32 109b1b374a
SCHED-TRACE 785 2016 I 32 cf292
SCHED-TRACE 786 2016 B 32 7a
SCHED-TRACE 787 2016 P 32 10d9670e55
SCHED-TRACE 788 2016 R 32 10d9670e55
SCHED-TRACE 789 2017 U 4 cf2e1
SCHED-TRACE 790 2017 V 4 cf2f1
SCHED-TRACE 791 2017 O 0 0
SCHED-TRACE 792 2017 P 32 10d9e0a7ee
SCHED-TRACE 793 2018 K 32 10d9e0a7ee
SCHED-TRACE 794 2018 P 32 10da68d0e4
SCHED-TRACE 795 2043 I 32 d1ac5
SCHED-TRACE 796 2043 B 32 7a
SCHED-TRACE 797 2043 P 32 11194ebc69
SCHED-TRACE 798 2043 R 32 11194ebc69
SCHED-TRACE 799 2044 U 4 d1b14
SCHED-TRACE 800 2044 V 4 d1b24
SCHED-TRACE 801 2044 O 0 0
SCHED-TRACE 802 2044 P 32 1119c87ef8
SCHED-TRACE 803 2045 K 32 1119c87ef8
SCHED-TRACE 804 2045 P 32 111a50a7ee
SCHED-TRACE 805 2075 I 32 d437d
SCHED-TRACE 806 2075 B 32 7b
SCHED-TRACE 807 2075 P 32 1159ff6040
SCHED-TRACE 808 2075 R 32 1159ff6040
SCHED-TRACE 809 2076 U 4 d43cc
SCHED-TRACE 810 2076 V 4 d43dc
SCHED-TRACE 811 2076 O 0 0
SCHED-TRACE 812 2076 P 32 115a78f9da
SCHED-TRACE 813 2077 K 32 115a78f9da
SCHED-TRACE 814 2077 P 32 115b00f9da
SCHED-TRACE 815 2104 I 32 d6c81
SCHED-TRACE 816 2104 B 32 7a
SCHED-TRACE 817 2104 P 32 119b305603
SCHED-TRACE 818 2104 R 32 119b305603
SCHED-TRACE 819 2105 U 4 d6cd0
SCHED-TRACE 820 2105 V 4 d6ce0
SCHED-TRACE 821 2105 O 0 0
SCHED-TRACE 822 2105 P 32 119baa1892
SCHED-TRACE 823 2106 K 32 119baa1892
SCHED-TRACE 824 2106 P 32 119c324188
SCHED-TRACE 825 2134 I 32 d9591
SCHED-TRACE 826 2134 B 32 7a
SCHED-TRACE 827 2134 P 32 11dc71ef9c
SCHED-TRACE 828 2134 R 32 11dc71ef9c
SCHED-TRACE 829 2135 U 4 d95e0
SCHED-TRACE 830 2135 V 4 d95f0
SCHED-TRACE 831 2135 O 0 0
SCHED-TRACE 832 2135 P 32 11dcebb22c
SCHED-TRACE 833 2136 K 32 11dcebb22c
SCHED-TRACE 834 2136 P 32 11dd73db21
SCHED-TRACE 835 2164 I 32 dbd72
SCHED-TRACE 836 2164 B 32 7a
SCHED-TRACE 837 2164 P 32 121bcf6040
SCHED-TRACE 838 2164 R 32 121bcf6040
SCHED-TRACE 839 2165 U 4 dbdc1
SCHED-TRACE 840 2165 V 4 dbdd1
SCHED-TRACE 841 2165 O 0 0
SCHED-TRACE 842 2165 P 32 121c48f9da
SCHED-TRACE 843 2166 K 32 121c48f9da
SCHED-TRACE 844 2166 P 32 121cd0f9da
SCHED-TRACE 845 2191 I 32 de667
SCHED-TRACE 846 2191 B 32 7a
SCHED-TRACE 847 2191 P 32 125cec5603
SCHED-TRACE 848 2191 R 32 125cec5603
SCHED-TRACE 849 2192 U 4 de6b6
SCHED-TRACE 850 2192 V 4 de6c5
SCHED-TRACE 851 2192 O 0 0
SCHED-TRACE 852 2192 P 32 125d661892
SCHED-TRACE 853 2193 K 32 125d661892
SCHED-TRACE 854 2193 P 32 125dee4188
SCHED-TRACE 855 2224 I 32 e0f58
SCHED-TRACE 856 2224 B 32 7a
SCHED-TRACE 857 2224 P 32 129df70e55
SCHED-TRACE 858 2224 R 32 129df70e55
SCHED-TRACE 859 2225 U 4 e0fa7
SCHED-TRACE 860 2225 V 4 e0fb7
SCHED-TRACE 861 2225 O 0 0
SCHED-TRACE 862 2225 P 32 129e70d0e4
SCHED-TRACE 863 2226 K 32 129e70d0e4
SCHED-TRACE 864 2226 P 32 129ef8f9da
SCHED-TRACE 865 2252 I 32 e3823
SCHED-TRACE 866 2252 B 32 7a
SCHED-TRACE 867 2252 P 32 12dece6a7e
SCHED-TRACE 868 2252 R 32 12dece6a7e
SCHED-TRACE 869 2253 U 4 e3872
SCHED-TRACE 870 2253 V 4 e3882
SCHED-TRACE 871 2253 O 0 0
SCHED-TRACE 872 2253 P 32 12df482d0d
SCHED-TRACE 873 2254 K 32 12df482d0d
SCHED-TRACE 874 2254 P 32 12dfd02d0d
SCHED-TRACE 875 2283 I 32 e60d4
SCHED-TRACE 876 2283 B 32 7b
SCHED-TRACE 877 2283 P 32 131f766a7e
SCHED-TRACE 878 2283 R 32 131f766a7e
SCHED-TRACE 879 2284 U 4 e6123
SCHED-TRACE 880 2284 V 4 e6133
SCHED-TRACE 881 2284 O 0 0
SCHED-TRACE 882 2284 P 32 131ff00417
SCHED-TRACE 883 2285 K 32 131ff00417
SCHED-TRACE 884 2285 P 32 1320780417
SCHED-TRACE 885 2313 I 32 e8a42
SCHED-TRACE 886 2313 B 32 7a
SCHED-TRACE 887 2313 P 32 13614e1892
SCHED-TRACE 888 2313 R 32 13614e1892
SCHED-TRACE 889 2314 U 4 e8a90
SCHED-TRACE 890 2314 V 4 e8aa0
SCHED-TRACE 891 2314 O 0 0
SCHED-TRACE 892 2314 P 32 1361c7db21
SCHED-TRACE 893 2315 K 32 1361c7db21
SCHED-TRACE 894 2315 P 32 1362500417
SCHED-TRACE 895 2341 I 32 eb235
SCHED-TRACE 896 2341 B 32 7a
SCHED-TRACE 897 2341 P 32 13a0cd74bb
SCHED-TRACE 898 2341 R 32 13a0cd74bb
SCHED-TRACE 899 2342 U 4 eb284
SCHED-TRACE 900 2342 V 4 eb294
SCHED-TRACE 901 2342 O 0 0
SCHED-TRACE 902 2342 P 32 13a1470e55
SCHED-TRACE 903 2343 K 32 13a1470e55
SCHED-TRACE 904 2343 P 32 13a1cf0e55
SCHED-TRACE 905 2372 I 32 eda18
SCHED-TRACE 906 2372 B 32 7a
SCHED-TRACE 907 2372 P 32 13e02b0e55
SCHED-TRACE 908 2372 R 32 13e02b0e55
SCHED-TRACE 909 2373 U 4 eda67
SCHED-TRACE 910 2373 V 4 eda77
SCHED-TRACE 911 2373 O 0 0
SCHED-TRACE 912 2373 P 32 13e0a4a7ee
SCHED-TRACE 913 2374 K 32 13e0a4a7ee
SCHED-TRACE 914 2374 P 32 13e12ca7ee
SCHED-TRACE 915 2399 I 32 f0254
SCHED-TRACE 916 2399 B 32 7b
SCHED-TRACE 917 2399 P 32 142020a7ee
SCHED-TRACE 918 2399 R 32 142020a7ee
SCHED-TRACE 919 2400 U 4 f02a3
SCHED-TRACE 920 2400 V 4 f02b3
SCHED-TRACE 921 2400 O 0 0
SCHED-TRACE 922 2400 P 32 14209a4188
SCHED-TRACE 923 2401 K 32 14209a4188
SCHED-TRACE 924 2401 P 32 1421224188
SCHED-TRACE 925 2431 I 32 f2b16
SCHED-TRACE 926 2431 B 32 7a
SCHED-TRACE 927 2431 P 32 1460e19db1
SCHED-TRACE 928 2431 R 32 1460e19db1
SCHED-TRACE 929 2432 U 4 f2b65
SCHED-TRACE 930 2432 V 4 f2b75
SCHED-TRACE 931 2432 O 0 0
SCHED-TRACE 932 2432 P 32 14615b6040
SCHED-TRACE 933 2433 K 32 14615b6040
SCHED-TRACE 934 2433 P 32 1461e38936
SCHED-TRACE 935 2460 I 32 f5424
SCHED-TRACE 936 2460 B 32 7b
SCHED-TRACE 937 2460 P 32 14a221ef9c
SCHED-TRACE 938 2460 R 32 14a221ef9c
SCHED-TRACE 939 2461 U 4 f5472
SCHED-TRACE 940 2461 V 4 f5482
SCHED-TRACE 941 2461 O 0 0
SCHED-TRACE 942 2461 P 32 14a29b8936
SCHED-TRACE 943 2462 K 32 14a29b8936
SCHED-TRACE 944 2462 P 32 14a3238936
SCHED-TRACE 945 2490 I 32 f7d3d
SCHED-TRACE 946 2490 B 32 7a
SCHED-TRACE 947 2490 P 32 14e372bc69
SCHED-TRACE 948 2490 R 32 14e372bc69
SCHED-TRACE 949 2491 U 4 f7d8c
SCHED-TRACE 950 2491 V 4 f7d9c
SCHED-TRACE 951 2491 O 0 0
SCHED-TRACE 952 2491 P 32 14e3ec7ef8
SCHED-TRACE 953 2492 K 32 14e3ec7ef8
SCHED-TRACE 954 2492 P 32 14e4747ef8
SCHED-TRACE 955 2520 I 32 fa528
SCHED-TRACE 956 2520 B 32 7a
SCHED-TRACE 957 2520 P 32 1522df8936
SCHED-TRACE 958 2520 R 32 1522df8936
SCHED-TRACE 959 2521 U 4 fa577
SCHED-TRACE 960 2521 V 4 fa586
SCHED-TRACE 961 2521 O 0 0
SCHED-TRACE 962 2521 P 32 1523594bc5
SCHED-TRACE 963 2522 K 32 1523594bc5
SCHED-TRACE 964 2522 P 32 1523e174bb
SCHED-TRACE 965 2547 I 32 fce25
SCHED-TRACE 966 2547 B 32 7a
SCHED-TRACE 967 2547 P 32 15640a9373
SCHED-TRACE 968 2547 R 32 15640a9373
SCHED-TRACE 969 2548 U 4 fce74
SCHED-TRACE 970 2548 V 4 fce84
SCHED-TRACE 971 2548 O 0 0
SCHED-TRACE 972 2548 P 32 1564845603
SCHED-TRACE 973 2549 K 32 1564845603
SCHED-TRACE 974 2549 P 32 15650c7ef8
SCHED-TRACE 975 2580 I 32 ff722
SCHED-TRACE 976 2580 B 32 7a
SCHED-TRACE 977 2580 P 32 15a5269373
SCHED-TRACE 978 2580 R 32 15a5269373
SCHED-TRACE 979 2581 U 4 ff770
SCHED-TRACE 980 2581 V 4 ff780
SCHED-TRACE 981 2581 O 0 0
SCHED-TRACE 982 2581 P 32 15a5a05603
SCHED-TRACE 983 2582 K 32 15a5a05603
SCHED-TRACE 984 2582 P 32 15a6287ef8
SCHED-TRACE 985 2608 I 32 101ff5
SCHED-TRACE 986 2608 B 32 7a
SCHED-TRACE 987 2608 P 32 15e60c5603
SCHED-TRACE 988 2608 R 32 15e60c5603
SCHED-TRACE 989 2609 U 4 102044
SCHED-TRACE 990 2609 V 4 102054
SCHED-TRACE 991 2609 O 0 0
SCHED-TRACE 992 2609 P 32 15e6861892
SCHED-TRACE 993 2610 K 32 15e6861892
SCHED-TRACE 994 2610 P 32 15e70e1892
SCHED-TRACE 995 2639 I 32 1048b0
SCHED-TRACE 996 2639 B 32 7a
SCHED-TRACE 997 2639 P 32 1626c45603
SCHED-TRACE 998 2639 R 32 1626c45603
SCHED-TRACE 999 2640 U 4 1048ff
SCHED-TRACE 1000 2640 V 4 10490f
SCHED-TRACE 1001 2640 O 0 0
SCHED-TRACE 1002 2640 P 32 16273e1892
SCHED-TRACE 1003 2641 K 32 16273e1892
SCHED-TRACE 1004 2641 P 32 1627c64188
SCHED-TRACE 1005 2668 I 32 107088
SCHED-TRACE 1006 2668 B 32 7a
SCHED-TRACE 1007 2668 P 32 16661574bb
SCHED-TRACE 1008 2668 R 32 16661574bb
SCHED-TRACE 1009 2669 U 4 1070d7
SCHED-TRACE 1010 2669 V 4 1070e7
SCHED-TRACE 1011 2669 O 0 0
SCHED-TRACE 1012 2669 P 32 16668f0e55
SCHED-TRACE 1013 2670 K 32 16668f0e55
SCHED-TRACE 1014 2670 P 32 1667170e55
SCHED-TRACE 1015 2696 I 32 1098e3
SCHED-TRACE 1016 2696 B 32 7a
SCHED-TRACE 1017 2696 P 32 16a63a1892
SCHED-TRACE 1018 2696 R 32 16a63a1892
SCHED-TRACE 1019 2697 U 4 109932
SCHED-TRACE 1020 2697 V 4 109942
SCHED-TRACE 1021 2697 O 0 0
SCHED-TRACE 1022 2697 P 32 16a6b3db21
SCHED-TRACE 1023 2698 K 32 16a6b3db21
SCHED-TRACE 1024 2698 P 32 16a73c0417
SCHED-TRACE 1025 2728 I 32 10c211
SCHED-TRACE 1026 2728 B 32 7b
SCHED-TRACE 1027 2728 P 32 16e7a76040
SCHED-TRACE 1028 2728 R 32 16e7a76040
SCHED-TRACE 1029 2729 U 4 10c260
SCHED-TRACE 1030 2729 V 4 10c270
SCHED-TRACE 1031 2729 O 0 0
SCHED-TRACE 1032 2729 P 32 16e820f9da
SCHED-TRACE 1033 2730 K 32 16e820f9da
SCHED-TRACE 1034 2730 P 32 16e8a8f9da
SCHED-TRACE 1035 2755 I 32 10ea56
SCHED-TRACE 1036 2755 B 32 7a
SCHED-TRACE 1037 2755 P 32 1727aabc69
SCHED-TRACE 1038 2755 R 32 1727aabc69
SCHED-TRACE 1039 2756 U 4 10eaa4
SCHED-TRACE 1040 2756 V 4 10eab4
SCHED-TRACE 1041 2756 O 0 0
SCHED-TRACE 1042 2756 P 32 1728245603
SCHED-TRACE 1043 2757 K 32 1728245603
SCHED-TRACE 1044 2757 P 32 1728ac5603
SCHED-TRACE 1045 2787 I 32 111322
SCHED-TRACE 1046 2787 B 32 7a
SCHED-TRACE 1047 2787 P 32 17687ca7ee
SCHED-TRACE 1048 2787 R 32 17687ca7ee
SCHED-TRACE 1049 2788 U 4 111371
SCHED-TRACE 1050 2788 V 4 111381
SCHED-TRACE 1051 2788 O 0 0
SCHED-TRACE 1052 2788 P 32 1768f66a7e
SCHED-TRACE 1053 2789 K 32 1768f66a7e
SCHED-TRACE 1054 2789 P 32 17697e6a7e
SCHED-TRACE 1055 2816 I 32 113c39
SCHED-TRACE 1056 2816 B 32 7a
SCHED-TRACE 1057 2816 P 32 17a9cb8936
SCHED-TRACE 1058 2816 R 32 17a9cb8936
SCHED-TRACE 1059 2817 U 4 113c88
SCHED-TRACE 1060 2817 V 4 113c98
SCHED-TRACE 1061 2817 O 0 0
SCHED-TRACE 1062 2817 P 32 17aa4522cf
SCHED-TRACE 1063 2818 K 32 17aa4522cf
SCHED-TRACE 1064 2818 P 32 17aacd22cf
SCHED-TRACE 1065 2845 I 32 11640d
SCHED-TRACE 1066 2845 B 32 7a
SCHED-TRACE 1067 2845 P 32 17e91522cf
SCHED-TRACE 1068 2845 R 32 17e91522cf
SCHED-TRACE 1069 2846 U 4 11645b
SCHED-TRACE 1070 2846 V 4 11646b
SCHED-TRACE 1071 2846 O 0 0
SCHED-TRACE 1072 2846 P 32 17e98ee55f
SCHED-TRACE 1073 2847 K 32 17e98ee55f
SCHED-TRACE 1074 2847 P 32 17ea170e55
SCHED-TRACE 1075 2876 I 32 118d51
SCHED-TRACE 1076 2876 B 32 7a
SCHED-TRACE 1077 2876 P 32 182aa87ef8
SCHED-TRACE 1078 2876 R 32 182aa87ef8
SCHED-TRACE 1079 2877 U 4 118da0
SCHED-TRACE 1080 2877 V 4 118daf
SCHED-TRACE 1081 2877 O 0 0
SCHED-TRACE 1082 2877 P 32 182b221892
SCHED-TRACE 1083 2878 K 32 182b221892
SCHED-TRACE 1084 2878 P 32 182baa4188
SCHED-TRACE 1085 2902 I 32 11b527
SCHED-TRACE 1086 2902 B 32 7a
SCHED-TRACE 1087 2902 P 32 1869fca7ee
SCHED-TRACE 1088 2902 R 32 1869fca7ee
SCHED-TRACE 1089 2903 U 4 11b575
SCHED-TRACE 1090 2903 V 4 11b585
SCHED-TRACE 1091 2903 O 0 0
SCHED-TRACE 1092 2903 P 32 186a766a7e
SCHED-TRACE 1093 2904 K 32 186a766a7e
SCHED-TRACE 1094 2904 P 32 186afe9373
SCHED-TRACE 1095 2935 I 32 11dde5
SCHED-TRACE 1096 2935 B 32 7b
SCHED-TRACE 1097 2935 P 32 18aab59db1
SCHED-TRACE 1098 2935 R 32 18aab59db1
SCHED-TRACE 1099 2936 U 4 11de34
SCHED-TRACE 1100 2936 V 4 11de44
SCHED-TRACE 1101 2936 O 0 0
SCHED-TRACE 1102 2936 P 32 18ab2f374a
SCHED-TRACE 1103 2937 K 32 18ab2f374a
SCHED-TRACE 1104 2937 P 32 18abb7374a
SCHED-TRACE 1105 2963 I 32 120685
SCHED-TRACE 1106 2963 B 32 7a
SCHED-TRACE 1107 2963 P 32 18eb48a7ee
SCHED-TRACE 1108 2963 R 32 18eb48a7ee
SCHED-TRACE 1109 2964 U 4 1206d4
SCHED-TRACE 1110 2964 V 4 1206e4
SCHED-TRACE 1111 2964 O 0 0
SCHED-TRACE 1112 2964 P 32 18ebc26a7e
SCHED-TRACE 1113 2965 K 32 18ebc26a7e
SCHED-TRACE 1114 2965 P 32 18ec4a9373
SCHED-TRACE 1115 2994 I 32 122fa2
SCHED-TRACE 1116 2994 B 32 7a
SCHED-TRACE 1117 2994 P 32 192c9ca7ee
SCHED-TRACE 1118 2994 R 32 192c9ca7ee
SCHED-TRACE 1119 2995 U 4 122ff0
SCHED-TRACE 1120 2995 V 4 123000
SCHED-TRACE 1121 2995 O 0 0
SCHED-TRACE 1122 2995 P 32 192d166a7e
SCHED-TRACE 1123 2996 K 32 192d166a7e
SCHED-TRACE 1124 2996 P 32 192d9e9373
SCHED-TRACE 1125 3024 I 32 1258e1
SCHED-TRACE 1126 3024 B 32 7a
SCHED-TRACE 1127 3024 P 32 196e2abc69
SCHED-TRACE 1128 3024 R 32 196e2abc69
SCHED-TRACE 1129 3025 U 4 125930
SCHED-TRACE 1130 3025 V 4 125940
SCHED-TRACE 1131 3025 O 0 0
SCHED-TRACE 1132 3025 P 32 196ea47ef8
SCHED-TRACE 1133 3026 K 32 196ea47ef8
SCHED-TRACE 1134 3026 P 32 196f2ca7ee
SCHED-TRACE 1135 3052 I 32 128145
SCHED-TRACE 1136 3052 B 32 7b
SCHED-TRACE 1137 3052 P 32 19ae5e1892
SCHED-TRACE 1138 3052 R 32 19ae5e1892
SCHED-TRACE 1139 3053 U 4 128194
SCHED-TRACE 1140 3053 V 4 1281a4
SCHED-TRACE 1141 3053 O 0 0
SCHED-TRACE 1142 3053 P 32 19aed7b22c
SCHED-TRACE 1143 3054 K 32 19aed7b22c
SCHED-TRACE 1144 3054 P 32 19af5fb22c
SCHED-TRACE 1145 3084 I 32 12aa7d
SCHED-TRACE 1146 3084 B 32 7a
SCHED-TRACE 1147 3084 P 32 19efdbb22c
SCHED-TRACE 1148 3084 R 32 19efdbb22c
SCHED-TRACE 1149 3085 U 4 12aacc
SCHED-TRACE 1150 3085 V 4 12aadc
SCHED-TRACE 1151 3085 O 0 0
SCHED-TRACE 1152 3085 P 32 19f05574bb
SCHED-TRACE 1153 3086 K 32 19f05574bb
SCHED-TRACE 1154 3086 P 32 19f0dd9db1
SCHED-TRACE 1155 3111 I 32 12d2cb
SCHED-TRACE 1156 3111 B 32 7a
SCHED-TRACE 1157 3111 P 32 1a2fed22cf
SCHED-TRACE 1158 3111 R 32 1a2fed22cf
SCHED-TRACE 1159 3112 U 4 12d319
SCHED-TRACE 1160 3112 V 4 12d329
SCHED-TRACE 1161 3112 O 0 0
SCHED-TRACE 1162 3112 P 32 1a3066bc69
SCHED-TRACE 1163 3113 K 32 1a3066bc69
SCHED-TRACE 1164 3113 P 32 1a30eee55f
SCHED-TRACE 1165 3143 I 32 12fba2
SCHED-TRACE 1166 3143 B 32 7a
SCHED-TRACE 1167 3143 P 32 1a70cfdb21
SCHED-TRACE 1168 3143 R 32 1a70cfdb21
SCHED-TRACE 1169 3144 U 4 12fbf1
SCHED-TRACE 1170 3144 V 4 12fc01
SCHED-TRACE 1171 3144 O 0 0
SCHED-TRACE 1172 3144 P 32 1a71499db1
SCHED-TRACE 1173 3145 K 32 1a71499db1
SCHED-TRACE 1174 3145 P 32 1a71d1c6a6
SCHED-TRACE 1175 3172 I 32 1324c2
SCHED-TRACE 1176 3172 B 32 7a
SCHED-TRACE 1177 3172 P 32 1ab22dc6a6
SCHED-TRACE 1178 3172 R 32 1ab22dc6a6
SCHED-TRACE 1179 3173 U 4 132511
SCHED-TRACE 1180 3173 V 4 132521
SCHED-TRACE 1181 3173 O 0 0
SCHED-TRACE 1182 3173 P 32 1ab2a76040
SCHED-TRACE 1183 3174 K 32 1ab2a76040
SCHED-TRACE 1184 3174 P 32 1ab32f8936
SCHED-TRACE 1185 3201 I 32 134c9f
SCHED-TRACE 1186 3201 B 32 7a
SCHED-TRACE 1187 3201 P 32 1af1866a7e
SCHED-TRACE 1188 3201 R 32 1af1866a7e
SCHED-TRACE 1189 3202 U 4 134ced
SCHED-TRACE 1190 3202 V 4 134cfd
SCHED-TRACE 1191 3202 O 0 0
SCHED-TRACE 1192 3202 P 32 1af2002d0d
SCHED-TRACE 1193 3203 K 32 1af2002d0d
SCHED-TRACE 1194 3203 P 32 1af2885603
SCHED-TRACE 1195 3232 I 32 1375ed
SCHED-TRACE 1196 3232 B 32 7b
SCHED-TRACE 1197 3232 P 32 1b3329ef9c
SCHED-TRACE 1198 3232 R 32 1b3329ef9c
SCHED-TRACE 1199 3233 U 4 13763c
SCHED-TRACE 1200 3233 V 4 13764c
SCHED-TRACE 1201 3233 O 0 0
SCHED-TRACE 1202 3233 P 32 1b33a38936
SCHED-TRACE 1203 3234 K 32 1b33a38936
SCHED-TRACE 1204 3234 P 32 1b342b8936
SCHED-TRACE 1205 3258 I 32 139dcb
SCHED-TRACE 1206 3258 B 32 7a
SCHED-TRACE 1207 3258 P 32 1b728b374a
SCHED-TRACE 1208 3258 R 32 1b728b374a
SCHED-TRACE 1209 3259 U 4 139e1a
SCHED-TRACE 1210 3259 V 4 139e2a
SCHED-TRACE 1211 3259 O 0 0
SCHED-TRACE 1212 3259 P 32 1b7304f9da
SCHED-TRACE 1213 3260 K 32 1b7304f9da
SCHED-TRACE 1214 3260 P 32 1b738cf9da
SCHED-TRACE 1215 3291 I 32 13c694
SCHED-TRACE 1216 3291 B 32 7a
SCHED-TRACE 1217 3291 P 32 1bb3554bc5
SCHED-TRACE 1218 3291 R 32 1bb3554bc5
SCHED-TRACE 1219 3292 U 4 13c6e3
SCHED-TRACE 1220 3292 V 4 13c6f3
SCHED-TRACE 1221 3292 O 0 0
SCHED-TRACE 1222 3292 P 32 1bb3cee55f
SCHED-TRACE 1223 3293 K 32 1bb3cee55f
SCHED-TRACE 1224 3293 P 32 1bb4570e55
SCHED-TRACE 1225 3319 I 32 13ef3d
SCHED-TRACE 1226 3319 B 32 7b
SCHED-TRACE 1227 3319 P 32 1bf3f6e55f
SCHED-TRACE 1228 3319 R 32 1bf3f6e55f
SCHED-TRACE 1229 3320 U 4 13ef8c
SCHED-TRACE 1230 3320 V 4 13ef9c
SCHED-TRACE 1231 3320 O 0 0
SCHED-TRACE 1232 3320 P 32 1bf4707ef8
SCHED-TRACE 1233 3321 K 32 1bf4707ef8
SCHED-TRACE 1234 3321 P 32 1bf4f87ef8
SCHED-TRACE 1235 3350 I 32 141864
SCHED-TRACE 1236 3350 B 32 7b
SCHED-TRACE 1237 3350 P 32 1c355ae55f
SCHED-TRACE 1238 3350 R 32 1c355ae55f
SCHED-TRACE 1239 3351 U 4 1418b3
SCHED-TRACE 1240 3351 V 4 1418c3
SCHED-TRACE 1241 3351 O 0 0
SCHED-TRACE 1242 3351 P 32 1c35d47ef8
SCHED-TRACE 1243 3352 K 32 1c35d47ef8
SCHED-TRACE 1244 3352 P 32 1c365c7ef8
SCHED-TRACE 1245 3380 I 32 1441ad
SCHED-TRACE 1246 3380 B 32 7a
SCHED-TRACE 1247 3380 P 32 1c76f82d0d
SCHED-TRACE 1248 3380 R 32 1c76f82d0d
SCHED-TRACE 1249 3381 U 4 1441fc
SCHED-TRACE 1250 3381 V 4 14420c
SCHED-TRACE 1251 3381 O 0 0
SCHED-TRACE 1252 3381 P 32 1c7771ef9c
SCHED-TRACE 1253 3382 K 32 1c7771ef9c
SCHED-TRACE 1254 3382 P 32 1c77f9ef9c
SCHED-TRACE 1255 3408 I 32 146a1a
SCHED-TRACE 1256 3408 B 32 7a
SCHED-TRACE 1257 3408 P 32 1cb739c6a6
SCHED-TRACE 1258 3408 R 32 1cb739c6a6
SCHED-TRACE 1259 3409 U 4 146a69
SCHED-TRACE 1260 3409 V 4 146a79
SCHED-TRACE 1261 3409 O 0 0
SCHED-TRACE 1262 3409 P 32 1cb7b36040
SCHED-TRACE 1263 3410 K 32 1cb7b36040
SCHED-TRACE 1264 3410 P 32 1cb83b8936
SCHED-TRACE 1265 3440 I 32 14935d
SCHED-TRACE 1266 3440 B 32 7a
SCHED-TRACE 1267 3440 P 32 1cf8c82d0d
SCHED-TRACE 1268 3440 R 32 1cf8c82d0d
SCHED-TRACE 1269 3441 U 4 1493ac
SCHED-TRACE 1270 3441 V 4 1493bb
SCHED-TRACE 1271 3441 O 0 0
SCHED-TRACE 1272 3441 P 32 1cf941ef9c
SCHED-TRACE 1273 3442 K 32 1cf941ef9c
SCHED-TRACE 1274 3442 P 32 1cf9ca1892
SCHED-TRACE 1275 3467 I 32 14bbb3
SCHED-TRACE 1276 3467 B 32 7a
SCHED-TRACE 1277 3467 P 32 1d38e76040
SCHED-TRACE 1278 3467 R 32 1d38e76040
SCHED-TRACE 1279 3468 U 4 14bc02
SCHED-TRACE 1280 3468 V 4 14bc11
SCHED-TRACE 1281 3468 O 0 0
SCHED-TRACE 1282 3468 P 32 1d396122cf
SCHED-TRACE 1283 3469 K 32 1d396122cf
SCHED-TRACE 1284 3469 P 32 1d39e94bc5
SCHED-TRACE 1285 3499 I 32 14e494
SCHED-TRACE 1286 3499 B 32 7a
SCHED-TRACE 1287 3499 P 32 1d79dae55f
SCHED-TRACE 1288 3499 R 32 1d79dae55f
SCHED-TRACE 1289 3500 U 4 14e4e3
SCHED-TRACE 1290 3500 V 4 14e4f3
SCHED-TRACE 1291 3500 O 0 0
SCHED-TRACE 1292 3500 P 32 1d7a547ef8
SCHED-TRACE 1293 3501 K 32 1d7a547ef8
SCHED-TRACE 1294 3501 P 32 1d7adc7ef8
SCHED-TRACE 1295 3528 I 32 150dbe
SCHED-TRACE 1296 3528 B 32 7a
SCHED-TRACE 1297 3528 P 32 1dbb478936
SCHED-TRACE 1298 3528 R 32 1dbb478936
SCHED-TRACE 1299 3529 U 4 150e0d
SCHED-TRACE 1300 3529 V 4 150e1c
SCHED-TRACE 1301 3529 O 0 0
SCHED-TRACE 1302 3529 P 32 1dbbc14bc5
SCHED-TRACE 1303 3530 K 32 1dbbc14bc5
SCHED-TRACE 1304 3530 P 32 1dbc4974bb
SCHED-TRACE 1305 3557 I 32 1535a4
SCHED-TRACE 1306 3557 B 32 7b
SCHED-TRACE 1307 3557 P 32 1dfaafb22c
SCHED-TRACE 1308 3557 R 32 1dfaafb22c
SCHED-TRACE 1309 3558 U 4 1535f3
SCHED-TRACE 1310 3558 V 4 153603
SCHED-TRACE 1311 3558 O 0 0
SCHED-TRACE 1312 3558 P 32 1dfb294bc5
SCHED-TRACE 1313 3559 K 32 1dfb294bc5
SCHED-TRACE 1314 3559 P 32 1dfbb14bc5
SCHED-TRACE 1315 3588 I 32 155efc
SCHED-TRACE 1316 3588 B 32 7a
SCHED-TRACE 1317 3588 P 32 1e3c62bc69
SCHED-TRACE 1318 3588 R 32 1e3c62bc69
SCHED-TRACE 1319 3589 U 4 155f4b
SCHED-TRACE 1320 3589 V 4 155f5b
SCHED-TRACE 1321 3589 O 0 0
SCHED-TRACE 1322 3589 P 32 1e3cdc7ef8
SCHED-TRACE 1323 3590 K 32 1e3cdc7ef8
SCHED-TRACE 1324 3590 P 32 1e3d64a7ee
SCHED-TRACE 1325 3614 I 32 1586e3
SCHED-TRACE 1326 3614 B 32 7a
SCHED-TRACE 1327 3614 P 32 1e7bd19db1
SCHED-TRACE 1328 3614 R 32 1e7bd19db1
SCHED-TRACE 1329 3615 U 4 158731
SCHED-TRACE 1330 3615 V 4 158741
SCHED-TRACE 1331 3615 O 0 0
SCHED-TRACE 1332 3615 P 32 1e7c4b374a
SCHED-TRACE 1333 3616 K 32 1e7c4b374a
SCHED-TRACE 1334 3616 P 32 1e7cd36040
SCHED-TRACE 1335 3647 I 32 15afb7
SCHED-TRACE 1336 3647 B 32 7a
SCHED-TRACE 1337 3647 P 32 1ebcacd0e4
SCHED-TRACE 1338 3647 R 32 1ebcacd0e4
SCHED-TRACE 1339 3648 U 4 15b006
SCHED-TRACE 1340 3648 V 4 15b015
SCHED-TRACE 1341 3648 O 0 0
SCHED-TRACE 1342 3648 P 32 1ebd269373
SCHED-TRACE 1343 3649 K 32 1ebd269373
SCHED-TRACE 1344 3649 P 32 1ebdaebc69
SCHED-TRACE 1345 3675 I 32 15d869
SCHED-TRACE 1346 3675 B 32 7a
SCHED-TRACE 1347 3675 P 32 1efd5cf9da
SCHED-TRACE 1348 3675 R 32 1efd5cf9da
SCHED-TRACE 1349 3676 U 4 15d8b7
SCHED-TRACE 1350 3676 V 4 15d8c7
SCHED-TRACE 1351 3676 O 0 0
SCHED-TRACE 1352 3676 P 32 1efdd69373
SCHED-TRACE 1353 3677 K 32 1efdd69373
SCHED-TRACE 1354 3677 P 32 1efe5ebc69
SCHED-TRACE 1355 3705 I 32 16003d
SCHED-TRACE 1356 3705 B 32 7a
SCHED-TRACE 1357 3705 P 32 1f3ca574bb
SCHED-TRACE 1358 3705 R 32 1f3ca574bb
SCHED-TRACE 1359 3706 U 4 16008c
SCHED-TRACE 1360 3706 V 4 16009b
SCHED-TRACE 1361 3706 O 0 0
SCHED-TRACE 1362 3706 P 32 1f3d1f374a
SCHED-TRACE 1363 3707 K 32 1f3d1f374a
SCHED-TRACE 1364 3707 P 32 1f3da76040
SCHED-TRACE 1365 3735 I 32 16294e
SCHED-TRACE 1366 3735 B 32 7a
SCHED-TRACE 1367 3735 P 32 1f7de9ef9c
SCHED-TRACE 1368 3735 R 32 1f7de9ef9c
SCHED-TRACE 1369 3736 U 4 16299d
SCHED-TRACE 1370 3736 V 4 1629ad
SCHED-TRACE 1371 3736 O 0 0
SCHED-TRACE 1372 3736 P 32 1f7e63b22c
SCHED-TRACE 1373 3737 K 32 1f7e63b22c
SCHED-TRACE 1374 3737 P 32 1f7eebdb21
SCHED-TRACE 1375 3763 I 32 165223
SCHED-TRACE 1376 3763 B 32 7a
SCHED-TRACE 1377 3763 P 32 1fbed122cf
SCHED-TRACE 1378 3763 R 32 1fbed122cf
SCHED-TRACE 1379 3764 U 4 165271
SCHED-TRACE 1380 3764 V 4 165281
SCHED-TRACE 1381 3764 O 0 0
SCHED-TRACE 1382 3764 P 32 1fbf4ae55f
SCHED-TRACE 1383 3765 K 32 1fbf4ae55f
SCHED-TRACE 1384 3765 P 32 1fbfd30e55
SCHED-TRACE 1385 3795 I 32 167b29
SCHED-TRACE 1386 3795 B 32 7a
SCHED-TRACE 1387 3795 P 32 2000000417
SCHED-TRACE 1388 3795 R 32 2000000417
SCHED-TRACE 1389 3796 U 4 167b78
SCHED-TRACE 1390 3796 V 4 167b88
SCHED-TRACE 1391 3796 O 0 0
SCHED-TRACE 1392 3796 P 32 2000799db1
SCHED-TRACE 1393 3797 K 32 2000799db1
SCHED-TRACE 1394 3797 P 32 2001019db1
SCHED-TRACE 1395 3822 I 32 16a34e
SCHED-TRACE 1396 3822 B 32 7a
SCHED-TRACE 1397 3822 P 32 203fcfb22c
SCHED-TRACE 1398 3822 R 32 203fcfb22c
SCHED-TRACE 1399 3823 U 4 16a39d
SCHED-TRACE 1400 3823 V 4 16a3ad
SCHED-TRACE 1401 3823 O 0 0
SCHED-TRACE 1402 3823 P 32 20404974bb
SCHED-TRACE 1403 3824 K 32 20404974bb
SCHED-TRACE 1404 3824 P 32 2040d174bb
SCHED-TRACE 1405 3853 I 32 16cb26
SCHED-TRACE 1406 3853 B 32 7a
SCHED-TRACE 1407 3853 P 32 207f1c5603
SCHED-TRACE 1408 3853 R 32 207f1c5603
SCHED-TRACE 1409 3854 U 4 16cb75
SCHED-TRACE 1410 3854 V 4 16cb85
SCHED-TRACE 1411 3854 O 0 0
SCHED-TRACE 1412 3854 P 32 207f961892
SCHED-TRACE 1413 3855 K 32 207f961892
SCHED-TRACE 1414 3855 P 32 20801e4188
SCHED-TRACE 1415 3882 I 32 16f3db
SCHED-TRACE 1416 3882 B 32 7b
SCHED-TRACE 1417 3882 P 32 20bfce9373
SCHED-TRACE 1418 3882 R 32 20bfce9373
SCHED-TRACE 1419 3883 U 4 16f429
SCHED-TRACE 1420 3883 V 4 16f439
SCHED-TRACE 1421 3883 O 0 0
SCHED-TRACE 1422 3883 P 32 20c0482d0d
SCHED-TRACE 1423 3884 K 32 20c0482d0d
SCHED-TRACE 1424 3884 P 32 20c0d02d0d
SCHED-TRACE 1425 3911 I 32 171c83
SCHED-TRACE 1426 3911 B 32 7a
SCHED-TRACE 1427 3911 P 32 21006c2d0d
SCHED-TRACE 1428 3911 R 32 21006c2d0d
SCHED-TRACE 1429 3912 U 4 171cd1
SCHED-TRACE 1430 3912 V 4 171ce1
SCHED-TRACE 1431 3912 O 0 0
SCHED-TRACE 1432 3912 P 32 2100e5ef9c
SCHED-TRACE 1433 3913 K 32 2100e5ef9c
SCHED-TRACE 1434 3913 P 32 21016e1892
SCHED-TRACE 1435 3942 I 32 17455d
SCHED-TRACE 1436 3942 B 32 7a
SCHED-TRACE 1437 3942 P 32 2141566a7e
SCHED-TRACE 1438 3942 R 32 2141566a7e
SCHED-TRACE 1439 3943 U 4 1745ac
SCHED-TRACE 1440 3943 V 4 1745bc
SCHED-TRACE 1441 3943 O 0 0
SCHED-TRACE 1442 3943 P 32 2141d02d0d
SCHED-TRACE 1443 3944 K 32 2141d02d0d
SCHED-TRACE 1444 3944 P 32 2142585603
SCHED-TRACE 1445 3969 I 32 176e6e
SCHED-TRACE 1446 3969 B 32 7a
SCHED-TRACE 1447 3969 P 32 2182a02d0d
SCHED-TRACE 1448 3969 R 32 2182a02d0d
SCHED-TRACE 1449 3970 U 4 176ebd
SCHED-TRACE 1450 3970 V 4 176ecc
SCHED-TRACE 1451 3970 O 0 0
SCHED-TRACE 1452 3970 P 32 218319ef9c
SCHED-TRACE 1453 3971 K 32 218319ef9c
SCHED-TRACE 1454 3971 P 32 2183a21892
SCHED-TRACE 1455 4001 I 32 179660
SCHED-TRACE 1456 4001 B 32 7a
SCHED-TRACE 1457 4001 P 32 21c2145603
SCHED-TRACE 1458 4001 R 32 21c2145603
SCHED-TRACE 1459 4002 U 4 1796af
SCHED-TRACE 1460 4002 V 4 1796be
SCHED-TRACE 1461 4002 O 0 0
SCHED-TRACE 1462 4002 P 32 21c28def9c
SCHED-TRACE 1463 4003 K 32 21c28def9c
SCHED-TRACE 1464 4003 P 32 21c315ef9c
SCHED-TRACE 1465 4029 I 32 17bea1
SCHED-TRACE 1466 4029 B 32 7a
SCHED-TRACE 1467 4029 P 32 220210a7ee
SCHED-TRACE 1468 4029 R 32 220210a7ee
SCHED-TRACE 1469 4030 U 4 17bef0
SCHED-TRACE 1470 4030 V 4 17bf00
SCHED-TRACE 1471 4030 O 0 0
SCHED-TRACE 1472 4030 P 32 22028a6a7e
SCHED-TRACE 1473 4031 K 32 22028a6a7e
SCHED-TRACE 1474 4031 P 32 2203126a7e
SCHED-TRACE 1475 4059 I 32 17e733
SCHED-TRACE 1476 4059 B 32 7a
SCHED-TRACE 1477 4059 P 32 2242878936
SCHED-TRACE 1478 4059 R 32 2242878936
SCHED-TRACE 1479 4060 U 4 17e781
SCHED-TRACE 1480 4060 V 4 17e791
SCHED-TRACE 1481 4060 O 0 0
SCHED-TRACE 1482 4060 P 32 2243014bc5
SCHED-TRACE 1483 4061 K 32 2243014bc5
SCHED-TRACE 1484 4061 P 32 22438974bb
SCHED-TRACE 1485 4089 I 32 180fcb
SCHED-TRACE 1486 4089 B 32 7a
SCHED-TRACE 1487 4089 P 32 22830a1892
SCHED-TRACE 1488 4089 R 32 22830a1892
SCHED-TRACE 1489 4090 U 4 18101a
SCHED-TRACE 1490 4090 V 4 18102a
SCHED-TRACE 1491 4090 O 0 0
SCHED-TRACE 1492 4090 P 32 228383db21
SCHED-TRACE 1493 4091 K 32 228383db21
SCHED-TRACE 1494 4091 P 32 22840c0417
SCHED-TRACE 1495 4116 I 32 18382d
SCHED-TRACE 1496 4116 B 32 7a
SCHED-TRACE 1497 4116 P 32 22c33c2d0d
SCHED-TRACE 1498 4116 R 32 22c33c2d0d
SCHED-TRACE 1499 4117 U 4 18387c
SCHED-TRACE 1500 4117 V 4 18388b
SCHED-TRACE 1501 4117 O 0 0
SCHED-TRACE 1502 4117 P 32 22c3b5ef9c
SCHED-TRACE 1503 4118 K 32 22c3b5ef9c
SCHED-TRACE 1504 4118 P 32 22c43e1892
SCHED-TRACE 1505 4148 I 32 18606b
SCHED-TRACE 1506 4148 B 32 7a
SCHED-TRACE 1507 4148 P 32 23032a1892
SCHED-TRACE 1508 4148 R 32 23032a1892
SCHED-TRACE 1509 4149 U 4 1860ba
SCHED-TRACE 1510 4149 V 4 1860ca
SCHED-TRACE 1511 4149 O 0 0
SCHED-TRACE 1512 4149 P 32 2303a3b22c
SCHED-TRACE 1513 4150 K 32 2303a3b22c
SCHED-TRACE 1514 4150 P 32 23042bb22c
SCHED-TRACE 1515 4176 I 32 1889a3
SCHED-TRACE 1516 4176 B 32 7a
SCHED-TRACE 1517 4176 P 32 2344b00417
SCHED-TRACE 1518 4176 R 32 2344b00417
SCHED-TRACE 1519 4177 U 4 1889f1
SCHED-TRACE 1520 4177 V 4 188a01
SCHED-TRACE 1521 4177 O 0 0
SCHED-TRACE 1522 4177 P 32 234529c6a6
SCHED-TRACE 1523 4178 K 32 234529c6a6
SCHED-TRACE 1524 4178 P 32 2345b1ef9c
SCHED-TRACE 1525 4207 I 32 18b233
SCHED-TRACE 1526 4207 B 32 7a
SCHED-TRACE 1527 4207 P 32 238523db21
SCHED-TRACE 1528 4207 R 32 238523db21
SCHED-TRACE 1529 4208 U 4 18b282
SCHED-TRACE 1530 4208 V 4 18b292
SCHED-TRACE 1531 4208 O 0 0
SCHED-TRACE 1532 4208 P 32 23859d9db1
SCHED-TRACE 1533 4209 K 32 23859d9db1
SCHED-TRACE 1534 4209 P 32 2386259db1
SCHED-TRACE 1535 4236 I 32 18da73
SCHED-TRACE 1536 4236 B 32 7a
SCHED-TRACE 1537 4236 P 32 23c51b374a
SCHED-TRACE 1538 4236 R 32 23c51b374a
SCHED-TRACE 1539 4237 U 4 18dac2
SCHED-TRACE 1540 4237 V 4 18dad2
SCHED-TRACE 1541 4237 O 0 0
SCHED-TRACE 1542 4237 P 32 23c594f9da
SCHED-TRACE 1543 4238 K 32 23c594f9da
SCHED-TRACE 1544 4238 P 32 23c61d22cf
SCHED-TRACE 1545 4264 I 32 190297
SCHED-TRACE 1546 4264 B 32 7a
SCHED-TRACE 1547 4264 P 32 2404e8a7ee
SCHED-TRACE 1548 4264 R 32 2404e8a7ee
SCHED-TRACE 1549 4265 U 4 1902e6
SCHED-TRACE 1550 4265 V 4 1902f6
SCHED-TRACE 1551 4265 O 0 0
SCHED-TRACE 1552 4265 P 32 2405624188
SCHED-TRACE 1553 4266 K 32 2405624188
SCHED-TRACE 1554 4266 P 32 2405ea4188
SCHED-TRACE 1555 4295 I 32 192ab0
SCHED-TRACE 1556 4295 B 32 7a
SCHED-TRACE 1557 4295 P 32 24449cf9da
SCHED-TRACE 1558 4295 R 32 24449cf9da
SCHED-TRACE 1559 4296 U 4 192aff
SCHED-TRACE 1560 4296 V 4 192b0f
SCHED-TRACE 1561 4296 O 0 0
SCHED-TRACE 1562 4296 P 32 244516bc69
SCHED-TRACE 1563 4297 K 32 244516bc69
SCHED-TRACE 1564 4297 P 32 24459ee55f
SCHED-TRACE 1565 4322 I 32 19531b
SCHED-TRACE 1566 4322 B 32 7a
SCHED-TRACE 1567 4322 P 32 2484dd4bc5
SCHED-TRACE 1568 4322 R 32 2484dd4bc5
SCHED-TRACE 1569 4323 U 4 19536a
SCHED-TRACE 1570 4323 V 4 19537a
SCHED-TRACE 1571 4323 O 0 0
SCHED-TRACE 1572 4323 P 32 248556e55f
SCHED-TRACE 1573 4324 K 32 248556e55f
SCHED-TRACE 1574 4324 P 32 2485dee55f
SCHED-TRACE 1575 4354 I 32 197c16
SCHED-TRACE 1576 4354 B 32 7a
SCHED-TRACE 1577 4354 P 32 24c5f8a7ee
SCHED-TRACE 1578 4354 R 32 24c5f8a7ee
SCHED-TRACE 1579 4355 U 4 197c65
SCHED-TRACE 1580 4355 V 4 197c75
SCHED-TRACE 1581 4355 O 0 0
SCHED-TRACE 1582 4355 P 32 24c6724188
SCHED-TRACE 1583 4356 K 32 24c6724188
SCHED-TRACE 1584 4356 P 32 24c6fa4188
SCHED-TRACE 1585 4383 I 32 19a556
SCHED-TRACE 1586 4383 B 32 7a
SCHED-TRACE 1587 4383 P 32 2507894bc5
SCHED-TRACE 1588 4383 R 32 2507894bc5
SCHED-TRACE 1589 4384 U 4 19a5a4
SCHED-TRACE 1590 4384 V 4 19a5b4
SCHED-TRACE 1591 4384 O 0 0
SCHED-TRACE 1592 4384 P 32 250802e55f
SCHED-TRACE 1593 4385 K 32 250802e55f
SCHED-TRACE 1594 4385 P 32 25088ae55f
SCHED-TRACE 1595 4412 I 32 19cd52
SCHED-TRACE 1596 4412 B 32 7a
SCHED-TRACE 1597 4412 P 32 25471522cf
SCHED-TRACE 1598 4412 R 32 25471522cf
SCHED-TRACE 1599 4413 U 4 19cda1
SCHED-TRACE 1600 4413 V 4 19cdb1
SCHED-TRACE 1601 4413 O 0 0
SCHED-TRACE 1602 4413 P 32 25478ebc69
SCHED-TRACE 1603 4414 K 32 25478ebc69
SCHED-TRACE 1604 4414 P 32 254816e55f
SCHED-TRACE 1605 4442 I 32 19f530
SCHED-TRACE 1606 4442 B 32 7a
SCHED-TRACE 1607 4442 P 32 25866cd0e4
SCHED-TRACE 1608 4442 R 32 25866cd0e4
SCHED-TRACE 1609 4443 U 4 19f57f
SCHED-TRACE 1610 4443 V 4 19f58f
SCHED-TRACE 1611 4443 O 0 0
SCHED-TRACE 1612 4443 P 32 2586e69373
SCHED-TRACE 1613 4444 K 32 2586e69373
SCHED-TRACE 1614 4444 P 32 25876e9373
SCHED-TRACE 1615 4469 I 32 1a1ebd
SCHED-TRACE 1616 4469 B 32 7a
SCHED-TRACE 1617 4469 P 32 25c87d9db1
SCHED-TRACE 1618 4469 R 32 25c87d9db1
SCHED-TRACE 1619 4470 U 4 1a1f0c
SCHED-TRACE 1620 4470 V 4 1a1f1c
SCHED-TRACE 1621 4470 O 0 0
SCHED-TRACE 1622 4470 P 32 25c8f76040
SCHED-TRACE 1623 4471 K 32 25c8f76040
SCHED-TRACE 1624 4471 P 32 25c97f6040
SCHED-TRACE 1625 4502 I 32 1a47ab
SCHED-TRACE 1626 4502 B 32 7a
SCHED-TRACE 1627 4502 P 32 2609821892
SCHED-TRACE 1628 4502 R 32 2609821892
SCHED-TRACE 1629 4503 U 4 1a47fa
SCHED-TRACE 1630 4503 V 4 1a480a
SCHED-TRACE 1631 4503 O 0 0
SCHED-TRACE 1632 4503 P 32 2609fbdb21
SCHED-TRACE 1633 4504 K 32 2609fbdb21
SCHED-TRACE 1634 4504 P 32 260a83db21
SCHED-TRACE 1635 4530 I 32 1a7073
SCHED-TRACE 1636 4530 B 32 7a
SCHED-TRACE 1637 4530 P 32 264a54a7ee
SCHED-TRACE 1638 4530 R 32 264a54a7ee
SCHED-TRACE 1639 4531 U 4 1a70c1
SCHED-TRACE 1640 4531 V 4 1a70d1
SCHED-TRACE 1641 4531 O 0 0
SCHED-TRACE 1642 4531 P 32 264ace6a7e
SCHED-TRACE 1643 4532 K 32 264ace6a7e
SCHED-TRACE 1644 4532 P 32 264b569373
SCHED-TRACE 1645 4560 I 32 1a985e
SCHED-TRACE 1646 4560 B 32 7a
SCHED-TRACE 1647 4560 P 32 2689c2bc69
SCHED-TRACE 1648 4560 R 32 2689c2bc69
SCHED-TRACE 1649 4561 U 4 1a98ad
SCHED-TRACE 1650 4561 V 4 1a98bd
SCHED-TRACE 1651 4561 O 0 0
SCHED-TRACE 1652 4561 P 32 268a3c5603
SCHED-TRACE 1653 4562 K 32 268a3c5603
SCHED-TRACE 1654 4562 P 32 268ac45603
SCHED-TRACE 1655 4590 I 32 1ac187
SCHED-TRACE 1656 4590 B 32 7a
SCHED-TRACE 1657 4590 P 32 26cb2c5603
SCHED-TRACE 1658 4590 R 32 26cb2c5603
SCHED-TRACE 1659 4591 U 4 1ac1d6
SCHED-TRACE 1660 4591 V 4 1ac1e6
SCHED-TRACE 1661 4591 O 0 0
SCHED-TRACE 1662 4591 P 32 26cba5ef9c
SCHED-TRACE 1663 4592 K 32 26cba5ef9c
SCHED-TRACE 1664 4592 P 32 26cc2def9c
SCHED-TRACE 1665 4613 P 1 26cc2def9c
SCHED-TRACE 1666 4613 W 1 26cc2def9c
SCHED-TRACE 1667 4613 P 32 27099ae55f
SCHED-TRACE 1668 4613 D 32 27099ae55f
SCHED-TRACE 1669 4615 K 1 26cc2def9c
SCHED-TRACE 1670 4616 U 4 1ae991
SCHED-TRACE 1671 4616 V 4 1ae9a1
SCHED-TRACE 1672 4617 G 3 39f3ae14
SCHED-TRACE 1673 4617 g 3 0
SCHED-TRACE 1674 4617 v 3 b6d64000b6dc8
SCHED-TRACE 1675 4617 f 3 26cc2def9c
SCHED-TRACE 1676 4617 N 3 26cc2def9c
SCHED-TRACE 1677 4617 n 3 0
SCHED-TRACE 1678 4617 X 32 1aeacb
SCHED-TRACE 1679 4617 Z 0 1282
SCHED-TRACE 1680 4617 T 0 1aeb1c
SCHED-TRACE 1681 4617 t 0 1aeb48
SCHED-TRACE 1682 4617 G 3 26cc2def9c
SCHED-TRACE 1683 4617 g 3 0
SCHED-TRACE 1684 4617 v 3 b6dc8000b6dc8
SCHED-TRACE 1685 4617 f 3 26cc2def9c
SCHED-TRACE 1686 4617 N 3 26cc2def9c
SCHED-TRACE 1687 4617 n 3 0
SCHED-TRACE 1688 4617 L 3 26cc2def9c
SCHED-TRACE 1689 4617 l 32 270abc7ef8
SCHED-TRACE 1690 4617 e 32 39f3ae14
SCHED-TRACE 1691 4617 f 0 26cc2def9c
SCHED-TRACE 1692 4617 r 32 58
SCHED-TRACE 1693 4617 q 3 0
SCHED-TRACE 1694 4617 w 0 64000b6dc8
SCHED-TRACE 1695 4617 A 3 26cc3012f8
SCHED-TRACE 1696 4617 a 3 23468
SCHED-TRACE 1697 4617 Y 32 1b198c
SCHED-TRACE 1698 4617 U 1 1b198e
SCHED-TRACE 1699 4617 V 1 1b6b87
SCHED-TRACE 1700 4618 I 1 1b6b9d
SCHED-TRACE 1701 4618 B 1 7a
SCHED-TRACE 1702 4618 P 1 26d3de5602
SCHED-TRACE 1703 4618 R 1 26d3de5602
SCHED-TRACE 1704 4619 U 4 1b6bec
SCHED-TRACE 1705 4619 V 4 1b6bfa
SCHED-TRACE 1706 4619 O 0 0
SCHED-TRACE 1707 4619 P 1 26d3ea8311
SCHED-TRACE 1708 4620 K 1 26d3ea8311
SCHED-TRACE 1709 4620 P 1 26d3f8082f
SCHED-TRACE 1710 4622 U 2 1b6f4d
SCHED-TRACE 1711 4622 V 2 1b787b
SCHED-TRACE-END 1712 dropped 0
