
loader: Redoubt rv64 loader, boot hart 0
  1 hart(s), timebase 10000000 Hz
  ram: 0x80000000..0x90000000 (256 MiB)
  bundle: 0x88200000..0x882c5040
  devices: 14 mmio (8 dma), 10 irq, console 0x10000000
  plic: 0xc000000, S-mode context 1
  rng-seed: 32 bytes
  bundle signature ok (806912 bytes)
  PID 1: kernel -> 0xffffffffffd00000
  PID 2: log-server -> 0x172da
  bundle mapped read-only at 0x20000000 (806976 bytes)
  252 MiB free, entering kernel
Kernel arguments:
    XArg (67724158, 28 bytes): 00000123 00000002 80000000 00000000 10000000 00000000 6d617273
    MREx (7845524d, 384 bytes): 10100000 00000000 00001000 00000000 632d7766 00000000 20000000 00000000 02000000 00000000 73616c66 00000000 00101000 00000000 00001000 00000000 40637472 00000000 10000000 00000000 00001000 00000000 69726573 00000000 00100000 00000000 00001000 00000000 74736574 00000000 10008000 00000000 00001000 00000000 74726976 00000000 10007000 00000000 00001000 00000000 74726976 00000000 10006000 00000000 00001000 00000000 74726976 00000000 10005000 00000000 00001000 00000000 74726976 00000000 10004000 00000000 00001000 00000000 74726976 00000000 10003000 00000000 00001000 00000000 74726976 00000000 10002000 00000000 00001000 00000000 74726976 00000000 10001000 00000000 00001000 00000000 74726976 00000000 0c000000 00000000 00600000 00000000 63696c70 00000000 02000000 00000000 00010000 00000000 6e696c63 00000000 30000000 00000000 10000000 00000000 40696370 00000000
    Ctrl (6c727443, 32 bytes): 0c000000 00000000 00600000 00000000 02000000 00000000 00010000 00000000
    Devs (73766544, 600 bytes): 00000003 00000000 00000000 00000000 00000000 00000000 00000001 10000000 00000000 00001000 00000000 00000000 00000002 0000000a 00000000 00000000 00000000 00000000 00000001 10100000 00000000 00001000 00000000 00000000 00000001 20000000 00000000 02000000 00000000 00000000 00000001 00101000 00000000 00001000 00000000 00000000 00000001 00100000 00000000 00001000 00000000 00000000 00000001 10008000 00000000 00001000 00000000 00000001 00000001 10007000 00000000 00001000 00000000 00000001 00000001 10006000 00000000 00001000 00000000 00000001 00000001 10005000 00000000 00001000 00000000 00000001 00000001 10004000 00000000 00001000 00000000 00000001 00000001 10003000 00000000 00001000 00000000 00000001 00000001 10002000 00000000 00001000 00000000 00000001 00000001 10001000 00000000 00001000 00000000 00000001 00000001 30000000 00000000 10000000 00000000 00000000 00000002 00000001 00000000 00000000 00000000 00000000 00000002 00000002 00000000 00000000 00000000 00000000 00000002 00000003 00000000 00000000 00000000 00000000 00000002 00000004 00000000 00000000 00000000 00000000 00000002 00000005 00000000 00000000 00000000 00000000 00000002 00000006 00000000 00000000 00000000 00000000 00000002 00000007 00000000 00000000 00000000 00000000 00000002 00000008 00000000 00000000 00000000 00000000 00000002 0000000b 00000000 00000000 00000000 00000000
    Plic (63696c50, 24 bytes): 0c000000 00000000 00600000 00000000 00000001 00000000
    Seed (64656553, 32 bytes): f5c5de56 e20e81ee 80574695 63786295 0bcd3346 70cba134 a5725f3e beecbdce
    Time (656d6954, 8 bytes): 00989680 00000000
asid: 16 bits
Devices: 25 objects, all held by init
Budgets: root 63726 pages (1246 kept for init), system 15619, users 46859
W^X verified: 36 executable kernel pages, none writable under any alias
Kernel RNG seeded from the loader (32 bytes)
KMAIN (clean boot): Supervisor mode started...
kernel: checks on (debug assertions, overflow checks)

[server] PID 2 up
[server] holding the console irq
[server] started kernel-half-attack as pid 3
[server] PID 2 listening
terminate_process: 450
[!] Terminating process with PID 450
[pid 3] [kernel-half] control: a load of its own image returned: true
PROGRAM HALT: CPU Exception on PID 438: Load page fault of 0xffffffc080000000 at 0x00013b58
Current thread 1:
Thread 1:
PC:00013b58   SP:0ffffff0   RA:00000000
GP:00000000   TP:00000000
T0:00000000   T1:00000000   T2:00000000
T3:00000000   T4:00000000   T5:00000000   T6:00000000
S0:00000000   S1:00000000   S2:00000000   S3:00000000
S4:00000000   S5:00000000   S6:00000000   S7:00000000
S8:00000000   S9:00000000  S10:00000000  S11:00000000
A0:00000000   A1:ffffffc080000000   A2:00000040   A3:00000040
A4:0f000008   A5:ff00000000000000   A6:00000000   A7:00000000
Memory Maps for satp 0x801b60000008023a:
    0000000000010000 -> 008023f000 (PteFlags(VALID | R | USER | A | D))
    0000000000011000 -> 0080240000 (PteFlags(VALID | R | X | USER | A | D))
    0000000000012000 -> 0080241000 (PteFlags(VALID | R | X | USER | A | D))
    0000000000013000 -> 0080242000 (PteFlags(VALID | R | X | USER | A | D))
    0000000000014000 -> 0080243000 (PteFlags(VALID | R | X | USER | A | D))
    0000000000015000 -> 0080244000 (PteFlags(VALID | R | X | USER | A | D))
    0000000000016000 -> 0080245000 (PteFlags(VALID | R | W | USER | A | D))
    000000000f000000 -> 0080284000 (PteFlags(VALID | R | USER | A | D))
    000000000fff8000 -> 0080248000 (PteFlags(VALID | R | W | USER | A | D))
    000000000fff9000 -> 0080249000 (PteFlags(VALID | R | W | USER | A | D))
    000000000fffa000 -> 008024a000 (PteFlags(VALID | R | W | USER | A | D))
    000000000fffb000 -> 008024c000 (PteFlags(VALID | R | W | USER | A | D))
    000000000fffc000 -> 008027f000 (PteFlags(VALID | R | W | USER | A | D))
    000000000fffd000 -> 0080280000 (PteFlags(VALID | R | W | USER | A | D))
    000000000fffe000 -> 0080281000 (PteFlags(VALID | R | W | USER | A | D))
    000000000ffff000 -> 0080282000 (PteFlags(VALID | R | W | USER | A | D))
End of map
terminate_process: 438
[!] Terminating process with PID 438
[pid 3] [kernel-half] a load at the physmap over RAM faulted with cause 13
PROGRAM HALT: CPU Exception on PID 43: Store page fault of 0xffffffc080000000 at 0x00013b6a
Current thread 1:
Thread 1:
PC:00013b6a   SP:0ffffff0   RA:00000000
GP:00000000   TP:00000000
T0:00000000   T1:00000000   T2:00000000
T3:00000000   T4:00000000   T5:00000000   T6:00000000
S0:00000000   S1:00000000   S2:00000000   S3:00000000
S4:00000000   S5:00000000   S6:00000000   S7:00000000
S8:00000000   S9:00000000  S10:00000000  S11:00000000
A0:00000001   A1:ffffffc080000000   A2:00000001   A3:00000040
A4:0f000008   A5:ff00000000000000   A6:00000000   A7:00000000
Memory Maps for satp 0x8002b0000008023a:
    0000000000010000 -> 008023f000 (PteFlags(VALID | R | USER | A | D))
    0000000000011000 -> 0080240000 (PteFlags(VALID | R | X | USER | A | D))
    0000000000012000 -> 0080241000 (PteFlags(VALID | R | X | USER | A | D))
    0000000000013000 -> 0080242000 (PteFlags(VALID | R | X | USER | A | D))
    0000000000014000 -> 0080243000 (PteFlags(VALID | R | X | USER | A | D))
    0000000000015000 -> 0080244000 (PteFlags(VALID | R | X | USER | A | D))
    0000000000016000 -> 0080245000 (PteFlags(VALID | R | W | USER | A | D))
    000000000f000000 -> 0080284000 (PteFlags(VALID | R | USER | A | D))
    000000000fff8000 -> 0080248000 (PteFlags(VALID | R | W | USER | A | D))
    000000000fff9000 -> 0080249000 (PteFlags(VALID | R | W | USER | A | D))
    000000000fffa000 -> 008024a000 (PteFlags(VALID | R | W | USER | A | D))
    000000000fffb000 -> 008024c000 (PteFlags(VALID | R | W | USER | A | D))
    000000000fffc000 -> 008027f000 (PteFlags(VALID | R | W | USER | A | D))
    000000000fffd000 -> 0080280000 (PteFlags(VALID | R | W | USER | A | D))
    000000000fffe000 -> 0080281000 (PteFlags(VALID | R | W | USER | A | D))
    000000000ffff000 -> 0080282000 (PteFlags(VALID | R | W | USER | A | D))
End of map
terminate_process: 43
[!] Terminating process with PID 43
[pid 3] [kernel-half] a store at the physmap over RAM faulted with cause 15
PROGRAM HALT: CPU Exception on PID 365: Load page fault of 0xfffffffffff7f000 at 0x00013b58
Current thread 1:
Thread 1:
PC:00013b58   SP:0ffffff0   RA:00000000
GP:00000000   TP:00000000
T0:00000000   T1:00000000   T2:00000000
T3:00000000   T4:00000000   T5:00000000   T6:00000000
S0:00000000   S1:00000000   S2:00000000   S3:00000000
S4:00000000   S5:00000000   S6:00000000   S7:00000000
S8:00000000   S9:00000000  S10:00000000  S11:00000000
A0:00000000   A1:fffffffffff7f000   A2:00000040   A3:00000040
A4:0f000008   A5:ff00000000000000   A6:00000000   A7:00000000
Memory Maps for satp 0x8016d0000008023a:
    0000000000010000 -> 008023f000 (PteFlags(VALID | R | USER | A | D))
    0000000000011000 -> 0080240000 (PteFlags(VALID | R | X | USER | A | D))
    0000000000012000 -> 0080241000 (PteFlags(VALID | R | X | USER | A | D))
    0000000000013000 -> 0080242000 (PteFlags(VALID | R | X | USER | A | D))
    0000000000014000 -> 0080243000 (PteFlags(VALID | R | X | USER | A | D))
    0000000000015000 -> 0080244000 (PteFlags(VALID | R | X | USER | A | D))
    0000000000016000 -> 0080245000 (PteFlags(VALID | R | W | USER | A | D))
    000000000f000000 -> 0080284000 (PteFlags(VALID | R | USER | A | D))
    000000000fff8000 -> 0080248000 (PteFlags(VALID | R | W | USER | A | D))
    000000000fff9000 -> 0080249000 (PteFlags(VALID | R | W | USER | A | D))
    000000000fffa000 -> 008024a000 (PteFlags(VALID | R | W | USER | A | D))
    000000000fffb000 -> 008024c000 (PteFlags(VALID | R | W | USER | A | D))
    000000000fffc000 -> 008027f000 (PteFlags(VALID | R | W | USER | A | D))
    000000000fffd000 -> 0080280000 (PteFlags(VALID | R | W | USER | A | D))
    000000000fffe000 -> 0080281000 (PteFlags(VALID | R | W | USER | A | D))
    000000000ffff000 -> 0080282000 (PteFlags(VALID | R | W | USER | A | D))
End of map
terminate_process: 365
[!] Terminating process with PID 365
[pid 3] [kernel-half] a load at the kernel stack faulted with cause 13
PROGRAM HALT: CPU Exception on PID 8: Store page fault of 0xfffffffffff7f000 at 0x00013b6a
Current thread 1:
Thread 1:
PC:00013b6a   SP:0ffffff0   RA:00000000
GP:00000000   TP:00000000
T0:00000000   T1:00000000   T2:00000000
T3:00000000   T4:00000000   T5:00000000   T6:00000000
S0:00000000   S1:00000000   S2:00000000   S3:00000000
S4:00000000   S5:00000000   S6:00000000   S7:00000000
S8:00000000   S9:00000000  S10:00000000  S11:00000000
A0:00000001   A1:fffffffffff7f000   A2:00000001   A3:00000040
A4:0f000008   A5:ff00000000000000   A6:00000000   A7:00000000
Memory Maps for satp 0x800080000008023a:
    0000000000010000 -> 008023f000 (PteFlags(VALID | R | USER | A | D))
    0000000000011000 -> 0080240000 (PteFlags(VALID | R | X | USER | A | D))
    0000000000012000 -> 0080241000 (PteFlags(VALID | R | X | USER | A | D))
    0000000000013000 -> 0080242000 (PteFlags(VALID | R | X | USER | A | D))
    0000000000014000 -> 0080243000 (PteFlags(VALID | R | X | USER | A | D))
    0000000000015000 -> 0080244000 (PteFlags(VALID | R | X | USER | A | D))
    0000000000016000 -> 0080245000 (PteFlags(VALID | R | W | USER | A | D))
    000000000f000000 -> 0080284000 (PteFlags(VALID | R | USER | A | D))
    000000000fff8000 -> 0080248000 (PteFlags(VALID | R | W | USER | A | D))
    000000000fff9000 -> 0080249000 (PteFlags(VALID | R | W | USER | A | D))
    000000000fffa000 -> 008024a000 (PteFlags(VALID | R | W | USER | A | D))
    000000000fffb000 -> 008024c000 (PteFlags(VALID | R | W | USER | A | D))
    000000000fffc000 -> 008027f000 (PteFlags(VALID | R | W | USER | A | D))
    000000000fffd000 -> 0080280000 (PteFlags(VALID | R | W | USER | A | D))
    000000000fffe000 -> 0080281000 (PteFlags(VALID | R | W | USER | A | D))
    000000000ffff000 -> 0080282000 (PteFlags(VALID | R | W | USER | A | D))
End of map
terminate_process: 8
[!] Terminating process with PID 8
[pid 3] [kernel-half] a store at the kernel stack faulted with cause 15
PROGRAM HALT: CPU Exception on PID 17: Load page fault of 0xffffffff80000000 at 0x00013b58
Current thread 1:
Thread 1:
PC:00013b58   SP:0ffffff0   RA:00000000
GP:00000000   TP:00000000
T0:00000000   T1:00000000   T2:00000000
T3:00000000   T4:00000000   T5:00000000   T6:00000000
S0:00000000   S1:00000000   S2:00000000   S3:00000000
S4:00000000   S5:00000000   S6:00000000   S7:00000000
S8:00000000   S9:00000000  S10:00000000  S11:00000000
A0:00000000   A1:ffffffff80000000   A2:00000040   A3:00000040
A4:0f000008   A5:ff00000000000000   A6:00000000   A7:00000000
Memory Maps for satp 0x800110000008023a:
    0000000000010000 -> 008023f000 (PteFlags(VALID | R | USER | A | D))
    0000000000011000 -> 0080240000 (PteFlags(VALID | R | X | USER | A | D))
    0000000000012000 -> 0080241000 (PteFlags(VALID | R | X | USER | A | D))
    0000000000013000 -> 0080242000 (PteFlags(VALID | R | X | USER | A | D))
    0000000000014000 -> 0080243000 (PteFlags(VALID | R | X | USER | A | D))
    0000000000015000 -> 0080244000 (PteFlags(VALID | R | X | USER | A | D))
    0000000000016000 -> 0080245000 (PteFlags(VALID | R | W | USER | A | D))
    000000000f000000 -> 0080284000 (PteFlags(VALID | R | USER | A | D))
    000000000fff8000 -> 0080248000 (PteFlags(VALID | R | W | USER | A | D))
    000000000fff9000 -> 0080249000 (PteFlags(VALID | R | W | USER | A | D))
    000000000fffa000 -> 008024a000 (PteFlags(VALID | R | W | USER | A | D))
    000000000fffb000 -> 008024c000 (PteFlags(VALID | R | W | USER | A | D))
    000000000fffc000 -> 008027f000 (PteFlags(VALID | R | W | USER | A | D))
    000000000fffd000 -> 0080280000 (PteFlags(VALID | R | W | USER | A | D))
    000000000fffe000 -> 0080281000 (PteFlags(VALID | R | W | USER | A | D))
    000000000ffff000 -> 0080282000 (PteFlags(VALID | R | W | USER | A | D))
End of map
terminate_process: 17
[!] Terminating process with PID 17
[pid 3] [kernel-half] a load at its own context page faulted with cause 13
PROGRAM HALT: CPU Exception on PID 110: Store page fault of 0xffffffff80000000 at 0x00013b6a
Current thread 1:
Thread 1:
PC:00013b6a   SP:0ffffff0   RA:00000000
GP:00000000   TP:00000000
T0:00000000   T1:00000000   T2:00000000
T3:00000000   T4:00000000   T5:00000000   T6:00000000
S0:00000000   S1:00000000   S2:00000000   S3:00000000
S4:00000000   S5:00000000   S6:00000000   S7:00000000
S8:00000000   S9:00000000  S10:00000000  S11:00000000
A0:00000001   A1:ffffffff80000000   A2:00000001   A3:00000040
A4:0f000008   A5:ff00000000000000   A6:00000000   A7:00000000
Memory Maps for satp 0x8006e0000008023a:
    0000000000010000 -> 008023f000 (PteFlags(VALID | R | USER | A | D))
    0000000000011000 -> 0080240000 (PteFlags(VALID | R | X | USER | A | D))
    0000000000012000 -> 0080241000 (PteFlags(VALID | R | X | USER | A | D))
    0000000000013000 -> 0080242000 (PteFlags(VALID | R | X | USER | A | D))
    0000000000014000 -> 0080243000 (PteFlags(VALID | R | X | USER | A | D))
    0000000000015000 -> 0080244000 (PteFlags(VALID | R | X | USER | A | D))
    0000000000016000 -> 0080245000 (PteFlags(VALID | R | W | USER | A | D))
    000000000f000000 -> 0080284000 (PteFlags(VALID | R | USER | A | D))
    000000000fff8000 -> 0080248000 (PteFlags(VALID | R | W | USER | A | D))
    000000000fff9000 -> 0080249000 (PteFlags(VALID | R | W | USER | A | D))
    000000000fffa000 -> 008024a000 (PteFlags(VALID | R | W | USER | A | D))
    000000000fffb000 -> 008024c000 (PteFlags(VALID | R | W | USER | A | D))
    000000000fffc000 -> 008027f000 (PteFlags(VALID | R | W | USER | A | D))
    000000000fffd000 -> 0080280000 (PteFlags(VALID | R | W | USER | A | D))
    000000000fffe000 -> 0080281000 (PteFlags(VALID | R | W | USER | A | D))
    000000000ffff000 -> 0080282000 (PteFlags(VALID | R | W | USER | A | D))
End of map
terminate_process: 110
[!] Terminating process with PID 110
[pid 3] [kernel-half] a store at its own context page faulted with cause 15
PROGRAM HALT: CPU Exception on PID 158: Load page fault of 0xffffffffffd00000 at 0x00013b58
Current thread 1:
Thread 1:
PC:00013b58   SP:0ffffff0   RA:00000000
GP:00000000   TP:00000000
T0:00000000   T1:00000000   T2:00000000
T3:00000000   T4:00000000   T5:00000000   T6:00000000
S0:00000000   S1:00000000   S2:00000000   S3:00000000
S4:00000000   S5:00000000   S6:00000000   S7:00000000
S8:00000000   S9:00000000  S10:00000000  S11:00000000
A0:00000000   A1:ffffffffffd00000   A2:00000040   A3:00000040
A4:0f000008   A5:ff00000000000000   A6:00000000   A7:00000000
Memory Maps for satp 0x8009e0000008023a:
    0000000000010000 -> 008023f000 (PteFlags(VALID | R | USER | A | D))
    0000000000011000 -> 0080240000 (PteFlags(VALID | R | X | USER | A | D))
    0000000000012000 -> 0080241000 (PteFlags(VALID | R | X | USER | A | D))
    0000000000013000 -> 0080242000 (PteFlags(VALID | R | X | USER | A | D))
    0000000000014000 -> 0080243000 (PteFlags(VALID | R | X | USER | A | D))
    0000000000015000 -> 0080244000 (PteFlags(VALID | R | X | USER | A | D))
    0000000000016000 -> 0080245000 (PteFlags(VALID | R | W | USER | A | D))
    000000000f000000 -> 0080284000 (PteFlags(VALID | R | USER | A | D))
    000000000fff8000 -> 0080248000 (PteFlags(VALID | R | W | USER | A | D))
    000000000fff9000 -> 0080249000 (PteFlags(VALID | R | W | USER | A | D))
    000000000fffa000 -> 008024a000 (PteFlags(VALID | R | W | USER | A | D))
    000000000fffb000 -> 008024c000 (PteFlags(VALID | R | W | USER | A | D))
    000000000fffc000 -> 008027f000 (PteFlags(VALID | R | W | USER | A | D))
    000000000fffd000 -> 0080280000 (PteFlags(VALID | R | W | USER | A | D))
    000000000fffe000 -> 0080281000 (PteFlags(VALID | R | W | USER | A | D))
    000000000ffff000 -> 0080282000 (PteFlags(VALID | R | W | USER | A | D))
End of map
terminate_process: 158
[!] Terminating process with PID 158
[pid 3] [kernel-half] a load at the kernel text faulted with cause 13
!!! Unrecognized exception: InstructionPageFault(ffffffffffd00000, ffffffffffd00000)
PROGRAM HALT: CPU Exception on PID 385: Instruction page fault of 0xffffffffffd00000 at 0xffffffffffd00000
Current thread 1:
Thread 1:
PC:ffffffffffd00000   SP:0ffffff0   RA:00000000
GP:00000000   TP:00000000
T0:00000000   T1:00000000   T2:00000000
T3:00000000   T4:00000000   T5:00000000   T6:00000000
S0:00000000   S1:00000000   S2:00000000   S3:00000000
S4:00000000   S5:00000000   S6:00000000   S7:00000000
S8:00000000   S9:00000000  S10:00000000  S11:00000000
A0:00000002   A1:ffffffffffd00000   A2:00000001   A3:00000040
A4:0f000008   A5:ff00000000000000   A6:00000000   A7:00000000
Memory Maps for satp 0x801810000008023a:
    0000000000010000 -> 008023f000 (PteFlags(VALID | R | USER | A | D))
    0000000000011000 -> 0080240000 (PteFlags(VALID | R | X | USER | A | D))
    0000000000012000 -> 0080241000 (PteFlags(VALID | R | X | USER | A | D))
    0000000000013000 -> 0080242000 (PteFlags(VALID | R | X | USER | A | D))
    0000000000014000 -> 0080243000 (PteFlags(VALID | R | X | USER | A | D))
    0000000000015000 -> 0080244000 (PteFlags(VALID | R | X | USER | A | D))
    0000000000016000 -> 0080245000 (PteFlags(VALID | R | W | USER | A | D))
    000000000f000000 -> 0080284000 (PteFlags(VALID | R | USER | A | D))
    000000000fff8000 -> 0080248000 (PteFlags(VALID | R | W | USER | A | D))
    000000000fff9000 -> 0080249000 (PteFlags(VALID | R | W | USER | A | D))
    000000000fffa000 -> 008024a000 (PteFlags(VALID | R | W | USER | A | D))
    000000000fffb000 -> 008024c000 (PteFlags(VALID | R | W | USER | A | D))
    000000000fffc000 -> 008027f000 (PteFlags(VALID | R | W | USER | A | D))
    000000000fffd000 -> 0080280000 (PteFlags(VALID | R | W | USER | A | D))
    000000000fffe000 -> 0080281000 (PteFlags(VALID | R | W | USER | A | D))
    000000000ffff000 -> 0080282000 (PteFlags(VALID | R | W | USER | A | D))
End of map
terminate_process: 385
[!] Terminating process with PID 385
[pid 3] [kernel-half] a fetch at the kernel text faulted with cause 12
[server] done: reported by pid 3; still serving
system_reset: PowerOff asked for by PID 2
