
loader: Redoubt rv32 loader, boot hart 0
  1 hart(s), timebase 10000000 Hz
  ram: 0x80000000..0x90000000 (256 MiB)
  bundle: 0x88200000..0x882a5440
  devices: 14 mmio (8 dma), 10 irq, console 0x10000000
  plic: 0xc000000, S-mode context 1
  rng-seed: 32 bytes
  bundle signature ok (676864 bytes)
  PID 1: kernel -> 0xffd00000
  PID 2: log-server -> 0x16e36
  bundle mapped read-only at 0x20000000 (676928 bytes)
  252 MiB free, entering kernel
Kernel arguments:
    XArg (67724158, 28 bytes): 00000123 00000002 80000000 00000000 10000000 00000000 6d617273
    MREx (7845524d, 384 bytes): 10100000 00000000 00001000 00000000 632d7766 00000000 20000000 00000000 02000000 00000000 73616c66 00000000 00101000 00000000 00001000 00000000 40637472 00000000 10000000 00000000 00001000 00000000 69726573 00000000 00100000 00000000 00001000 00000000 74736574 00000000 10008000 00000000 00001000 00000000 74726976 00000000 10007000 00000000 00001000 00000000 74726976 00000000 10006000 00000000 00001000 00000000 74726976 00000000 10005000 00000000 00001000 00000000 74726976 00000000 10004000 00000000 00001000 00000000 74726976 00000000 10003000 00000000 00001000 00000000 74726976 00000000 10002000 00000000 00001000 00000000 74726976 00000000 10001000 00000000 00001000 00000000 74726976 00000000 0c000000 00000000 00600000 00000000 63696c70 00000000 02000000 00000000 00010000 00000000 6e696c63 00000000 30000000 00000000 10000000 00000000 40696370 00000000
    Ctrl (6c727443, 32 bytes): 0c000000 00000000 00600000 00000000 02000000 00000000 00010000 00000000
    Devs (73766544, 600 bytes): 00000003 00000000 00000000 00000000 00000000 00000000 00000001 10000000 00000000 00001000 00000000 00000000 00000002 0000000a 00000000 00000000 00000000 00000000 00000001 10100000 00000000 00001000 00000000 00000000 00000001 20000000 00000000 02000000 00000000 00000000 00000001 00101000 00000000 00001000 00000000 00000000 00000001 00100000 00000000 00001000 00000000 00000000 00000001 10008000 00000000 00001000 00000000 00000001 00000001 10007000 00000000 00001000 00000000 00000001 00000001 10006000 00000000 00001000 00000000 00000001 00000001 10005000 00000000 00001000 00000000 00000001 00000001 10004000 00000000 00001000 00000000 00000001 00000001 10003000 00000000 00001000 00000000 00000001 00000001 10002000 00000000 00001000 00000000 00000001 00000001 10001000 00000000 00001000 00000000 00000001 00000001 30000000 00000000 10000000 00000000 00000000 00000002 00000001 00000000 00000000 00000000 00000000 00000002 00000002 00000000 00000000 00000000 00000000 00000002 00000003 00000000 00000000 00000000 00000000 00000002 00000004 00000000 00000000 00000000 00000000 00000002 00000005 00000000 00000000 00000000 00000000 00000002 00000006 00000000 00000000 00000000 00000000 00000002 00000007 00000000 00000000 00000000 00000000 00000002 00000008 00000000 00000000 00000000 00000000 00000002 0000000b 00000000 00000000 00000000 00000000
    Plic (63696c50, 24 bytes): 0c000000 00000000 00600000 00000000 00000001 00000000
    Seed (64656553, 32 bytes): a6ae0fea af26f3f0 9ff64892 7ac95203 c4210f8d b899d23e 8b25b2ca 9aa9bbb0
    Time (656d6954, 8 bytes): 00989680 00000000
asid: 9 bits
Devices: 25 objects, all held by init
Budgets: root 63732 pages (1211 kept for init), system 15629, users 46890
W^X verified: 41 executable kernel pages, none writable under any alias
Kernel RNG seeded from the loader (32 bytes)
KMAIN (clean boot): Supervisor mode started...
kernel: checks on (debug assertions, overflow checks)

[server] PID 2 up
[server] holding the console irq
[server] started kernel-half-attack as pid 3
[server] PID 2 listening
terminate_process: 208
[!] Terminating process with PID 208
[pid 3] [kernel-half] control: a load of its own image returned: true
PROGRAM HALT: CPU Exception on PID 57: Load page fault of 0x80000000 at 0x00013ae8
Current thread 1:
Thread 1:
PC:00013ae8   SP:0ffffff0   RA:00000000
GP:00000000   TP:00000000
T0:00000000   T1:00000000   T2:00000000
T3:00000000   T4:00000000   T5:00000000   T6:00000000
S0:00000000   S1:00000000   S2:00000000   S3:00000000
S4:00000000   S5:00000000   S6:00000000   S7:00000000
S8:00000000   S9:00000000  S10:00000000  S11:00000000
A0:00000000   A1:80000000   A2:00000040   A3:00000000
A4:00000000   A5:0f000008   A6:00000040   A7:00000018
Memory Maps for satp 0x8e480238:
    0000000000010000 -> 008023c000 (PteFlags(VALID | R | USER | A | D))
    0000000000011000 -> 008023d000 (PteFlags(VALID | R | X | USER | A | D))
    0000000000012000 -> 008023e000 (PteFlags(VALID | R | X | USER | A | D))
    0000000000013000 -> 008023f000 (PteFlags(VALID | R | X | USER | A | D))
    0000000000014000 -> 0080240000 (PteFlags(VALID | R | X | USER | A | D))
    0000000000015000 -> 0080241000 (PteFlags(VALID | R | X | USER | A | D))
    0000000000016000 -> 0080242000 (PteFlags(VALID | R | W | USER | A | D))
    000000000f000000 -> 008027e000 (PteFlags(VALID | R | USER | A | D))
    000000000fff8000 -> 0080244000 (PteFlags(VALID | R | W | USER | A | D))
    000000000fff9000 -> 0080245000 (PteFlags(VALID | R | W | USER | A | D))
    000000000fffa000 -> 0080246000 (PteFlags(VALID | R | W | USER | A | D))
    000000000fffb000 -> 0080247000 (PteFlags(VALID | R | W | USER | A | D))
    000000000fffc000 -> 0080248000 (PteFlags(VALID | R | W | USER | A | D))
    000000000fffd000 -> 008027a000 (PteFlags(VALID | R | W | USER | A | D))
    000000000fffe000 -> 008027b000 (PteFlags(VALID | R | W | USER | A | D))
    000000000ffff000 -> 008027c000 (PteFlags(VALID | R | W | USER | A | D))
End of map
terminate_process: 57
[!] Terminating process with PID 57
[pid 3] [kernel-half] a load at the physmap over RAM faulted with cause 13
PROGRAM HALT: CPU Exception on PID 386: Store page fault of 0x80000000 at 0x00013afa
Current thread 1:
Thread 1:
PC:00013afa   SP:0ffffff0   RA:00000000
GP:00000000   TP:00000000
T0:00000000   T1:00000000   T2:00000000
T3:00000000   T4:00000000   T5:00000000   T6:00000000
S0:00000000   S1:00000000   S2:00000000   S3:00000000
S4:00000000   S5:00000000   S6:00000000   S7:00000000
S8:00000000   S9:00000000  S10:00000000  S11:00000000
A0:00000001   A1:80000000   A2:00000001   A3:00000000
A4:00000000   A5:0f000008   A6:00000040   A7:00000018
Memory Maps for satp 0xe0880238:
    0000000000010000 -> 008023c000 (PteFlags(VALID | R | USER | A | D))
    0000000000011000 -> 008023d000 (PteFlags(VALID | R | X | USER | A | D))
    0000000000012000 -> 008023e000 (PteFlags(VALID | R | X | USER | A | D))
    0000000000013000 -> 008023f000 (PteFlags(VALID | R | X | USER | A | D))
    0000000000014000 -> 0080240000 (PteFlags(VALID | R | X | USER | A | D))
    0000000000015000 -> 0080241000 (PteFlags(VALID | R | X | USER | A | D))
    0000000000016000 -> 0080242000 (PteFlags(VALID | R | W | USER | A | D))
    000000000f000000 -> 008027e000 (PteFlags(VALID | R | USER | A | D))
    000000000fff8000 -> 0080244000 (PteFlags(VALID | R | W | USER | A | D))
    000000000fff9000 -> 0080245000 (PteFlags(VALID | R | W | USER | A | D))
    000000000fffa000 -> 0080246000 (PteFlags(VALID | R | W | USER | A | D))
    000000000fffb000 -> 0080247000 (PteFlags(VALID | R | W | USER | A | D))
    000000000fffc000 -> 0080248000 (PteFlags(VALID | R | W | USER | A | D))
    000000000fffd000 -> 008027a000 (PteFlags(VALID | R | W | USER | A | D))
    000000000fffe000 -> 008027b000 (PteFlags(VALID | R | W | USER | A | D))
    000000000ffff000 -> 008027c000 (PteFlags(VALID | R | W | USER | A | D))
End of map
terminate_process: 386
[!] Terminating process with PID 386
[pid 3] [kernel-half] a store at the physmap over RAM faulted with cause 15
PROGRAM HALT: CPU Exception on PID 321: Load page fault of 0xfff7f000 at 0x00013ae8
Current thread 1:
Thread 1:
PC:00013ae8   SP:0ffffff0   RA:00000000
GP:00000000   TP:00000000
T0:00000000   T1:00000000   T2:00000000
T3:00000000   T4:00000000   T5:00000000   T6:00000000
S0:00000000   S1:00000000   S2:00000000   S3:00000000
S4:00000000   S5:00000000   S6:00000000   S7:00000000
S8:00000000   S9:00000000  S10:00000000  S11:00000000
A0:00000000   A1:fff7f000   A2:00000040   A3:00000000
A4:00000000   A5:0f000008   A6:00000040   A7:00000018
Memory Maps for satp 0xd0480238:
    0000000000010000 -> 008023c000 (PteFlags(VALID | R | USER | A | D))
    0000000000011000 -> 008023d000 (PteFlags(VALID | R | X | USER | A | D))
    0000000000012000 -> 008023e000 (PteFlags(VALID | R | X | USER | A | D))
    0000000000013000 -> 008023f000 (PteFlags(VALID | R | X | USER | A | D))
    0000000000014000 -> 0080240000 (PteFlags(VALID | R | X | USER | A | D))
    0000000000015000 -> 0080241000 (PteFlags(VALID | R | X | USER | A | D))
    0000000000016000 -> 0080242000 (PteFlags(VALID | R | W | USER | A | D))
    000000000f000000 -> 008027e000 (PteFlags(VALID | R | USER | A | D))
    000000000fff8000 -> 0080244000 (PteFlags(VALID | R | W | USER | A | D))
    000000000fff9000 -> 0080245000 (PteFlags(VALID | R | W | USER | A | D))
    000000000fffa000 -> 0080246000 (PteFlags(VALID | R | W | USER | A | D))
    000000000fffb000 -> 0080247000 (PteFlags(VALID | R | W | USER | A | D))
    000000000fffc000 -> 0080248000 (PteFlags(VALID | R | W | USER | A | D))
    000000000fffd000 -> 008027a000 (PteFlags(VALID | R | W | USER | A | D))
    000000000fffe000 -> 008027b000 (PteFlags(VALID | R | W | USER | A | D))
    000000000ffff000 -> 008027c000 (PteFlags(VALID | R | W | USER | A | D))
End of map
terminate_process: 321
[!] Terminating process with PID 321
[pid 3] [kernel-half] a load at the kernel stack faulted with cause 13
PROGRAM HALT: CPU Exception on PID 255: Store page fault of 0xfff7f000 at 0x00013afa
Current thread 1:
Thread 1:
PC:00013afa   SP:0ffffff0   RA:00000000
GP:00000000   TP:00000000
T0:00000000   T1:00000000   T2:00000000
T3:00000000   T4:00000000   T5:00000000   T6:00000000
S0:00000000   S1:00000000   S2:00000000   S3:00000000
S4:00000000   S5:00000000   S6:00000000   S7:00000000
S8:00000000   S9:00000000  S10:00000000  S11:00000000
A0:00000001   A1:fff7f000   A2:00000001   A3:00000000
A4:00000000   A5:0f000008   A6:00000040   A7:00000018
Memory Maps for satp 0xbfc80238:
    0000000000010000 -> 008023c000 (PteFlags(VALID | R | USER | A | D))
    0000000000011000 -> 008023d000 (PteFlags(VALID | R | X | USER | A | D))
    0000000000012000 -> 008023e000 (PteFlags(VALID | R | X | USER | A | D))
    0000000000013000 -> 008023f000 (PteFlags(VALID | R | X | USER | A | D))
    0000000000014000 -> 0080240000 (PteFlags(VALID | R | X | USER | A | D))
    0000000000015000 -> 0080241000 (PteFlags(VALID | R | X | USER | A | D))
    0000000000016000 -> 0080242000 (PteFlags(VALID | R | W | USER | A | D))
    000000000f000000 -> 008027e000 (PteFlags(VALID | R | USER | A | D))
    000000000fff8000 -> 0080244000 (PteFlags(VALID | R | W | USER | A | D))
    000000000fff9000 -> 0080245000 (PteFlags(VALID | R | W | USER | A | D))
    000000000fffa000 -> 0080246000 (PteFlags(VALID | R | W | USER | A | D))
    000000000fffb000 -> 0080247000 (PteFlags(VALID | R | W | USER | A | D))
    000000000fffc000 -> 0080248000 (PteFlags(VALID | R | W | USER | A | D))
    000000000fffd000 -> 008027a000 (PteFlags(VALID | R | W | USER | A | D))
    000000000fffe000 -> 008027b000 (PteFlags(VALID | R | W | USER | A | D))
    000000000ffff000 -> 008027c000 (PteFlags(VALID | R | W | USER | A | D))
End of map
terminate_process: 255
[!] Terminating process with PID 255
[pid 3] [kernel-half] a store at the kernel stack faulted with cause 15
PROGRAM HALT: CPU Exception on PID 428: Load page fault of 0xff800000 at 0x00013ae8
Current thread 1:
Thread 1:
PC:00013ae8   SP:0ffffff0   RA:00000000
GP:00000000   TP:00000000
T0:00000000   T1:00000000   T2:00000000
T3:00000000   T4:00000000   T5:00000000   T6:00000000
S0:00000000   S1:00000000   S2:00000000   S3:00000000
S4:00000000   S5:00000000   S6:00000000   S7:00000000
S8:00000000   S9:00000000  S10:00000000  S11:00000000
A0:00000000   A1:ff800000   A2:00000040   A3:00000000
A4:00000000   A5:0f000008   A6:00000040   A7:00000018
Memory Maps for satp 0xeb080238:
    0000000000010000 -> 008023c000 (PteFlags(VALID | R | USER | A | D))
    0000000000011000 -> 008023d000 (PteFlags(VALID | R | X | USER | A | D))
    0000000000012000 -> 008023e000 (PteFlags(VALID | R | X | USER | A | D))
    0000000000013000 -> 008023f000 (PteFlags(VALID | R | X | USER | A | D))
    0000000000014000 -> 0080240000 (PteFlags(VALID | R | X | USER | A | D))
    0000000000015000 -> 0080241000 (PteFlags(VALID | R | X | USER | A | D))
    0000000000016000 -> 0080242000 (PteFlags(VALID | R | W | USER | A | D))
    000000000f000000 -> 008027e000 (PteFlags(VALID | R | USER | A | D))
    000000000fff8000 -> 0080244000 (PteFlags(VALID | R | W | USER | A | D))
    000000000fff9000 -> 0080245000 (PteFlags(VALID | R | W | USER | A | D))
    000000000fffa000 -> 0080246000 (PteFlags(VALID | R | W | USER | A | D))
    000000000fffb000 -> 0080247000 (PteFlags(VALID | R | W | USER | A | D))
    000000000fffc000 -> 0080248000 (PteFlags(VALID | R | W | USER | A | D))
    000000000fffd000 -> 008027a000 (PteFlags(VALID | R | W | USER | A | D))
    000000000fffe000 -> 008027b000 (PteFlags(VALID | R | W | USER | A | D))
    000000000ffff000 -> 008027c000 (PteFlags(VALID | R | W | USER | A | D))
End of map
terminate_process: 428
[!] Terminating process with PID 428
[pid 3] [kernel-half] a load at its own context page faulted with cause 13
PROGRAM HALT: CPU Exception on PID 129: Store page fault of 0xff800000 at 0x00013afa
Current thread 1:
Thread 1:
PC:00013afa   SP:0ffffff0   RA:00000000
GP:00000000   TP:00000000
T0:00000000   T1:00000000   T2:00000000
T3:00000000   T4:00000000   T5:00000000   T6:00000000
S0:00000000   S1:00000000   S2:00000000   S3:00000000
S4:00000000   S5:00000000   S6:00000000   S7:00000000
S8:00000000   S9:00000000  S10:00000000  S11:00000000
A0:00000001   A1:ff800000   A2:00000001   A3:00000000
A4:00000000   A5:0f000008   A6:00000040   A7:00000018
Memory Maps for satp 0xa0480238:
    0000000000010000 -> 008023c000 (PteFlags(VALID | R | USER | A | D))
    0000000000011000 -> 008023d000 (PteFlags(VALID | R | X | USER | A | D))
    0000000000012000 -> 008023e000 (PteFlags(VALID | R | X | USER | A | D))
    0000000000013000 -> 008023f000 (PteFlags(VALID | R | X | USER | A | D))
    0000000000014000 -> 0080240000 (PteFlags(VALID | R | X | USER | A | D))
    0000000000015000 -> 0080241000 (PteFlags(VALID | R | X | USER | A | D))
    0000000000016000 -> 0080242000 (PteFlags(VALID | R | W | USER | A | D))
    000000000f000000 -> 008027e000 (PteFlags(VALID | R | USER | A | D))
    000000000fff8000 -> 0080244000 (PteFlags(VALID | R | W | USER | A | D))
    000000000fff9000 -> 0080245000 (PteFlags(VALID | R | W | USER | A | D))
    000000000fffa000 -> 0080246000 (PteFlags(VALID | R | W | USER | A | D))
    000000000fffb000 -> 0080247000 (PteFlags(VALID | R | W | USER | A | D))
    000000000fffc000 -> 0080248000 (PteFlags(VALID | R | W | USER | A | D))
    000000000fffd000 -> 008027a000 (PteFlags(VALID | R | W | USER | A | D))
    000000000fffe000 -> 008027b000 (PteFlags(VALID | R | W | USER | A | D))
    000000000ffff000 -> 008027c000 (PteFlags(VALID | R | W | USER | A | D))
End of map
terminate_process: 129
[!] Terminating process with PID 129
[pid 3] [kernel-half] a store at its own context page faulted with cause 15
PROGRAM HALT: CPU Exception on PID 73: Load page fault of 0xffd00000 at 0x00013ae8
Current thread 1:
Thread 1:
PC:00013ae8   SP:0ffffff0   RA:00000000
GP:00000000   TP:00000000
T0:00000000   T1:00000000   T2:00000000
T3:00000000   T4:00000000   T5:00000000   T6:00000000
S0:00000000   S1:00000000   S2:00000000   S3:00000000
S4:00000000   S5:00000000   S6:00000000   S7:00000000
S8:00000000   S9:00000000  S10:00000000  S11:00000000
A0:00000000   A1:ffd00000   A2:00000040   A3:00000000
A4:00000000   A5:0f000008   A6:00000040   A7:00000018
Memory Maps for satp 0x92480238:
    0000000000010000 -> 008023c000 (PteFlags(VALID | R | USER | A | D))
    0000000000011000 -> 008023d000 (PteFlags(VALID | R | X | USER | A | D))
    0000000000012000 -> 008023e000 (PteFlags(VALID | R | X | USER | A | D))
    0000000000013000 -> 008023f000 (PteFlags(VALID | R | X | USER | A | D))
    0000000000014000 -> 0080240000 (PteFlags(VALID | R | X | USER | A | D))
    0000000000015000 -> 0080241000 (PteFlags(VALID | R | X | USER | A | D))
    0000000000016000 -> 0080242000 (PteFlags(VALID | R | W | USER | A | D))
    000000000f000000 -> 008027e000 (PteFlags(VALID | R | USER | A | D))
    000000000fff8000 -> 0080244000 (PteFlags(VALID | R | W | USER | A | D))
    000000000fff9000 -> 0080245000 (PteFlags(VALID | R | W | USER | A | D))
    000000000fffa000 -> 0080246000 (PteFlags(VALID | R | W | USER | A | D))
    000000000fffb000 -> 0080247000 (PteFlags(VALID | R | W | USER | A | D))
    000000000fffc000 -> 0080248000 (PteFlags(VALID | R | W | USER | A | D))
    000000000fffd000 -> 008027a000 (PteFlags(VALID | R | W | USER | A | D))
    000000000fffe000 -> 008027b000 (PteFlags(VALID | R | W | USER | A | D))
    000000000ffff000 -> 008027c000 (PteFlags(VALID | R | W | USER | A | D))
End of map
terminate_process: 73
[!] Terminating process with PID 73
[pid 3] [kernel-half] a load at the kernel text faulted with cause 13
!!! Unrecognized exception: InstructionPageFault(ffd00000, ffd00000)
PROGRAM HALT: CPU Exception on PID 363: Instruction page fault of 0xffd00000 at 0xffd00000
Current thread 1:
Thread 1:
PC:ffd00000   SP:0ffffff0   RA:00000000
GP:00000000   TP:00000000
T0:00000000   T1:00000000   T2:00000000
T3:00000000   T4:00000000   T5:00000000   T6:00000000
S0:00000000   S1:00000000   S2:00000000   S3:00000000
S4:00000000   S5:00000000   S6:00000000   S7:00000000
S8:00000000   S9:00000000  S10:00000000  S11:00000000
A0:00000002   A1:ffd00000   A2:00000001   A3:00000000
A4:00000000   A5:0f000008   A6:00000040   A7:00000018
Memory Maps for satp 0xdac80238:
    0000000000010000 -> 008023c000 (PteFlags(VALID | R | USER | A | D))
    0000000000011000 -> 008023d000 (PteFlags(VALID | R | X | USER | A | D))
    0000000000012000 -> 008023e000 (PteFlags(VALID | R | X | USER | A | D))
    0000000000013000 -> 008023f000 (PteFlags(VALID | R | X | USER | A | D))
    0000000000014000 -> 0080240000 (PteFlags(VALID | R | X | USER | A | D))
    0000000000015000 -> 0080241000 (PteFlags(VALID | R | X | USER | A | D))
    0000000000016000 -> 0080242000 (PteFlags(VALID | R | W | USER | A | D))
    000000000f000000 -> 008027e000 (PteFlags(VALID | R | USER | A | D))
    000000000fff8000 -> 0080244000 (PteFlags(VALID | R | W | USER | A | D))
    000000000fff9000 -> 0080245000 (PteFlags(VALID | R | W | USER | A | D))
    000000000fffa000 -> 0080246000 (PteFlags(VALID | R | W | USER | A | D))
    000000000fffb000 -> 0080247000 (PteFlags(VALID | R | W | USER | A | D))
    000000000fffc000 -> 0080248000 (PteFlags(VALID | R | W | USER | A | D))
    000000000fffd000 -> 008027a000 (PteFlags(VALID | R | W | USER | A | D))
    000000000fffe000 -> 008027b000 (PteFlags(VALID | R | W | USER | A | D))
    000000000ffff000 -> 008027c000 (PteFlags(VALID | R | W | USER | A | D))
End of map
terminate_process: 363
[!] Terminating process with PID 363
[pid 3] [kernel-half] a fetch at the kernel text faulted with cause 12
[server] done: reported by pid 3; still serving
system_reset: PowerOff asked for by PID 2
