
loader: Redoubt rv32 loader, boot hart 0
  1 hart(s), timebase 10000000 Hz
  ram: 0x80000000..0x90000000 (256 MiB)
  bundle: 0x88200000..0x882df640
  devices: 14 mmio (8 dma), 10 irq, console 0x10000000
  plic: 0xc000000, S-mode context 1
  rng-seed: 32 bytes
  bundle signature ok (914944 bytes)
  PID 1: kernel -> 0xffd00000
  PID 2: launcher-orphan -> 0x158e8
  bundle mapped read-only at 0x20000000 (915008 bytes)
  252 MiB free, entering kernel
Kernel arguments:
    XArg (67724158, 28 bytes): 00000123 00000002 80000000 00000000 10000000 00000000 6d617273
    MREx (7845524d, 384 bytes): 10100000 00000000 00001000 00000000 632d7766 00000000 20000000 00000000 02000000 00000000 73616c66 00000000 00101000 00000000 00001000 00000000 40637472 00000000 10000000 00000000 00001000 00000000 69726573 00000000 00100000 00000000 00001000 00000000 74736574 00000000 10008000 00000000 00001000 00000000 74726976 00000000 10007000 00000000 00001000 00000000 74726976 00000000 10006000 00000000 00001000 00000000 74726976 00000000 10005000 00000000 00001000 00000000 74726976 00000000 10004000 00000000 00001000 00000000 74726976 00000000 10003000 00000000 00001000 00000000 74726976 00000000 10002000 00000000 00001000 00000000 74726976 00000000 10001000 00000000 00001000 00000000 74726976 00000000 0c000000 00000000 00600000 00000000 63696c70 00000000 02000000 00000000 00010000 00000000 6e696c63 00000000 30000000 00000000 10000000 00000000 40696370 00000000
    Ctrl (6c727443, 32 bytes): 0c000000 00000000 00600000 00000000 02000000 00000000 00010000 00000000
    Devs (73766544, 600 bytes): 00000003 00000000 00000000 00000000 00000000 00000000 00000001 10000000 00000000 00001000 00000000 00000000 00000002 0000000a 00000000 00000000 00000000 00000000 00000001 10100000 00000000 00001000 00000000 00000000 00000001 20000000 00000000 02000000 00000000 00000000 00000001 00101000 00000000 00001000 00000000 00000000 00000001 00100000 00000000 00001000 00000000 00000000 00000001 10008000 00000000 00001000 00000000 00000001 00000001 10007000 00000000 00001000 00000000 00000001 00000001 10006000 00000000 00001000 00000000 00000001 00000001 10005000 00000000 00001000 00000000 00000001 00000001 10004000 00000000 00001000 00000000 00000001 00000001 10003000 00000000 00001000 00000000 00000001 00000001 10002000 00000000 00001000 00000000 00000001 00000001 10001000 00000000 00001000 00000000 00000001 00000001 30000000 00000000 10000000 00000000 00000000 00000002 00000001 00000000 00000000 00000000 00000000 00000002 00000002 00000000 00000000 00000000 00000000 00000002 00000003 00000000 00000000 00000000 00000000 00000002 00000004 00000000 00000000 00000000 00000000 00000002 00000005 00000000 00000000 00000000 00000000 00000002 00000006 00000000 00000000 00000000 00000000 00000002 00000007 00000000 00000000 00000000 00000000 00000002 00000008 00000000 00000000 00000000 00000000 00000002 0000000b 00000000 00000000 00000000 00000000
    Plic (63696c50, 24 bytes): 0c000000 00000000 00600000 00000000 00000001 00000000
    Seed (64656553, 32 bytes): 70f83ccf ee16fc92 2e994a6c 66870f2c 071fbf30 80a2e1a4 d6057d9d 156ff836
    Time (656d6954, 8 bytes): 00989680 00000000
asid: 9 bits
Devices: 25 objects, all held by init
Budgets: root 63732 pages (1272 kept for init), system 15614, users 46844
W^X verified: 41 executable kernel pages, none writable under any alias
Kernel RNG seeded from the loader (32 bytes)
KMAIN (clean boot): Supervisor mode started...
kernel: checks on (debug assertions, overflow checks)


[launcher-orphan] starting
[launcher-orphan] ok: L minted C's connection under its own; the server holds 2
PROGRAM HALT: CPU Exception on PID 453: Store page fault of 0x7ffefef0 at 0x00012b5e
Current thread 1:
Thread 1:
PC:00012b5e   SP:7ffefce0   RA:00012b9a
GP:00000000   TP:00000000
T0:7fff0310   T1:00000000   T2:00000000
T3:00000010   T4:00000002   T5:7fff0310   T6:00000002
S0:00000000   S1:0000003d   S2:7fff0110   S3:00000002
S4:7ffffcd0   S5:00000001   S6:000000ff   S7:0000000a
S8:000000fe   S9:00000002  S10:00000000  S11:0000002f
A0:7ffefef0   A1:7fff00f0   A2:0000003d   A3:7fff0310
A4:7fff0310   A5:00000000   A6:00000200   A7:00000200
Memory Maps for satp 0xf148024a:
    0000000000010000 -> 00802c1000 (PteFlags(VALID | R | USER | A | D))
    0000000000011000 -> 00802c2000 (PteFlags(VALID | R | USER | A | D))
    0000000000012000 -> 00802c3000 (PteFlags(VALID | R | X | USER | A | D))
    0000000000013000 -> 00802c4000 (PteFlags(VALID | R | X | USER | A | D))
    0000000000014000 -> 00802c5000 (PteFlags(VALID | R | X | USER | A | D))
    0000000000015000 -> 00802c6000 (PteFlags(VALID | R | X | USER | A | D))
    0000000000016000 -> 00802c7000 (PteFlags(VALID | R | X | USER | A | D))
    0000000000017000 -> 00802c8000 (PteFlags(VALID | R | X | USER | A | D))
    0000000000018000 -> 00802c9000 (PteFlags(VALID | R | W | USER | A | D))
    000000001ff00000 -> 008024e000 (PteFlags(VALID | R | X | USER | A | D))
    000000001ff01000 -> 008024f000 (PteFlags(VALID | R | X | USER | A | D))
    000000001ff02000 -> 0080250000 (PteFlags(VALID | R | X | USER | A | D))
    0000000060000000 -> 0080252000 (PteFlags(VALID | R | W | USER | A | D))
    0000000060001000 -> 0080254000 (PteFlags(VALID | R | W | USER | A | D))
    000000007ff00000 -> 00802be000 (PteFlags(VALID | R | USER | A | D))
    000000007fff0000 -> 00802ad000 (PteFlags(VALID | R | W | USER | A | D))
    000000007fff1000 -> 00802ae000 (PteFlags(VALID | R | W | USER | A | D))
    000000007fff2000 -> 00802af000 (PteFlags(VALID | R | W | USER | A | D))
    000000007fff3000 -> 00802b0000 (PteFlags(VALID | R | W | USER | A | D))
    000000007fff4000 -> 00802b1000 (PteFlags(VALID | R | W | USER | A | D))
    000000007fff5000 -> 00802b2000 (PteFlags(VALID | R | W | USER | A | D))
    000000007fff6000 -> 00802b3000 (PteFlags(VALID | R | W | USER | A | D))
    000000007fff7000 -> 00802b4000 (PteFlags(VALID | R | W | USER | A | D))
    000000007fff8000 -> 00802b5000 (PteFlags(VALID | R | W | USER | A | D))
    000000007fff9000 -> 00802b6000 (PteFlags(VALID | R | W | USER | A | D))
    000000007fffa000 -> 00802b7000 (PteFlags(VALID | R | W | USER | A | D))
    000000007fffb000 -> 00802b8000 (PteFlags(VALID | R | W | USER | A | D))
    000000007fffc000 -> 00802b9000 (PteFlags(VALID | R | W | USER | A | D))
    000000007fffd000 -> 00802ba000 (PteFlags(VALID | R | W | USER | A | D))
    000000007fffe000 -> 00802bb000 (PteFlags(VALID | R | W | USER | A | D))
    000000007ffff000 -> 00802bc000 (PteFlags(VALID | R | W | USER | A | D))
End of map
terminate_process: 453
[!] Terminating process with PID 453
[launcher-orphan] ok: L faulted and its grants were released; the server holds 0
[launcher-orphan] trace: C, still running, says its next attach was refused
[launcher-orphan] LAUNCHER ORPHAN TEST PASSED
system_reset: PowerOff asked for by PID 2
