
loader: Redoubt rv32 loader, boot hart 0
  1 hart(s), timebase 10000000 Hz
  ram: 0x80000000..0x90000000 (256 MiB)
  bundle: 0x88200000..0x882a5840
  devices: 14 mmio (8 dma), 10 irq, console 0x10000000
  plic: 0xc000000, S-mode context 1
  rng-seed: 32 bytes
  bundle signature ok (677888 bytes)
  PID 1: kernel -> 0xffd00000
  PID 2: log-server -> 0x16e36
  bundle mapped read-only at 0x20000000 (677952 bytes)
  252 MiB free, entering kernel
Kernel arguments:
    XArg (67724158, 28 bytes): 00000123 00000002 80000000 00000000 10000000 00000000 6d617273
    MREx (7845524d, 384 bytes): 10100000 00000000 00001000 00000000 632d7766 00000000 20000000 00000000 02000000 00000000 73616c66 00000000 00101000 00000000 00001000 00000000 40637472 00000000 10000000 00000000 00001000 00000000 69726573 00000000 00100000 00000000 00001000 00000000 74736574 00000000 10008000 00000000 00001000 00000000 74726976 00000000 10007000 00000000 00001000 00000000 74726976 00000000 10006000 00000000 00001000 00000000 74726976 00000000 10005000 00000000 00001000 00000000 74726976 00000000 10004000 00000000 00001000 00000000 74726976 00000000 10003000 00000000 00001000 00000000 74726976 00000000 10002000 00000000 00001000 00000000 74726976 00000000 10001000 00000000 00001000 00000000 74726976 00000000 0c000000 00000000 00600000 00000000 63696c70 00000000 02000000 00000000 00010000 00000000 6e696c63 00000000 30000000 00000000 10000000 00000000 40696370 00000000
    Ctrl (6c727443, 32 bytes): 0c000000 00000000 00600000 00000000 02000000 00000000 00010000 00000000
    Devs (73766544, 600 bytes): 00000003 00000000 00000000 00000000 00000000 00000000 00000001 10000000 00000000 00001000 00000000 00000000 00000002 0000000a 00000000 00000000 00000000 00000000 00000001 10100000 00000000 00001000 00000000 00000000 00000001 20000000 00000000 02000000 00000000 00000000 00000001 00101000 00000000 00001000 00000000 00000000 00000001 00100000 00000000 00001000 00000000 00000000 00000001 10008000 00000000 00001000 00000000 00000001 00000001 10007000 00000000 00001000 00000000 00000001 00000001 10006000 00000000 00001000 00000000 00000001 00000001 10005000 00000000 00001000 00000000 00000001 00000001 10004000 00000000 00001000 00000000 00000001 00000001 10003000 00000000 00001000 00000000 00000001 00000001 10002000 00000000 00001000 00000000 00000001 00000001 10001000 00000000 00001000 00000000 00000001 00000001 30000000 00000000 10000000 00000000 00000000 00000002 00000001 00000000 00000000 00000000 00000000 00000002 00000002 00000000 00000000 00000000 00000000 00000002 00000003 00000000 00000000 00000000 00000000 00000002 00000004 00000000 00000000 00000000 00000000 00000002 00000005 00000000 00000000 00000000 00000000 00000002 00000006 00000000 00000000 00000000 00000000 00000002 00000007 00000000 00000000 00000000 00000000 00000002 00000008 00000000 00000000 00000000 00000000 00000002 0000000b 00000000 00000000 00000000 00000000
    Plic (63696c50, 24 bytes): 0c000000 00000000 00600000 00000000 00000001 00000000
    Seed (64656553, 32 bytes): e0a34af9 8a61ffe2 01083277 48c3b5db 2b00b1a0 7d2f7a6b 74eb8617 9e6a891f
    Time (656d6954, 8 bytes): 00989680 00000000
asid: 9 bits
Devices: 25 objects, all held by init
Budgets: root 63732 pages (1211 kept for init), system 15629, users 46890
W^X verified: 41 executable kernel pages, none writable under any alias
Kernel RNG seeded from the loader (32 bytes)
KMAIN (clean boot): Supervisor mode started...
kernel: checks on (debug assertions, overflow checks)

[server] PID 2 up
[server] holding the console irq
[server] started lender-touches-lent as pid 3
[server] PID 2 listening
PROGRAM HALT: CPU Exception on PID 186: Load page fault of 0x60000004 at 0x00013c48
Current thread 2:
Thread 2:
PC:00013c48   SP:60004f08   RA:00013c44
GP:00000000   TP:00000000
T0:60004b90   T1:00000000   T2:00000000
T3:00000000   T4:00000000   T5:60004b60   T6:00000000
S0:00000000   S1:60000000   S2:00000000   S3:00000000
S4:00000000   S5:00000000   S6:00000000   S7:00000000
S8:00000000   S9:00000000  S10:00000000  S11:00000000
A0:ffffffff   A1:000000ff   A2:60004b60   A3:00000000
A4:00000000   A5:00000000   A6:00000040   A7:00000040
Memory Maps for satp 0xae880239:
    0000000000010000 -> 008023d000 (PteFlags(VALID | R | USER | A | D))
    0000000000011000 -> 008023e000 (PteFlags(VALID | R | X | USER | A | D))
    0000000000012000 -> 008023f000 (PteFlags(VALID | R | X | USER | A | D))
    0000000000013000 -> 0080240000 (PteFlags(VALID | R | X | USER | A | D))
    0000000000014000 -> 0080241000 (PteFlags(VALID | R | X | USER | A | D))
    0000000000015000 -> 0080242000 (PteFlags(VALID | R | X | USER | A | D))
    0000000000016000 -> 0080243000 (PteFlags(VALID | R | W | USER | A | D))
    000000000f000000 -> 008027f000 (PteFlags(VALID | R | USER | A | D))
    000000000fff8000 -> 0080245000 (PteFlags(VALID | R | W | USER | A | D))
    000000000fff9000 -> 0080246000 (PteFlags(VALID | R | W | USER | A | D))
    000000000fffa000 -> 0080247000 (PteFlags(VALID | R | W | USER | A | D))
    000000000fffb000 -> 0080248000 (PteFlags(VALID | R | W | USER | A | D))
    000000000fffc000 -> 008027a000 (PteFlags(VALID | R | W | USER | A | D))
    000000000fffd000 -> 008027b000 (PteFlags(VALID | R | W | USER | A | D))
    000000000fffe000 -> 008027c000 (PteFlags(VALID | R | W | USER | A | D))
    000000000ffff000 -> 008027d000 (PteFlags(VALID | R | W | USER | A | D))
    0000000060000000 -> 0080283000 (PteFlags(R | W | USER | A | D | S))
    0000000060001000 -> 0080285000 (PteFlags(VALID | R | W | USER | A | D))
    0000000060002000 -> 0080286000 (PteFlags(VALID | R | W | USER | A | D))
    0000000060003000 -> 0080287000 (PteFlags(VALID | R | W | USER | A | D))
    0000000060004000 -> 0080288000 (PteFlags(VALID | R | W | USER | A | D))
End of map
terminate_process: 186
[!] Terminating process with PID 186
[pid 3] [lender] a load of its own lent page faulted with cause 13
[pid 3] [lender] the borrower's page after the lender's load: intact true
PROGRAM HALT: CPU Exception on PID 482: Store page fault of 0x60000004 at 0x00013c58
Current thread 2:
Thread 2:
PC:00013c58   SP:60004f08   RA:00013c44
GP:00000000   TP:00000000
T0:60004b90   T1:00000000   T2:00000000
T3:00000000   T4:00000000   T5:60004b60   T6:00000000
S0:00000001   S1:60000000   S2:00000000   S3:00000000
S4:00000000   S5:00000000   S6:00000000   S7:00000000
S8:00000000   S9:00000000  S10:00000000  S11:00000000
A0:ffffe182   A1:000000ff   A2:60004b60   A3:00000000
A4:00000000   A5:00000000   A6:00000040   A7:00000040
Memory Maps for satp 0xf8880239:
    0000000000010000 -> 008023d000 (PteFlags(VALID | R | USER | A | D))
    0000000000011000 -> 008023e000 (PteFlags(VALID | R | X | USER | A | D))
    0000000000012000 -> 008023f000 (PteFlags(VALID | R | X | USER | A | D))
    0000000000013000 -> 0080240000 (PteFlags(VALID | R | X | USER | A | D))
    0000000000014000 -> 0080241000 (PteFlags(VALID | R | X | USER | A | D))
    0000000000015000 -> 0080242000 (PteFlags(VALID | R | X | USER | A | D))
    0000000000016000 -> 0080243000 (PteFlags(VALID | R | W | USER | A | D))
    000000000f000000 -> 008027f000 (PteFlags(VALID | R | USER | A | D))
    000000000fff8000 -> 0080245000 (PteFlags(VALID | R | W | USER | A | D))
    000000000fff9000 -> 0080246000 (PteFlags(VALID | R | W | USER | A | D))
    000000000fffa000 -> 0080247000 (PteFlags(VALID | R | W | USER | A | D))
    000000000fffb000 -> 0080248000 (PteFlags(VALID | R | W | USER | A | D))
    000000000fffc000 -> 008027a000 (PteFlags(VALID | R | W | USER | A | D))
    000000000fffd000 -> 008027b000 (PteFlags(VALID | R | W | USER | A | D))
    000000000fffe000 -> 008027c000 (PteFlags(VALID | R | W | USER | A | D))
    000000000ffff000 -> 008027d000 (PteFlags(VALID | R | W | USER | A | D))
    0000000060000000 -> 0080283000 (PteFlags(R | W | USER | A | D | S))
    0000000060001000 -> 0080285000 (PteFlags(VALID | R | W | USER | A | D))
    0000000060002000 -> 0080286000 (PteFlags(VALID | R | W | USER | A | D))
    0000000060003000 -> 0080287000 (PteFlags(VALID | R | W | USER | A | D))
    0000000060004000 -> 0080288000 (PteFlags(VALID | R | W | USER | A | D))
End of map
terminate_process: 482
[!] Terminating process with PID 482
[pid 3] [lender] a store of its own lent page faulted with cause 15
[pid 3] [lender] the borrower's page after the lender's store: intact true
[server] done: reported by pid 3; still serving
system_reset: PowerOff asked for by PID 2
