
loader: Redoubt rv64 loader, boot hart 0
  1 hart(s), timebase 10000000 Hz
  ram: 0x80000000..0x90000000 (256 MiB)
  bundle: 0x88200000..0x882a5840
  devices: 14 mmio (8 dma), 10 irq, console 0x10000000
  plic: 0xc000000, S-mode context 1
  rng-seed: 32 bytes
  bundle signature ok (677888 bytes)
  PID 1: kernel -> 0xffffffffffd00000
  PID 2: map-fixed-attack -> 0x1521c
  bundle mapped read-only at 0x20000000 (677952 bytes)
  252 MiB free, entering kernel
Kernel arguments:
    XArg (67724158, 28 bytes): 00000123 00000002 80000000 00000000 10000000 00000000 6d617273
    MREx (7845524d, 384 bytes): 10100000 00000000 00001000 00000000 632d7766 00000000 20000000 00000000 02000000 00000000 73616c66 00000000 00101000 00000000 00001000 00000000 40637472 00000000 10000000 00000000 00001000 00000000 69726573 00000000 00100000 00000000 00001000 00000000 74736574 00000000 10008000 00000000 00001000 00000000 74726976 00000000 10007000 00000000 00001000 00000000 74726976 00000000 10006000 00000000 00001000 00000000 74726976 00000000 10005000 00000000 00001000 00000000 74726976 00000000 10004000 00000000 00001000 00000000 74726976 00000000 10003000 00000000 00001000 00000000 74726976 00000000 10002000 00000000 00001000 00000000 74726976 00000000 10001000 00000000 00001000 00000000 74726976 00000000 0c000000 00000000 00600000 00000000 63696c70 00000000 02000000 00000000 00010000 00000000 6e696c63 00000000 30000000 00000000 10000000 00000000 40696370 00000000
    Ctrl (6c727443, 32 bytes): 0c000000 00000000 00600000 00000000 02000000 00000000 00010000 00000000
    Devs (73766544, 600 bytes): 00000003 00000000 00000000 00000000 00000000 00000000 00000001 10000000 00000000 00001000 00000000 00000000 00000002 0000000a 00000000 00000000 00000000 00000000 00000001 10100000 00000000 00001000 00000000 00000000 00000001 20000000 00000000 02000000 00000000 00000000 00000001 00101000 00000000 00001000 00000000 00000000 00000001 00100000 00000000 00001000 00000000 00000000 00000001 10008000 00000000 00001000 00000000 00000001 00000001 10007000 00000000 00001000 00000000 00000001 00000001 10006000 00000000 00001000 00000000 00000001 00000001 10005000 00000000 00001000 00000000 00000001 00000001 10004000 00000000 00001000 00000000 00000001 00000001 10003000 00000000 00001000 00000000 00000001 00000001 10002000 00000000 00001000 00000000 00000001 00000001 10001000 00000000 00001000 00000000 00000001 00000001 30000000 00000000 10000000 00000000 00000000 00000002 00000001 00000000 00000000 00000000 00000000 00000002 00000002 00000000 00000000 00000000 00000000 00000002 00000003 00000000 00000000 00000000 00000000 00000002 00000004 00000000 00000000 00000000 00000000 00000002 00000005 00000000 00000000 00000000 00000000 00000002 00000006 00000000 00000000 00000000 00000000 00000002 00000007 00000000 00000000 00000000 00000000 00000002 00000008 00000000 00000000 00000000 00000000 00000002 0000000b 00000000 00000000 00000000 00000000
    Plic (63696c50, 24 bytes): 0c000000 00000000 00600000 00000000 00000001 00000000
    Seed (64656553, 32 bytes): 71014d4d 5666e545 de8f1ff1 9ee8f4a0 7c2684f4 66ac48d6 cd9e34c2 04172488
    Time (656d6954, 8 bytes): 00989680 00000000
asid: 16 bits
Devices: 25 objects, all held by init
Budgets: root 63726 pages (1211 kept for init), system 15628, users 46885
W^X verified: 36 executable kernel pages, none writable under any alias
Kernel RNG seeded from the loader (32 bytes)
KMAIN (clean boot): Supervisor mode started...
kernel: checks on (debug assertions, overflow checks)

[map-fixed] ok: addr unaligned
[map-fixed] ok: nothing charged
[map-fixed] ok: len unaligned
[map-fixed] ok: nothing charged
[map-fixed] ok: len 0
[map-fixed] ok: nothing charged
[map-fixed] ok: addr + len overflows
[map-fixed] ok: nothing charged
[map-fixed] ok: outside user space
[map-fixed] ok: nothing charged
[map-fixed] ok: straddles USER_AREA_END
[map-fixed] ok: nothing charged
[map-fixed] ok: outside user space, empty root slot
[map-fixed] ok: nothing charged
[map-fixed] ok: W+X
[map-fixed] ok: nothing charged
[map-fixed] ok: W without R
[map-fixed] ok: nothing charged
[map-fixed] ok: flags 0
[map-fixed] ok: nothing charged
[map-fixed] ok: own stack page
[map-fixed] ok: nothing charged
[map-fixed] ok: a record on an untouched page
[map-fixed] ok: nothing charged
[map-fixed] ok: untouched stack reservation
[map-fixed] ok: nothing charged
[map-fixed] ok: a map_anon region
[map-fixed] ok: nothing charged
[map-fixed] ok: partial overlap: free, occupied, free
[map-fixed] ok: nothing charged
[map-fixed] ok: partial overlap: occupied, free
[map-fixed] ok: nothing charged
[map-fixed] ok: the lend came back intact
[map-fixed] ok: a lent-in page
[map-fixed] ok: nothing charged
[map-fixed] ok: a lent-out page
[map-fixed] ok: nothing charged
[map-fixed] ok: an exhausted budget is refused
[map-fixed] ok: nothing charged when the budget is exhausted
[map-fixed] ok: pages fit, their page tables do not
[map-fixed] ok: nothing charged
[map-fixed] ok: one page freed
[map-fixed] ok: exactly enough for pages and page tables
[map-fixed] ok: charged 2 pages and their page tables
[map-fixed] ok: a huge len is refused
[map-fixed] ok: nothing charged
[map-fixed] huge len took 93 us
[map-fixed] ok: a huge len is refused within 10 ms
[map-fixed] ok: a huge len over mappings is refused before the overlap walk
[map-fixed] ok: nothing charged
[map-fixed] ok: a huge len over mappings is refused within 10 ms
[map-fixed] unmap of a huge range took 57 us
[map-fixed] ok: a huge range is refused
[map-fixed] ok: nothing changed
[map-fixed] ok: a huge range is refused within 10 ms
[map-fixed] set_flags of a huge range took 91 us
[map-fixed] ok: a huge range is refused
[map-fixed] ok: nothing changed
[map-fixed] ok: a huge range is refused within 10 ms
[map-fixed] process_map of a huge range took 209 us
[map-fixed] ok: a huge range is refused
[map-fixed] ok: nothing changed
[map-fixed] ok: a huge range is refused within 10 ms
[map-fixed] a lend of a huge range took 108 us
[map-fixed] ok: a huge range is refused
[map-fixed] ok: nothing changed
[map-fixed] ok: a huge range is refused within 10 ms
[!] Terminating process with PID 220
[map-fixed] ok: a successful map_fixed charges something
[map-fixed] ok: a fresh page reads zero
[map-fixed] ok: the page is writable
[map-fixed] ok: unmap returns usage to baseline
[map-fixed] ok: map_fixed(0, ...) charges something
[map-fixed] ok: a second map_fixed(0, ...) overlaps
[map-fixed] ok: nothing charged
[map-fixed] ok: unmap page 0 returns usage to baseline
[map-fixed] ok: map_anon still succeeds with the last page mapped
[map-fixed] ok: map_anon still succeeds after an unrelated map_fixed
PROGRAM HALT: CPU Exception on PID 131: Store page fault of 0x50050000 at 0x000173ee
Current thread 1:
Thread 1:
PC:000173ee   SP:0fffff90   RA:000173ce
GP:00000000   TP:00000000
T0:00000000   T1:00000000   T2:00000000
T3:00000000   T4:00000000   T5:00000000   T6:00000000
S0:50050000   S1:00000000   S2:00000000   S3:00000000
S4:00000000   S5:00000000   S6:00000000   S7:00000000
S8:00000000   S9:00000000  S10:00000000  S11:00000000
A0:50050000   A1:00000001   A2:00000000   A3:00000000
A4:00000005   A5:00000000   A6:00000000   A7:00000000
Memory Maps for satp 0x800830000008022a:
    0000000000010000 -> 0080235000 (PteFlags(VALID | R | USER | A | D))
    0000000000011000 -> 0080236000 (PteFlags(VALID | R | USER | A | D))
    0000000000012000 -> 0080237000 (PteFlags(VALID | R | USER | A | D))
    0000000000013000 -> 0080238000 (PteFlags(VALID | R | X | USER | A | D))
    0000000000014000 -> 0080239000 (PteFlags(VALID | R | X | USER | A | D))
    0000000000015000 -> 008023a000 (PteFlags(VALID | R | X | USER | A | D))
    0000000000016000 -> 008023b000 (PteFlags(VALID | R | X | USER | A | D))
    0000000000017000 -> 008023c000 (PteFlags(VALID | R | X | USER | A | D))
    0000000000018000 -> 008023d000 (PteFlags(VALID | R | X | USER | A | D))
    0000000000019000 -> 008023e000 (PteFlags(VALID | R | W | USER | A | D))
    000000000fff8000 -> 0080241000 (PteFlags(VALID | R | W | USER | A | D))
    000000000fff9000 -> 0080242000 (PteFlags(VALID | R | W | USER | A | D))
    000000000fffa000 -> 0080243000 (PteFlags(VALID | R | W | USER | A | D))
    000000000fffb000 -> 0080244000 (PteFlags(VALID | R | W | USER | A | D))
    000000000fffc000 -> 0080245000 (PteFlags(VALID | R | W | USER | A | D))
    000000000fffd000 -> 0080246000 (PteFlags(VALID | R | W | USER | A | D))
    000000000fffe000 -> 0080247000 (PteFlags(VALID | R | W | USER | A | D))
    000000000ffff000 -> 0080248000 (PteFlags(VALID | R | W | USER | A | D))
    0000000050050000 -> 008024d000 (PteFlags(VALID | R | USER | A | D))
End of map
terminate_process: 131
[!] Terminating process with PID 131
[map-fixed] ok: a write to an R-only page faults
[map-fixed] MAP-FIXED ATTACK TEST PASSED
system_reset: PowerOff asked for by PID 2
