
loader: Redoubt rv64 loader, boot hart 0
  1 hart(s), timebase 10000000 Hz
  ram: 0x80000000..0x90000000 (256 MiB)
  bundle: 0x88200000..0x883ee840
  devices: 14 mmio (8 dma), 10 irq, console 0x10000000
  plic: 0xc000000, S-mode context 1
  rng-seed: 32 bytes
  bundle signature ok (2025472 bytes)
  PID 1: kernel -> 0xffffffffffd00000
  PID 2: init -> 0x1b96e
  bundle mapped read-only at 0x20000000 (2025536 bytes)
  250 MiB free, entering kernel
Kernel arguments:
    XArg (67724158, 28 bytes): 00000123 00000002 80000000 00000000 10000000 00000000 6d617273
    MREx (7845524d, 384 bytes): 10100000 00000000 00001000 00000000 632d7766 00000000 20000000 00000000 02000000 00000000 73616c66 00000000 00101000 00000000 00001000 00000000 40637472 00000000 10000000 00000000 00001000 00000000 69726573 00000000 00100000 00000000 00001000 00000000 74736574 00000000 10008000 00000000 00001000 00000000 74726976 00000000 10007000 00000000 00001000 00000000 74726976 00000000 10006000 00000000 00001000 00000000 74726976 00000000 10005000 00000000 00001000 00000000 74726976 00000000 10004000 00000000 00001000 00000000 74726976 00000000 10003000 00000000 00001000 00000000 74726976 00000000 10002000 00000000 00001000 00000000 74726976 00000000 10001000 00000000 00001000 00000000 74726976 00000000 0c000000 00000000 00600000 00000000 63696c70 00000000 02000000 00000000 00010000 00000000 6e696c63 00000000 30000000 00000000 10000000 00000000 40696370 00000000
    Ctrl (6c727443, 32 bytes): 0c000000 00000000 00600000 00000000 02000000 00000000 00010000 00000000
    Devs (73766544, 600 bytes): 00000003 00000000 00000000 00000000 00000000 00000000 00000001 10000000 00000000 00001000 00000000 00000000 00000002 0000000a 00000000 00000000 00000000 00000000 00000001 10100000 00000000 00001000 00000000 00000000 00000001 20000000 00000000 02000000 00000000 00000000 00000001 00101000 00000000 00001000 00000000 00000000 00000001 00100000 00000000 00001000 00000000 00000000 00000001 10008000 00000000 00001000 00000000 00000001 00000001 10007000 00000000 00001000 00000000 00000001 00000001 10006000 00000000 00001000 00000000 00000001 00000001 10005000 00000000 00001000 00000000 00000001 00000001 10004000 00000000 00001000 00000000 00000001 00000001 10003000 00000000 00001000 00000000 00000001 00000001 10002000 00000000 00001000 00000000 00000001 00000001 10001000 00000000 00001000 00000000 00000001 00000001 30000000 00000000 10000000 00000000 00000000 00000002 00000001 00000000 00000000 00000000 00000000 00000002 00000002 00000000 00000000 00000000 00000000 00000002 00000003 00000000 00000000 00000000 00000000 00000002 00000004 00000000 00000000 00000000 00000000 00000002 00000005 00000000 00000000 00000000 00000000 00000002 00000006 00000000 00000000 00000000 00000000 00000002 00000007 00000000 00000000 00000000 00000000 00000002 00000008 00000000 00000000 00000000 00000000 00000002 0000000b 00000000 00000000 00000000 00000000
    Plic (63696c50, 24 bytes): 0c000000 00000000 00600000 00000000 00000001 00000000
    Seed (64656553, 32 bytes): d29679c1 778be179 a13aa8be e27252ac e6b943f3 5ac4780a a8a5f997 9ad2bab7
    Time (656d6954, 8 bytes): 00989680 00000000
asid: 16 bits
Devices: 25 objects, all held by init
Budgets: root 63735 pages (1579 kept for init), system 15538, users 46616
W^X verified: 30 executable kernel pages, none writable under any alias
Kernel RNG seeded from the loader (32 bytes)
KMAIN (clean boot): Supervisor mode started...
init: up
init: the manifest is checked: 9 servers, bound 489 pages
init: started keyd
init: keyd holds none of the 2 keys
init: started consoled, and writes through it
init: started netd, console 2ce39adcabd9e771
init: started ipd, console cb4d9c99084b10f7
init: started judge, console 129b364a4e0e5d06
init: started victim, console 5e156617c636d153
init: started narrow, console 6d11fad8368b4073
init: started any, console e70f2e1c215f53d7
init: started labelled, console 1824ea30e2d9640c
init: holds none of the 11 badges and 7 console connections it handed
init: the boot is done: 9 servers, root holds 330 pages for it, within the bound of 489
[con 129b364a4e0e5d06] judge ipd has a link (1 probes)
[con 129b364a4e0e5d06] judge victim listening on 8000
[con 129b364a4e0e5d06] judge attack outside the prefix to 10.0.9.101:7: outcome 26
[con 129b364a4e0e5d06] judge its control to 10.0.9.110:7: outcome 42
[con 129b364a4e0e5d06] judge attack on the box's own 10.0.9.102:7: outcome 26
[con 129b364a4e0e5d06] judge attack on the box's own 10.0.2.15:8000: outcome 26
[con 129b364a4e0e5d06] judge attack on the box's own 127.0.0.1:8000: outcome 26
[con 129b364a4e0e5d06] judge attack on the box's own 127.1.2.3:8000: outcome 26
[con 129b364a4e0e5d06] judge attack on the box's own 10.0.2.2:8000: outcome 26
[con 129b364a4e0e5d06] judge attack on the box's own 10.0.2.2:22: outcome 26
[con 129b364a4e0e5d06] judge the twin to 10.0.9.111:7: outcome 42
[con 129b364a4e0e5d06] judge the labelled caller reports (information only): not refused 0x0
[con 129b364a4e0e5d06] judge ok: the victim accepted the bench's dial (1)
[con 129b364a4e0e5d06] judge ok: the victim accepted nothing more and still runs
[con 129b364a4e0e5d06] judge TEST PASSED
