
loader: Redoubt rv64 loader, boot hart 0
  1 hart(s), timebase 10000000 Hz
  ram: 0x80000000..0x90000000 (256 MiB)
  bundle: 0x88200000..0x883eea40
  devices: 14 mmio (8 dma), 10 irq, console 0x10000000
  plic: 0xc000000, S-mode context 1
  rng-seed: 32 bytes
  bundle signature ok (2025984 bytes)
  PID 1: kernel -> 0xffffffffffd00000
  PID 2: init -> 0x1b96e
  bundle mapped read-only at 0x20000000 (2026048 bytes)
  250 MiB free, entering kernel
Kernel arguments:
    XArg (67724158, 28 bytes): 00000123 00000002 80000000 00000000 10000000 00000000 6d617273
    MREx (7845524d, 384 bytes): 10100000 00000000 00001000 00000000 632d7766 00000000 20000000 00000000 02000000 00000000 73616c66 00000000 00101000 00000000 00001000 00000000 40637472 00000000 10000000 00000000 00001000 00000000 69726573 00000000 00100000 00000000 00001000 00000000 74736574 00000000 10008000 00000000 00001000 00000000 74726976 00000000 10007000 00000000 00001000 00000000 74726976 00000000 10006000 00000000 00001000 00000000 74726976 00000000 10005000 00000000 00001000 00000000 74726976 00000000 10004000 00000000 00001000 00000000 74726976 00000000 10003000 00000000 00001000 00000000 74726976 00000000 10002000 00000000 00001000 00000000 74726976 00000000 10001000 00000000 00001000 00000000 74726976 00000000 0c000000 00000000 00600000 00000000 63696c70 00000000 02000000 00000000 00010000 00000000 6e696c63 00000000 30000000 00000000 10000000 00000000 40696370 00000000
    Ctrl (6c727443, 32 bytes): 0c000000 00000000 00600000 00000000 02000000 00000000 00010000 00000000
    Devs (73766544, 600 bytes): 00000003 00000000 00000000 00000000 00000000 00000000 00000001 10000000 00000000 00001000 00000000 00000000 00000002 0000000a 00000000 00000000 00000000 00000000 00000001 10100000 00000000 00001000 00000000 00000000 00000001 20000000 00000000 02000000 00000000 00000000 00000001 00101000 00000000 00001000 00000000 00000000 00000001 00100000 00000000 00001000 00000000 00000000 00000001 10008000 00000000 00001000 00000000 00000001 00000001 10007000 00000000 00001000 00000000 00000001 00000001 10006000 00000000 00001000 00000000 00000001 00000001 10005000 00000000 00001000 00000000 00000001 00000001 10004000 00000000 00001000 00000000 00000001 00000001 10003000 00000000 00001000 00000000 00000001 00000001 10002000 00000000 00001000 00000000 00000001 00000001 10001000 00000000 00001000 00000000 00000001 00000001 30000000 00000000 10000000 00000000 00000000 00000002 00000001 00000000 00000000 00000000 00000000 00000002 00000002 00000000 00000000 00000000 00000000 00000002 00000003 00000000 00000000 00000000 00000000 00000002 00000004 00000000 00000000 00000000 00000000 00000002 00000005 00000000 00000000 00000000 00000000 00000002 00000006 00000000 00000000 00000000 00000000 00000002 00000007 00000000 00000000 00000000 00000000 00000002 00000008 00000000 00000000 00000000 00000000 00000002 0000000b 00000000 00000000 00000000 00000000
    Plic (63696c50, 24 bytes): 0c000000 00000000 00600000 00000000 00000001 00000000
    Seed (64656553, 32 bytes): 13d7e962 d0446a39 b9c6ce64 ffddb42a 9eb6c856 12dc7ba6 5fa6b4af 5f90ec7b
    Time (656d6954, 8 bytes): 00989680 00000000
asid: 16 bits
Devices: 25 objects, all held by init
Budgets: root 63735 pages (1579 kept for init), system 15538, users 46616
W^X verified: 30 executable kernel pages, none writable under any alias
Kernel RNG seeded from the loader (32 bytes)
KMAIN (clean boot): Supervisor mode started...
init: up
init: the manifest is checked: 7 servers, bound 461 pages
init: started keyd
init: keyd holds none of the 1 keys
init: started consoled, and writes through it
init: started netd, console beb89a466d9328ae
init: started ipd, console a563fed4a0d8a50c
init: started judge, console cf4b4e6e11cde994
init: started echo, console c857c1c0c8c6370a
init: started again, console 0109d25636d84734
init: holds none of the 8 badges and 5 console connections it handed
init: the boot is done: 7 servers, root holds 315 pages for it, within the bound of 461
[con cf4b4e6e11cde994] judge ipd has a link (1 probes)
[con cf4b4e6e11cde994] judge ok: echo through 10.0.9.100:7 before netd's fault: outcome 0
[con cf4b4e6e11cde994] judge knows netd's instance: poke it
PROGRAM HALT: CPU Exception on PID 292: Load page fault of 0x00000008 at 0x00013268
Current thread 2:
Thread 2:
PC:00013268   SP:6001c340   RA:0001505c
GP:00000000   TP:00000000
T0:000000e8   T1:00000000   T2:00000000
T3:00000002   T4:6001cea0   T5:00000002   T6:00000000
S0:00000006   S1:0000ffff   S2:fffffffffff00001   S3:00000001
S4:6001cd50   S5:00000011   S6:00010000   S7:00000001
S8:6001cd50   S9:00000050  S10:60003000  S11:00000040
A0:00000000   A1:0001055a   A2:00000000   A3:00000065
A4:00000065   A5:00000008   A6:000000e8   A7:6001ceb0
Memory Maps for satp 0x8012400000080354:
    0000000000010000 -> 0080406000 (PteFlags(VALID | R | USER | A | D))
    0000000000011000 -> 0080407000 (PteFlags(VALID | R | USER | A | D))
    0000000000012000 -> 0080408000 (PteFlags(VALID | R | USER | A | D))
    0000000000013000 -> 0080409000 (PteFlags(VALID | R | X | USER | A | D))
    0000000000014000 -> 008040a000 (PteFlags(VALID | R | X | USER | A | D))
    0000000000015000 -> 008040b000 (PteFlags(VALID | R | X | USER | A | D))
    0000000000016000 -> 008040c000 (PteFlags(VALID | R | X | USER | A | D))
    0000000000017000 -> 008040d000 (PteFlags(VALID | R | X | USER | A | D))
    0000000000018000 -> 008040e000 (PteFlags(VALID | R | X | USER | A | D))
    0000000000019000 -> 008040f000 (PteFlags(VALID | R | X | USER | A | D))
    000000000001a000 -> 0080410000 (PteFlags(VALID | R | X | USER | A | D))
    000000000001b000 -> 0080411000 (PteFlags(VALID | R | X | USER | A | D))
    000000000001c000 -> 0080412000 (PteFlags(VALID | R | W | USER | A | D))
    000000001ff00000 -> 008035a000 (PteFlags(VALID | R | X | USER | A | D))
    000000001ff01000 -> 008035b000 (PteFlags(VALID | R | X | USER | A | D))
    000000001ff02000 -> 008035c000 (PteFlags(VALID | R | X | USER | A | D))
    0000000060000000 -> 008035f000 (PteFlags(VALID | R | W | USER | A | D))
    0000000060001000 -> 0080361000 (PteFlags(VALID | R | W | USER | A | D))
    0000000060002000 -> 0010007000 (PteFlags(VALID | R | W | USER | A | D))
    0000000060003000 -> 008fac0000 (PteFlags(VALID | R | W | USER | A | D))
    0000000060004000 -> 008fac1000 (PteFlags(VALID | R | W | USER | A | D))
    0000000060005000 -> 008fac2000 (PteFlags(VALID | R | W | USER | A | D))
    0000000060006000 -> 008fac3000 (PteFlags(VALID | R | W | USER | A | D))
    0000000060007000 -> 008fac4000 (PteFlags(VALID | R | W | USER | A | D))
    0000000060008000 -> 008fac5000 (PteFlags(VALID | R | W | USER | A | D))
    0000000060009000 -> 008fac6000 (PteFlags(VALID | R | W | USER | A | D))
    000000006000a000 -> 008fac7000 (PteFlags(VALID | R | W | USER | A | D))
    000000006000b000 -> 008fac8000 (PteFlags(VALID | R | W | USER | A | D))
    000000006000c000 -> 008fac9000 (PteFlags(VALID | R | W | USER | A | D))
    000000006000d000 -> 008faca000 (PteFlags(VALID | R | W | USER | A | D))
    000000006000e000 -> 008facb000 (PteFlags(VALID | R | W | USER | A | D))
    000000006000f000 -> 008facc000 (PteFlags(VALID | R | W | USER | A | D))
    0000000060010000 -> 008facd000 (PteFlags(VALID | R | W | USER | A | D))
    0000000060011000 -> 008face000 (PteFlags(VALID | R | W | USER | A | D))
    0000000060012000 -> 008facf000 (PteFlags(VALID | R | W | USER | A | D))
    0000000060013000 -> 008fad0000 (PteFlags(VALID | R | W | USER | A | D))
    0000000060014000 -> 008fad1000 (PteFlags(VALID | R | W | USER | A | D))
    0000000060015000 -> 0080362000 (PteFlags(VALID | R | W | USER | A | D))
    0000000060016000 -> 0080363000 (PteFlags(VALID | R | W | USER | A | D))
    0000000060017000 -> 0080364000 (PteFlags(VALID | R | W | USER | A | D))
    0000000060018000 -> 0080365000 (PteFlags(VALID | R | W | USER | A | D))
    0000000060019000 -> 0080366000 (PteFlags(VALID | R | W | USER | A | D))
    000000006001a000 -> 0080367000 (PteFlags(VALID | R | W | USER | A | D))
    000000006001b000 -> 0080368000 (PteFlags(VALID | R | W | USER | A | D))
    000000006001c000 -> 0080369000 (PteFlags(VALID | R | W | USER | A | D))
    000000007ff00000 -> 00803fb000 (PteFlags(VALID | R | USER | A | D))
    000000007fff0000 -> 00803ea000 (PteFlags(VALID | R | W | USER | A | D))
    000000007fff1000 -> 00803eb000 (PteFlags(VALID | R | W | USER | A | D))
    000000007fff2000 -> 00803ec000 (PteFlags(VALID | R | W | USER | A | D))
    000000007fff3000 -> 00803ed000 (PteFlags(VALID | R | W | USER | A | D))
    000000007fff4000 -> 00803ee000 (PteFlags(VALID | R | W | USER | A | D))
    000000007fff5000 -> 00803ef000 (PteFlags(VALID | R | W | USER | A | D))
    000000007fff6000 -> 00803f0000 (PteFlags(VALID | R | W | USER | A | D))
    000000007fff7000 -> 00803f1000 (PteFlags(VALID | R | W | USER | A | D))
    000000007fff8000 -> 00803f2000 (PteFlags(VALID | R | W | USER | A | D))
    000000007fff9000 -> 00803f3000 (PteFlags(VALID | R | W | USER | A | D))
    000000007fffa000 -> 00803f4000 (PteFlags(VALID | R | W | USER | A | D))
    000000007fffb000 -> 00803f5000 (PteFlags(VALID | R | W | USER | A | D))
    000000007fffc000 -> 00803f6000 (PteFlags(VALID | R | W | USER | A | D))
    000000007fffd000 -> 00803f7000 (PteFlags(VALID | R | W | USER | A | D))
    000000007fffe000 -> 00803f8000 (PteFlags(VALID | R | W | USER | A | D))
    000000007ffff000 -> 00803f9000 (PteFlags(VALID | R | W | USER | A | D))
End of map
terminate_process: 292
[!] Terminating process with PID 292
init: netd (PID 292) faulted, code 13, serving nobody, labels none; blamed on nobody: no steward
init: restarted netd, console 123ef6ffd7ee849a
[con cf4b4e6e11cde994] judge a new netd answers
[con cf4b4e6e11cde994] judge ok: echo through 10.0.9.100:7 after netd's restart: outcome 0
[con cf4b4e6e11cde994] judge ok: netd's instance is unchanged since its restart
[con cf4b4e6e11cde994] judge TEST PASSED
