
loader: Redoubt rv32 loader, boot hart 0
  1 hart(s), timebase 10000000 Hz
  ram: 0x80000000..0x90000000 (256 MiB)
  bundle: 0x88200000..0x883e2e40
  devices: 14 mmio (8 dma), 10 irq, console 0x10000000
  plic: 0xc000000, S-mode context 1
  rng-seed: 32 bytes
  bundle signature ok (1977856 bytes)
  PID 1: kernel -> 0xffd00000
  PID 2: init -> 0x19058
  bundle mapped read-only at 0x20000000 (1977920 bytes)
  250 MiB free, entering kernel
Kernel arguments:
    XArg (67724158, 28 bytes): 00000123 00000002 80000000 00000000 10000000 00000000 6d617273
    MREx (7845524d, 384 bytes): 10100000 00000000 00001000 00000000 632d7766 00000000 20000000 00000000 02000000 00000000 73616c66 00000000 00101000 00000000 00001000 00000000 40637472 00000000 10000000 00000000 00001000 00000000 69726573 00000000 00100000 00000000 00001000 00000000 74736574 00000000 10008000 00000000 00001000 00000000 74726976 00000000 10007000 00000000 00001000 00000000 74726976 00000000 10006000 00000000 00001000 00000000 74726976 00000000 10005000 00000000 00001000 00000000 74726976 00000000 10004000 00000000 00001000 00000000 74726976 00000000 10003000 00000000 00001000 00000000 74726976 00000000 10002000 00000000 00001000 00000000 74726976 00000000 10001000 00000000 00001000 00000000 74726976 00000000 0c000000 00000000 00600000 00000000 63696c70 00000000 02000000 00000000 00010000 00000000 6e696c63 00000000 30000000 00000000 10000000 00000000 40696370 00000000
    Ctrl (6c727443, 32 bytes): 0c000000 00000000 00600000 00000000 02000000 00000000 00010000 00000000
    Devs (73766544, 600 bytes): 00000003 00000000 00000000 00000000 00000000 00000000 00000001 10000000 00000000 00001000 00000000 00000000 00000002 0000000a 00000000 00000000 00000000 00000000 00000001 10100000 00000000 00001000 00000000 00000000 00000001 20000000 00000000 02000000 00000000 00000000 00000001 00101000 00000000 00001000 00000000 00000000 00000001 00100000 00000000 00001000 00000000 00000000 00000001 10008000 00000000 00001000 00000000 00000001 00000001 10007000 00000000 00001000 00000000 00000001 00000001 10006000 00000000 00001000 00000000 00000001 00000001 10005000 00000000 00001000 00000000 00000001 00000001 10004000 00000000 00001000 00000000 00000001 00000001 10003000 00000000 00001000 00000000 00000001 00000001 10002000 00000000 00001000 00000000 00000001 00000001 10001000 00000000 00001000 00000000 00000001 00000001 30000000 00000000 10000000 00000000 00000000 00000002 00000001 00000000 00000000 00000000 00000000 00000002 00000002 00000000 00000000 00000000 00000000 00000002 00000003 00000000 00000000 00000000 00000000 00000002 00000004 00000000 00000000 00000000 00000000 00000002 00000005 00000000 00000000 00000000 00000000 00000002 00000006 00000000 00000000 00000000 00000000 00000002 00000007 00000000 00000000 00000000 00000000 00000002 00000008 00000000 00000000 00000000 00000000 00000002 0000000b 00000000 00000000 00000000 00000000
    Plic (63696c50, 24 bytes): 0c000000 00000000 00600000 00000000 00000001 00000000
    Seed (64656553, 32 bytes): 14240754 ce6f0904 634ef621 5f0422ee c71bbe22 b2f6683e 03600fc8 27b347ed
    Time (656d6954, 8 bytes): 00989680 00000000
asid: 9 bits
Devices: 25 objects, all held by init
Budgets: root 63742 pages (1564 kept for init), system 15544, users 46632
W^X verified: 34 executable kernel pages, none writable under any alias
Kernel RNG seeded from the loader (32 bytes)
KMAIN (clean boot): Supervisor mode started...
init: up
init: the manifest is checked: 7 servers, bound 461 pages
init: started keyd
init: keyd holds none of the 1 keys
init: started consoled, and writes through it
init: started netd, console 216a3be06bf6f999
init: started ipd, console 060b1b42e1a8a2ec
init: started judge, console 25cabbe24fc826d5
init: started echo, console 01e2589fd31d4d49
init: started again, console f51cd6344eac8579
init: holds none of the 8 badges and 5 console connections it handed
init: the boot is done: 7 servers, root holds 315 pages for it, within the bound of 461
[con 25cabbe24fc826d5] judge ipd has a link (1 probes)
[con 25cabbe24fc826d5] judge ok: echo through 10.0.9.100:7 before netd's fault: outcome 0
[con 25cabbe24fc826d5] judge knows netd's instance: poke it
PROGRAM HALT: CPU Exception on PID 309: Load page fault of 0x00000008 at 0x00012df2
Current thread 2:
Thread 2:
PC:00012df2   SP:6001c400   RA:00014d4c
GP:00000000   TP:00000000
T0:6001ceec   T1:00000000   T2:00000000
T3:00000000   T4:00000000   T5:6001cee0   T6:00000000
S0:6001cdb0   S1:6001cdb0   S2:00000050   S3:0000ffff
S4:00000040   S5:00000006   S6:00000044   S7:00000011
S8:00000001   S9:00000001  S10:60003000  S11:6001cdb0
A0:00000000   A1:000102c6   A2:00000000   A3:00000065
A4:00000065   A5:00000000   A6:60003030   A7:000000dc
Memory Maps for satp 0xcd480350:
    0000000000010000 -> 0080431000 (PteFlags(VALID | R | USER | A | D))
    0000000000011000 -> 0080432000 (PteFlags(VALID | R | USER | A | D))
    0000000000012000 -> 0080433000 (PteFlags(VALID | R | X | USER | A | D))
    0000000000013000 -> 0080434000 (PteFlags(VALID | R | X | USER | A | D))
    0000000000014000 -> 0080435000 (PteFlags(VALID | R | X | USER | A | D))
    0000000000015000 -> 0080436000 (PteFlags(VALID | R | X | USER | A | D))
    0000000000016000 -> 0080437000 (PteFlags(VALID | R | X | USER | A | D))
    0000000000017000 -> 0080438000 (PteFlags(VALID | R | X | USER | A | D))
    0000000000018000 -> 0080439000 (PteFlags(VALID | R | X | USER | A | D))
    0000000000019000 -> 008043a000 (PteFlags(VALID | R | X | USER | A | D))
    000000000001a000 -> 008043b000 (PteFlags(VALID | R | X | USER | A | D))
    000000000001b000 -> 008043c000 (PteFlags(VALID | R | W | USER | A | D))
    000000001ff00000 -> 0080355000 (PteFlags(VALID | R | X | USER | A | D))
    000000001ff01000 -> 0080356000 (PteFlags(VALID | R | X | USER | A | D))
    000000001ff02000 -> 0080357000 (PteFlags(VALID | R | X | USER | A | D))
    0000000060000000 -> 0080359000 (PteFlags(VALID | R | W | USER | A | D))
    0000000060001000 -> 008035b000 (PteFlags(VALID | R | W | USER | A | D))
    0000000060002000 -> 0010007000 (PteFlags(VALID | R | W | USER | A | D))
    0000000060003000 -> 008faca000 (PteFlags(VALID | R | W | USER | A | D))
    0000000060004000 -> 008facb000 (PteFlags(VALID | R | W | USER | A | D))
    0000000060005000 -> 008facc000 (PteFlags(VALID | R | W | USER | A | D))
    0000000060006000 -> 008facd000 (PteFlags(VALID | R | W | USER | A | D))
    0000000060007000 -> 008face000 (PteFlags(VALID | R | W | USER | A | D))
    0000000060008000 -> 008facf000 (PteFlags(VALID | R | W | USER | A | D))
    0000000060009000 -> 008fad0000 (PteFlags(VALID | R | W | USER | A | D))
    000000006000a000 -> 008fad1000 (PteFlags(VALID | R | W | USER | A | D))
    000000006000b000 -> 008fad2000 (PteFlags(VALID | R | W | USER | A | D))
    000000006000c000 -> 008fad3000 (PteFlags(VALID | R | W | USER | A | D))
    000000006000d000 -> 008fad4000 (PteFlags(VALID | R | W | USER | A | D))
    000000006000e000 -> 008fad5000 (PteFlags(VALID | R | W | USER | A | D))
    000000006000f000 -> 008fad6000 (PteFlags(VALID | R | W | USER | A | D))
    0000000060010000 -> 008fad7000 (PteFlags(VALID | R | W | USER | A | D))
    0000000060011000 -> 008fad8000 (PteFlags(VALID | R | W | USER | A | D))
    0000000060012000 -> 008fad9000 (PteFlags(VALID | R | W | USER | A | D))
    0000000060013000 -> 008fada000 (PteFlags(VALID | R | W | USER | A | D))
    0000000060014000 -> 008fadb000 (PteFlags(VALID | R | W | USER | A | D))
    0000000060015000 -> 008035c000 (PteFlags(VALID | R | W | USER | A | D))
    0000000060016000 -> 008035d000 (PteFlags(VALID | R | W | USER | A | D))
    0000000060017000 -> 008035e000 (PteFlags(VALID | R | W | USER | A | D))
    0000000060018000 -> 008035f000 (PteFlags(VALID | R | W | USER | A | D))
    0000000060019000 -> 0080360000 (PteFlags(VALID | R | W | USER | A | D))
    000000006001a000 -> 0080361000 (PteFlags(VALID | R | W | USER | A | D))
    000000006001b000 -> 0080362000 (PteFlags(VALID | R | W | USER | A | D))
    000000006001c000 -> 0080363000 (PteFlags(VALID | R | W | USER | A | D))
    000000007ff00000 -> 0080426000 (PteFlags(VALID | R | USER | A | D))
    000000007fff0000 -> 0080415000 (PteFlags(VALID | R | W | USER | A | D))
    000000007fff1000 -> 0080416000 (PteFlags(VALID | R | W | USER | A | D))
    000000007fff2000 -> 0080417000 (PteFlags(VALID | R | W | USER | A | D))
    000000007fff3000 -> 0080418000 (PteFlags(VALID | R | W | USER | A | D))
    000000007fff4000 -> 0080419000 (PteFlags(VALID | R | W | USER | A | D))
    000000007fff5000 -> 008041a000 (PteFlags(VALID | R | W | USER | A | D))
    000000007fff6000 -> 008041b000 (PteFlags(VALID | R | W | USER | A | D))
    000000007fff7000 -> 008041c000 (PteFlags(VALID | R | W | USER | A | D))
    000000007fff8000 -> 008041d000 (PteFlags(VALID | R | W | USER | A | D))
    000000007fff9000 -> 008041e000 (PteFlags(VALID | R | W | USER | A | D))
    000000007fffa000 -> 008041f000 (PteFlags(VALID | R | W | USER | A | D))
    000000007fffb000 -> 0080420000 (PteFlags(VALID | R | W | USER | A | D))
    000000007fffc000 -> 0080421000 (PteFlags(VALID | R | W | USER | A | D))
    000000007fffd000 -> 0080422000 (PteFlags(VALID | R | W | USER | A | D))
    000000007fffe000 -> 0080423000 (PteFlags(VALID | R | W | USER | A | D))
    000000007ffff000 -> 0080424000 (PteFlags(VALID | R | W | USER | A | D))
End of map
terminate_process: 309
[!] Terminating process with PID 309
init: netd (PID 309) faulted, code 13, serving nobody, labels none; blamed on nobody: no steward
init: restarted netd, console 3c63d00c680bc3be
[con 25cabbe24fc826d5] judge a new netd answers
[con 25cabbe24fc826d5] judge ok: echo through 10.0.9.100:7 after netd's restart: outcome 0
[con 25cabbe24fc826d5] judge ok: netd's instance is unchanged since its restart
[con 25cabbe24fc826d5] judge TEST PASSED
