
loader: Redoubt rv32 loader, boot hart 0
  1 hart(s), timebase 10000000 Hz
  ram: 0x80000000..0x90000000 (256 MiB)
  bundle: 0x88200000..0x88299040
  devices: 14 mmio (8 dma), 10 irq, console 0x10000000
  plic: 0xc000000, S-mode context 1
  rng-seed: 32 bytes
  bundle signature ok (626688 bytes)
  PID 1: kernel -> 0xffd00000
  PID 2: proc-attack -> 0x17cd8
  bundle mapped read-only at 0x20000000 (626752 bytes)
  252 MiB free, entering kernel
Kernel arguments:
    XArg (67724158, 28 bytes): 00000123 00000002 80000000 00000000 10000000 00000000 6d617273
    MREx (7845524d, 384 bytes): 10100000 00000000 00001000 00000000 632d7766 00000000 20000000 00000000 02000000 00000000 73616c66 00000000 00101000 00000000 00001000 00000000 40637472 00000000 10000000 00000000 00001000 00000000 69726573 00000000 00100000 00000000 00001000 00000000 74736574 00000000 10008000 00000000 00001000 00000000 74726976 00000000 10007000 00000000 00001000 00000000 74726976 00000000 10006000 00000000 00001000 00000000 74726976 00000000 10005000 00000000 00001000 00000000 74726976 00000000 10004000 00000000 00001000 00000000 74726976 00000000 10003000 00000000 00001000 00000000 74726976 00000000 10002000 00000000 00001000 00000000 74726976 00000000 10001000 00000000 00001000 00000000 74726976 00000000 0c000000 00000000 00600000 00000000 63696c70 00000000 02000000 00000000 00010000 00000000 6e696c63 00000000 30000000 00000000 10000000 00000000 40696370 00000000
    Ctrl (6c727443, 32 bytes): 0c000000 00000000 00600000 00000000 02000000 00000000 00010000 00000000
    Devs (73766544, 600 bytes): 00000003 00000000 00000000 00000000 00000000 00000000 00000001 10000000 00000000 00001000 00000000 00000000 00000002 0000000a 00000000 00000000 00000000 00000000 00000001 10100000 00000000 00001000 00000000 00000000 00000001 20000000 00000000 02000000 00000000 00000000 00000001 00101000 00000000 00001000 00000000 00000000 00000001 00100000 00000000 00001000 00000000 00000000 00000001 10008000 00000000 00001000 00000000 00000001 00000001 10007000 00000000 00001000 00000000 00000001 00000001 10006000 00000000 00001000 00000000 00000001 00000001 10005000 00000000 00001000 00000000 00000001 00000001 10004000 00000000 00001000 00000000 00000001 00000001 10003000 00000000 00001000 00000000 00000001 00000001 10002000 00000000 00001000 00000000 00000001 00000001 10001000 00000000 00001000 00000000 00000001 00000001 30000000 00000000 10000000 00000000 00000000 00000002 00000001 00000000 00000000 00000000 00000000 00000002 00000002 00000000 00000000 00000000 00000000 00000002 00000003 00000000 00000000 00000000 00000000 00000002 00000004 00000000 00000000 00000000 00000000 00000002 00000005 00000000 00000000 00000000 00000000 00000002 00000006 00000000 00000000 00000000 00000000 00000002 00000007 00000000 00000000 00000000 00000000 00000002 00000008 00000000 00000000 00000000 00000000 00000002 0000000b 00000000 00000000 00000000 00000000
    Plic (63696c50, 24 bytes): 0c000000 00000000 00600000 00000000 00000001 00000000
    Seed (64656553, 32 bytes): 27ce222c a5a300e8 6cd3415c 4ae26f81 63fac9cd 6384407f 627e21f6 0550a335
    Time (656d6954, 8 bytes): 00989680 00000000
asid: 9 bits
Devices: 25 objects, all held by init
Budgets: root 63732 pages (1202 kept for init), system 15632, users 46896
W^X verified: 41 executable kernel pages, none writable under any alias
Kernel RNG seeded from the loader (32 bytes)
KMAIN (clean boot): Supervisor mode started...
kernel: checks on (debug assertions, overflow checks)

[proc-attack] ok: weight zero refused
[proc-attack] ok: badged exit refused
[proc-attack] ok: hostile mapping ranges and W+X refused without moving source
[proc-attack] ok: bad flags refused before an untouched source page is backed
[proc-attack] ok: occupied destination refused without losing caller page
[proc-attack] ok: oversized startup list refused before record access
[proc-attack] ok: invalid startup records and handles leave process unchanged
[!] Terminating process with PID 325
[proc-attack] ok: started process rejects mapping and restart
[!] Terminating process with PID 493
[!] Terminating process with PID 284
[proc-attack] ok: bad receive output preserves pending notice and process object
terminate_process: 500
[!] Terminating process with PID 500
[proc-attack] ok: exit restores exact execution budget usage
[!] Terminating process with PID 216
[proc-attack] ok: late receive output failure preserves exit notice and process object
[!] Terminating process with PID 290
terminate_process: 410
[!] Terminating process with PID 410
[!] Terminating process with PID 395
terminate_process: 487
[!] Terminating process with PID 487
[proc-attack] ok: destroying own creator scope kills external caller without notice
[proc-attack] ok: creator destruction suppresses notices even for a blocked external receiver
terminate_process: 462
[!] Terminating process with PID 462
[proc-attack] ok: R8 account inheritance observed in kernel message metadata
[!] Terminating process with PID 397
[!] Terminating process with PID 407
[proc-attack] ok: R9 all creation stamps revoke while external budget survives
[proc-attack] ok: I8 user class refuses labels and labelled sibling usage
[!] Terminating process with PID 302
[!] Terminating process with PID 65
[!] Terminating process with PID 140
[!] Terminating process with PID 372
[!] Terminating process with PID 433
[!] Terminating process with PID 290
[!] Terminating process with PID 146
[!] Terminating process with PID 138
[proc-attack] ok: unreceived notices exhaust only their creator budget
[proc-attack] ok: PIDs remain distinct while their notices are pending
[!] Terminating process with PID 89
[proc-attack] ok: receiving notices refunds exact creator pages and permits reuse
[!] Terminating process with PID 230
[proc-attack] PROCESS ATTACK TEST PASSED
system_reset: PowerOff asked for by PID 2
