
loader: Redoubt rv32 loader, boot hart 0
  1 hart(s), timebase 10000000 Hz
  ram: 0x80000000..0x90000000 (256 MiB)
  bundle: 0x88200000..0x88290040
  devices: 14 mmio (8 dma), 10 irq, console 0x10000000
  plic: 0xc000000, S-mode context 1
  rng-seed: 32 bytes
  bundle signature ok (589824 bytes)
  PID 1: kernel -> 0xffd00000
  PID 2: proc-test -> 0x1543a
  bundle mapped read-only at 0x20000000 (589888 bytes)
  252 MiB free, entering kernel
Kernel arguments:
    XArg (67724158, 28 bytes): 00000123 00000002 80000000 00000000 10000000 00000000 6d617273
    MREx (7845524d, 384 bytes): 10100000 00000000 00001000 00000000 632d7766 00000000 20000000 00000000 02000000 00000000 73616c66 00000000 00101000 00000000 00001000 00000000 40637472 00000000 10000000 00000000 00001000 00000000 69726573 00000000 00100000 00000000 00001000 00000000 74736574 00000000 10008000 00000000 00001000 00000000 74726976 00000000 10007000 00000000 00001000 00000000 74726976 00000000 10006000 00000000 00001000 00000000 74726976 00000000 10005000 00000000 00001000 00000000 74726976 00000000 10004000 00000000 00001000 00000000 74726976 00000000 10003000 00000000 00001000 00000000 74726976 00000000 10002000 00000000 00001000 00000000 74726976 00000000 10001000 00000000 00001000 00000000 74726976 00000000 0c000000 00000000 00600000 00000000 63696c70 00000000 02000000 00000000 00010000 00000000 6e696c63 00000000 30000000 00000000 10000000 00000000 40696370 00000000
    Ctrl (6c727443, 32 bytes): 0c000000 00000000 00600000 00000000 02000000 00000000 00010000 00000000
    Devs (73766544, 600 bytes): 00000003 00000000 00000000 00000000 00000000 00000000 00000001 10000000 00000000 00001000 00000000 00000000 00000002 0000000a 00000000 00000000 00000000 00000000 00000001 10100000 00000000 00001000 00000000 00000000 00000001 20000000 00000000 02000000 00000000 00000000 00000001 00101000 00000000 00001000 00000000 00000000 00000001 00100000 00000000 00001000 00000000 00000000 00000001 10008000 00000000 00001000 00000000 00000001 00000001 10007000 00000000 00001000 00000000 00000001 00000001 10006000 00000000 00001000 00000000 00000001 00000001 10005000 00000000 00001000 00000000 00000001 00000001 10004000 00000000 00001000 00000000 00000001 00000001 10003000 00000000 00001000 00000000 00000001 00000001 10002000 00000000 00001000 00000000 00000001 00000001 10001000 00000000 00001000 00000000 00000001 00000001 30000000 00000000 10000000 00000000 00000000 00000002 00000001 00000000 00000000 00000000 00000000 00000002 00000002 00000000 00000000 00000000 00000000 00000002 00000003 00000000 00000000 00000000 00000000 00000002 00000004 00000000 00000000 00000000 00000000 00000002 00000005 00000000 00000000 00000000 00000000 00000002 00000006 00000000 00000000 00000000 00000000 00000002 00000007 00000000 00000000 00000000 00000000 00000002 00000008 00000000 00000000 00000000 00000000 00000002 0000000b 00000000 00000000 00000000 00000000
    Plic (63696c50, 24 bytes): 0c000000 00000000 00600000 00000000 00000001 00000000
    Seed (64656553, 32 bytes): a685b994 eb1061f9 6e5b48f4 48e1a1ed e2f7d772 393abefa 53c5a425 b41f4d27
    Time (656d6954, 8 bytes): 00989680 00000000
asid: 9 bits
Devices: 25 objects, all held by init
Budgets: root 63732 pages (1189 kept for init), system 15635, users 46906
W^X verified: 41 executable kernel pages, none writable under any alias
Kernel RNG seeded from the loader (32 bytes)
KMAIN (clean boot): Supervisor mode started...
kernel: checks on (debug assertions, overflow checks)

[proc] mapped the console
[proc] image is 12 pages
[proc] ok: a child budget starts with no processes
terminate_process: 502
[!] Terminating process with PID 502
[proc] exited: pid 502 cause Exited code 7 account 0 labels 0
[proc] ok: process_exit(7) -> exited, code 7, nobody blamed
[proc] ok: the process handle is closed once its notice is taken
PROGRAM HALT: CPU Exception on PID 441: Store page fault of 0x00000004 at 0x0001789a
Current thread 1:
Thread 1:
PC:0001789a   SP:0ffffba0   RA:000174ac
GP:00000000   TP:00000000
T0:00000000   T1:00000000   T2:00000000
T3:00000000   T4:00000000   T5:00000000   T6:00000000
S0:00000002   S1:0f000000   S2:00000000   S3:00000000
S4:00000000   S5:00000000   S6:00000000   S7:00000000
S8:00000000   S9:00000000  S10:00000000  S11:00000000
A0:000174a4   A1:000100f8   A2:00000000   A3:00000000
A4:00000000   A5:00000000   A6:00000000   A7:00000000
Memory Maps for satp 0xee480227:
    0000000000010000 -> 008022b000 (PteFlags(VALID | R | USER | A | D))
    0000000000011000 -> 008022c000 (PteFlags(VALID | R | USER | A | D))
    0000000000012000 -> 008022d000 (PteFlags(VALID | R | USER | A | D))
    0000000000013000 -> 008022e000 (PteFlags(VALID | R | X | USER | A | D))
    0000000000014000 -> 008022f000 (PteFlags(VALID | R | X | USER | A | D))
    0000000000015000 -> 0080230000 (PteFlags(VALID | R | X | USER | A | D))
    0000000000016000 -> 0080231000 (PteFlags(VALID | R | X | USER | A | D))
    0000000000017000 -> 0080232000 (PteFlags(VALID | R | X | USER | A | D))
    0000000000018000 -> 0080233000 (PteFlags(VALID | R | X | USER | A | D))
    0000000000019000 -> 0080234000 (PteFlags(VALID | R | X | USER | A | D))
    000000000001a000 -> 0080235000 (PteFlags(VALID | R | X | USER | A | D))
    000000000001b000 -> 0080236000 (PteFlags(VALID | R | W | USER | A | D))
    000000000f000000 -> 0080241000 (PteFlags(VALID | R | USER | A | D))
    000000000fff8000 -> 0080238000 (PteFlags(VALID | R | W | USER | A | D))
    000000000fff9000 -> 0080239000 (PteFlags(VALID | R | W | USER | A | D))
    000000000fffa000 -> 008023a000 (PteFlags(VALID | R | W | USER | A | D))
    000000000fffb000 -> 008023b000 (PteFlags(VALID | R | W | USER | A | D))
    000000000fffc000 -> 008023c000 (PteFlags(VALID | R | W | USER | A | D))
    000000000fffd000 -> 008023d000 (PteFlags(VALID | R | W | USER | A | D))
    000000000fffe000 -> 008023e000 (PteFlags(VALID | R | W | USER | A | D))
    000000000ffff000 -> 008023f000 (PteFlags(VALID | R | W | USER | A | D))
End of map
terminate_process: 441
[!] Terminating process with PID 441
[proc] faulted: pid 441 cause Faulted code 15 account 0 labels 0
[proc] ok: a store to a page it has not got -> faulted, nobody blamed
[!] Terminating process with PID 452
[proc] killed: pid 452 cause Killed code 0 account 0 labels 0
[proc] ok: budget_destroy -> killed, code 0, nobody blamed
terminate_process: 37
[!] Terminating process with PID 37
[proc] ok: the final thread exits its empty process with code zero
terminate_process: 256
[!] Terminating process with PID 256
[proc] ok: returning final worker exits its empty process with code zero
terminate_process: 333
[!] Terminating process with PID 333
[proc] labelled: pid 333 cause Exited code 9 account 0 labels 0
[proc] ok: a labelled process's notice reaches a system-class reader (R1)
PROGRAM HALT: CPU Exception on PID 460: Store page fault of 0x00000004 at 0x0001789a
Current thread 1:
Thread 1:
PC:0001789a   SP:0ffffba0   RA:000175f0
GP:00000000   TP:00000000
T0:0ffff998   T1:00000000   T2:00000000
T3:00000000   T4:00000000   T5:0ffffb8c   T6:00000000
S0:00000006   S1:0f000000   S2:00000000   S3:00000000
S4:00000000   S5:00000000   S6:00000000   S7:00000000
S8:00000000   S9:00000000  S10:00000000  S11:00000000
A0:00000001   A1:00000000   A2:00000000   A3:0ffffb8c
A4:0ffffb8c   A5:00000000   A6:00000024   A7:00000024
Memory Maps for satp 0xf308022d:
    0000000000010000 -> 0080231000 (PteFlags(VALID | R | USER | A | D))
    0000000000011000 -> 0080232000 (PteFlags(VALID | R | USER | A | D))
    0000000000012000 -> 0080233000 (PteFlags(VALID | R | USER | A | D))
    0000000000013000 -> 0080234000 (PteFlags(VALID | R | X | USER | A | D))
    0000000000014000 -> 0080235000 (PteFlags(VALID | R | X | USER | A | D))
    0000000000015000 -> 0080236000 (PteFlags(VALID | R | X | USER | A | D))
    0000000000016000 -> 0080237000 (PteFlags(VALID | R | X | USER | A | D))
    0000000000017000 -> 0080238000 (PteFlags(VALID | R | X | USER | A | D))
    0000000000018000 -> 0080239000 (PteFlags(VALID | R | X | USER | A | D))
    0000000000019000 -> 008023a000 (PteFlags(VALID | R | X | USER | A | D))
    000000000001a000 -> 008023b000 (PteFlags(VALID | R | X | USER | A | D))
    000000000001b000 -> 008023c000 (PteFlags(VALID | R | W | USER | A | D))
    000000000f000000 -> 0080247000 (PteFlags(VALID | R | USER | A | D))
    000000000fff8000 -> 008023e000 (PteFlags(VALID | R | W | USER | A | D))
    000000000fff9000 -> 008023f000 (PteFlags(VALID | R | W | USER | A | D))
    000000000fffa000 -> 0080240000 (PteFlags(VALID | R | W | USER | A | D))
    000000000fffb000 -> 0080241000 (PteFlags(VALID | R | W | USER | A | D))
    000000000fffc000 -> 0080242000 (PteFlags(VALID | R | W | USER | A | D))
    000000000fffd000 -> 0080243000 (PteFlags(VALID | R | W | USER | A | D))
    000000000fffe000 -> 0080244000 (PteFlags(VALID | R | W | USER | A | D))
    000000000ffff000 -> 0080245000 (PteFlags(VALID | R | W | USER | A | D))
End of map
terminate_process: 460
[!] Terminating process with PID 460
terminate_process: 439
[!] Terminating process with PID 439
[proc] blame-server-fault: pid 460 cause Faulted code 15 account 42 labels 1
[proc] ok: a server that faults blames the account and labels of its current call's sender
terminate_process: 484
[!] Terminating process with PID 484
terminate_process: 264
[!] Terminating process with PID 264
[proc] blame-exit-open: pid 484 cause Faulted code 9 account 42 labels 1
[proc] ok: process_exit holding an open call is faulted, blamed on that call
PROGRAM HALT: CPU Exception on PID 322: Store page fault of 0x00000004 at 0x0001789a
Current thread 1:
Thread 1:
PC:0001789a   SP:0ffffba0   RA:000174ac
GP:00000000   TP:00000000
T0:0ffffb38   T1:00000000   T2:00000000
T3:00000000   T4:00000000   T5:0ffffb18   T6:00000000
S0:0000000a   S1:00000001   S2:00000000   S3:00000000
S4:00000000   S5:00000000   S6:00000000   S7:00000000
S8:00000000   S9:00000000  S10:00000000  S11:00000000
A0:0000000f   A1:000101fc   A2:00000000   A3:00000005
A4:00000000   A5:0ffffb18   A6:00000040   A7:00000040
Memory Maps for satp 0xd0880231:
    0000000000010000 -> 0080235000 (PteFlags(VALID | R | USER | A | D))
    0000000000011000 -> 0080236000 (PteFlags(VALID | R | USER | A | D))
    0000000000012000 -> 0080237000 (PteFlags(VALID | R | USER | A | D))
    0000000000013000 -> 0080238000 (PteFlags(VALID | R | X | USER | A | D))
    0000000000014000 -> 0080239000 (PteFlags(VALID | R | X | USER | A | D))
    0000000000015000 -> 008023a000 (PteFlags(VALID | R | X | USER | A | D))
    0000000000016000 -> 008023b000 (PteFlags(VALID | R | X | USER | A | D))
    0000000000017000 -> 008023c000 (PteFlags(VALID | R | X | USER | A | D))
    0000000000018000 -> 008023d000 (PteFlags(VALID | R | X | USER | A | D))
    0000000000019000 -> 008023e000 (PteFlags(VALID | R | X | USER | A | D))
    000000000001a000 -> 008023f000 (PteFlags(VALID | R | X | USER | A | D))
    000000000001b000 -> 0080240000 (PteFlags(VALID | R | W | USER | A | D))
    000000000f000000 -> 008024c000 (PteFlags(VALID | R | USER | A | D))
    000000000fff8000 -> 0080242000 (PteFlags(VALID | R | W | USER | A | D))
    000000000fff9000 -> 0080243000 (PteFlags(VALID | R | W | USER | A | D))
    000000000fffa000 -> 0080244000 (PteFlags(VALID | R | W | USER | A | D))
    000000000fffb000 -> 0080245000 (PteFlags(VALID | R | W | USER | A | D))
    000000000fffc000 -> 0080246000 (PteFlags(VALID | R | W | USER | A | D))
    000000000fffd000 -> 0080247000 (PteFlags(VALID | R | W | USER | A | D))
    000000000fffe000 -> 0080248000 (PteFlags(VALID | R | W | USER | A | D))
    000000000ffff000 -> 0080249000 (PteFlags(VALID | R | W | USER | A | D))
End of map
terminate_process: 322
[!] Terminating process with PID 322
terminate_process: 273
[!] Terminating process with PID 273
terminate_process: 25
[!] Terminating process with PID 25
[proc] blame-serve: pid 322 cause Faulted code 15 account 42 labels 1
[proc] ok: a thread holding two callers' calls blames the one `serve` named, not the other
PROGRAM HALT: CPU Exception on PID 334: Store page fault of 0x00000004 at 0x0001789a
Current thread 1:
Thread 1:
PC:0001789a   SP:0ffffba0   RA:0001758a
GP:00000000   TP:00000000
T0:0ffffa78   T1:00000000   T2:00000000
T3:00000000   T4:00000000   T5:0ffffa58   T6:00000000
S0:00000008   S1:0f000000   S2:00000000   S3:00000000
S4:00000000   S5:00000000   S6:00000000   S7:00000000
S8:00000000   S9:00000000  S10:00000000  S11:00000000
A0:00000001   A1:00000000   A2:00000000   A3:00000004
A4:00000000   A5:0ffffa58   A6:00000040   A7:00000040
Memory Maps for satp 0xd3880233:
    0000000000010000 -> 0080237000 (PteFlags(VALID | R | USER | A | D))
    0000000000011000 -> 0080238000 (PteFlags(VALID | R | USER | A | D))
    0000000000012000 -> 0080239000 (PteFlags(VALID | R | USER | A | D))
    0000000000013000 -> 008023a000 (PteFlags(VALID | R | X | USER | A | D))
    0000000000014000 -> 008023b000 (PteFlags(VALID | R | X | USER | A | D))
    0000000000015000 -> 008023c000 (PteFlags(VALID | R | X | USER | A | D))
    0000000000016000 -> 008023d000 (PteFlags(VALID | R | X | USER | A | D))
    0000000000017000 -> 008023e000 (PteFlags(VALID | R | X | USER | A | D))
    0000000000018000 -> 008023f000 (PteFlags(VALID | R | X | USER | A | D))
    0000000000019000 -> 0080240000 (PteFlags(VALID | R | X | USER | A | D))
    000000000001a000 -> 0080241000 (PteFlags(VALID | R | X | USER | A | D))
    000000000001b000 -> 0080242000 (PteFlags(VALID | R | W | USER | A | D))
    000000000f000000 -> 008024f000 (PteFlags(VALID | R | USER | A | D))
    000000000fff8000 -> 0080244000 (PteFlags(VALID | R | W | USER | A | D))
    000000000fff9000 -> 0080245000 (PteFlags(VALID | R | W | USER | A | D))
    000000000fffa000 -> 0080246000 (PteFlags(VALID | R | W | USER | A | D))
    000000000fffb000 -> 0080247000 (PteFlags(VALID | R | W | USER | A | D))
    000000000fffc000 -> 0080248000 (PteFlags(VALID | R | W | USER | A | D))
    000000000fffd000 -> 0080249000 (PteFlags(VALID | R | W | USER | A | D))
    000000000fffe000 -> 008024a000 (PteFlags(VALID | R | W | USER | A | D))
    000000000ffff000 -> 008024c000 (PteFlags(VALID | R | W | USER | A | D))
End of map
terminate_process: 334
[!] Terminating process with PID 334
terminate_process: 35
[!] Terminating process with PID 35
[proc] blame-after-reply: pid 334 cause Faulted code 15 account 0 labels 0
[proc] ok: a crash after replying blames nobody: the reply cleared the current call
terminate_process: 292
[!] Terminating process with PID 292
PROGRAM HALT: CPU Exception on PID 302: Store page fault of 0x00000004 at 0x0001789a
Current thread 1:
Thread 1:
PC:0001789a   SP:0ffffba0   RA:000175aa
GP:00000000   TP:00000000
T0:0ffffa78   T1:00000000   T2:00000000
T3:00000000   T4:00000000   T5:0ffffc94   T6:00000000
S0:00000009   S1:0f000000   S2:00000000   S3:00000000
S4:00000000   S5:00000000   S6:00000000   S7:00000000
S8:00000000   S9:00000000  S10:00000000  S11:00000000
A0:00000000   A1:0ffffa9c   A2:00000000   A3:0ffffc94
A4:0ffffc94   A5:00000000   A6:00000024   A7:00000024
Memory Maps for satp 0xcb880235:
    0000000000010000 -> 0080239000 (PteFlags(VALID | R | USER | A | D))
    0000000000011000 -> 008023a000 (PteFlags(VALID | R | USER | A | D))
    0000000000012000 -> 008023b000 (PteFlags(VALID | R | USER | A | D))
    0000000000013000 -> 008023c000 (PteFlags(VALID | R | X | USER | A | D))
    0000000000014000 -> 008023d000 (PteFlags(VALID | R | X | USER | A | D))
    0000000000015000 -> 008023e000 (PteFlags(VALID | R | X | USER | A | D))
    0000000000016000 -> 008023f000 (PteFlags(VALID | R | X | USER | A | D))
    0000000000017000 -> 0080240000 (PteFlags(VALID | R | X | USER | A | D))
    0000000000018000 -> 0080241000 (PteFlags(VALID | R | X | USER | A | D))
    0000000000019000 -> 0080242000 (PteFlags(VALID | R | X | USER | A | D))
    000000000001a000 -> 0080243000 (PteFlags(VALID | R | X | USER | A | D))
    000000000001b000 -> 0080244000 (PteFlags(VALID | R | W | USER | A | D))
    000000000f000000 -> 0080252000 (PteFlags(VALID | R | USER | A | D))
    000000000fff8000 -> 0080246000 (PteFlags(VALID | R | W | USER | A | D))
    000000000fff9000 -> 0080247000 (PteFlags(VALID | R | W | USER | A | D))
    000000000fffa000 -> 0080248000 (PteFlags(VALID | R | W | USER | A | D))
    000000000fffb000 -> 0080249000 (PteFlags(VALID | R | W | USER | A | D))
    000000000fffc000 -> 008024a000 (PteFlags(VALID | R | W | USER | A | D))
    000000000fffd000 -> 008024c000 (PteFlags(VALID | R | W | USER | A | D))
    000000000fffe000 -> 008024d000 (PteFlags(VALID | R | W | USER | A | D))
    000000000ffff000 -> 008024f000 (PteFlags(VALID | R | W | USER | A | D))
End of map
terminate_process: 302
[!] Terminating process with PID 302
[proc] blame-send: pid 302 cause Faulted code 15 account 0 labels 0
[proc] ok: a send is never an open call, so a crash after taking one blames nobody
PROGRAM HALT: CPU Exception on PID 366: Store page fault of 0x00000004 at 0x0001789a
Current thread 2:
Thread 2:
PC:0001789a   SP:60003ff0   RA:000178be
GP:00000000   TP:00000000
T0:00000000   T1:00000000   T2:00000000
T3:00000000   T4:00000000   T5:00000000   T6:00000000
S0:00000000   S1:00000000   S2:00000000   S3:00000000
S4:00000000   S5:00000000   S6:00000000   S7:00000000
S8:00000000   S9:00000000  S10:00000000  S11:00000000
A0:00000000   A1:00000000   A2:00000000   A3:00000000
A4:00000000   A5:00000000   A6:00000000   A7:00000000
Memory Maps for satp 0xdb880237:
    0000000000010000 -> 008023b000 (PteFlags(VALID | R | USER | A | D))
    0000000000011000 -> 008023c000 (PteFlags(VALID | R | USER | A | D))
    0000000000012000 -> 008023d000 (PteFlags(VALID | R | USER | A | D))
    0000000000013000 -> 008023e000 (PteFlags(VALID | R | X | USER | A | D))
    0000000000014000 -> 008023f000 (PteFlags(VALID | R | X | USER | A | D))
    0000000000015000 -> 0080240000 (PteFlags(VALID | R | X | USER | A | D))
    0000000000016000 -> 0080241000 (PteFlags(VALID | R | X | USER | A | D))
    0000000000017000 -> 0080242000 (PteFlags(VALID | R | X | USER | A | D))
    0000000000018000 -> 0080243000 (PteFlags(VALID | R | X | USER | A | D))
    0000000000019000 -> 0080244000 (PteFlags(VALID | R | X | USER | A | D))
    000000000001a000 -> 0080245000 (PteFlags(VALID | R | X | USER | A | D))
    000000000001b000 -> 0080246000 (PteFlags(VALID | R | W | USER | A | D))
    000000000f000000 -> 0080255000 (PteFlags(VALID | R | USER | A | D))
    000000000fff8000 -> 0080248000 (PteFlags(VALID | R | W | USER | A | D))
    000000000fff9000 -> 0080249000 (PteFlags(VALID | R | W | USER | A | D))
    000000000fffa000 -> 008024a000 (PteFlags(VALID | R | W | USER | A | D))
    000000000fffb000 -> 008024c000 (PteFlags(VALID | R | W | USER | A | D))
    000000000fffc000 -> 008024d000 (PteFlags(VALID | R | W | USER | A | D))
    000000000fffd000 -> 008024f000 (PteFlags(VALID | R | W | USER | A | D))
    000000000fffe000 -> 0080250000 (PteFlags(VALID | R | W | USER | A | D))
    000000000ffff000 -> 0080252000 (PteFlags(VALID | R | W | USER | A | D))
    0000000060000000 -> 008027b000 (PteFlags(VALID | R | W | USER | A | D))
    0000000060001000 -> 008027d000 (PteFlags(VALID | R | W | USER | A | D))
    0000000060002000 -> 008027e000 (PteFlags(VALID | R | W | USER | A | D))
    0000000060003000 -> 008027f000 (PteFlags(VALID | R | W | USER | A | D))
End of map
terminate_process: 366
[!] Terminating process with PID 366
terminate_process: 438
[!] Terminating process with PID 438
[proc] blame-other-thread: pid 366 cause Faulted code 15 account 0 labels 0
[proc] ok: a thread with no current call blames nobody, though another thread holds one
terminate_process: 187
[!] Terminating process with PID 187
terminate_process: 372
[!] Terminating process with PID 372
terminate_process: 121
[!] Terminating process with PID 121
[proc] ok: process_exit with multiple calls blames only the call selected by serve
terminate_process: 373
[!] Terminating process with PID 373
terminate_process: 446
[!] Terminating process with PID 446
[proc] ok: process_exit without a current call blames nobody while a sibling holds calls
terminate_process: 212
[!] Terminating process with PID 212
terminate_process: 70
[!] Terminating process with PID 70
[proc] ok: final thread_exit snapshots current-call blame before cleanup
terminate_process: 357
[!] Terminating process with PID 357
terminate_process: 31
[!] Terminating process with PID 31
[proc] ok: final thread_exit with open calls and no current call blames nobody
terminate_process: 36
[!] Terminating process with PID 36
terminate_process: 457
[!] Terminating process with PID 457
[proc] ok: returning final worker snapshots current-call blame before cleanup
terminate_process: 316
[!] Terminating process with PID 316
[proc] startup: pid 316 cause Exited code 55 account 0 labels 0
[proc] ok: a child finds its startup block through arg, at the address its parent chose
PROGRAM HALT: CPU Exception on PID 343: Store page fault of 0x0f000000 at 0x000174de
Current thread 1:
Thread 1:
PC:000174de   SP:0ffffba0   RA:0001741e
GP:00000000   TP:00000000
T0:00000000   T1:00000000   T2:00000000
T3:00000000   T4:00000000   T5:00000000   T6:00000000
S0:0000000d   S1:0f000000   S2:00000000   S3:00000000
S4:00000000   S5:00000000   S6:00000000   S7:00000000
S8:00000000   S9:00000000  S10:00000000  S11:00000000
A0:ffffffff   A1:000100f8   A2:00000000   A3:00000000
A4:00000000   A5:00000000   A6:00000000   A7:00000000
Memory Maps for satp 0xd5c80244:
    0000000000010000 -> 0080248000 (PteFlags(VALID | R | USER | A | D))
    0000000000011000 -> 0080249000 (PteFlags(VALID | R | USER | A | D))
    0000000000012000 -> 008024a000 (PteFlags(VALID | R | USER | A | D))
    0000000000013000 -> 008024c000 (PteFlags(VALID | R | X | USER | A | D))
    0000000000014000 -> 008024d000 (PteFlags(VALID | R | X | USER | A | D))
    0000000000015000 -> 008024f000 (PteFlags(VALID | R | X | USER | A | D))
    0000000000016000 -> 0080250000 (PteFlags(VALID | R | X | USER | A | D))
    0000000000017000 -> 0080252000 (PteFlags(VALID | R | X | USER | A | D))
    0000000000018000 -> 0080253000 (PteFlags(VALID | R | X | USER | A | D))
    0000000000019000 -> 0080255000 (PteFlags(VALID | R | X | USER | A | D))
    000000000001a000 -> 0080256000 (PteFlags(VALID | R | X | USER | A | D))
    000000000001b000 -> 0080258000 (PteFlags(VALID | R | W | USER | A | D))
    000000000f000000 -> 0080268000 (PteFlags(VALID | R | USER | A | D))
    000000000fff8000 -> 008025b000 (PteFlags(VALID | R | W | USER | A | D))
    000000000fff9000 -> 008025c000 (PteFlags(VALID | R | W | USER | A | D))
    000000000fffa000 -> 008025d000 (PteFlags(VALID | R | W | USER | A | D))
    000000000fffb000 -> 008025f000 (PteFlags(VALID | R | W | USER | A | D))
    000000000fffc000 -> 0080260000 (PteFlags(VALID | R | W | USER | A | D))
    000000000fffd000 -> 0080262000 (PteFlags(VALID | R | W | USER | A | D))
    000000000fffe000 -> 0080263000 (PteFlags(VALID | R | W | USER | A | D))
    000000000ffff000 -> 0080265000 (PteFlags(VALID | R | W | USER | A | D))
End of map
terminate_process: 343
[!] Terminating process with PID 343
[proc] startup-write: pid 343 cause Faulted code 15 account 0 labels 0
[proc] ok: the startup page is read-only: writing it faults
[proc] ok: the launcher's budget holds the launcher and its child
[!] Terminating process with PID 170
[!] Terminating process with PID 294
[proc] no-notice: pid 294 cause Killed code 0 account 0 labels 0
[proc] ok: the launcher itself is reported killed
[proc] ok: a process whose object died with its creator's budget produces no notice
[proc] ok: thread_create returns a thread id
[proc] ok: thread 256 past the limit -> TooManyThreads
[proc] ok: made 255 threads before the limit
[proc] PROC TEST PASSED
system_reset: PowerOff asked for by PID 2
