
loader: Redoubt rv64 loader, boot hart 0
  1 hart(s), timebase 10000000 Hz
  ram: 0x80000000..0x90000000 (256 MiB)
  bundle: 0x88200000..0x882b6640
  devices: 14 mmio (8 dma), 10 irq, console 0x10000000
  plic: 0xc000000, S-mode context 1
  rng-seed: 32 bytes
  bundle signature ok (747008 bytes)
  PID 1: kernel -> 0xffffffffffd00000
  PID 2: proc-lifecycle -> 0x1563a
  bundle mapped read-only at 0x20000000 (747072 bytes)
  252 MiB free, entering kernel
Kernel arguments:
    XArg (67724158, 28 bytes): 00000123 00000002 80000000 00000000 10000000 00000000 6d617273
    MREx (7845524d, 384 bytes): 10100000 00000000 00001000 00000000 632d7766 00000000 20000000 00000000 02000000 00000000 73616c66 00000000 00101000 00000000 00001000 00000000 40637472 00000000 10000000 00000000 00001000 00000000 69726573 00000000 00100000 00000000 00001000 00000000 74736574 00000000 10008000 00000000 00001000 00000000 74726976 00000000 10007000 00000000 00001000 00000000 74726976 00000000 10006000 00000000 00001000 00000000 74726976 00000000 10005000 00000000 00001000 00000000 74726976 00000000 10004000 00000000 00001000 00000000 74726976 00000000 10003000 00000000 00001000 00000000 74726976 00000000 10002000 00000000 00001000 00000000 74726976 00000000 10001000 00000000 00001000 00000000 74726976 00000000 0c000000 00000000 00600000 00000000 63696c70 00000000 02000000 00000000 00010000 00000000 6e696c63 00000000 30000000 00000000 10000000 00000000 40696370 00000000
    Ctrl (6c727443, 32 bytes): 0c000000 00000000 00600000 00000000 02000000 00000000 00010000 00000000
    Devs (73766544, 600 bytes): 00000003 00000000 00000000 00000000 00000000 00000000 00000001 10000000 00000000 00001000 00000000 00000000 00000002 0000000a 00000000 00000000 00000000 00000000 00000001 10100000 00000000 00001000 00000000 00000000 00000001 20000000 00000000 02000000 00000000 00000000 00000001 00101000 00000000 00001000 00000000 00000000 00000001 00100000 00000000 00001000 00000000 00000000 00000001 10008000 00000000 00001000 00000000 00000001 00000001 10007000 00000000 00001000 00000000 00000001 00000001 10006000 00000000 00001000 00000000 00000001 00000001 10005000 00000000 00001000 00000000 00000001 00000001 10004000 00000000 00001000 00000000 00000001 00000001 10003000 00000000 00001000 00000000 00000001 00000001 10002000 00000000 00001000 00000000 00000001 00000001 10001000 00000000 00001000 00000000 00000001 00000001 30000000 00000000 10000000 00000000 00000000 00000002 00000001 00000000 00000000 00000000 00000000 00000002 00000002 00000000 00000000 00000000 00000000 00000002 00000003 00000000 00000000 00000000 00000000 00000002 00000004 00000000 00000000 00000000 00000000 00000002 00000005 00000000 00000000 00000000 00000000 00000002 00000006 00000000 00000000 00000000 00000000 00000002 00000007 00000000 00000000 00000000 00000000 00000002 00000008 00000000 00000000 00000000 00000000 00000002 0000000b 00000000 00000000 00000000 00000000
    Plic (63696c50, 24 bytes): 0c000000 00000000 00600000 00000000 00000001 00000000
    Seed (64656553, 32 bytes): b932d1e7 04c37836 2c44c8bc aaa62c71 3575aed5 0518b974 cd77ac58 6fb652da
    Time (656d6954, 8 bytes): 00989680 00000000
asid: 16 bits
Devices: 25 objects, all held by init
Budgets: root 63726 pages (1231 kept for init), system 15623, users 46870
W^X verified: 36 executable kernel pages, none writable under any alias
Kernel RNG seeded from the loader (32 bytes)
KMAIN (clean boot): Supervisor mode started...
kernel: checks on (debug assertions, overflow checks)
terminate_process: 340
[!] Terminating process with PID 340
[lifecycle] native server exit returns live lend and all child resources
terminate_process: 290
[!] Terminating process with PID 290
[lifecycle] final thread_exit returns live lend and all child resources
terminate_process: 333
[!] Terminating process with PID 333
[lifecycle] returning final worker returns live lend and all child resources
[!] Terminating process with PID 109
[lifecycle] caller death abandons once and discarded reply frees loan and call
terminate_process: 42
[!] Terminating process with PID 42
[lifecycle] native caller process_exit abandons live lend without a stale PID
[lifecycle] thread exit preserves siblings and returns same-process lend exactly
terminate_process: 187
[!] Terminating process with PID 187
[lifecycle] whole-process exit cleans both sides of same-process loan
terminate_process: 78
[!] Terminating process with PID 78
terminate_process: 24
[!] Terminating process with PID 24
terminate_process: 431
[!] Terminating process with PID 431
terminate_process: 288
[!] Terminating process with PID 288
terminate_process: 454
[!] Terminating process with PID 454
terminate_process: 364
[!] Terminating process with PID 364
terminate_process: 205
[!] Terminating process with PID 205
terminate_process: 11
[!] Terminating process with PID 11
terminate_process: 444
[!] Terminating process with PID 444
terminate_process: 301
[!] Terminating process with PID 301
terminate_process: 318
[!] Terminating process with PID 318
terminate_process: 21
[!] Terminating process with PID 21
terminate_process: 418
[!] Terminating process with PID 418
terminate_process: 507
[!] Terminating process with PID 507
terminate_process: 379
[!] Terminating process with PID 379
terminate_process: 17
[!] Terminating process with PID 17
terminate_process: 476
[!] Terminating process with PID 476
terminate_process: 62
[!] Terminating process with PID 62
terminate_process: 193
[!] Terminating process with PID 193
terminate_process: 7
[!] Terminating process with PID 7
terminate_process: 482
[!] Terminating process with PID 482
terminate_process: 51
[!] Terminating process with PID 51
terminate_process: 122
[!] Terminating process with PID 122
terminate_process: 299
[!] Terminating process with PID 299
terminate_process: 250
[!] Terminating process with PID 250
terminate_process: 416
[!] Terminating process with PID 416
terminate_process: 46
[!] Terminating process with PID 46
terminate_process: 116
[!] Terminating process with PID 116
terminate_process: 40
[!] Terminating process with PID 40
terminate_process: 124
[!] Terminating process with PID 124
terminate_process: 216
[!] Terminating process with PID 216
terminate_process: 278
[!] Terminating process with PID 278
terminate_process: 165
[!] Terminating process with PID 165
terminate_process: 259
[!] Terminating process with PID 259
terminate_process: 37
[!] Terminating process with PID 37
terminate_process: 392
[!] Terminating process with PID 392
terminate_process: 172
[!] Terminating process with PID 172
terminate_process: 509
[!] Terminating process with PID 509
terminate_process: 395
[!] Terminating process with PID 395
terminate_process: 176
[!] Terminating process with PID 176
terminate_process: 226
[!] Terminating process with PID 226
terminate_process: 322
[!] Terminating process with PID 322
terminate_process: 290
[!] Terminating process with PID 290
terminate_process: 222
[!] Terminating process with PID 222
terminate_process: 250
[!] Terminating process with PID 250
terminate_process: 197
[!] Terminating process with PID 197
terminate_process: 98
[!] Terminating process with PID 98
terminate_process: 471
[!] Terminating process with PID 471
terminate_process: 387
[!] Terminating process with PID 387
terminate_process: 302
[!] Terminating process with PID 302
terminate_process: 23
[!] Terminating process with PID 23
terminate_process: 424
[!] Terminating process with PID 424
terminate_process: 54
[!] Terminating process with PID 54
terminate_process: 361
[!] Terminating process with PID 361
terminate_process: 239
[!] Terminating process with PID 239
terminate_process: 248
[!] Terminating process with PID 248
terminate_process: 250
[!] Terminating process with PID 250
terminate_process: 490
[!] Terminating process with PID 490
terminate_process: 79
[!] Terminating process with PID 79
terminate_process: 157
[!] Terminating process with PID 157
terminate_process: 97
[!] Terminating process with PID 97
terminate_process: 156
[!] Terminating process with PID 156
terminate_process: 389
[!] Terminating process with PID 389
terminate_process: 340
[!] Terminating process with PID 340
terminate_process: 303
[!] Terminating process with PID 303
terminate_process: 82
[!] Terminating process with PID 82
terminate_process: 400
[!] Terminating process with PID 400
terminate_process: 400
[!] Terminating process with PID 400
terminate_process: 184
[!] Terminating process with PID 184
terminate_process: 463
[!] Terminating process with PID 463
terminate_process: 95
[!] Terminating process with PID 95
terminate_process: 128
[!] Terminating process with PID 128
terminate_process: 360
[!] Terminating process with PID 360
terminate_process: 96
[!] Terminating process with PID 96
terminate_process: 429
[!] Terminating process with PID 429
terminate_process: 187
[!] Terminating process with PID 187
terminate_process: 376
[!] Terminating process with PID 376
terminate_process: 189
[!] Terminating process with PID 189
terminate_process: 509
[!] Terminating process with PID 509
terminate_process: 348
[!] Terminating process with PID 348
terminate_process: 358
[!] Terminating process with PID 358
terminate_process: 468
[!] Terminating process with PID 468
terminate_process: 191
[!] Terminating process with PID 191
terminate_process: 37
[!] Terminating process with PID 37
terminate_process: 8
[!] Terminating process with PID 8
terminate_process: 433
[!] Terminating process with PID 433
terminate_process: 336
[!] Terminating process with PID 336
terminate_process: 35
[!] Terminating process with PID 35
terminate_process: 509
[!] Terminating process with PID 509
terminate_process: 171
[!] Terminating process with PID 171
terminate_process: 349
[!] Terminating process with PID 349
terminate_process: 203
[!] Terminating process with PID 203
terminate_process: 35
[!] Terminating process with PID 35
terminate_process: 271
[!] Terminating process with PID 271
terminate_process: 296
[!] Terminating process with PID 296
terminate_process: 224
[!] Terminating process with PID 224
terminate_process: 16
[!] Terminating process with PID 16
terminate_process: 109
[!] Terminating process with PID 109
terminate_process: 442
[!] Terminating process with PID 442
terminate_process: 479
[!] Terminating process with PID 479
terminate_process: 457
[!] Terminating process with PID 457
terminate_process: 289
[!] Terminating process with PID 289
terminate_process: 275
[!] Terminating process with PID 275
terminate_process: 319
[!] Terminating process with PID 319
terminate_process: 279
[!] Terminating process with PID 279
terminate_process: 124
[!] Terminating process with PID 124
terminate_process: 100
[!] Terminating process with PID 100
terminate_process: 264
[!] Terminating process with PID 264
terminate_process: 203
[!] Terminating process with PID 203
terminate_process: 488
[!] Terminating process with PID 488
terminate_process: 225
[!] Terminating process with PID 225
terminate_process: 74
[!] Terminating process with PID 74
terminate_process: 164
[!] Terminating process with PID 164
terminate_process: 66
[!] Terminating process with PID 66
terminate_process: 395
[!] Terminating process with PID 395
terminate_process: 290
[!] Terminating process with PID 290
terminate_process: 500
[!] Terminating process with PID 500
terminate_process: 90
[!] Terminating process with PID 90
terminate_process: 396
[!] Terminating process with PID 396
terminate_process: 78
[!] Terminating process with PID 78
terminate_process: 97
[!] Terminating process with PID 97
terminate_process: 163
[!] Terminating process with PID 163
terminate_process: 141
[!] Terminating process with PID 141
terminate_process: 288
[!] Terminating process with PID 288
terminate_process: 292
[!] Terminating process with PID 292
terminate_process: 376
[!] Terminating process with PID 376
terminate_process: 93
[!] Terminating process with PID 93
terminate_process: 296
[!] Terminating process with PID 296
terminate_process: 176
[!] Terminating process with PID 176
terminate_process: 233
[!] Terminating process with PID 233
terminate_process: 323
[!] Terminating process with PID 323
terminate_process: 486
[!] Terminating process with PID 486
terminate_process: 138
[!] Terminating process with PID 138
terminate_process: 403
[!] Terminating process with PID 403
terminate_process: 398
[!] Terminating process with PID 398
terminate_process: 52
[!] Terminating process with PID 52
terminate_process: 96
[!] Terminating process with PID 96
terminate_process: 34
[!] Terminating process with PID 34
terminate_process: 274
[!] Terminating process with PID 274
terminate_process: 214
[!] Terminating process with PID 214
terminate_process: 333
[!] Terminating process with PID 333
terminate_process: 219
[!] Terminating process with PID 219
terminate_process: 12
[!] Terminating process with PID 12
terminate_process: 230
[!] Terminating process with PID 230
terminate_process: 442
[!] Terminating process with PID 442
terminate_process: 7
[!] Terminating process with PID 7
terminate_process: 460
[!] Terminating process with PID 460
terminate_process: 244
[!] Terminating process with PID 244
terminate_process: 53
[!] Terminating process with PID 53
terminate_process: 444
[!] Terminating process with PID 444
terminate_process: 280
[!] Terminating process with PID 280
terminate_process: 174
[!] Terminating process with PID 174
terminate_process: 259
[!] Terminating process with PID 259
terminate_process: 237
[!] Terminating process with PID 237
terminate_process: 505
[!] Terminating process with PID 505
terminate_process: 497
[!] Terminating process with PID 497
terminate_process: 25
[!] Terminating process with PID 25
terminate_process: 131
[!] Terminating process with PID 131
terminate_process: 155
[!] Terminating process with PID 155
terminate_process: 366
[!] Terminating process with PID 366
terminate_process: 73
[!] Terminating process with PID 73
terminate_process: 463
[!] Terminating process with PID 463
terminate_process: 79
[!] Terminating process with PID 79
terminate_process: 492
[!] Terminating process with PID 492
terminate_process: 232
[!] Terminating process with PID 232
terminate_process: 352
[!] Terminating process with PID 352
terminate_process: 446
[!] Terminating process with PID 446
terminate_process: 45
[!] Terminating process with PID 45
terminate_process: 274
[!] Terminating process with PID 274
terminate_process: 113
[!] Terminating process with PID 113
terminate_process: 119
[!] Terminating process with PID 119
terminate_process: 59
[!] Terminating process with PID 59
terminate_process: 72
[!] Terminating process with PID 72
terminate_process: 286
[!] Terminating process with PID 286
terminate_process: 168
[!] Terminating process with PID 168
terminate_process: 127
[!] Terminating process with PID 127
terminate_process: 359
[!] Terminating process with PID 359
terminate_process: 14
[!] Terminating process with PID 14
terminate_process: 269
[!] Terminating process with PID 269
terminate_process: 308
[!] Terminating process with PID 308
terminate_process: 377
[!] Terminating process with PID 377
terminate_process: 312
[!] Terminating process with PID 312
terminate_process: 323
[!] Terminating process with PID 323
terminate_process: 55
[!] Terminating process with PID 55
terminate_process: 401
[!] Terminating process with PID 401
terminate_process: 335
[!] Terminating process with PID 335
terminate_process: 141
[!] Terminating process with PID 141
terminate_process: 394
[!] Terminating process with PID 394
terminate_process: 138
[!] Terminating process with PID 138
terminate_process: 178
[!] Terminating process with PID 178
terminate_process: 149
[!] Terminating process with PID 149
terminate_process: 162
[!] Terminating process with PID 162
terminate_process: 93
[!] Terminating process with PID 93
terminate_process: 173
[!] Terminating process with PID 173
terminate_process: 70
[!] Terminating process with PID 70
terminate_process: 430
[!] Terminating process with PID 430
terminate_process: 158
[!] Terminating process with PID 158
terminate_process: 490
[!] Terminating process with PID 490
terminate_process: 373
[!] Terminating process with PID 373
terminate_process: 342
[!] Terminating process with PID 342
terminate_process: 374
[!] Terminating process with PID 374
terminate_process: 311
[!] Terminating process with PID 311
terminate_process: 439
[!] Terminating process with PID 439
terminate_process: 124
[!] Terminating process with PID 124
terminate_process: 23
[!] Terminating process with PID 23
terminate_process: 185
[!] Terminating process with PID 185
terminate_process: 33
[!] Terminating process with PID 33
terminate_process: 362
[!] Terminating process with PID 362
terminate_process: 101
[!] Terminating process with PID 101
terminate_process: 449
[!] Terminating process with PID 449
terminate_process: 348
[!] Terminating process with PID 348
terminate_process: 75
[!] Terminating process with PID 75
terminate_process: 91
[!] Terminating process with PID 91
terminate_process: 82
[!] Terminating process with PID 82
terminate_process: 263
[!] Terminating process with PID 263
terminate_process: 418
[!] Terminating process with PID 418
terminate_process: 213
[!] Terminating process with PID 213
terminate_process: 295
[!] Terminating process with PID 295
terminate_process: 249
[!] Terminating process with PID 249
terminate_process: 414
[!] Terminating process with PID 414
terminate_process: 506
[!] Terminating process with PID 506
terminate_process: 183
[!] Terminating process with PID 183
terminate_process: 232
[!] Terminating process with PID 232
terminate_process: 68
[!] Terminating process with PID 68
terminate_process: 133
[!] Terminating process with PID 133
terminate_process: 93
[!] Terminating process with PID 93
terminate_process: 51
[!] Terminating process with PID 51
terminate_process: 127
[!] Terminating process with PID 127
terminate_process: 320
[!] Terminating process with PID 320
terminate_process: 32
[!] Terminating process with PID 32
terminate_process: 470
[!] Terminating process with PID 470
terminate_process: 493
[!] Terminating process with PID 493
terminate_process: 490
[!] Terminating process with PID 490
terminate_process: 456
[!] Terminating process with PID 456
terminate_process: 68
[!] Terminating process with PID 68
terminate_process: 238
[!] Terminating process with PID 238
terminate_process: 255
[!] Terminating process with PID 255
terminate_process: 310
[!] Terminating process with PID 310
terminate_process: 14
[!] Terminating process with PID 14
terminate_process: 501
[!] Terminating process with PID 501
terminate_process: 306
[!] Terminating process with PID 306
terminate_process: 483
[!] Terminating process with PID 483
terminate_process: 344
[!] Terminating process with PID 344
terminate_process: 217
[!] Terminating process with PID 217
terminate_process: 473
[!] Terminating process with PID 473
terminate_process: 393
[!] Terminating process with PID 393
terminate_process: 316
[!] Terminating process with PID 316
terminate_process: 507
[!] Terminating process with PID 507
terminate_process: 128
[!] Terminating process with PID 128
terminate_process: 340
[!] Terminating process with PID 340
terminate_process: 418
[!] Terminating process with PID 418
terminate_process: 149
[!] Terminating process with PID 149
terminate_process: 197
[!] Terminating process with PID 197
terminate_process: 382
[!] Terminating process with PID 382
terminate_process: 203
[!] Terminating process with PID 203
terminate_process: 240
[!] Terminating process with PID 240
terminate_process: 433
[!] Terminating process with PID 433
terminate_process: 416
[!] Terminating process with PID 416
terminate_process: 363
[!] Terminating process with PID 363
terminate_process: 255
[!] Terminating process with PID 255
terminate_process: 305
[!] Terminating process with PID 305
terminate_process: 485
[!] Terminating process with PID 485
terminate_process: 296
[!] Terminating process with PID 296
terminate_process: 96
[!] Terminating process with PID 96
terminate_process: 157
[!] Terminating process with PID 157
terminate_process: 502
[!] Terminating process with PID 502
terminate_process: 403
[!] Terminating process with PID 403
terminate_process: 482
[!] Terminating process with PID 482
terminate_process: 161
[!] Terminating process with PID 161
terminate_process: 335
[!] Terminating process with PID 335
terminate_process: 189
[!] Terminating process with PID 189
terminate_process: 8
[!] Terminating process with PID 8
terminate_process: 208
[!] Terminating process with PID 208
terminate_process: 102
[!] Terminating process with PID 102
terminate_process: 191
[!] Terminating process with PID 191
terminate_process: 65
[!] Terminating process with PID 65
terminate_process: 74
[!] Terminating process with PID 74
terminate_process: 468
[!] Terminating process with PID 468
terminate_process: 139
[!] Terminating process with PID 139
terminate_process: 133
[!] Terminating process with PID 133
terminate_process: 132
[!] Terminating process with PID 132
terminate_process: 75
[!] Terminating process with PID 75
terminate_process: 286
[!] Terminating process with PID 286
terminate_process: 46
[!] Terminating process with PID 46
terminate_process: 254
[!] Terminating process with PID 254
terminate_process: 448
[!] Terminating process with PID 448
terminate_process: 399
[!] Terminating process with PID 399
terminate_process: 414
[!] Terminating process with PID 414
terminate_process: 375
[!] Terminating process with PID 375
terminate_process: 144
[!] Terminating process with PID 144
terminate_process: 377
[!] Terminating process with PID 377
terminate_process: 380
[!] Terminating process with PID 380
terminate_process: 349
[!] Terminating process with PID 349
terminate_process: 57
[!] Terminating process with PID 57
terminate_process: 499
[!] Terminating process with PID 499
terminate_process: 224
[!] Terminating process with PID 224
terminate_process: 404
[!] Terminating process with PID 404
terminate_process: 66
[!] Terminating process with PID 66
terminate_process: 494
[!] Terminating process with PID 494
terminate_process: 264
[!] Terminating process with PID 264
terminate_process: 205
[!] Terminating process with PID 205
terminate_process: 166
[!] Terminating process with PID 166
terminate_process: 99
[!] Terminating process with PID 99
terminate_process: 498
[!] Terminating process with PID 498
terminate_process: 421
[!] Terminating process with PID 421
terminate_process: 370
[!] Terminating process with PID 370
terminate_process: 494
[!] Terminating process with PID 494
terminate_process: 294
[!] Terminating process with PID 294
terminate_process: 36
[!] Terminating process with PID 36
terminate_process: 37
[!] Terminating process with PID 37
terminate_process: 117
[!] Terminating process with PID 117
terminate_process: 77
[!] Terminating process with PID 77
terminate_process: 298
[!] Terminating process with PID 298
terminate_process: 467
[!] Terminating process with PID 467
terminate_process: 24
[!] Terminating process with PID 24
terminate_process: 450
[!] Terminating process with PID 450
terminate_process: 82
[!] Terminating process with PID 82
terminate_process: 340
[!] Terminating process with PID 340
terminate_process: 241
[!] Terminating process with PID 241
terminate_process: 396
[!] Terminating process with PID 396
terminate_process: 336
[!] Terminating process with PID 336
terminate_process: 480
[!] Terminating process with PID 480
terminate_process: 124
[!] Terminating process with PID 124
terminate_process: 274
[!] Terminating process with PID 274
terminate_process: 307
[!] Terminating process with PID 307
terminate_process: 415
[!] Terminating process with PID 415
terminate_process: 155
[!] Terminating process with PID 155
terminate_process: 384
[!] Terminating process with PID 384
terminate_process: 480
[!] Terminating process with PID 480
terminate_process: 345
[!] Terminating process with PID 345
terminate_process: 407
[!] Terminating process with PID 407
terminate_process: 370
[!] Terminating process with PID 370
terminate_process: 459
[!] Terminating process with PID 459
terminate_process: 201
[!] Terminating process with PID 201
terminate_process: 94
[!] Terminating process with PID 94
terminate_process: 316
[!] Terminating process with PID 316
terminate_process: 95
[!] Terminating process with PID 95
terminate_process: 344
[!] Terminating process with PID 344
terminate_process: 300
[!] Terminating process with PID 300
terminate_process: 290
[!] Terminating process with PID 290
terminate_process: 298
[!] Terminating process with PID 298
terminate_process: 386
[!] Terminating process with PID 386
terminate_process: 228
[!] Terminating process with PID 228
terminate_process: 218
[!] Terminating process with PID 218
terminate_process: 438
[!] Terminating process with PID 438
terminate_process: 234
[!] Terminating process with PID 234
terminate_process: 435
[!] Terminating process with PID 435
terminate_process: 387
[!] Terminating process with PID 387
terminate_process: 150
[!] Terminating process with PID 150
terminate_process: 133
[!] Terminating process with PID 133
terminate_process: 243
[!] Terminating process with PID 243
terminate_process: 463
[!] Terminating process with PID 463
terminate_process: 295
[!] Terminating process with PID 295
terminate_process: 134
[!] Terminating process with PID 134
terminate_process: 179
[!] Terminating process with PID 179
terminate_process: 270
[!] Terminating process with PID 270
terminate_process: 483
[!] Terminating process with PID 483
terminate_process: 261
[!] Terminating process with PID 261
terminate_process: 42
[!] Terminating process with PID 42
terminate_process: 394
[!] Terminating process with PID 394
terminate_process: 16
[!] Terminating process with PID 16
terminate_process: 214
[!] Terminating process with PID 214
terminate_process: 315
[!] Terminating process with PID 315
terminate_process: 367
[!] Terminating process with PID 367
terminate_process: 397
[!] Terminating process with PID 397
terminate_process: 237
[!] Terminating process with PID 237
terminate_process: 246
[!] Terminating process with PID 246
terminate_process: 469
[!] Terminating process with PID 469
terminate_process: 201
[!] Terminating process with PID 201
terminate_process: 263
[!] Terminating process with PID 263
terminate_process: 435
[!] Terminating process with PID 435
terminate_process: 139
[!] Terminating process with PID 139
terminate_process: 379
[!] Terminating process with PID 379
terminate_process: 100
[!] Terminating process with PID 100
terminate_process: 262
[!] Terminating process with PID 262
terminate_process: 465
[!] Terminating process with PID 465
terminate_process: 201
[!] Terminating process with PID 201
terminate_process: 319
[!] Terminating process with PID 319
terminate_process: 66
[!] Terminating process with PID 66
terminate_process: 308
[!] Terminating process with PID 308
terminate_process: 457
[!] Terminating process with PID 457
terminate_process: 190
[!] Terminating process with PID 190
terminate_process: 147
[!] Terminating process with PID 147
terminate_process: 371
[!] Terminating process with PID 371
terminate_process: 116
[!] Terminating process with PID 116
terminate_process: 166
[!] Terminating process with PID 166
terminate_process: 489
[!] Terminating process with PID 489
terminate_process: 312
[!] Terminating process with PID 312
terminate_process: 247
[!] Terminating process with PID 247
terminate_process: 257
[!] Terminating process with PID 257
terminate_process: 55
[!] Terminating process with PID 55
terminate_process: 435
[!] Terminating process with PID 435
terminate_process: 500
[!] Terminating process with PID 500
terminate_process: 224
[!] Terminating process with PID 224
terminate_process: 172
[!] Terminating process with PID 172
terminate_process: 108
[!] Terminating process with PID 108
terminate_process: 343
[!] Terminating process with PID 343
terminate_process: 60
[!] Terminating process with PID 60
terminate_process: 356
[!] Terminating process with PID 356
terminate_process: 353
[!] Terminating process with PID 353
terminate_process: 10
[!] Terminating process with PID 10
terminate_process: 23
[!] Terminating process with PID 23
terminate_process: 88
[!] Terminating process with PID 88
terminate_process: 454
[!] Terminating process with PID 454
terminate_process: 372
[!] Terminating process with PID 372
terminate_process: 424
[!] Terminating process with PID 424
terminate_process: 288
[!] Terminating process with PID 288
terminate_process: 492
[!] Terminating process with PID 492
terminate_process: 215
[!] Terminating process with PID 215
terminate_process: 99
[!] Terminating process with PID 99
terminate_process: 378
[!] Terminating process with PID 378
terminate_process: 103
[!] Terminating process with PID 103
terminate_process: 212
[!] Terminating process with PID 212
terminate_process: 172
[!] Terminating process with PID 172
terminate_process: 17
[!] Terminating process with PID 17
terminate_process: 190
[!] Terminating process with PID 190
terminate_process: 343
[!] Terminating process with PID 343
terminate_process: 274
[!] Terminating process with PID 274
terminate_process: 408
[!] Terminating process with PID 408
terminate_process: 105
[!] Terminating process with PID 105
terminate_process: 462
[!] Terminating process with PID 462
terminate_process: 378
[!] Terminating process with PID 378
terminate_process: 12
[!] Terminating process with PID 12
terminate_process: 21
[!] Terminating process with PID 21
terminate_process: 35
[!] Terminating process with PID 35
terminate_process: 340
[!] Terminating process with PID 340
terminate_process: 510
[!] Terminating process with PID 510
terminate_process: 390
[!] Terminating process with PID 390
terminate_process: 143
[!] Terminating process with PID 143
terminate_process: 350
[!] Terminating process with PID 350
terminate_process: 198
[!] Terminating process with PID 198
terminate_process: 127
[!] Terminating process with PID 127
terminate_process: 431
[!] Terminating process with PID 431
terminate_process: 140
[!] Terminating process with PID 140
terminate_process: 203
[!] Terminating process with PID 203
terminate_process: 164
[!] Terminating process with PID 164
terminate_process: 383
[!] Terminating process with PID 383
terminate_process: 298
[!] Terminating process with PID 298
terminate_process: 107
[!] Terminating process with PID 107
terminate_process: 276
[!] Terminating process with PID 276
terminate_process: 191
[!] Terminating process with PID 191
terminate_process: 82
[!] Terminating process with PID 82
terminate_process: 142
[!] Terminating process with PID 142
terminate_process: 225
[!] Terminating process with PID 225
terminate_process: 46
[!] Terminating process with PID 46
terminate_process: 133
[!] Terminating process with PID 133
terminate_process: 9
[!] Terminating process with PID 9
terminate_process: 68
[!] Terminating process with PID 68
terminate_process: 369
[!] Terminating process with PID 369
terminate_process: 241
[!] Terminating process with PID 241
terminate_process: 97
[!] Terminating process with PID 97
terminate_process: 510
[!] Terminating process with PID 510
terminate_process: 236
[!] Terminating process with PID 236
terminate_process: 185
[!] Terminating process with PID 185
terminate_process: 216
[!] Terminating process with PID 216
terminate_process: 59
[!] Terminating process with PID 59
terminate_process: 454
[!] Terminating process with PID 454
terminate_process: 432
[!] Terminating process with PID 432
terminate_process: 89
[!] Terminating process with PID 89
terminate_process: 155
[!] Terminating process with PID 155
terminate_process: 369
[!] Terminating process with PID 369
terminate_process: 5
[!] Terminating process with PID 5
terminate_process: 11
[!] Terminating process with PID 11
terminate_process: 220
[!] Terminating process with PID 220
terminate_process: 24
[!] Terminating process with PID 24
terminate_process: 487
[!] Terminating process with PID 487
terminate_process: 465
[!] Terminating process with PID 465
terminate_process: 28
[!] Terminating process with PID 28
terminate_process: 311
[!] Terminating process with PID 311
terminate_process: 440
[!] Terminating process with PID 440
terminate_process: 310
[!] Terminating process with PID 310
terminate_process: 265
[!] Terminating process with PID 265
terminate_process: 406
[!] Terminating process with PID 406
terminate_process: 475
[!] Terminating process with PID 475
terminate_process: 388
[!] Terminating process with PID 388
terminate_process: 370
[!] Terminating process with PID 370
terminate_process: 396
[!] Terminating process with PID 396
terminate_process: 239
[!] Terminating process with PID 239
terminate_process: 270
[!] Terminating process with PID 270
terminate_process: 19
[!] Terminating process with PID 19
terminate_process: 306
[!] Terminating process with PID 306
terminate_process: 3
[!] Terminating process with PID 3
terminate_process: 271
[!] Terminating process with PID 271
terminate_process: 283
[!] Terminating process with PID 283
terminate_process: 405
[!] Terminating process with PID 405
terminate_process: 163
[!] Terminating process with PID 163
terminate_process: 130
[!] Terminating process with PID 130
terminate_process: 465
[!] Terminating process with PID 465
terminate_process: 471
[!] Terminating process with PID 471
terminate_process: 188
[!] Terminating process with PID 188
terminate_process: 177
[!] Terminating process with PID 177
terminate_process: 361
[!] Terminating process with PID 361
terminate_process: 408
[!] Terminating process with PID 408
terminate_process: 108
[!] Terminating process with PID 108
terminate_process: 38
[!] Terminating process with PID 38
terminate_process: 145
[!] Terminating process with PID 145
terminate_process: 272
[!] Terminating process with PID 272
terminate_process: 137
[!] Terminating process with PID 137
terminate_process: 497
[!] Terminating process with PID 497
terminate_process: 457
[!] Terminating process with PID 457
terminate_process: 248
[!] Terminating process with PID 248
terminate_process: 425
[!] Terminating process with PID 425
terminate_process: 226
[!] Terminating process with PID 226
terminate_process: 140
[!] Terminating process with PID 140
terminate_process: 474
[!] Terminating process with PID 474
terminate_process: 474
[!] Terminating process with PID 474
terminate_process: 44
[!] Terminating process with PID 44
terminate_process: 228
[!] Terminating process with PID 228
terminate_process: 135
[!] Terminating process with PID 135
terminate_process: 240
[!] Terminating process with PID 240
terminate_process: 397
[!] Terminating process with PID 397
terminate_process: 197
[!] Terminating process with PID 197
terminate_process: 194
[!] Terminating process with PID 194
terminate_process: 453
[!] Terminating process with PID 453
terminate_process: 73
[!] Terminating process with PID 73
terminate_process: 98
[!] Terminating process with PID 98
terminate_process: 99
[!] Terminating process with PID 99
terminate_process: 492
[!] Terminating process with PID 492
terminate_process: 391
[!] Terminating process with PID 391
terminate_process: 233
[!] Terminating process with PID 233
terminate_process: 246
[!] Terminating process with PID 246
[lifecycle] 520 exits restore exact budgets and reuse freed PIDs
system_reset: PowerOff asked for by PID 2
