
loader: Redoubt rv32 loader, boot hart 0
  1 hart(s), timebase 10000000 Hz
  ram: 0x80000000..0x90000000 (256 MiB)
  bundle: 0x88200000..0x88286640
  devices: 14 mmio (8 dma), 10 irq, console 0x10000000
  plic: 0xc000000, S-mode context 1
  rng-seed: 32 bytes
  bundle signature ok (550400 bytes)
  PID 1: kernel -> 0xffd00000
  PID 2: process-fill -> 0x13528
  bundle mapped read-only at 0x20000000 (550464 bytes)
  252 MiB free, entering kernel
Kernel arguments:
    XArg (67724158, 28 bytes): 00000123 00000002 80000000 00000000 10000000 00000000 6d617273
    MREx (7845524d, 384 bytes): 10100000 00000000 00001000 00000000 632d7766 00000000 20000000 00000000 02000000 00000000 73616c66 00000000 00101000 00000000 00001000 00000000 40637472 00000000 10000000 00000000 00001000 00000000 69726573 00000000 00100000 00000000 00001000 00000000 74736574 00000000 10008000 00000000 00001000 00000000 74726976 00000000 10007000 00000000 00001000 00000000 74726976 00000000 10006000 00000000 00001000 00000000 74726976 00000000 10005000 00000000 00001000 00000000 74726976 00000000 10004000 00000000 00001000 00000000 74726976 00000000 10003000 00000000 00001000 00000000 74726976 00000000 10002000 00000000 00001000 00000000 74726976 00000000 10001000 00000000 00001000 00000000 74726976 00000000 0c000000 00000000 00600000 00000000 63696c70 00000000 02000000 00000000 00010000 00000000 6e696c63 00000000 30000000 00000000 10000000 00000000 40696370 00000000
    Ctrl (6c727443, 32 bytes): 0c000000 00000000 00600000 00000000 02000000 00000000 00010000 00000000
    Devs (73766544, 600 bytes): 00000003 00000000 00000000 00000000 00000000 00000000 00000001 10000000 00000000 00001000 00000000 00000000 00000002 0000000a 00000000 00000000 00000000 00000000 00000001 10100000 00000000 00001000 00000000 00000000 00000001 20000000 00000000 02000000 00000000 00000000 00000001 00101000 00000000 00001000 00000000 00000000 00000001 00100000 00000000 00001000 00000000 00000000 00000001 10008000 00000000 00001000 00000000 00000001 00000001 10007000 00000000 00001000 00000000 00000001 00000001 10006000 00000000 00001000 00000000 00000001 00000001 10005000 00000000 00001000 00000000 00000001 00000001 10004000 00000000 00001000 00000000 00000001 00000001 10003000 00000000 00001000 00000000 00000001 00000001 10002000 00000000 00001000 00000000 00000001 00000001 10001000 00000000 00001000 00000000 00000001 00000001 30000000 00000000 10000000 00000000 00000000 00000002 00000001 00000000 00000000 00000000 00000000 00000002 00000002 00000000 00000000 00000000 00000000 00000002 00000003 00000000 00000000 00000000 00000000 00000002 00000004 00000000 00000000 00000000 00000000 00000002 00000005 00000000 00000000 00000000 00000000 00000002 00000006 00000000 00000000 00000000 00000000 00000002 00000007 00000000 00000000 00000000 00000000 00000002 00000008 00000000 00000000 00000000 00000000 00000002 0000000b 00000000 00000000 00000000 00000000
    Plic (63696c50, 24 bytes): 0c000000 00000000 00600000 00000000 00000001 00000000
    Seed (64656553, 32 bytes): 8e91880e 4c2adaf5 9497fc18 fbd71101 525299c4 4c95c250 2f9f4643 7d496af0
    Time (656d6954, 8 bytes): 00989680 00000000
asid: 9 bits
Devices: 25 objects, all held by init
Budgets: root 63732 pages (1175 kept for init), system 15638, users 46917
W^X verified: 41 executable kernel pages, none writable under any alias
Kernel RNG seeded from the loader (32 bytes)
KMAIN (clean boot): Supervisor mode started...
kernel: checks on (debug assertions, overflow checks)
[!] Terminating process with PID 119
[process-fill] 509 children, 22 pages each
[process-fill] the next process_create is OutOfProcesses in every budget
[!] Terminating process with PID 4
[!] Terminating process with PID 15
[!] Terminating process with PID 32
[!] Terminating process with PID 33
[!] Terminating process with PID 40
[!] Terminating process with PID 43
[!] Terminating process with PID 48
[!] Terminating process with PID 54
[!] Terminating process with PID 56
[!] Terminating process with PID 62
[!] Terminating process with PID 63
[!] Terminating process with PID 71
[!] Terminating process with PID 73
[!] Terminating process with PID 77
[!] Terminating process with PID 87
[!] Terminating process with PID 88
[!] Terminating process with PID 89
[!] Terminating process with PID 90
[!] Terminating process with PID 91
[!] Terminating process with PID 92
[!] Terminating process with PID 94
[!] Terminating process with PID 96
[!] Terminating process with PID 110
[!] Terminating process with PID 113
[!] Terminating process with PID 118
[!] Terminating process with PID 119
[!] Terminating process with PID 120
[!] Terminating process with PID 128
[!] Terminating process with PID 129
[!] Terminating process with PID 132
[!] Terminating process with PID 137
[!] Terminating process with PID 142
[!] Terminating process with PID 145
[!] Terminating process with PID 146
[!] Terminating process with PID 147
[!] Terminating process with PID 151
[!] Terminating process with PID 152
[!] Terminating process with PID 154
[!] Terminating process with PID 155
[!] Terminating process with PID 158
[!] Terminating process with PID 175
[!] Terminating process with PID 181
[!] Terminating process with PID 187
[!] Terminating process with PID 189
[!] Terminating process with PID 192
[!] Terminating process with PID 193
[!] Terminating process with PID 200
[!] Terminating process with PID 201
[!] Terminating process with PID 204
[!] Terminating process with PID 208
[!] Terminating process with PID 214
[!] Terminating process with PID 218
[!] Terminating process with PID 220
[!] Terminating process with PID 224
[!] Terminating process with PID 226
[!] Terminating process with PID 227
[!] Terminating process with PID 233
[!] Terminating process with PID 235
[!] Terminating process with PID 238
[!] Terminating process with PID 239
[!] Terminating process with PID 243
[!] Terminating process with PID 247
[!] Terminating process with PID 249
[!] Terminating process with PID 250
[!] Terminating process with PID 252
[!] Terminating process with PID 255
[!] Terminating process with PID 257
[!] Terminating process with PID 258
[!] Terminating process with PID 262
[!] Terminating process with PID 274
[!] Terminating process with PID 279
[!] Terminating process with PID 282
[!] Terminating process with PID 286
[!] Terminating process with PID 306
[!] Terminating process with PID 313
[!] Terminating process with PID 315
[!] Terminating process with PID 328
[!] Terminating process with PID 331
[!] Terminating process with PID 332
[!] Terminating process with PID 334
[!] Terminating process with PID 346
[!] Terminating process with PID 351
[!] Terminating process with PID 357
[!] Terminating process with PID 360
[!] Terminating process with PID 362
[!] Terminating process with PID 363
[!] Terminating process with PID 367
[!] Terminating process with PID 371
[!] Terminating process with PID 373
[!] Terminating process with PID 376
[!] Terminating process with PID 386
[!] Terminating process with PID 389
[!] Terminating process with PID 392
[!] Terminating process with PID 401
[!] Terminating process with PID 407
[!] Terminating process with PID 408
[!] Terminating process with PID 410
[!] Terminating process with PID 413
[!] Terminating process with PID 415
[!] Terminating process with PID 418
[!] Terminating process with PID 420
[!] Terminating process with PID 424
[!] Terminating process with PID 432
[!] Terminating process with PID 434
[!] Terminating process with PID 436
[!] Terminating process with PID 438
[!] Terminating process with PID 442
[!] Terminating process with PID 443
[!] Terminating process with PID 445
[!] Terminating process with PID 450
[!] Terminating process with PID 455
[!] Terminating process with PID 457
[!] Terminating process with PID 464
[!] Terminating process with PID 466
[!] Terminating process with PID 471
[!] Terminating process with PID 479
[!] Terminating process with PID 480
[!] Terminating process with PID 485
[!] Terminating process with PID 487
[!] Terminating process with PID 493
[!] Terminating process with PID 496
[!] Terminating process with PID 497
[!] Terminating process with PID 498
[!] Terminating process with PID 499
[!] Terminating process with PID 501
[!] Terminating process with PID 503
[!] Terminating process with PID 508
[!] Terminating process with PID 3
[!] Terminating process with PID 5
[!] Terminating process with PID 6
[!] Terminating process with PID 7
[!] Terminating process with PID 8
[!] Terminating process with PID 9
[!] Terminating process with PID 10
[!] Terminating process with PID 11
[!] Terminating process with PID 12
[!] Terminating process with PID 13
[!] Terminating process with PID 14
[!] Terminating process with PID 16
[!] Terminating process with PID 17
[!] Terminating process with PID 18
[!] Terminating process with PID 19
[!] Terminating process with PID 20
[!] Terminating process with PID 21
[!] Terminating process with PID 22
[!] Terminating process with PID 23
[!] Terminating process with PID 24
[!] Terminating process with PID 25
[!] Terminating process with PID 26
[!] Terminating process with PID 27
[!] Terminating process with PID 28
[!] Terminating process with PID 29
[!] Terminating process with PID 30
[!] Terminating process with PID 31
[!] Terminating process with PID 34
[!] Terminating process with PID 35
[!] Terminating process with PID 36
[!] Terminating process with PID 37
[!] Terminating process with PID 38
[!] Terminating process with PID 39
[!] Terminating process with PID 41
[!] Terminating process with PID 42
[!] Terminating process with PID 44
[!] Terminating process with PID 45
[!] Terminating process with PID 46
[!] Terminating process with PID 47
[!] Terminating process with PID 49
[!] Terminating process with PID 50
[!] Terminating process with PID 51
[!] Terminating process with PID 52
[!] Terminating process with PID 53
[!] Terminating process with PID 55
[!] Terminating process with PID 57
[!] Terminating process with PID 58
[!] Terminating process with PID 59
[!] Terminating process with PID 60
[!] Terminating process with PID 61
[!] Terminating process with PID 64
[!] Terminating process with PID 65
[!] Terminating process with PID 66
[!] Terminating process with PID 67
[!] Terminating process with PID 68
[!] Terminating process with PID 69
[!] Terminating process with PID 70
[!] Terminating process with PID 72
[!] Terminating process with PID 74
[!] Terminating process with PID 75
[!] Terminating process with PID 76
[!] Terminating process with PID 78
[!] Terminating process with PID 79
[!] Terminating process with PID 80
[!] Terminating process with PID 81
[!] Terminating process with PID 82
[!] Terminating process with PID 83
[!] Terminating process with PID 84
[!] Terminating process with PID 85
[!] Terminating process with PID 86
[!] Terminating process with PID 93
[!] Terminating process with PID 95
[!] Terminating process with PID 97
[!] Terminating process with PID 98
[!] Terminating process with PID 99
[!] Terminating process with PID 100
[!] Terminating process with PID 101
[!] Terminating process with PID 102
[!] Terminating process with PID 103
[!] Terminating process with PID 104
[!] Terminating process with PID 105
[!] Terminating process with PID 106
[!] Terminating process with PID 107
[!] Terminating process with PID 108
[!] Terminating process with PID 109
[!] Terminating process with PID 111
[!] Terminating process with PID 112
[!] Terminating process with PID 114
[!] Terminating process with PID 115
[!] Terminating process with PID 116
[!] Terminating process with PID 117
[!] Terminating process with PID 121
[!] Terminating process with PID 122
[!] Terminating process with PID 123
[!] Terminating process with PID 124
[!] Terminating process with PID 125
[!] Terminating process with PID 126
[!] Terminating process with PID 127
[!] Terminating process with PID 130
[!] Terminating process with PID 131
[!] Terminating process with PID 133
[!] Terminating process with PID 134
[!] Terminating process with PID 135
[!] Terminating process with PID 136
[!] Terminating process with PID 138
[!] Terminating process with PID 139
[!] Terminating process with PID 140
[!] Terminating process with PID 141
[!] Terminating process with PID 143
[!] Terminating process with PID 144
[!] Terminating process with PID 148
[!] Terminating process with PID 149
[!] Terminating process with PID 150
[!] Terminating process with PID 153
[!] Terminating process with PID 156
[!] Terminating process with PID 157
[!] Terminating process with PID 159
[!] Terminating process with PID 160
[!] Terminating process with PID 161
[!] Terminating process with PID 162
[!] Terminating process with PID 163
[!] Terminating process with PID 164
[!] Terminating process with PID 165
[!] Terminating process with PID 166
[!] Terminating process with PID 167
[!] Terminating process with PID 168
[!] Terminating process with PID 169
[!] Terminating process with PID 170
[!] Terminating process with PID 171
[!] Terminating process with PID 172
[!] Terminating process with PID 173
[!] Terminating process with PID 174
[!] Terminating process with PID 176
[!] Terminating process with PID 177
[!] Terminating process with PID 178
[!] Terminating process with PID 179
[!] Terminating process with PID 180
[!] Terminating process with PID 182
[!] Terminating process with PID 183
[!] Terminating process with PID 184
[!] Terminating process with PID 185
[!] Terminating process with PID 186
[!] Terminating process with PID 188
[!] Terminating process with PID 190
[!] Terminating process with PID 191
[!] Terminating process with PID 194
[!] Terminating process with PID 195
[!] Terminating process with PID 196
[!] Terminating process with PID 197
[!] Terminating process with PID 198
[!] Terminating process with PID 199
[!] Terminating process with PID 202
[!] Terminating process with PID 203
[!] Terminating process with PID 205
[!] Terminating process with PID 206
[!] Terminating process with PID 207
[!] Terminating process with PID 209
[!] Terminating process with PID 210
[!] Terminating process with PID 211
[!] Terminating process with PID 212
[!] Terminating process with PID 213
[!] Terminating process with PID 215
[!] Terminating process with PID 216
[!] Terminating process with PID 217
[!] Terminating process with PID 219
[!] Terminating process with PID 221
[!] Terminating process with PID 222
[!] Terminating process with PID 223
[!] Terminating process with PID 225
[!] Terminating process with PID 228
[!] Terminating process with PID 229
[!] Terminating process with PID 230
[!] Terminating process with PID 231
[!] Terminating process with PID 232
[!] Terminating process with PID 234
[!] Terminating process with PID 236
[!] Terminating process with PID 237
[!] Terminating process with PID 240
[!] Terminating process with PID 241
[!] Terminating process with PID 242
[!] Terminating process with PID 244
[!] Terminating process with PID 245
[!] Terminating process with PID 246
[!] Terminating process with PID 248
[!] Terminating process with PID 251
[!] Terminating process with PID 253
[!] Terminating process with PID 254
[!] Terminating process with PID 256
[!] Terminating process with PID 259
[!] Terminating process with PID 260
[!] Terminating process with PID 261
[!] Terminating process with PID 263
[!] Terminating process with PID 264
[!] Terminating process with PID 265
[!] Terminating process with PID 266
[!] Terminating process with PID 267
[!] Terminating process with PID 268
[!] Terminating process with PID 269
[!] Terminating process with PID 270
[!] Terminating process with PID 271
[!] Terminating process with PID 272
[!] Terminating process with PID 273
[!] Terminating process with PID 275
[!] Terminating process with PID 276
[!] Terminating process with PID 277
[!] Terminating process with PID 278
[!] Terminating process with PID 280
[!] Terminating process with PID 281
[!] Terminating process with PID 283
[!] Terminating process with PID 284
[!] Terminating process with PID 285
[!] Terminating process with PID 287
[!] Terminating process with PID 288
[!] Terminating process with PID 289
[!] Terminating process with PID 290
[!] Terminating process with PID 291
[!] Terminating process with PID 292
[!] Terminating process with PID 293
[!] Terminating process with PID 294
[!] Terminating process with PID 295
[!] Terminating process with PID 296
[!] Terminating process with PID 297
[!] Terminating process with PID 298
[!] Terminating process with PID 299
[!] Terminating process with PID 300
[!] Terminating process with PID 301
[!] Terminating process with PID 302
[!] Terminating process with PID 303
[!] Terminating process with PID 304
[!] Terminating process with PID 305
[!] Terminating process with PID 307
[!] Terminating process with PID 308
[!] Terminating process with PID 309
[!] Terminating process with PID 310
[!] Terminating process with PID 311
[!] Terminating process with PID 312
[!] Terminating process with PID 314
[!] Terminating process with PID 316
[!] Terminating process with PID 317
[!] Terminating process with PID 318
[!] Terminating process with PID 319
[!] Terminating process with PID 320
[!] Terminating process with PID 321
[!] Terminating process with PID 322
[!] Terminating process with PID 323
[!] Terminating process with PID 324
[!] Terminating process with PID 325
[!] Terminating process with PID 326
[!] Terminating process with PID 327
[!] Terminating process with PID 329
[!] Terminating process with PID 330
[!] Terminating process with PID 333
[!] Terminating process with PID 335
[!] Terminating process with PID 336
[!] Terminating process with PID 337
[!] Terminating process with PID 338
[!] Terminating process with PID 339
[!] Terminating process with PID 340
[!] Terminating process with PID 341
[!] Terminating process with PID 342
[!] Terminating process with PID 343
[!] Terminating process with PID 344
[!] Terminating process with PID 345
[!] Terminating process with PID 347
[!] Terminating process with PID 348
[!] Terminating process with PID 349
[!] Terminating process with PID 350
[!] Terminating process with PID 352
[!] Terminating process with PID 353
[!] Terminating process with PID 354
[!] Terminating process with PID 355
[!] Terminating process with PID 356
[!] Terminating process with PID 358
[!] Terminating process with PID 359
[!] Terminating process with PID 361
[!] Terminating process with PID 364
[!] Terminating process with PID 365
[!] Terminating process with PID 366
[!] Terminating process with PID 368
[!] Terminating process with PID 369
[!] Terminating process with PID 370
[!] Terminating process with PID 372
[!] Terminating process with PID 374
[!] Terminating process with PID 375
[!] Terminating process with PID 377
[!] Terminating process with PID 378
[!] Terminating process with PID 379
[!] Terminating process with PID 380
[!] Terminating process with PID 381
[!] Terminating process with PID 382
[!] Terminating process with PID 383
[!] Terminating process with PID 384
[!] Terminating process with PID 385
[!] Terminating process with PID 387
[!] Terminating process with PID 388
[!] Terminating process with PID 390
[!] Terminating process with PID 391
[!] Terminating process with PID 393
[!] Terminating process with PID 394
[!] Terminating process with PID 395
[!] Terminating process with PID 396
[!] Terminating process with PID 397
[!] Terminating process with PID 398
[!] Terminating process with PID 399
[!] Terminating process with PID 400
[!] Terminating process with PID 402
[!] Terminating process with PID 403
[!] Terminating process with PID 404
[!] Terminating process with PID 405
[!] Terminating process with PID 406
[!] Terminating process with PID 409
[!] Terminating process with PID 411
[!] Terminating process with PID 412
[!] Terminating process with PID 414
[!] Terminating process with PID 416
[!] Terminating process with PID 417
[!] Terminating process with PID 419
[!] Terminating process with PID 421
[!] Terminating process with PID 422
[!] Terminating process with PID 423
[!] Terminating process with PID 425
[!] Terminating process with PID 426
[!] Terminating process with PID 427
[!] Terminating process with PID 428
[!] Terminating process with PID 429
[!] Terminating process with PID 430
[!] Terminating process with PID 431
[!] Terminating process with PID 433
[!] Terminating process with PID 435
[!] Terminating process with PID 437
[!] Terminating process with PID 439
[!] Terminating process with PID 440
[!] Terminating process with PID 441
[!] Terminating process with PID 444
[!] Terminating process with PID 446
[!] Terminating process with PID 447
[!] Terminating process with PID 448
[!] Terminating process with PID 449
[!] Terminating process with PID 451
[!] Terminating process with PID 452
[!] Terminating process with PID 453
[!] Terminating process with PID 454
[!] Terminating process with PID 456
[!] Terminating process with PID 458
[!] Terminating process with PID 459
[!] Terminating process with PID 460
[!] Terminating process with PID 461
[!] Terminating process with PID 462
[!] Terminating process with PID 463
[!] Terminating process with PID 465
[!] Terminating process with PID 467
[!] Terminating process with PID 468
[!] Terminating process with PID 469
[!] Terminating process with PID 470
[!] Terminating process with PID 472
[!] Terminating process with PID 473
[!] Terminating process with PID 474
[!] Terminating process with PID 475
[!] Terminating process with PID 476
[!] Terminating process with PID 477
[!] Terminating process with PID 478
[!] Terminating process with PID 481
[!] Terminating process with PID 482
[!] Terminating process with PID 483
[!] Terminating process with PID 484
[!] Terminating process with PID 486
[!] Terminating process with PID 488
[!] Terminating process with PID 489
[!] Terminating process with PID 490
[!] Terminating process with PID 491
[!] Terminating process with PID 492
[!] Terminating process with PID 494
[!] Terminating process with PID 495
[!] Terminating process with PID 500
[!] Terminating process with PID 502
[!] Terminating process with PID 504
[!] Terminating process with PID 505
[!] Terminating process with PID 506
[!] Terminating process with PID 507
[!] Terminating process with PID 509
[!] Terminating process with PID 510
[!] Terminating process with PID 511
[process-fill] PIDs 2 to 511 were all in use at once
[process-fill] every page came back: root, system and users as before
system_reset: PowerOff asked for by PID 2
