
loader: Redoubt rv64 loader, boot hart 0
  1 hart(s), timebase 10000000 Hz
  ram: 0x80000000..0x90000000 (256 MiB)
  bundle: 0x88200000..0x882e3e40
  devices: 14 mmio (8 dma), 10 irq, console 0x10000000
  plic: 0xc000000, S-mode context 1
  rng-seed: 32 bytes
  bundle signature ok (933376 bytes)
  PID 1: kernel -> 0xffffffffffd00000
  PID 2: log-server -> 0x172da
  bundle mapped read-only at 0x20000000 (933440 bytes)
  251 MiB free, entering kernel
Kernel arguments:
    XArg (67724158, 28 bytes): 00000123 00000002 80000000 00000000 10000000 00000000 6d617273
    MREx (7845524d, 384 bytes): 10100000 00000000 00001000 00000000 632d7766 00000000 20000000 00000000 02000000 00000000 73616c66 00000000 00101000 00000000 00001000 00000000 40637472 00000000 10000000 00000000 00001000 00000000 69726573 00000000 00100000 00000000 00001000 00000000 74736574 00000000 10008000 00000000 00001000 00000000 74726976 00000000 10007000 00000000 00001000 00000000 74726976 00000000 10006000 00000000 00001000 00000000 74726976 00000000 10005000 00000000 00001000 00000000 74726976 00000000 10004000 00000000 00001000 00000000 74726976 00000000 10003000 00000000 00001000 00000000 74726976 00000000 10002000 00000000 00001000 00000000 74726976 00000000 10001000 00000000 00001000 00000000 74726976 00000000 0c000000 00000000 00600000 00000000 63696c70 00000000 02000000 00000000 00010000 00000000 6e696c63 00000000 30000000 00000000 10000000 00000000 40696370 00000000
    Ctrl (6c727443, 32 bytes): 0c000000 00000000 00600000 00000000 02000000 00000000 00010000 00000000
    Devs (73766544, 600 bytes): 00000003 00000000 00000000 00000000 00000000 00000000 00000001 10000000 00000000 00001000 00000000 00000000 00000002 0000000a 00000000 00000000 00000000 00000000 00000001 10100000 00000000 00001000 00000000 00000000 00000001 20000000 00000000 02000000 00000000 00000000 00000001 00101000 00000000 00001000 00000000 00000000 00000001 00100000 00000000 00001000 00000000 00000000 00000001 10008000 00000000 00001000 00000000 00000001 00000001 10007000 00000000 00001000 00000000 00000001 00000001 10006000 00000000 00001000 00000000 00000001 00000001 10005000 00000000 00001000 00000000 00000001 00000001 10004000 00000000 00001000 00000000 00000001 00000001 10003000 00000000 00001000 00000000 00000001 00000001 10002000 00000000 00001000 00000000 00000001 00000001 10001000 00000000 00001000 00000000 00000001 00000001 30000000 00000000 10000000 00000000 00000000 00000002 00000001 00000000 00000000 00000000 00000000 00000002 00000002 00000000 00000000 00000000 00000000 00000002 00000003 00000000 00000000 00000000 00000000 00000002 00000004 00000000 00000000 00000000 00000000 00000002 00000005 00000000 00000000 00000000 00000000 00000002 00000006 00000000 00000000 00000000 00000000 00000002 00000007 00000000 00000000 00000000 00000000 00000002 00000008 00000000 00000000 00000000 00000000 00000002 0000000b 00000000 00000000 00000000 00000000
    Plic (63696c50, 24 bytes): 0c000000 00000000 00600000 00000000 00000001 00000000
    Seed (64656553, 32 bytes): 35c71c58 908945d7 493e54f2 dabcf89d 44200491 3f34b66c 9e4e69a9 623b0d31
    Time (656d6954, 8 bytes): 00989680 00000000
asid: 16 bits
Devices: 25 objects, all held by init
Budgets: root 63726 pages (1276 kept for init), system 15612, users 46836
W^X verified: 36 executable kernel pages, none writable under any alias
Kernel RNG seeded from the loader (32 bytes)
KMAIN (clean boot): Supervisor mode started...
kernel: checks on (debug assertions, overflow checks)

[server] PID 2 up
[server] holding the console irq
[server] started redoubt-victim as pid 3
[server] started redoubt-attack as pid 4
[server] PID 2 listening
[pid 3] [victim] holding the boot endpoint's receive right
[pid 4] [attacker] starting
[pid 4] [attacker] the victim answers: Ok(2)
[pid 4] [attacker] receive rights -> [Some(NotPermitted), Some(InvalidArgument), Some(NotPermitted), Some(BadHandle), Some(BadHandle), Some(BadHandle)]
[pid 4] [attacker] foreign message ids -> [Some(InvalidArgument), Some(InvalidArgument), Some(InvalidArgument), Some(InvalidArgument), Some(InvalidArgument), Some(InvalidArgument)]
[pid 3] [victim] a send's id: reply Err(InvalidArgument), mint Err(InvalidArgument)
[pid 4] [attacker] buffers -> [Some(InvalidArgument), Some(InvalidArgument), Some(InvalidArgument), Some(TooLarge), Some(InvalidArgument), Some(Refused)]
[pid 4] [attacker] flood: 2000 of 2000 refused
[pid 4] [attacker] the victim still answers: Ok(6)
[pid 4] [attacker] attempts done
[pid 3] [victim] served 29 calls and 1 sends after the attack
[pid 3] [victim] the receive right is still mine
[server] done: reported by pid 3; still serving
system_reset: PowerOff asked for by PID 2
