
loader: Redoubt rv32 loader, boot hart 0
  1 hart(s), timebase 10000000 Hz
  ram: 0x80000000..0x90000000 (256 MiB)
  bundle: 0x88200000..0x88277c40
  devices: 14 mmio (8 dma), 10 irq, console 0x10000000
  plic: 0xc000000, S-mode context 1
  rng-seed: 32 bytes
  bundle signature ok (490496 bytes)
  PID 1: kernel -> 0xffd00000
  PID 2: scan-bounds -> 0x18d08
  bundle mapped read-only at 0x20000000 (490560 bytes)
  252 MiB free, entering kernel
Kernel arguments:
    XArg (67724158, 28 bytes): 00000123 00000002 80000000 00000000 10000000 00000000 6d617273
    MREx (7845524d, 384 bytes): 10100000 00000000 00001000 00000000 632d7766 00000000 20000000 00000000 02000000 00000000 73616c66 00000000 00101000 00000000 00001000 00000000 40637472 00000000 10000000 00000000 00001000 00000000 69726573 00000000 00100000 00000000 00001000 00000000 74736574 00000000 10008000 00000000 00001000 00000000 74726976 00000000 10007000 00000000 00001000 00000000 74726976 00000000 10006000 00000000 00001000 00000000 74726976 00000000 10005000 00000000 00001000 00000000 74726976 00000000 10004000 00000000 00001000 00000000 74726976 00000000 10003000 00000000 00001000 00000000 74726976 00000000 10002000 00000000 00001000 00000000 74726976 00000000 10001000 00000000 00001000 00000000 74726976 00000000 0c000000 00000000 00600000 00000000 63696c70 00000000 02000000 00000000 00010000 00000000 6e696c63 00000000 30000000 00000000 10000000 00000000 40696370 00000000
    Ctrl (6c727443, 32 bytes): 0c000000 00000000 00600000 00000000 02000000 00000000 00010000 00000000
    Devs (73766544, 600 bytes): 00000003 00000000 00000000 00000000 00000000 00000000 00000001 10000000 00000000 00001000 00000000 00000000 00000002 0000000a 00000000 00000000 00000000 00000000 00000001 10100000 00000000 00001000 00000000 00000000 00000001 20000000 00000000 02000000 00000000 00000000 00000001 00101000 00000000 00001000 00000000 00000000 00000001 00100000 00000000 00001000 00000000 00000000 00000001 10008000 00000000 00001000 00000000 00000001 00000001 10007000 00000000 00001000 00000000 00000001 00000001 10006000 00000000 00001000 00000000 00000001 00000001 10005000 00000000 00001000 00000000 00000001 00000001 10004000 00000000 00001000 00000000 00000001 00000001 10003000 00000000 00001000 00000000 00000001 00000001 10002000 00000000 00001000 00000000 00000001 00000001 10001000 00000000 00001000 00000000 00000001 00000001 30000000 00000000 10000000 00000000 00000000 00000002 00000001 00000000 00000000 00000000 00000000 00000002 00000002 00000000 00000000 00000000 00000000 00000002 00000003 00000000 00000000 00000000 00000000 00000002 00000004 00000000 00000000 00000000 00000000 00000002 00000005 00000000 00000000 00000000 00000000 00000002 00000006 00000000 00000000 00000000 00000000 00000002 00000007 00000000 00000000 00000000 00000000 00000002 00000008 00000000 00000000 00000000 00000000 00000002 0000000b 00000000 00000000 00000000 00000000
    Plic (63696c50, 24 bytes): 0c000000 00000000 00600000 00000000 00000001 00000000
    Seed (64656553, 32 bytes): 11cc318c 34e97d02 fe5a07b0 5c9dac44 f7b9b7da 553c4f27 3482de33 6aeaf29b
    Time (656d6954, 8 bytes): 00989680 00000000
asid: 9 bits
Devices: 25 objects, all held by init
Budgets: root 63742 pages (1166 kept for init), system 15643, users 46931
W^X verified: 34 executable kernel pages, none writable under any alias
Kernel RNG seeded from the loader (32 bytes)
KMAIN (clean boot): Supervisor mode started...

[scan-bounds] calibrated: 10 ticks/us, 8747 iterations/ms
terminate_process: 177
[!] Terminating process with PID 177
terminate_process: 280
[!] Terminating process with PID 280
terminate_process: 179
[!] Terminating process with PID 179
terminate_process: 359
[!] Terminating process with PID 359
terminate_process: 64
[!] Terminating process with PID 64
terminate_process: 298
[!] Terminating process with PID 298
terminate_process: 434
[!] Terminating process with PID 434
terminate_process: 391
[!] Terminating process with PID 391
terminate_process: 192
[!] Terminating process with PID 192
terminate_process: 369
[!] Terminating process with PID 369
terminate_process: 349
[!] Terminating process with PID 349
terminate_process: 241
[!] Terminating process with PID 241
terminate_process: 44
[!] Terminating process with PID 44
terminate_process: 135
[!] Terminating process with PID 135
terminate_process: 274
[!] Terminating process with PID 274
terminate_process: 406
[!] Terminating process with PID 406
[scan-bounds] ok: a rolled-back process_create is refused and costs nothing (0 not refused, Ok(0) pages left)
[scan-bounds] empty: process_create to notice 8802 us
[scan-bounds] empty: interrupt 452 us
[scan-bounds] empty: map_anon of a page 210 us
[scan-bounds] empty: budget_create 573 us
[scan-bounds] empty: rolled-back process_create 772 us
[scan-bounds] the filler made 19971 endpoints
[scan-bounds] ok: the filler filled its budget with endpoints
terminate_process: 428
[!] Terminating process with PID 428
terminate_process: 306
[!] Terminating process with PID 306
terminate_process: 158
[!] Terminating process with PID 158
terminate_process: 184
[!] Terminating process with PID 184
terminate_process: 373
[!] Terminating process with PID 373
terminate_process: 200
[!] Terminating process with PID 200
terminate_process: 290
[!] Terminating process with PID 290
terminate_process: 350
[!] Terminating process with PID 350
terminate_process: 110
[!] Terminating process with PID 110
terminate_process: 287
[!] Terminating process with PID 287
terminate_process: 285
[!] Terminating process with PID 285
terminate_process: 496
[!] Terminating process with PID 496
terminate_process: 18
[!] Terminating process with PID 18
terminate_process: 121
[!] Terminating process with PID 121
terminate_process: 309
[!] Terminating process with PID 309
terminate_process: 209
[!] Terminating process with PID 209
[scan-bounds] ok: a rolled-back process_create is refused and costs nothing (0 not refused, Ok(0) pages left)
[scan-bounds] ok: process_create to notice stays bounded: 8956 us against 8802 us empty
[scan-bounds] ok: interrupt stays bounded: 452 us against 452 us empty
[scan-bounds] ok: map_anon of a page stays bounded: 210 us against 210 us empty
[scan-bounds] ok: budget_create stays bounded: 580 us against 573 us empty
[scan-bounds] ok: rolled-back process_create stays bounded: 757 us against 772 us empty
SCAN-BOUNDS TEST PASSED
system_reset: PowerOff asked for by PID 2
