
loader: Redoubt rv64 loader, boot hart 0
  1 hart(s), timebase 10000000 Hz
  ram: 0x80000000..0x90000000 (256 MiB)
  bundle: 0x88200000..0x8828d440
  devices: 14 mmio (8 dma), 10 irq, console 0x10000000
  plic: 0xc000000, S-mode context 1
  rng-seed: 32 bytes
  bundle signature ok (578560 bytes)
  PID 1: kernel -> 0xffffffffffd00000
  PID 2: scan-bounds -> 0x17b86
  bundle mapped read-only at 0x20000000 (578624 bytes)
  252 MiB free, entering kernel
Kernel arguments:
    XArg (67724158, 28 bytes): 00000123 00000002 80000000 00000000 10000000 00000000 6d617273
    MREx (7845524d, 384 bytes): 10100000 00000000 00001000 00000000 632d7766 00000000 20000000 00000000 02000000 00000000 73616c66 00000000 00101000 00000000 00001000 00000000 40637472 00000000 10000000 00000000 00001000 00000000 69726573 00000000 00100000 00000000 00001000 00000000 74736574 00000000 10008000 00000000 00001000 00000000 74726976 00000000 10007000 00000000 00001000 00000000 74726976 00000000 10006000 00000000 00001000 00000000 74726976 00000000 10005000 00000000 00001000 00000000 74726976 00000000 10004000 00000000 00001000 00000000 74726976 00000000 10003000 00000000 00001000 00000000 74726976 00000000 10002000 00000000 00001000 00000000 74726976 00000000 10001000 00000000 00001000 00000000 74726976 00000000 0c000000 00000000 00600000 00000000 63696c70 00000000 02000000 00000000 00010000 00000000 6e696c63 00000000 30000000 00000000 10000000 00000000 40696370 00000000
    Ctrl (6c727443, 32 bytes): 0c000000 00000000 00600000 00000000 02000000 00000000 00010000 00000000
    Devs (73766544, 600 bytes): 00000003 00000000 00000000 00000000 00000000 00000000 00000001 10000000 00000000 00001000 00000000 00000000 00000002 0000000a 00000000 00000000 00000000 00000000 00000001 10100000 00000000 00001000 00000000 00000000 00000001 20000000 00000000 02000000 00000000 00000000 00000001 00101000 00000000 00001000 00000000 00000000 00000001 00100000 00000000 00001000 00000000 00000000 00000001 10008000 00000000 00001000 00000000 00000001 00000001 10007000 00000000 00001000 00000000 00000001 00000001 10006000 00000000 00001000 00000000 00000001 00000001 10005000 00000000 00001000 00000000 00000001 00000001 10004000 00000000 00001000 00000000 00000001 00000001 10003000 00000000 00001000 00000000 00000001 00000001 10002000 00000000 00001000 00000000 00000001 00000001 10001000 00000000 00001000 00000000 00000001 00000001 30000000 00000000 10000000 00000000 00000000 00000002 00000001 00000000 00000000 00000000 00000000 00000002 00000002 00000000 00000000 00000000 00000000 00000002 00000003 00000000 00000000 00000000 00000000 00000002 00000004 00000000 00000000 00000000 00000000 00000002 00000005 00000000 00000000 00000000 00000000 00000002 00000006 00000000 00000000 00000000 00000000 00000002 00000007 00000000 00000000 00000000 00000000 00000002 00000008 00000000 00000000 00000000 00000000 00000002 0000000b 00000000 00000000 00000000 00000000
    Plic (63696c50, 24 bytes): 0c000000 00000000 00600000 00000000 00000001 00000000
    Seed (64656553, 32 bytes): 31cbbc9c 81c37ef7 2bb52f64 db03514e acbe04fc de55475b 568956df f22846dc
    Time (656d6954, 8 bytes): 00989680 00000000
asid: 16 bits
Devices: 25 objects, all held by init
Budgets: root 63735 pages (1190 kept for init), system 15635, users 46908
W^X verified: 30 executable kernel pages, none writable under any alias
Kernel RNG seeded from the loader (32 bytes)
KMAIN (clean boot): Supervisor mode started...

[scan-bounds] calibrated: 10 ticks/us, 24619 iterations/ms
terminate_process: 169
[!] Terminating process with PID 169
terminate_process: 248
[!] Terminating process with PID 248
terminate_process: 351
[!] Terminating process with PID 351
terminate_process: 317
[!] Terminating process with PID 317
terminate_process: 97
[!] Terminating process with PID 97
terminate_process: 163
[!] Terminating process with PID 163
terminate_process: 146
[!] Terminating process with PID 146
terminate_process: 395
[!] Terminating process with PID 395
terminate_process: 432
[!] Terminating process with PID 432
terminate_process: 263
[!] Terminating process with PID 263
terminate_process: 91
[!] Terminating process with PID 91
terminate_process: 177
[!] Terminating process with PID 177
terminate_process: 48
[!] Terminating process with PID 48
terminate_process: 175
[!] Terminating process with PID 175
terminate_process: 268
[!] Terminating process with PID 268
terminate_process: 9
[!] Terminating process with PID 9
[scan-bounds] ok: a rolled-back process_create is refused and costs nothing (0 not refused, Ok(0) pages left)
[scan-bounds] empty: process_create to notice 8247 us
[scan-bounds] empty: interrupt 521 us
[scan-bounds] empty: map_anon of a page 184 us
[scan-bounds] empty: budget_create 540 us
[scan-bounds] empty: rolled-back process_create 559 us
[scan-bounds] the filler made 19970 endpoints
[scan-bounds] ok: the filler filled its budget with endpoints
terminate_process: 162
[!] Terminating process with PID 162
terminate_process: 354
[!] Terminating process with PID 354
terminate_process: 446
[!] Terminating process with PID 446
terminate_process: 225
[!] Terminating process with PID 225
terminate_process: 171
[!] Terminating process with PID 171
terminate_process: 335
[!] Terminating process with PID 335
terminate_process: 394
[!] Terminating process with PID 394
terminate_process: 103
[!] Terminating process with PID 103
terminate_process: 238
[!] Terminating process with PID 238
terminate_process: 368
[!] Terminating process with PID 368
terminate_process: 140
[!] Terminating process with PID 140
terminate_process: 469
[!] Terminating process with PID 469
terminate_process: 400
[!] Terminating process with PID 400
terminate_process: 488
[!] Terminating process with PID 488
terminate_process: 177
[!] Terminating process with PID 177
terminate_process: 483
[!] Terminating process with PID 483
[scan-bounds] ok: a rolled-back process_create is refused and costs nothing (0 not refused, Ok(0) pages left)
[scan-bounds] ok: process_create to notice stays bounded: 8402 us against 8247 us empty
[scan-bounds] ok: interrupt stays bounded: 522 us against 521 us empty
[scan-bounds] ok: map_anon of a page stays bounded: 184 us against 184 us empty
[scan-bounds] ok: budget_create stays bounded: 547 us against 540 us empty
[scan-bounds] ok: rolled-back process_create stays bounded: 564 us against 559 us empty
SCAN-BOUNDS TEST PASSED
system_reset: PowerOff asked for by PID 2
