
loader: Redoubt rv32 loader, boot hart 0
  1 hart(s), timebase 10000000 Hz
  ram: 0x80000000..0x90000000 (256 MiB)
  bundle: 0x88200000..0x8828f840
  devices: 14 mmio (8 dma), 10 irq, console 0x10000000
  plic: 0xc000000, S-mode context 1
  rng-seed: 32 bytes
  bundle signature ok (587776 bytes)
  PID 1: kernel -> 0xffd00000
  PID 2: sched-ties -> 0x19042
  bundle mapped read-only at 0x20000000 (587840 bytes)
  252 MiB free, entering kernel
Kernel arguments:
    XArg (67724158, 28 bytes): 00000123 00000002 80000000 00000000 10000000 00000000 6d617273
    MREx (7845524d, 384 bytes): 10100000 00000000 00001000 00000000 632d7766 00000000 20000000 00000000 02000000 00000000 73616c66 00000000 00101000 00000000 00001000 00000000 40637472 00000000 10000000 00000000 00001000 00000000 69726573 00000000 00100000 00000000 00001000 00000000 74736574 00000000 10008000 00000000 00001000 00000000 74726976 00000000 10007000 00000000 00001000 00000000 74726976 00000000 10006000 00000000 00001000 00000000 74726976 00000000 10005000 00000000 00001000 00000000 74726976 00000000 10004000 00000000 00001000 00000000 74726976 00000000 10003000 00000000 00001000 00000000 74726976 00000000 10002000 00000000 00001000 00000000 74726976 00000000 10001000 00000000 00001000 00000000 74726976 00000000 0c000000 00000000 00600000 00000000 63696c70 00000000 02000000 00000000 00010000 00000000 6e696c63 00000000 30000000 00000000 10000000 00000000 40696370 00000000
    Ctrl (6c727443, 32 bytes): 0c000000 00000000 00600000 00000000 02000000 00000000 00010000 00000000
    Devs (73766544, 600 bytes): 00000003 00000000 00000000 00000000 00000000 00000000 00000001 10000000 00000000 00001000 00000000 00000000 00000002 0000000a 00000000 00000000 00000000 00000000 00000001 10100000 00000000 00001000 00000000 00000000 00000001 20000000 00000000 02000000 00000000 00000000 00000001 00101000 00000000 00001000 00000000 00000000 00000001 00100000 00000000 00001000 00000000 00000000 00000001 10008000 00000000 00001000 00000000 00000001 00000001 10007000 00000000 00001000 00000000 00000001 00000001 10006000 00000000 00001000 00000000 00000001 00000001 10005000 00000000 00001000 00000000 00000001 00000001 10004000 00000000 00001000 00000000 00000001 00000001 10003000 00000000 00001000 00000000 00000001 00000001 10002000 00000000 00001000 00000000 00000001 00000001 10001000 00000000 00001000 00000000 00000001 00000001 30000000 00000000 10000000 00000000 00000000 00000002 00000001 00000000 00000000 00000000 00000000 00000002 00000002 00000000 00000000 00000000 00000000 00000002 00000003 00000000 00000000 00000000 00000000 00000002 00000004 00000000 00000000 00000000 00000000 00000002 00000005 00000000 00000000 00000000 00000000 00000002 00000006 00000000 00000000 00000000 00000000 00000002 00000007 00000000 00000000 00000000 00000000 00000002 00000008 00000000 00000000 00000000 00000000 00000002 0000000b 00000000 00000000 00000000 00000000
    Plic (63696c50, 24 bytes): 0c000000 00000000 00600000 00000000 00000001 00000000
    Seed (64656553, 32 bytes): 1912b741 f7870761 feb068d1 b1b67242 cc127b5f 9803bf29 2a402d12 bf915228
    Time (656d6954, 8 bytes): 00989680 00000000
asid: 9 bits
Devices: 25 objects, all held by init
Budgets: root 47331 pages (1190 kept for init), system 11534, users 34605
W^X verified: 42 executable kernel pages, none writable under any alias
Kernel RNG seeded from the loader (32 bytes)
KMAIN (clean boot): Supervisor mode started...
kernel: checks on (debug assertions, overflow checks)

[ties] calibrated: 10 ticks/us, 8642 iterations/ms
terminate_process: 480
[!] Terminating process with PID 480
terminate_process: 462
[!] Terminating process with PID 462
terminate_process: 149
[!] Terminating process with PID 149
terminate_process: 315
[!] Terminating process with PID 315
terminate_process: 493
[!] Terminating process with PID 493
terminate_process: 13
[!] Terminating process with PID 13
terminate_process: 169
[!] Terminating process with PID 169
[ties] first runs (rdtime): A [62795775, 62810203, 62824703], B [62869013, 62854184, 62839406]
[ties] ok: B woken by three sends, A by one destroy (Ok(())): all six woke
[ties] ok: wakers of one entry ran lowest id first (clause 3)
[ties] ok: a later entry's wakers ran first (clause 2)
SCHED-TIES TEST PASSED
system_reset: PowerOff asked for by PID 2
SCHED-TRACE 0 0 G 1 0
SCHED-TRACE 1 0 g 1 0
SCHED-TRACE 2 0 v 1 f4240000b71b0
SCHED-TRACE 3 0 f 1 0
SCHED-TRACE 4 0 N 1 0
SCHED-TRACE 5 0 n 1 0
SCHED-TRACE 6 0 G 1 0
SCHED-TRACE 7 0 g 1 0
SCHED-TRACE 8 0 v 1 b71b0000003e8
SCHED-TRACE 9 0 f 1 0
SCHED-TRACE 10 0 N 1 0
SCHED-TRACE 11 0 n 1 0
SCHED-TRACE 12 1 W 1 0
SCHED-TRACE 13 1 K 1 0
SCHED-TRACE 14 6 P 1 bfd70a
SCHED-TRACE 15 6 D 1 bfd70a
SCHED-TRACE 16 8 U 4 8c4
SCHED-TRACE 17 8 V 4 8d2
SCHED-TRACE 18 9 W 1 d88b43
SCHED-TRACE 19 9 U 4 cc3e
SCHED-TRACE 20 9 V 4 cc52
SCHED-TRACE 21 10 K 1 d88b43
SCHED-TRACE 22 12 I 1 f3be
SCHED-TRACE 23 12 B 1 ee
SCHED-TRACE 24 12 P 1 712d4fd
SCHED-TRACE 25 12 R 1 712d4fd
SCHED-TRACE 26 13 U 4 f42c
SCHED-TRACE 27 13 V 4 f444
SCHED-TRACE 28 13 O 0 0
SCHED-TRACE 29 13 P 1 7229fbe
SCHED-TRACE 30 14 K 1 7229fbe
SCHED-TRACE 31 14 P 1 733f7ce
SCHED-TRACE 32 15 I 1 11bc9
SCHED-TRACE 33 15 B 1 f0
SCHED-TRACE 34 15 P 1 d73ced9
SCHED-TRACE 35 15 R 1 d73ced9
SCHED-TRACE 36 16 U 4 11c37
SCHED-TRACE 37 16 V 4 11c50
SCHED-TRACE 38 16 O 0 0
SCHED-TRACE 39 16 P 1 d83b22d
SCHED-TRACE 40 17 K 1 d83b22d
SCHED-TRACE 41 17 P 1 d950a3d
SCHED-TRACE 42 18 I 1 143d5
SCHED-TRACE 43 18 B 1 ef
SCHED-TRACE 44 18 P 1 13d4dd2f
SCHED-TRACE 45 18 R 1 13d4dd2f
SCHED-TRACE 46 19 U 4 14443
SCHED-TRACE 47 19 V 4 1445b
SCHED-TRACE 48 19 O 0 0
SCHED-TRACE 49 19 P 1 13e4b439
SCHED-TRACE 50 20 K 1 13e4b439
SCHED-TRACE 51 20 P 1 13f61062
SCHED-TRACE 52 21 I 1 16be0
SCHED-TRACE 53 21 B 1 f1
SCHED-TRACE 54 21 P 1 1a35d70a
SCHED-TRACE 55 21 R 1 1a35d70a
SCHED-TRACE 56 22 U 4 16c4e
SCHED-TRACE 57 22 V 4 16c67
SCHED-TRACE 58 22 O 0 0
SCHED-TRACE 59 22 P 1 1a45c28f
SCHED-TRACE 60 23 K 1 1a45c28f
SCHED-TRACE 61 23 P 1 1a571eb8
SCHED-TRACE 62 24 I 1 193ec
SCHED-TRACE 63 24 B 1 f0
SCHED-TRACE 64 24 P 1 2096e147
SCHED-TRACE 65 24 R 1 2096e147
SCHED-TRACE 66 25 U 4 1945a
SCHED-TRACE 67 25 V 4 19473
SCHED-TRACE 68 25 O 0 0
SCHED-TRACE 69 25 P 1 20a6c083
SCHED-TRACE 70 26 K 1 20a6c083
SCHED-TRACE 71 26 P 1 20b820c4
SCHED-TRACE 72 27 I 1 1bbf8
SCHED-TRACE 73 27 B 1 f1
SCHED-TRACE 74 27 P 1 26f7fbe7
SCHED-TRACE 75 27 R 1 26f7fbe7
SCHED-TRACE 76 28 U 4 1bc66
SCHED-TRACE 77 28 V 4 1bc7f
SCHED-TRACE 78 28 O 0 0
SCHED-TRACE 79 28 P 1 2707eb85
SCHED-TRACE 80 29 K 1 2707eb85
SCHED-TRACE 81 29 P 1 27194fdf
SCHED-TRACE 82 30 I 1 1e405
SCHED-TRACE 83 30 B 1 f1
SCHED-TRACE 84 30 P 1 2d592f1a
SCHED-TRACE 85 30 R 1 2d592f1a
SCHED-TRACE 86 31 U 4 1e473
SCHED-TRACE 87 31 V 4 1e48c
SCHED-TRACE 88 31 O 0 0
SCHED-TRACE 89 31 P 1 2d691a9f
SCHED-TRACE 90 32 K 1 2d691a9f
SCHED-TRACE 91 32 P 1 2d7a7ae1
SCHED-TRACE 92 33 I 1 20c11
SCHED-TRACE 93 33 B 1 f1
SCHED-TRACE 94 33 P 1 33ba4dd2
SCHED-TRACE 95 33 R 1 33ba4dd2
SCHED-TRACE 96 34 U 4 20c7f
SCHED-TRACE 97 34 V 4 20c98
SCHED-TRACE 98 34 O 0 0
SCHED-TRACE 99 34 P 1 33ca3d70
SCHED-TRACE 100 35 K 1 33ca3d70
SCHED-TRACE 101 35 P 1 33db8d4f
SCHED-TRACE 102 36 I 1 2341d
SCHED-TRACE 103 36 B 1 ed
SCHED-TRACE 104 36 P 1 3a1b645a
SCHED-TRACE 105 36 R 1 3a1b645a
SCHED-TRACE 106 37 U 4 2348a
SCHED-TRACE 107 37 V 4 234a3
SCHED-TRACE 108 37 O 0 0
SCHED-TRACE 109 37 P 1 3a2b47ae
SCHED-TRACE 110 38 K 1 3a2b47ae
SCHED-TRACE 111 38 P 1 3a3cb020
SCHED-TRACE 112 39 G 2 0
SCHED-TRACE 113 39 g 2 0
SCHED-TRACE 114 39 v 2 3d0900003d090
SCHED-TRACE 115 39 f 2 3a3cb020
SCHED-TRACE 116 39 N 2 3a3cb020
SCHED-TRACE 117 39 n 2 0
SCHED-TRACE 118 44 G 3 0
SCHED-TRACE 119 44 g 3 0
SCHED-TRACE 120 44 v 3 b6dc8000b6d64
SCHED-TRACE 121 44 f 3 3a3cb020
SCHED-TRACE 122 44 N 3 3a3cb020
SCHED-TRACE 123 44 n 3 0
SCHED-TRACE 124 45 I 1 25ea3
SCHED-TRACE 125 45 B 1 f2
SCHED-TRACE 126 45 P 1 40de1062
SCHED-TRACE 127 45 R 1 40de1062
SCHED-TRACE 128 46 U 4 25f12
SCHED-TRACE 129 46 V 4 25f2b
SCHED-TRACE 130 46 O 0 0
SCHED-TRACE 131 46 P 1 40ee2d0e
SCHED-TRACE 132 47 K 1 40ee2d0e
SCHED-TRACE 133 47 P 1 40ff9581
SCHED-TRACE 134 51 U 2 266f3
SCHED-TRACE 135 51 V 2 268b2
SCHED-TRACE 136 58 I 1 28a63
SCHED-TRACE 137 58 B 1 f1
SCHED-TRACE 138 58 P 1 478ad0e5
SCHED-TRACE 139 58 R 1 478ad0e5
SCHED-TRACE 140 59 U 4 28ad1
SCHED-TRACE 141 59 V 4 28aed
SCHED-TRACE 142 59 O 0 0
SCHED-TRACE 143 59 P 1 479add2f
SCHED-TRACE 144 60 K 1 479add2f
SCHED-TRACE 145 60 P 1 47ac6666
SCHED-TRACE 146 65 P 34 47ac6666
SCHED-TRACE 147 65 W 34 47ac6666
SCHED-TRACE 148 67 G 3 3a3cb020
SCHED-TRACE 149 67 g 3 0
SCHED-TRACE 150 67 v 3 b6d64000b6d00
SCHED-TRACE 151 67 f 3 47ac6666
SCHED-TRACE 152 67 N 3 47ac6666
SCHED-TRACE 153 67 n 3 0
SCHED-TRACE 154 71 U 2 29f38
SCHED-TRACE 155 71 V 2 2a119
SCHED-TRACE 156 75 I 1 2b64f
SCHED-TRACE 157 75 B 1 ee
SCHED-TRACE 158 75 P 1 4e35fbe7
SCHED-TRACE 159 75 R 1 4e35fbe7
SCHED-TRACE 160 76 U 4 2b6cb
SCHED-TRACE 161 76 V 4 2b6ef
SCHED-TRACE 162 76 O 0 0
SCHED-TRACE 163 76 P 1 4e482d0e
SCHED-TRACE 164 77 K 34 47ac6666
SCHED-TRACE 165 77 P 1 4e5b6872
SCHED-TRACE 166 78 P 1 4e650a3d
SCHED-TRACE 167 78 P 34 4b0651eb
SCHED-TRACE 168 78 D 34 4b0651eb
SCHED-TRACE 169 80 K 1 4e650a3d
SCHED-TRACE 170 87 P 38 4e650a3d
SCHED-TRACE 171 87 W 38 4e650a3d
SCHED-TRACE 172 89 G 3 47ac6666
SCHED-TRACE 173 89 g 3 0
SCHED-TRACE 174 89 v 3 b6d00000b6c9c
SCHED-TRACE 175 89 f 3 4e650a3d
SCHED-TRACE 176 89 N 3 4e650a3d
SCHED-TRACE 177 89 n 3 0
SCHED-TRACE 178 93 U 2 2db37
SCHED-TRACE 179 93 V 2 2dd3c
SCHED-TRACE 180 95 I 1 2eafe
SCHED-TRACE 181 95 B 1 f1
SCHED-TRACE 182 95 P 1 55c428f5
SCHED-TRACE 183 95 R 1 55c428f5
SCHED-TRACE 184 96 U 4 2eb7a
SCHED-TRACE 185 96 V 4 2eba2
SCHED-TRACE 186 96 O 0 0
SCHED-TRACE 187 96 P 1 55d66a7e
SCHED-TRACE 188 97 K 38 4e650a3d
SCHED-TRACE 189 97 P 1 55e9ba5e
SCHED-TRACE 190 98 P 1 55f35810
SCHED-TRACE 191 98 P 38 524651eb
SCHED-TRACE 192 98 D 38 524651eb
SCHED-TRACE 193 100 K 1 55f35810
SCHED-TRACE 194 109 P 42 55f35810
SCHED-TRACE 195 109 W 42 55f35810
SCHED-TRACE 196 109 G 3 4e650a3d
SCHED-TRACE 197 109 g 3 0
SCHED-TRACE 198 109 v 3 b6c9c000b6c38
SCHED-TRACE 199 109 f 3 55f35810
SCHED-TRACE 200 109 N 3 55f35810
SCHED-TRACE 201 109 n 3 0
SCHED-TRACE 202 113 U 2 31553
SCHED-TRACE 203 113 V 2 31779
SCHED-TRACE 204 115 I 1 32547
SCHED-TRACE 205 115 B 1 f2
SCHED-TRACE 206 115 P 1 5e249fbe
SCHED-TRACE 207 115 R 1 5e249fbe
SCHED-TRACE 208 116 U 4 325c3
SCHED-TRACE 209 116 V 4 325ee
SCHED-TRACE 210 116 O 0 0
SCHED-TRACE 211 116 P 1 5e36e560
SCHED-TRACE 212 117 K 42 55f35810
SCHED-TRACE 213 117 P 1 5e4a4189
SCHED-TRACE 214 118 P 1 5e53df3b
SCHED-TRACE 215 118 P 42 5a5a624d
SCHED-TRACE 216 118 D 42 5a5a624d
SCHED-TRACE 217 120 K 1 5e53df3b
SCHED-TRACE 218 129 P 45 5e53df3b
SCHED-TRACE 219 129 W 45 5e53df3b
SCHED-TRACE 220 129 G 3 55f35810
SCHED-TRACE 221 129 g 3 0
SCHED-TRACE 222 129 v 3 b6c38000b6bd4
SCHED-TRACE 223 129 f 3 5e53df3b
SCHED-TRACE 224 129 N 3 5e53df3b
SCHED-TRACE 225 129 n 3 0
SCHED-TRACE 226 133 U 2 3503e
SCHED-TRACE 227 133 V 2 35285
SCHED-TRACE 228 135 I 1 36060
SCHED-TRACE 229 135 B 1 ef
SCHED-TRACE 230 135 P 1 6692f1a9
SCHED-TRACE 231 135 R 1 6692f1a9
SCHED-TRACE 232 136 U 4 360da
SCHED-TRACE 233 136 V 4 36107
SCHED-TRACE 234 136 O 0 0
SCHED-TRACE 235 136 P 1 66a4d916
SCHED-TRACE 236 137 K 45 5e53df3b
SCHED-TRACE 237 137 P 1 66b84189
SCHED-TRACE 238 138 P 1 66c1e353
SCHED-TRACE 239 138 P 45 634126e9
SCHED-TRACE 240 138 D 45 634126e9
SCHED-TRACE 241 140 K 1 66c1e353
SCHED-TRACE 242 149 P 48 66c1e353
SCHED-TRACE 243 149 W 48 66c1e353
SCHED-TRACE 244 149 G 3 5e53df3b
SCHED-TRACE 245 149 g 3 0
SCHED-TRACE 246 149 v 3 b6bd4000b6b70
SCHED-TRACE 247 149 f 3 66c1e353
SCHED-TRACE 248 149 N 3 66c1e353
SCHED-TRACE 249 149 n 3 0
SCHED-TRACE 250 153 U 2 38a18
SCHED-TRACE 251 153 V 2 38c83
SCHED-TRACE 252 155 I 1 399c8
SCHED-TRACE 253 155 B 1 f2
SCHED-TRACE 254 155 P 1 6ea89fbe
SCHED-TRACE 255 155 R 1 6ea89fbe
SCHED-TRACE 256 156 U 4 39a44
SCHED-TRACE 257 156 V 4 39a75
SCHED-TRACE 258 156 O 0 0
SCHED-TRACE 259 156 P 1 6ebae978
SCHED-TRACE 260 157 K 48 66c1e353
SCHED-TRACE 261 157 P 1 6ece8b43
SCHED-TRACE 262 158 P 1 6ed82d0e
SCHED-TRACE 263 158 P 48 6c36353e
SCHED-TRACE 264 158 D 48 6c36353e
SCHED-TRACE 265 160 K 1 6ed82d0e
SCHED-TRACE 266 169 P 51 6ed82d0e
SCHED-TRACE 267 169 W 51 6ed82d0e
SCHED-TRACE 268 169 G 3 66c1e353
SCHED-TRACE 269 169 g 3 0
SCHED-TRACE 270 169 v 3 b6b70000b6b0c
SCHED-TRACE 271 169 f 3 6ed82d0e
SCHED-TRACE 272 169 N 3 6ed82d0e
SCHED-TRACE 273 169 n 3 0
SCHED-TRACE 274 173 U 2 3c32f
SCHED-TRACE 275 173 V 2 3c5bb
SCHED-TRACE 276 175 I 1 3d30d
SCHED-TRACE 277 175 B 1 f2
SCHED-TRACE 278 175 P 1 76a4d4fd
SCHED-TRACE 279 175 R 1 76a4d4fd
SCHED-TRACE 280 176 U 4 3d389
SCHED-TRACE 281 176 V 4 3d3be
SCHED-TRACE 282 176 O 0 0
SCHED-TRACE 283 176 P 1 76b72b02
SCHED-TRACE 284 177 K 51 6ed82d0e
SCHED-TRACE 285 177 P 1 76cae560
SCHED-TRACE 286 178 P 1 76d48312
SCHED-TRACE 287 178 P 51 74d26a7e
SCHED-TRACE 288 178 D 51 74d26a7e
SCHED-TRACE 289 180 K 1 76d48312
SCHED-TRACE 290 189 P 54 76d48312
SCHED-TRACE 291 189 W 54 76d48312
SCHED-TRACE 292 191 P 34 76d48312
SCHED-TRACE 293 191 W 34 76d48312
SCHED-TRACE 294 191 U 4 3fda1
SCHED-TRACE 295 191 V 4 3fdda
SCHED-TRACE 296 192 P 38 76d48312
SCHED-TRACE 297 192 W 38 76d48312
SCHED-TRACE 298 192 I 1 4074d
SCHED-TRACE 299 192 B 1 ec
SCHED-TRACE 300 192 P 1 7e26978d
SCHED-TRACE 301 192 R 1 7e26978d
SCHED-TRACE 302 193 O 0 0
SCHED-TRACE 303 193 P 1 7e39f3b6
SCHED-TRACE 304 194 K 38 76d48312
SCHED-TRACE 305 194 P 1 7e51126e
SCHED-TRACE 306 195 P 1 7e5dd2f1
SCHED-TRACE 307 195 P 38 78248312
SCHED-TRACE 308 195 D 38 78248312
SCHED-TRACE 309 197 K 34 76d48312
SCHED-TRACE 310 198 P 34 78178d50
SCHED-TRACE 311 198 D 34 78178d50
SCHED-TRACE 312 200 K 54 76d48312
SCHED-TRACE 313 201 P 54 7d30d4fd
SCHED-TRACE 314 201 D 54 7d30d4fd
SCHED-TRACE 315 203 K 1 7e5dd2f1
SCHED-TRACE 316 205 P 42 7e5dd2f1
SCHED-TRACE 317 205 W 42 7e5dd2f1
SCHED-TRACE 318 206 P 45 7e5dd2f1
SCHED-TRACE 319 206 W 45 7e5dd2f1
SCHED-TRACE 320 206 U 4 42578
SCHED-TRACE 321 206 V 4 425b1
SCHED-TRACE 322 207 P 48 7e5dd2f1
SCHED-TRACE 323 207 W 48 7e5dd2f1
SCHED-TRACE 324 208 P 51 7e5dd2f1
SCHED-TRACE 325 208 W 51 7e5dd2f1
SCHED-TRACE 326 208 I 1 4392c
SCHED-TRACE 327 208 B 1 f2
SCHED-TRACE 328 208 P 1 84a5020c
SCHED-TRACE 329 208 R 1 84a5020c
SCHED-TRACE 330 209 O 0 0
SCHED-TRACE 331 209 P 1 84bad916
SCHED-TRACE 332 210 K 51 7e5dd2f1
SCHED-TRACE 333 210 P 1 84d2f5c2
SCHED-TRACE 334 211 P 1 84e15810
SCHED-TRACE 335 211 P 51 7fb41062
SCHED-TRACE 336 211 D 51 7fb41062
SCHED-TRACE 337 213 K 48 7e5dd2f1
SCHED-TRACE 338 214 P 48 7fa676c8
SCHED-TRACE 339 214 D 48 7fa676c8
SCHED-TRACE 340 216 K 45 7e5dd2f1
SCHED-TRACE 341 217 P 45 7fa18106
SCHED-TRACE 342 217 D 45 7fa18106
SCHED-TRACE 343 219 K 42 7e5dd2f1
SCHED-TRACE 344 220 P 42 7f9af1a9
SCHED-TRACE 345 220 D 42 7f9af1a9
SCHED-TRACE 346 222 K 1 84e15810
SCHED-TRACE 347 223 I 1 442bc
SCHED-TRACE 348 223 B 38 484
SCHED-TRACE 349 223 B 42 46f
SCHED-TRACE 350 223 B 51 433
SCHED-TRACE 351 223 B 48 3f8
SCHED-TRACE 352 223 B 45 3bb
SCHED-TRACE 353 223 B 34 37f
SCHED-TRACE 354 223 E 34 1
SCHED-TRACE 355 223 B 34 c5
SCHED-TRACE 356 223 B 34 5b
SCHED-TRACE 357 224 P 51 84e15810
SCHED-TRACE 358 224 W 51 84e15810
SCHED-TRACE 359 224 P 48 84e15810
SCHED-TRACE 360 224 W 48 84e15810
SCHED-TRACE 361 224 P 45 84e15810
SCHED-TRACE 362 224 W 45 84e15810
SCHED-TRACE 363 224 P 42 84e15810
SCHED-TRACE 364 224 W 42 84e15810
SCHED-TRACE 365 224 P 38 84e15810
SCHED-TRACE 366 224 W 38 84e15810
SCHED-TRACE 367 224 P 34 84e15810
SCHED-TRACE 368 224 W 34 84e15810
SCHED-TRACE 369 224 B 34 90d
SCHED-TRACE 370 224 P 34 86541062
SCHED-TRACE 371 224 O 0 1
SCHED-TRACE 372 225 P 54 84e15810
SCHED-TRACE 373 225 W 54 84e15810
SCHED-TRACE 374 225 U 4 4509b
SCHED-TRACE 375 225 V 4 450f2
SCHED-TRACE 376 226 P 1 86a4c8b4
SCHED-TRACE 377 226 D 1 86a4c8b4
SCHED-TRACE 378 228 K 54 84e15810
SCHED-TRACE 379 229 I 54 47a55
SCHED-TRACE 380 229 B 54 f0
SCHED-TRACE 381 229 P 54 c2b7be76
SCHED-TRACE 382 229 R 54 c2b7be76
SCHED-TRACE 383 230 U 4 47b13
SCHED-TRACE 384 230 V 4 47b65
SCHED-TRACE 385 230 O 0 0
SCHED-TRACE 386 230 P 54 c3dbe76c
SCHED-TRACE 387 231 K 38 84e15810
SCHED-TRACE 388 231 P 54 c4f5a9fb
SCHED-TRACE 389 232 P 54 c5a4dd2e
SCHED-TRACE 390 232 P 38 8b57e76c
SCHED-TRACE 391 232 D 38 8b57e76c
SCHED-TRACE 392 234 K 42 84e15810
SCHED-TRACE 393 235 P 42 8b4b1a9f
SCHED-TRACE 394 235 D 42 8b4b1a9f
SCHED-TRACE 395 237 K 45 84e15810
SCHED-TRACE 396 238 P 45 8af276c8
SCHED-TRACE 397 238 D 45 8af276c8
SCHED-TRACE 398 240 K 48 84e15810
SCHED-TRACE 399 241 P 48 8b37e76c
SCHED-TRACE 400 241 D 48 8b37e76c
SCHED-TRACE 401 243 K 51 84e15810
SCHED-TRACE 402 244 P 51 8b7e24dd
SCHED-TRACE 403 244 D 51 8b7e24dd
SCHED-TRACE 404 246 K 34 86541062
SCHED-TRACE 405 247 P 34 8ca90625
SCHED-TRACE 406 247 D 34 8ca90625
SCHED-TRACE 407 249 K 54 c5a4dd2e
SCHED-TRACE 408 250 I 54 4c353
SCHED-TRACE 409 250 B 54 f2
SCHED-TRACE 410 250 P 54 103db9580
SCHED-TRACE 411 250 R 54 103db9580
SCHED-TRACE 412 251 U 4 4c3c2
SCHED-TRACE 413 251 V 4 4c3f1
SCHED-TRACE 414 251 O 0 0
SCHED-TRACE 415 251 P 54 104815810
SCHED-TRACE 416 252 K 54 104815810
SCHED-TRACE 417 252 P 54 105369fbe
SCHED-TRACE 418 253 I 54 4eb7d
SCHED-TRACE 419 253 B 54 f2
SCHED-TRACE 420 253 P 54 143b3e76c
SCHED-TRACE 421 253 R 54 143b3e76c
SCHED-TRACE 422 254 U 4 4ebec
SCHED-TRACE 423 254 V 4 4ec1b
SCHED-TRACE 424 254 O 0 0
SCHED-TRACE 425 254 P 54 14459d2f1
SCHED-TRACE 426 255 K 54 14459d2f1
SCHED-TRACE 427 255 P 54 1450f1a9f
SCHED-TRACE 428 256 I 54 513a8
SCHED-TRACE 429 256 B 54 f1
SCHED-TRACE 430 256 P 54 1838d2f1a
SCHED-TRACE 431 256 R 54 1838d2f1a
SCHED-TRACE 432 257 U 4 51417
SCHED-TRACE 433 257 V 4 51445
SCHED-TRACE 434 257 O 0 0
SCHED-TRACE 435 257 P 54 184312f1a
SCHED-TRACE 436 258 K 54 184312f1a
SCHED-TRACE 437 258 P 54 184e676c8
SCHED-TRACE 438 259 I 54 53bd1
SCHED-TRACE 439 259 B 54 f2
SCHED-TRACE 440 259 P 54 1c3641062
SCHED-TRACE 441 259 R 54 1c3641062
SCHED-TRACE 442 260 U 4 53c40
SCHED-TRACE 443 260 V 4 53c6f
SCHED-TRACE 444 260 O 0 0
SCHED-TRACE 445 260 P 54 1c4090624
SCHED-TRACE 446 261 K 54 1c4090624
SCHED-TRACE 447 261 P 54 1c4be76c8
SCHED-TRACE 448 262 I 54 563fb
SCHED-TRACE 449 262 B 54 f2
SCHED-TRACE 450 262 P 54 2033b4395
SCHED-TRACE 451 262 R 54 2033b4395
SCHED-TRACE 452 263 U 4 5646a
SCHED-TRACE 453 263 V 4 56498
SCHED-TRACE 454 263 O 0 0
SCHED-TRACE 455 263 P 54 203dfe76c
SCHED-TRACE 456 264 K 54 203dfe76c
SCHED-TRACE 457 264 P 54 204958106
SCHED-TRACE 458 265 I 54 58c25
SCHED-TRACE 459 265 B 54 f3
SCHED-TRACE 460 265 P 54 243139580
SCHED-TRACE 461 265 R 54 243139580
SCHED-TRACE 462 266 U 4 58c94
SCHED-TRACE 463 266 V 4 58cc2
SCHED-TRACE 464 266 O 0 0
SCHED-TRACE 465 266 P 54 243b8624d
SCHED-TRACE 466 267 K 54 243b8624d
SCHED-TRACE 467 267 P 54 2446d2f1a
SCHED-TRACE 468 268 I 54 5b44f
SCHED-TRACE 469 268 B 54 ef
SCHED-TRACE 470 268 P 54 282eb4395
SCHED-TRACE 471 268 R 54 282eb4395
SCHED-TRACE 472 269 U 4 5b4bd
SCHED-TRACE 473 269 V 4 5b4ec
SCHED-TRACE 474 269 O 0 0
SCHED-TRACE 475 269 P 54 2838f9580
SCHED-TRACE 476 270 K 54 2838f9580
SCHED-TRACE 477 270 P 54 2843da9fb
SCHED-TRACE 478 271 I 54 5c911
SCHED-TRACE 479 271 B 1 357
SCHED-TRACE 480 271 E 1 1
SCHED-TRACE 481 271 B 1 c7
SCHED-TRACE 482 271 B 1 5b
SCHED-TRACE 483 272 P 1 2843da9fb
SCHED-TRACE 484 272 W 1 2843da9fb
SCHED-TRACE 485 272 B 1 296
SCHED-TRACE 486 272 P 1 284484188
SCHED-TRACE 487 272 O 0 1
SCHED-TRACE 488 272 I 54 5dc78
SCHED-TRACE 489 272 B 54 f3
SCHED-TRACE 490 272 P 54 2c15dd2f1
SCHED-TRACE 491 272 R 54 2c15dd2f1
SCHED-TRACE 492 273 U 4 5dcf4
SCHED-TRACE 493 273 V 4 5dd29
SCHED-TRACE 494 273 O 0 0
SCHED-TRACE 495 273 P 54 2c214dd2e
SCHED-TRACE 496 274 K 1 284484188
SCHED-TRACE 497 274 P 54 2c2dbe76c
SCHED-TRACE 498 275 P 54 2c33c624d
SCHED-TRACE 499 276 P 34 284484188
SCHED-TRACE 500 276 W 34 284484188
SCHED-TRACE 501 277 P 38 284484188
SCHED-TRACE 502 277 W 38 284484188
SCHED-TRACE 503 278 P 42 284484188
SCHED-TRACE 504 278 W 42 284484188
SCHED-TRACE 505 278 G 2 3a3cb020
SCHED-TRACE 506 278 g 2 0
SCHED-TRACE 507 278 v 2 3d0900003d090
SCHED-TRACE 508 278 f 2 284484188
SCHED-TRACE 509 278 N 2 284484188
SCHED-TRACE 510 278 n 2 0
SCHED-TRACE 511 278 X 31 5fc6e
SCHED-TRACE 512 278 Z 0 318
SCHED-TRACE 513 278 G 2 284484188
SCHED-TRACE 514 278 g 2 0
SCHED-TRACE 515 278 v 2 3d0900003d090
SCHED-TRACE 516 278 f 2 284484188
SCHED-TRACE 517 278 N 2 284484188
SCHED-TRACE 518 278 n 2 0
SCHED-TRACE 519 278 L 2 284484188
SCHED-TRACE 520 278 l 31 3a3cb020
SCHED-TRACE 521 278 e 31 3a3cb020
SCHED-TRACE 522 278 f 0 284484188
SCHED-TRACE 523 278 r 31 0
SCHED-TRACE 524 278 q 2 0
SCHED-TRACE 525 278 w 0 3d090
SCHED-TRACE 526 278 A 2 284484188
SCHED-TRACE 527 278 a 2 0
SCHED-TRACE 528 278 Y 31 605de
SCHED-TRACE 529 278 U 1 605e3
SCHED-TRACE 530 278 V 1 66519
SCHED-TRACE 531 279 P 51 284484188
SCHED-TRACE 532 279 W 51 284484188
SCHED-TRACE 533 279 P 48 284484188
SCHED-TRACE 534 279 W 48 284484188
SCHED-TRACE 535 279 P 45 284484188
SCHED-TRACE 536 279 W 45 284484188
SCHED-TRACE 537 279 U 4 665b0
SCHED-TRACE 538 279 V 4 66609
SCHED-TRACE 539 279 I 1 66611
SCHED-TRACE 540 279 B 1 f3
SCHED-TRACE 541 279 P 1 28ac876c8
SCHED-TRACE 542 279 R 1 28ac876c8
SCHED-TRACE 543 280 O 0 0
SCHED-TRACE 544 280 P 1 28ae445a1
SCHED-TRACE 545 281 K 45 284484188
SCHED-TRACE 546 281 P 1 28b0228f5
SCHED-TRACE 547 282 P 1 28b154395
SCHED-TRACE 548 282 P 45 28a71db22
SCHED-TRACE 549 282 D 45 28a71db22
SCHED-TRACE 550 284 K 48 284484188
SCHED-TRACE 551 285 P 48 28aafc6a7
SCHED-TRACE 552 285 D 48 28aafc6a7
SCHED-TRACE 553 287 K 51 284484188
SCHED-TRACE 554 288 P 51 28af5db22
SCHED-TRACE 555 288 D 51 28af5db22
SCHED-TRACE 556 290 K 42 284484188
SCHED-TRACE 557 291 P 42 28b51374a
SCHED-TRACE 558 291 D 42 28b51374a
SCHED-TRACE 559 293 K 38 284484188
SCHED-TRACE 560 294 P 38 28b962d0d
SCHED-TRACE 561 294 D 38 28b962d0d
SCHED-TRACE 562 296 K 34 284484188
SCHED-TRACE 563 297 P 34 28bdcbc6a
SCHED-TRACE 564 297 D 34 28bdcbc6a
SCHED-TRACE 565 299 K 1 28b154395
SCHED-TRACE 566 301 W 45 28d179db1
SCHED-TRACE 567 301 U 4 6952c
SCHED-TRACE 568 301 V 4 69565
SCHED-TRACE 569 302 W 48 28d1f4bc5
SCHED-TRACE 570 303 W 51 28d2f9db1
SCHED-TRACE 571 304 W 42 28d567ef8
SCHED-TRACE 572 304 I 1 6b215
SCHED-TRACE 573 304 B 1 f2
SCHED-TRACE 574 304 P 1 2915af1a9
SCHED-TRACE 575 304 R 1 2915af1a9
SCHED-TRACE 576 305 O 0 0
SCHED-TRACE 577 305 P 1 291727ae0
SCHED-TRACE 578 306 K 45 28d179db1
SCHED-TRACE 579 306 P 1 2918cf1a9
SCHED-TRACE 580 307 P 1 2919ce147
SCHED-TRACE 581 307 T 0 6b4a3
SCHED-TRACE 582 307 t 0 6b4d5
SCHED-TRACE 583 307 P 45 2c45ddb22
SCHED-TRACE 584 307 D 45 2c45ddb22
SCHED-TRACE 585 309 K 48 28d1f4bc5
SCHED-TRACE 586 310 U 4 6d80f
SCHED-TRACE 587 310 V 4 6d851
SCHED-TRACE 588 310 T 0 6d8f4
SCHED-TRACE 589 310 t 0 6d925
SCHED-TRACE 590 310 P 48 2c3e7ef9c
SCHED-TRACE 591 310 D 48 2c3e7ef9c
SCHED-TRACE 592 312 K 51 28d2f9db1
SCHED-TRACE 593 313 T 0 6fc90
SCHED-TRACE 594 313 t 0 6fcc2
SCHED-TRACE 595 313 P 51 2c382d0e4
SCHED-TRACE 596 313 D 51 2c382d0e4
SCHED-TRACE 597 315 K 42 28d567ef8
SCHED-TRACE 598 316 U 4 71f26
SCHED-TRACE 599 316 V 4 71f57
SCHED-TRACE 600 316 T 0 71ff4
SCHED-TRACE 601 316 t 0 72026
SCHED-TRACE 602 316 P 42 2c3341892
SCHED-TRACE 603 316 D 42 2c3341892
SCHED-TRACE 604 318 K 1 2919ce147
SCHED-TRACE 605 320 P 38 2919ce147
SCHED-TRACE 606 320 W 38 2919ce147
SCHED-TRACE 607 320 U 4 748f3
SCHED-TRACE 608 320 V 4 74920
SCHED-TRACE 609 321 P 34 2919ce147
SCHED-TRACE 610 321 W 34 2919ce147
SCHED-TRACE 611 321 P 1 2942526e9
SCHED-TRACE 612 321 D 1 2942526e9
SCHED-TRACE 613 323 K 34 2919ce147
SCHED-TRACE 614 324 T 0 753ed
SCHED-TRACE 615 324 t 0 7541e
SCHED-TRACE 616 324 P 34 2c709ffff
SCHED-TRACE 617 324 D 34 2c709ffff
SCHED-TRACE 618 326 K 38 2919ce147
SCHED-TRACE 619 327 U 4 775d1
SCHED-TRACE 620 327 V 4 775f7
SCHED-TRACE 621 327 T 0 7768e
SCHED-TRACE 622 327 t 0 776c0
SCHED-TRACE 623 327 P 38 2c68c8f5c
SCHED-TRACE 624 327 D 38 2c68c8f5c
SCHED-TRACE 625 329 K 54 2c33c624d
SCHED-TRACE 626 330 I 54 7bece
SCHED-TRACE 627 330 B 54 f3
SCHED-TRACE 628 330 P 54 30171fbe7
SCHED-TRACE 629 330 R 54 30171fbe7
SCHED-TRACE 630 331 U 4 7bf3e
SCHED-TRACE 631 331 V 4 7bf5b
SCHED-TRACE 632 331 O 0 0
SCHED-TRACE 633 331 P 54 302188b43
SCHED-TRACE 634 332 K 54 302188b43
SCHED-TRACE 635 332 P 54 302c88b43
SCHED-TRACE 636 333 I 54 7e6e4
SCHED-TRACE 637 333 B 54 ef
SCHED-TRACE 638 333 P 54 341455810
SCHED-TRACE 639 333 R 54 341455810
SCHED-TRACE 640 334 U 4 7e753
SCHED-TRACE 641 334 V 4 7e770
SCHED-TRACE 642 334 O 0 0
SCHED-TRACE 643 334 P 54 341eac8b4
SCHED-TRACE 644 335 K 54 341eac8b4
SCHED-TRACE 645 335 P 54 3429b1a9f
SCHED-TRACE 646 336 I 54 80ef9
SCHED-TRACE 647 336 B 54 f2
SCHED-TRACE 648 336 P 54 381181062
SCHED-TRACE 649 336 R 54 381181062
SCHED-TRACE 650 337 U 4 80f68
SCHED-TRACE 651 337 V 4 80f85
SCHED-TRACE 652 337 O 0 0
SCHED-TRACE 653 337 P 54 381bd5810
SCHED-TRACE 654 338 K 54 381bd5810
SCHED-TRACE 655 338 P 54 3826d5810
SCHED-TRACE 656 339 I 54 8370e
SCHED-TRACE 657 339 B 54 f2
SCHED-TRACE 658 339 P 54 3c0eb4395
SCHED-TRACE 659 339 R 54 3c0eb4395
SCHED-TRACE 660 340 U 4 8377d
SCHED-TRACE 661 340 V 4 8379a
SCHED-TRACE 662 340 O 0 0
SCHED-TRACE 663 340 P 54 3c190b439
SCHED-TRACE 664 341 K 54 3c190b439
SCHED-TRACE 665 341 P 54 3c240b439
SCHED-TRACE 666 342 I 54 85f23
SCHED-TRACE 667 342 B 54 f4
SCHED-TRACE 668 342 P 54 400be4dd2
SCHED-TRACE 669 342 R 54 400be4dd2
SCHED-TRACE 670 343 U 4 85f92
SCHED-TRACE 671 343 V 4 85fb0
SCHED-TRACE 672 343 O 0 0
SCHED-TRACE 673 343 P 54 40164624d
SCHED-TRACE 674 344 K 54 40164624d
SCHED-TRACE 675 344 P 54 40213be76
SCHED-TRACE 676 345 I 54 88739
SCHED-TRACE 677 345 B 54 f1
SCHED-TRACE 678 345 P 54 44091d2f1
SCHED-TRACE 679 345 R 54 44091d2f1
SCHED-TRACE 680 346 U 4 887a8
SCHED-TRACE 681 346 V 4 887c5
SCHED-TRACE 682 346 O 0 0
SCHED-TRACE 683 346 P 54 441376c8b
SCHED-TRACE 684 347 K 54 441376c8b
SCHED-TRACE 685 347 P 54 441e6c8b4
SCHED-TRACE 686 348 I 54 8af4e
SCHED-TRACE 687 348 B 54 f4
SCHED-TRACE 688 348 P 54 480655810
SCHED-TRACE 689 348 R 54 480655810
SCHED-TRACE 690 349 U 4 8afbe
SCHED-TRACE 691 349 V 4 8afdb
SCHED-TRACE 692 349 O 0 0
SCHED-TRACE 693 349 P 54 4810c624d
SCHED-TRACE 694 350 K 54 4810c624d
SCHED-TRACE 695 350 P 54 481bb6c8b
SCHED-TRACE 696 351 I 54 8d764
SCHED-TRACE 697 351 B 54 f2
SCHED-TRACE 698 351 P 54 4c0395810
SCHED-TRACE 699 351 R 54 4c0395810
SCHED-TRACE 700 352 U 4 8d7d3
SCHED-TRACE 701 352 V 4 8d7f1
SCHED-TRACE 702 352 O 0 0
SCHED-TRACE 703 352 P 54 4c0e01062
SCHED-TRACE 704 353 K 54 4c0e01062
SCHED-TRACE 705 353 P 54 4c18fbe76
SCHED-TRACE 706 354 I 54 8ff7a
SCHED-TRACE 707 354 B 54 f4
SCHED-TRACE 708 354 P 54 5000e24dd
SCHED-TRACE 709 354 R 54 5000e24dd
SCHED-TRACE 710 355 U 4 8ffea
SCHED-TRACE 711 355 V 4 90008
SCHED-TRACE 712 355 O 0 0
SCHED-TRACE 713 355 P 54 500b48b43
SCHED-TRACE 714 356 K 54 500b48b43
SCHED-TRACE 715 356 P 54 501624dd2
SCHED-TRACE 716 357 I 54 9278f
SCHED-TRACE 717 357 B 54 f1
SCHED-TRACE 718 357 P 54 53fe12f1a
SCHED-TRACE 719 357 R 54 53fe12f1a
SCHED-TRACE 720 358 U 4 927fe
SCHED-TRACE 721 358 V 4 9281b
SCHED-TRACE 722 358 O 0 0
SCHED-TRACE 723 358 P 54 5408624dd
SCHED-TRACE 724 359 K 54 5408624dd
SCHED-TRACE 725 359 P 54 541358106
SCHED-TRACE 726 360 I 54 94fa3
SCHED-TRACE 727 360 B 54 f3
SCHED-TRACE 728 360 P 54 57fb31a9f
SCHED-TRACE 729 360 R 54 57fb31a9f
SCHED-TRACE 730 361 U 4 95012
SCHED-TRACE 731 361 V 4 9502e
SCHED-TRACE 732 361 O 0 0
SCHED-TRACE 733 361 P 54 58056c8b4
SCHED-TRACE 734 362 K 54 58056c8b4
SCHED-TRACE 735 362 P 54 58105d2f1
SCHED-TRACE 736 363 I 54 977b6
SCHED-TRACE 737 363 B 54 f3
SCHED-TRACE 738 363 P 54 5bf82f1a9
SCHED-TRACE 739 363 R 54 5bf82f1a9
SCHED-TRACE 740 364 U 4 97826
SCHED-TRACE 741 364 V 4 97842
SCHED-TRACE 742 364 O 0 0
SCHED-TRACE 743 364 P 54 5c0279580
SCHED-TRACE 744 365 K 54 5c0279580
SCHED-TRACE 745 365 P 54 5c0d71a9f
SCHED-TRACE 746 366 I 54 99fcb
SCHED-TRACE 747 366 B 54 f2
SCHED-TRACE 748 366 P 54 5ff54b439
SCHED-TRACE 749 366 R 54 5ff54b439
SCHED-TRACE 750 367 U 4 9a03a
SCHED-TRACE 751 367 V 4 9a056
SCHED-TRACE 752 367 O 0 0
SCHED-TRACE 753 367 P 54 5fff79580
SCHED-TRACE 754 368 K 54 5fff79580
SCHED-TRACE 755 368 P 54 600a64dd2
SCHED-TRACE 756 369 I 54 9c7de
SCHED-TRACE 757 369 B 54 f1
SCHED-TRACE 758 369 P 54 63f23e76c
SCHED-TRACE 759 369 R 54 63f23e76c
SCHED-TRACE 760 370 U 4 9c84d
SCHED-TRACE 761 370 V 4 9c86a
SCHED-TRACE 762 370 O 0 0
SCHED-TRACE 763 370 P 54 63fc83957
SCHED-TRACE 764 371 K 54 63fc83957
SCHED-TRACE 765 371 P 54 64077be76
SCHED-TRACE 766 372 I 54 9eff2
SCHED-TRACE 767 372 B 54 f3
SCHED-TRACE 768 372 P 54 67ef50624
SCHED-TRACE 769 372 R 54 67ef50624
SCHED-TRACE 770 373 U 4 9f062
SCHED-TRACE 771 373 V 4 9f07e
SCHED-TRACE 772 373 O 0 0
SCHED-TRACE 773 373 P 54 67f998106
SCHED-TRACE 774 374 K 54 67f998106
SCHED-TRACE 775 374 P 54 68048dd2e
SCHED-TRACE 776 375 I 54 a1807
SCHED-TRACE 777 375 B 54 f2
SCHED-TRACE 778 375 P 54 6bec71a9f
SCHED-TRACE 779 375 R 54 6bec71a9f
SCHED-TRACE 780 376 U 4 a1875
SCHED-TRACE 781 376 V 4 a1892
SCHED-TRACE 782 376 O 0 0
SCHED-TRACE 783 376 P 54 6bf6b4395
SCHED-TRACE 784 377 K 54 6bf6b4395
SCHED-TRACE 785 377 P 54 6c01a4dd2
SCHED-TRACE 786 378 I 54 a401a
SCHED-TRACE 787 378 B 54 f0
SCHED-TRACE 788 378 P 54 6fe976c8b
SCHED-TRACE 789 378 R 54 6fe976c8b
SCHED-TRACE 790 379 U 4 a4087
SCHED-TRACE 791 379 V 4 a40a3
SCHED-TRACE 792 379 O 0 0
SCHED-TRACE 793 379 P 54 6ff392f1a
SCHED-TRACE 794 380 K 54 6ff392f1a
SCHED-TRACE 795 380 P 54 6ffe7be76
SCHED-TRACE 796 382 P 1 6ffe7be76
SCHED-TRACE 797 382 W 1 6ffe7be76
SCHED-TRACE 798 382 T 0 a6272
SCHED-TRACE 799 382 t 0 a62a3
SCHED-TRACE 800 382 P 54 768aaf1a9
SCHED-TRACE 801 382 D 54 768aaf1a9
SCHED-TRACE 802 384 K 1 6ffe7be76
SCHED-TRACE 803 385 U 4 a83a3
SCHED-TRACE 804 385 V 4 a83bd
SCHED-TRACE 805 385 U 2 a864d
SCHED-TRACE 806 385 V 2 a88c9
SCHED-TRACE 807 386 U 2 a8cc1
SCHED-TRACE 808 386 V 2 a8f2e
SCHED-TRACE 809 387 U 2 a930a
SCHED-TRACE 810 387 V 2 a956a
SCHED-TRACE 811 388 U 2 a992c
SCHED-TRACE 812 388 V 2 a9b7d
SCHED-TRACE 813 389 U 2 a9f23
SCHED-TRACE 814 389 V 2 aa166
SCHED-TRACE 815 390 U 2 aa4f2
SCHED-TRACE 816 390 V 2 aa727
SCHED-TRACE 817 391 U 2 aaa97
SCHED-TRACE 818 391 V 2 aacbe
SCHED-TRACE-END 819 dropped 0
