
loader: Redoubt rv64 loader, boot hart 0
  1 hart(s), timebase 10000000 Hz
  ram: 0x80000000..0x90000000 (256 MiB)
  bundle: 0x88200000..0x882a6440
  devices: 14 mmio (8 dma), 10 irq, console 0x10000000
  plic: 0xc000000, S-mode context 1
  rng-seed: 32 bytes
  bundle signature ok (680960 bytes)
  PID 1: kernel -> 0xffffffffffd00000
  PID 2: sched-carve-return -> 0x17612
  bundle mapped read-only at 0x20000000 (681024 bytes)
  252 MiB free, entering kernel
Kernel arguments:
    XArg (67724158, 28 bytes): 00000123 00000002 80000000 00000000 10000000 00000000 6d617273
    MREx (7845524d, 384 bytes): 10100000 00000000 00001000 00000000 632d7766 00000000 20000000 00000000 02000000 00000000 73616c66 00000000 00101000 00000000 00001000 00000000 40637472 00000000 10000000 00000000 00001000 00000000 69726573 00000000 00100000 00000000 00001000 00000000 74736574 00000000 10008000 00000000 00001000 00000000 74726976 00000000 10007000 00000000 00001000 00000000 74726976 00000000 10006000 00000000 00001000 00000000 74726976 00000000 10005000 00000000 00001000 00000000 74726976 00000000 10004000 00000000 00001000 00000000 74726976 00000000 10003000 00000000 00001000 00000000 74726976 00000000 10002000 00000000 00001000 00000000 74726976 00000000 10001000 00000000 00001000 00000000 74726976 00000000 0c000000 00000000 00600000 00000000 63696c70 00000000 02000000 00000000 00010000 00000000 6e696c63 00000000 30000000 00000000 10000000 00000000 40696370 00000000
    Ctrl (6c727443, 32 bytes): 0c000000 00000000 00600000 00000000 02000000 00000000 00010000 00000000
    Devs (73766544, 600 bytes): 00000003 00000000 00000000 00000000 00000000 00000000 00000001 10000000 00000000 00001000 00000000 00000000 00000002 0000000a 00000000 00000000 00000000 00000000 00000001 10100000 00000000 00001000 00000000 00000000 00000001 20000000 00000000 02000000 00000000 00000000 00000001 00101000 00000000 00001000 00000000 00000000 00000001 00100000 00000000 00001000 00000000 00000000 00000001 10008000 00000000 00001000 00000000 00000001 00000001 10007000 00000000 00001000 00000000 00000001 00000001 10006000 00000000 00001000 00000000 00000001 00000001 10005000 00000000 00001000 00000000 00000001 00000001 10004000 00000000 00001000 00000000 00000001 00000001 10003000 00000000 00001000 00000000 00000001 00000001 10002000 00000000 00001000 00000000 00000001 00000001 10001000 00000000 00001000 00000000 00000001 00000001 30000000 00000000 10000000 00000000 00000000 00000002 00000001 00000000 00000000 00000000 00000000 00000002 00000002 00000000 00000000 00000000 00000000 00000002 00000003 00000000 00000000 00000000 00000000 00000002 00000004 00000000 00000000 00000000 00000000 00000002 00000005 00000000 00000000 00000000 00000000 00000002 00000006 00000000 00000000 00000000 00000000 00000002 00000007 00000000 00000000 00000000 00000000 00000002 00000008 00000000 00000000 00000000 00000000 00000002 0000000b 00000000 00000000 00000000 00000000
    Plic (63696c50, 24 bytes): 0c000000 00000000 00600000 00000000 00000001 00000000
    Seed (64656553, 32 bytes): 303bd79f 1c2a51f3 698bf69b 59e70a6e 6fe0a9f6 0fe4983b 7d663fec e8ca0064
    Time (656d6954, 8 bytes): 00989680 00000000
asid: 16 bits
Devices: 25 objects, all held by init
Budgets: root 47310 pages (1213 kept for init), system 11523, users 34572
W^X verified: 37 executable kernel pages, none writable under any alias
Kernel RNG seeded from the loader (32 bytes)
KMAIN (clean boot): Supervisor mode started...
kernel: checks on (debug assertions, overflow checks)

[carve-return] calibrated: 10 ticks/us, 24389 iterations/ms
terminate_process: 330
[!] Terminating process with PID 330
SHARE u-after-return 276522 2226618 970698 450 1000
[carve-return] after its carve returned, 49904 µs into the window, U got 497 of 1000; V 491 over the window: gross, audits included; net in the post-check
SCHED-CARVE-RETURN TEST PASSED
system_reset: PowerOff asked for by PID 2
SCHED-TRACE 0 0 G 1 0
SCHED-TRACE 1 0 g 1 0
SCHED-TRACE 2 0 v 1 f4240000b71b0
SCHED-TRACE 3 0 f 1 0
SCHED-TRACE 4 0 N 1 0
SCHED-TRACE 5 0 n 1 0
SCHED-TRACE 6 0 G 1 0
SCHED-TRACE 7 0 g 1 0
SCHED-TRACE 8 0 v 1 b71b0000003e8
SCHED-TRACE 9 0 f 1 0
SCHED-TRACE 10 0 N 1 0
SCHED-TRACE 11 0 n 1 0
SCHED-TRACE 12 1 W 1 0
SCHED-TRACE 13 1 K 1 0
SCHED-TRACE 14 8 P 1 ca7ae1
SCHED-TRACE 15 8 D 1 ca7ae1
SCHED-TRACE 16 10 U 4 b75
SCHED-TRACE 17 10 V 4 b7d
SCHED-TRACE 18 11 W 1 de45a1
SCHED-TRACE 19 11 U 4 cef3
SCHED-TRACE 20 11 V 4 cefe
SCHED-TRACE 21 12 K 1 de45a1
SCHED-TRACE 22 14 I 1 f65a
SCHED-TRACE 23 14 B 1 7a
SCHED-TRACE 24 14 P 1 71a1893
SCHED-TRACE 25 14 R 1 71a1893
SCHED-TRACE 26 15 U 4 f6a9
SCHED-TRACE 27 15 V 4 f6b7
SCHED-TRACE 28 15 O 0 0
SCHED-TRACE 29 15 P 1 7263d70
SCHED-TRACE 30 16 K 1 7263d70
SCHED-TRACE 31 16 P 1 733c6a7
SCHED-TRACE 32 17 I 1 11e28
SCHED-TRACE 33 17 B 1 7a
SCHED-TRACE 34 17 P 1 d738d4f
SCHED-TRACE 35 17 R 1 d738d4f
SCHED-TRACE 36 18 U 4 11e77
SCHED-TRACE 37 18 V 4 11e85
SCHED-TRACE 38 18 O 0 0
SCHED-TRACE 39 18 P 1 d7fae14
SCHED-TRACE 40 19 K 1 d7fae14
SCHED-TRACE 41 19 P 1 d8d374b
SCHED-TRACE 42 20 I 1 145f6
SCHED-TRACE 43 20 B 1 7a
SCHED-TRACE 44 20 P 1 13ccfdf3
SCHED-TRACE 45 20 R 1 13ccfdf3
SCHED-TRACE 46 21 U 4 14645
SCHED-TRACE 47 21 V 4 14653
SCHED-TRACE 48 21 O 0 0
SCHED-TRACE 49 21 P 1 13d91a9f
SCHED-TRACE 50 22 K 1 13d91a9f
SCHED-TRACE 51 22 P 1 13e69fbe
SCHED-TRACE 52 23 I 1 16dc4
SCHED-TRACE 53 23 B 1 7a
SCHED-TRACE 54 23 P 1 1a266666
SCHED-TRACE 55 23 R 1 1a266666
SCHED-TRACE 56 24 U 4 16e13
SCHED-TRACE 57 24 V 4 16e21
SCHED-TRACE 58 24 O 0 0
SCHED-TRACE 59 24 P 1 1a328b43
SCHED-TRACE 60 25 K 1 1a328b43
SCHED-TRACE 61 25 P 1 1a401062
SCHED-TRACE 62 26 I 1 19592
SCHED-TRACE 63 26 B 1 7a
SCHED-TRACE 64 26 P 1 207fd70a
SCHED-TRACE 65 26 R 1 207fd70a
SCHED-TRACE 66 27 U 4 195e1
SCHED-TRACE 67 27 V 4 195ef
SCHED-TRACE 68 27 O 0 0
SCHED-TRACE 69 27 P 1 208bfbe7
SCHED-TRACE 70 28 K 1 208bfbe7
SCHED-TRACE 71 28 P 1 20998106
SCHED-TRACE 72 29 I 1 1bd60
SCHED-TRACE 73 29 B 1 7a
SCHED-TRACE 74 29 P 1 26d947ae
SCHED-TRACE 75 29 R 1 26d947ae
SCHED-TRACE 76 30 U 4 1bdaf
SCHED-TRACE 77 30 V 4 1bdbd
SCHED-TRACE 78 30 O 0 0
SCHED-TRACE 79 30 P 1 26e56c8b
SCHED-TRACE 80 31 K 1 26e56c8b
SCHED-TRACE 81 31 P 1 26f2f5c2
SCHED-TRACE 82 32 I 1 1e52e
SCHED-TRACE 83 32 B 1 7a
SCHED-TRACE 84 32 P 1 2d32bc6a
SCHED-TRACE 85 32 R 1 2d32bc6a
SCHED-TRACE 86 33 U 4 1e57d
SCHED-TRACE 87 33 V 4 1e58b
SCHED-TRACE 88 33 O 0 0
SCHED-TRACE 89 33 P 1 2d3ed916
SCHED-TRACE 90 34 K 1 2d3ed916
SCHED-TRACE 91 34 P 1 2d4c5e35
SCHED-TRACE 92 35 I 1 20cfc
SCHED-TRACE 93 35 B 1 7a
SCHED-TRACE 94 35 P 1 338c28f5
SCHED-TRACE 95 35 R 1 338c28f5
SCHED-TRACE 96 36 U 4 20d4b
SCHED-TRACE 97 36 V 4 20d59
SCHED-TRACE 98 36 O 0 0
SCHED-TRACE 99 36 P 1 339849ba
SCHED-TRACE 100 37 K 1 339849ba
SCHED-TRACE 101 37 P 1 33a5ced9
SCHED-TRACE 102 38 I 1 234ca
SCHED-TRACE 103 38 B 1 7a
SCHED-TRACE 104 38 P 1 39e59581
SCHED-TRACE 105 38 R 1 39e59581
SCHED-TRACE 106 39 U 4 23519
SCHED-TRACE 107 39 V 4 23527
SCHED-TRACE 108 39 O 0 0
SCHED-TRACE 109 39 P 1 39f1ba5e
SCHED-TRACE 110 40 K 1 39f1ba5e
SCHED-TRACE 111 40 P 1 39ff3f7c
SCHED-TRACE 112 41 G 3 0
SCHED-TRACE 113 41 g 3 0
SCHED-TRACE 114 41 v 3 b6dc8000b69e0
SCHED-TRACE 115 41 f 3 39ff3f7c
SCHED-TRACE 116 41 N 3 39ff3f7c
SCHED-TRACE 117 41 n 3 0
SCHED-TRACE 118 42 G 3 39ff3f7c
SCHED-TRACE 119 42 g 3 0
SCHED-TRACE 120 42 v 3 b69e0000b65f8
SCHED-TRACE 121 42 f 3 39ff3f7c
SCHED-TRACE 122 42 N 3 39ff3f7c
SCHED-TRACE 123 42 n 3 0
SCHED-TRACE 124 45 I 1 25dd3
SCHED-TRACE 125 45 B 1 7a
SCHED-TRACE 126 45 P 1 40709ba5
SCHED-TRACE 127 45 R 1 40709ba5
SCHED-TRACE 128 46 U 4 25e22
SCHED-TRACE 129 46 V 4 25e30
SCHED-TRACE 130 46 O 0 0
SCHED-TRACE 131 46 P 1 407cbc6a
SCHED-TRACE 132 47 K 1 407cbc6a
SCHED-TRACE 133 47 P 1 408a4189
SCHED-TRACE 134 49 U 2 262b9
SCHED-TRACE 135 49 V 2 26463
SCHED-TRACE 136 60 P 31 408a4189
SCHED-TRACE 137 60 W 31 408a4189
SCHED-TRACE 138 60 U 4 28576
SCHED-TRACE 139 60 V 4 2858a
SCHED-TRACE 140 62 I 1 287b4
SCHED-TRACE 141 62 B 1 7a
SCHED-TRACE 142 62 P 1 46d649ba
SCHED-TRACE 143 62 R 1 46d649ba
SCHED-TRACE 144 63 O 0 0
SCHED-TRACE 145 63 P 1 46e3126e
SCHED-TRACE 146 64 K 31 408a4189
SCHED-TRACE 147 64 P 1 46f20c49
SCHED-TRACE 148 65 P 1 46fa0c49
SCHED-TRACE 149 65 P 31 40e126e9
SCHED-TRACE 150 65 D 31 40e126e9
SCHED-TRACE 151 67 K 1 46fa0c49
SCHED-TRACE 152 69 U 2 28f8b
SCHED-TRACE 153 69 V 2 29153
SCHED-TRACE 154 79 P 32 46fa0c49
SCHED-TRACE 155 79 W 32 46fa0c49
SCHED-TRACE 156 79 U 4 2b1c8
SCHED-TRACE 157 79 V 4 2b1df
SCHED-TRACE 158 81 P 31 46fa0c49
SCHED-TRACE 159 81 W 31 46fa0c49
SCHED-TRACE 160 81 I 1 2b863
SCHED-TRACE 161 81 B 1 7b
SCHED-TRACE 162 81 P 1 4dd99db2
SCHED-TRACE 163 81 R 1 4dd99db2
SCHED-TRACE 164 82 O 0 0
SCHED-TRACE 165 82 P 1 4de84dd2
SCHED-TRACE 166 83 K 31 46fa0c49
SCHED-TRACE 167 83 P 1 4df8f9db
SCHED-TRACE 168 84 P 1 4e02624d
SCHED-TRACE 169 84 P 31 4723a1ca
SCHED-TRACE 170 84 D 31 4723a1ca
SCHED-TRACE 171 86 K 32 46fa0c49
SCHED-TRACE 172 87 P 32 475d3332
SCHED-TRACE 173 87 D 32 475d3332
SCHED-TRACE 174 89 K 1 4e02624d
SCHED-TRACE 175 91 P 32 4e02624d
SCHED-TRACE 176 91 W 32 4e02624d
SCHED-TRACE 177 91 P 1 4f67ba5e
SCHED-TRACE 178 91 D 1 4f67ba5e
SCHED-TRACE 179 93 K 32 4e02624d
SCHED-TRACE 180 94 P 32 4e2a3d70
SCHED-TRACE 181 94 D 32 4e2a3d70
SCHED-TRACE 182 96 U 4 2c93b
SCHED-TRACE 183 96 V 4 2c946
SCHED-TRACE 184 97 W 32 4e3e353e
SCHED-TRACE 185 97 P 31 4e2a3d70
SCHED-TRACE 186 97 W 31 4e2a3d70
SCHED-TRACE 187 97 U 4 376f5
SCHED-TRACE 188 97 V 4 37709
SCHED-TRACE 189 98 K 31 4e2a3d70
SCHED-TRACE 190 99 P 31 4e4f0a3d
SCHED-TRACE 191 99 D 31 4e4f0a3d
SCHED-TRACE 192 101 K 32 4e3e353e
SCHED-TRACE 193 102 I 32 37c36
SCHED-TRACE 194 102 B 31 2d1
SCHED-TRACE 195 102 E 31 1
SCHED-TRACE 196 102 B 31 72
SCHED-TRACE 197 102 B 31 2b
SCHED-TRACE 198 103 W 31 4e780418
SCHED-TRACE 199 103 B 31 220
SCHED-TRACE 200 103 P 31 4e80b851
SCHED-TRACE 201 103 O 0 1
SCHED-TRACE 202 103 I 32 3a009
SCHED-TRACE 203 103 B 32 7a
SCHED-TRACE 204 103 P 32 545cb438
SCHED-TRACE 205 103 R 32 545cb438
SCHED-TRACE 206 104 U 4 3a064
SCHED-TRACE 207 104 V 4 3a07b
SCHED-TRACE 208 104 O 0 0
SCHED-TRACE 209 104 P 32 546ad0e4
SCHED-TRACE 210 105 K 31 4e80b851
SCHED-TRACE 211 105 P 32 547a0418
SCHED-TRACE 212 106 P 32 5481ffff
SCHED-TRACE 213 106 P 31 4ecd9db1
SCHED-TRACE 214 106 P 31 4ed78d4f
SCHED-TRACE 215 106 G 31 4ed78d4f
SCHED-TRACE 216 106 g 31 238
SCHED-TRACE 217 106 v 31 3e800000001
SCHED-TRACE 218 106 f 31 4ed78d4f
SCHED-TRACE 219 106 N 31 4ed78f87
SCHED-TRACE 220 106 n 31 0
SCHED-TRACE 221 106 P 31 4ed78f87
SCHED-TRACE 222 107 P 31 1531e78f87
SCHED-TRACE 223 107 G 31 1531e78f87
SCHED-TRACE 224 107 g 31 0
SCHED-TRACE 225 107 v 31 1000003e8
SCHED-TRACE 226 107 f 31 5481ffff
SCHED-TRACE 227 107 N 31 59d965c5
SCHED-TRACE 228 107 n 31 218
SCHED-TRACE 229 107 P 31 59d965c5
SCHED-TRACE 230 107 X 37 3c56c
SCHED-TRACE 231 107 Z 0 269
SCHED-TRACE 232 107 P 31 5a38b5a4
SCHED-TRACE 233 107 G 31 5a38b5a4
SCHED-TRACE 234 107 g 31 300
SCHED-TRACE 235 107 v 31 3e8000003e8
SCHED-TRACE 236 107 f 31 5481ffff
SCHED-TRACE 237 107 N 31 5a38b5a4
SCHED-TRACE 238 107 n 31 300
SCHED-TRACE 239 107 L 31 5a38b5a4
SCHED-TRACE 240 107 l 37 4ecd9db1
SCHED-TRACE 241 107 e 37 4ecd9db1
SCHED-TRACE 242 107 f 0 5481ffff
SCHED-TRACE 243 107 r 37 0
SCHED-TRACE 244 107 q 31 300
SCHED-TRACE 245 107 w 0 3e7000003e8
SCHED-TRACE 246 107 A 31 5a38b5a4
SCHED-TRACE 247 107 a 31 300
SCHED-TRACE 248 107 Y 37 3c88a
SCHED-TRACE 249 107 U 1 3c88c
SCHED-TRACE 250 107 V 1 40ee1
SCHED-TRACE 251 108 I 31 40efd
SCHED-TRACE 252 108 B 31 7a
SCHED-TRACE 253 108 P 31 5a7dc3fa
SCHED-TRACE 254 108 R 31 5a7dc3fa
SCHED-TRACE 255 109 U 4 40f58
SCHED-TRACE 256 109 V 4 40f6f
SCHED-TRACE 257 109 O 0 0
SCHED-TRACE 258 109 P 31 5a8be4bf
SCHED-TRACE 259 110 K 32 5481ffff
SCHED-TRACE 260 110 P 31 5a9b17f2
SCHED-TRACE 261 111 P 31 5aa30fc1
SCHED-TRACE 262 111 I 32 436ee
SCHED-TRACE 263 111 B 32 7a
SCHED-TRACE 264 111 P 32 5ab9df3a
SCHED-TRACE 265 111 R 32 5ab9df3a
SCHED-TRACE 266 112 U 4 43749
SCHED-TRACE 267 112 V 4 43760
SCHED-TRACE 268 112 O 0 0
SCHED-TRACE 269 112 P 32 5ac7fbe6
SCHED-TRACE 270 113 K 31 5aa30fc1
SCHED-TRACE 271 113 P 32 5ad72f1a
SCHED-TRACE 272 114 P 32 5adf2b01
SCHED-TRACE 273 115 I 31 45edf
SCHED-TRACE 274 115 B 31 7a
SCHED-TRACE 275 115 P 31 60daad73
SCHED-TRACE 276 115 R 31 60daad73
SCHED-TRACE 277 116 U 4 45f3a
SCHED-TRACE 278 116 V 4 45f51
SCHED-TRACE 279 116 O 0 0
SCHED-TRACE 280 116 P 31 60e8ce38
SCHED-TRACE 281 117 K 32 5adf2b01
SCHED-TRACE 282 117 P 31 60f8016b
SCHED-TRACE 283 118 P 31 60fffd52
SCHED-TRACE 284 118 I 32 486d0
SCHED-TRACE 285 118 B 32 7a
SCHED-TRACE 286 118 P 32 6117020b
SCHED-TRACE 287 118 R 32 6117020b
SCHED-TRACE 288 119 U 4 4872b
SCHED-TRACE 289 119 V 4 48742
SCHED-TRACE 290 119 O 0 0
SCHED-TRACE 291 119 P 32 61251eb7
SCHED-TRACE 292 120 K 31 60fffd52
SCHED-TRACE 293 120 P 32 613451ea
SCHED-TRACE 294 121 P 32 613c4dd2
SCHED-TRACE 295 121 I 31 4aec1
SCHED-TRACE 296 121 B 31 7a
SCHED-TRACE 297 121 P 31 6737d45d
SCHED-TRACE 298 121 R 31 6737d45d
SCHED-TRACE 299 122 U 4 4af1c
SCHED-TRACE 300 122 V 4 4af33
SCHED-TRACE 301 122 O 0 0
SCHED-TRACE 302 122 P 31 6745f521
SCHED-TRACE 303 123 K 32 613c4dd2
SCHED-TRACE 304 123 P 31 67552854
SCHED-TRACE 305 124 P 31 675d2023
SCHED-TRACE 306 124 I 32 4d6b2
SCHED-TRACE 307 124 B 32 7a
SCHED-TRACE 308 124 P 32 677424dc
SCHED-TRACE 309 124 R 32 677424dc
SCHED-TRACE 310 125 U 4 4d70d
SCHED-TRACE 311 125 V 4 4d724
SCHED-TRACE 312 125 O 0 0
SCHED-TRACE 313 125 P 32 67824188
SCHED-TRACE 314 126 K 31 675d2023
SCHED-TRACE 315 126 P 32 679174bb
SCHED-TRACE 316 127 P 32 679970a3
SCHED-TRACE 317 127 I 31 4fea3
SCHED-TRACE 318 127 B 31 7a
SCHED-TRACE 319 127 P 31 6d94f72d
SCHED-TRACE 320 127 R 31 6d94f72d
SCHED-TRACE 321 128 U 4 4fefe
SCHED-TRACE 322 128 V 4 4ff15
SCHED-TRACE 323 128 O 0 0
SCHED-TRACE 324 128 P 31 6da317f2
SCHED-TRACE 325 129 K 32 679970a3
SCHED-TRACE 326 129 P 31 6db24b25
SCHED-TRACE 327 130 P 31 6dba470d
SCHED-TRACE 328 130 I 32 52694
SCHED-TRACE 329 130 B 32 7a
SCHED-TRACE 330 130 P 32 6dd147ad
SCHED-TRACE 331 130 R 32 6dd147ad
SCHED-TRACE 332 131 U 4 526ef
SCHED-TRACE 333 131 V 4 52706
SCHED-TRACE 334 131 O 0 0
SCHED-TRACE 335 131 P 32 6ddf6872
SCHED-TRACE 336 132 K 31 6dba470d
SCHED-TRACE 337 132 P 32 6dee9ba5
SCHED-TRACE 338 133 P 32 6df69ba5
SCHED-TRACE 339 133 I 31 54e85
SCHED-TRACE 340 133 B 31 7a
SCHED-TRACE 341 133 P 31 73f219fe
SCHED-TRACE 342 133 R 31 73f219fe
SCHED-TRACE 343 134 U 4 54ee0
SCHED-TRACE 344 134 V 4 54ef7
SCHED-TRACE 345 134 O 0 0
SCHED-TRACE 346 134 P 31 74003ac3
SCHED-TRACE 347 135 K 32 6df69ba5
SCHED-TRACE 348 135 P 31 740f6df6
SCHED-TRACE 349 136 P 31 741765c5
SCHED-TRACE 350 136 I 32 57676
SCHED-TRACE 351 136 B 32 7a
SCHED-TRACE 352 136 P 32 742e72af
SCHED-TRACE 353 136 R 32 742e72af
SCHED-TRACE 354 137 U 4 576d1
SCHED-TRACE 355 137 V 4 576e8
SCHED-TRACE 356 137 O 0 0
SCHED-TRACE 357 137 P 32 743c8f5b
SCHED-TRACE 358 138 K 31 741765c5
SCHED-TRACE 359 138 P 32 744bc28e
SCHED-TRACE 360 139 P 32 7453be76
SCHED-TRACE 361 139 I 31 59e67
SCHED-TRACE 362 139 B 31 7a
SCHED-TRACE 363 139 P 31 7a4f3ccf
SCHED-TRACE 364 139 R 31 7a4f3ccf
SCHED-TRACE 365 140 U 4 59ec2
SCHED-TRACE 366 140 V 4 59ed9
SCHED-TRACE 367 140 O 0 0
SCHED-TRACE 368 140 P 31 7a5d597b
SCHED-TRACE 369 141 K 32 7453be76
SCHED-TRACE 370 141 P 31 7a6c8caf
SCHED-TRACE 371 142 P 31 7a748896
SCHED-TRACE 372 142 I 32 5c658
SCHED-TRACE 373 142 B 32 7a
SCHED-TRACE 374 142 P 32 7a8b9580
SCHED-TRACE 375 142 R 32 7a8b9580
SCHED-TRACE 376 143 U 4 5c6b3
SCHED-TRACE 377 143 V 4 5c6ca
SCHED-TRACE 378 143 O 0 0
SCHED-TRACE 379 143 P 32 7a99b645
SCHED-TRACE 380 144 K 31 7a748896
SCHED-TRACE 381 144 P 32 7aa8e55f
SCHED-TRACE 382 145 P 32 7ab0e55f
SCHED-TRACE 383 145 I 31 5ee49
SCHED-TRACE 384 145 B 31 7b
SCHED-TRACE 385 145 P 31 80ac5fa0
SCHED-TRACE 386 145 R 31 80ac5fa0
SCHED-TRACE 387 146 U 4 5eea4
SCHED-TRACE 388 146 V 4 5eebb
SCHED-TRACE 389 146 O 0 0
SCHED-TRACE 390 146 P 31 80ba7c4c
SCHED-TRACE 391 147 K 32 7ab0e55f
SCHED-TRACE 392 147 P 31 80c9af7f
SCHED-TRACE 393 148 P 31 80d1ab67
SCHED-TRACE 394 148 I 32 6163a
SCHED-TRACE 395 148 B 32 7a
SCHED-TRACE 396 148 P 32 80e8b851
SCHED-TRACE 397 148 R 32 80e8b851
SCHED-TRACE 398 149 U 4 61695
SCHED-TRACE 399 149 V 4 616ac
SCHED-TRACE 400 149 O 0 0
SCHED-TRACE 401 149 P 32 80f6d4fd
SCHED-TRACE 402 150 K 31 80d1ab67
SCHED-TRACE 403 150 P 32 81060830
SCHED-TRACE 404 151 P 32 810e0418
SCHED-TRACE 405 151 I 31 63e2b
SCHED-TRACE 406 151 B 31 7a
SCHED-TRACE 407 151 P 31 87098271
SCHED-TRACE 408 151 R 31 87098271
SCHED-TRACE 409 152 U 4 63e86
SCHED-TRACE 410 152 V 4 63e9d
SCHED-TRACE 411 152 O 0 0
SCHED-TRACE 412 152 P 31 8717a336
SCHED-TRACE 413 153 K 32 810e0418
SCHED-TRACE 414 153 P 31 8726d250
SCHED-TRACE 415 154 P 31 872ece38
SCHED-TRACE 416 154 I 32 6661c
SCHED-TRACE 417 154 B 32 7a
SCHED-TRACE 418 154 P 32 8745db22
SCHED-TRACE 419 154 R 32 8745db22
SCHED-TRACE 420 155 U 4 66677
SCHED-TRACE 421 155 V 4 6668e
SCHED-TRACE 422 155 O 0 0
SCHED-TRACE 423 155 P 32 8753f7ce
SCHED-TRACE 424 156 K 31 872ece38
SCHED-TRACE 425 156 P 32 87632b01
SCHED-TRACE 426 157 P 32 876b26e8
SCHED-TRACE 427 157 I 31 68e0d
SCHED-TRACE 428 157 B 31 7a
SCHED-TRACE 429 157 P 31 8d66a129
SCHED-TRACE 430 157 R 31 8d66a129
SCHED-TRACE 431 158 U 4 68e68
SCHED-TRACE 432 158 V 4 68e7f
SCHED-TRACE 433 158 O 0 0
SCHED-TRACE 434 158 P 31 8d74bdd5
SCHED-TRACE 435 159 K 32 876b26e8
SCHED-TRACE 436 159 P 31 8d83f109
SCHED-TRACE 437 160 P 31 8d8becf0
SCHED-TRACE 438 160 I 32 6b5fe
SCHED-TRACE 439 160 B 32 7a
SCHED-TRACE 440 160 P 32 8da2f9da
SCHED-TRACE 441 160 R 32 8da2f9da
SCHED-TRACE 442 161 U 4 6b659
SCHED-TRACE 443 161 V 4 6b670
SCHED-TRACE 444 161 O 0 0
SCHED-TRACE 445 161 P 32 8db11686
SCHED-TRACE 446 162 K 31 8d8becf0
SCHED-TRACE 447 162 P 32 8dc049b9
SCHED-TRACE 448 163 P 32 8dc845a1
SCHED-TRACE 449 163 I 31 6ddef
SCHED-TRACE 450 163 B 31 7a
SCHED-TRACE 451 163 P 31 93c3c3fa
SCHED-TRACE 452 163 R 31 93c3c3fa
SCHED-TRACE 453 164 U 4 6de4a
SCHED-TRACE 454 164 V 4 6de61
SCHED-TRACE 455 164 O 0 0
SCHED-TRACE 456 164 P 31 93d1e4bf
SCHED-TRACE 457 165 K 32 8dc845a1
SCHED-TRACE 458 165 P 31 93e113da
SCHED-TRACE 459 166 P 31 93e90fc1
SCHED-TRACE 460 166 I 32 705e0
SCHED-TRACE 461 166 B 32 7b
SCHED-TRACE 462 166 P 32 940020c4
SCHED-TRACE 463 166 R 32 940020c4
SCHED-TRACE 464 167 U 4 7063b
SCHED-TRACE 465 167 V 4 70652
SCHED-TRACE 466 167 O 0 0
SCHED-TRACE 467 167 P 32 940e3d70
SCHED-TRACE 468 168 K 31 93e90fc1
SCHED-TRACE 469 168 P 32 941d70a3
SCHED-TRACE 470 169 P 32 94256c8a
SCHED-TRACE 471 169 I 31 72dd1
SCHED-TRACE 472 169 B 31 7a
SCHED-TRACE 473 169 P 31 9a20e2b3
SCHED-TRACE 474 169 R 31 9a20e2b3
SCHED-TRACE 475 170 U 4 72e2c
SCHED-TRACE 476 170 V 4 72e43
SCHED-TRACE 477 170 O 0 0
SCHED-TRACE 478 170 P 31 9a2eff5f
SCHED-TRACE 479 171 K 32 94256c8a
SCHED-TRACE 480 171 P 31 9a3e3292
SCHED-TRACE 481 172 P 31 9a462e79
SCHED-TRACE 482 172 I 32 755c2
SCHED-TRACE 483 172 B 32 7a
SCHED-TRACE 484 172 P 32 9a5d4394
SCHED-TRACE 485 172 R 32 9a5d4394
SCHED-TRACE 486 173 U 4 7561d
SCHED-TRACE 487 173 V 4 75634
SCHED-TRACE 488 173 O 0 0
SCHED-TRACE 489 173 P 32 9a6b6040
SCHED-TRACE 490 174 K 31 9a462e79
SCHED-TRACE 491 174 P 32 9a7a9374
SCHED-TRACE 492 175 P 32 9a828f5b
SCHED-TRACE 493 175 I 31 77db3
SCHED-TRACE 494 175 B 31 7a
SCHED-TRACE 495 175 P 31 a07e0584
SCHED-TRACE 496 175 R 31 a07e0584
SCHED-TRACE 497 176 U 4 77e0e
SCHED-TRACE 498 176 V 4 77e25
SCHED-TRACE 499 176 O 0 0
SCHED-TRACE 500 176 P 31 a08c2648
SCHED-TRACE 501 177 K 32 9a828f5b
SCHED-TRACE 502 177 P 31 a09b597b
SCHED-TRACE 503 178 P 31 a0a3514a
SCHED-TRACE 504 178 I 32 7a5a4
SCHED-TRACE 505 178 B 32 7a
SCHED-TRACE 506 178 P 32 a0ba6665
SCHED-TRACE 507 178 R 32 a0ba6665
SCHED-TRACE 508 179 U 4 7a5ff
SCHED-TRACE 509 179 V 4 7a616
SCHED-TRACE 510 179 O 0 0
SCHED-TRACE 511 179 P 32 a0c88311
SCHED-TRACE 512 180 K 31 a0a3514a
SCHED-TRACE 513 180 P 32 a0d7b645
SCHED-TRACE 514 181 P 32 a0dfb22c
SCHED-TRACE 515 181 I 31 7cd95
SCHED-TRACE 516 181 B 31 7a
SCHED-TRACE 517 181 P 31 a6db243c
SCHED-TRACE 518 181 R 31 a6db243c
SCHED-TRACE 519 182 U 4 7cdf0
SCHED-TRACE 520 182 V 4 7ce07
SCHED-TRACE 521 182 O 0 0
SCHED-TRACE 522 182 P 31 a6e940e8
SCHED-TRACE 523 183 K 32 a0dfb22c
SCHED-TRACE 524 183 P 31 a6f8741b
SCHED-TRACE 525 184 P 31 a7007002
SCHED-TRACE 526 184 I 32 7f586
SCHED-TRACE 527 184 B 32 7a
SCHED-TRACE 528 184 P 32 a7178936
SCHED-TRACE 529 184 R 32 a7178936
SCHED-TRACE 530 185 U 4 7f5e1
SCHED-TRACE 531 185 V 4 7f5f8
SCHED-TRACE 532 185 O 0 0
SCHED-TRACE 533 185 P 32 a725a5e2
SCHED-TRACE 534 186 K 31 a7007002
SCHED-TRACE 535 186 P 32 a734d915
SCHED-TRACE 536 187 P 32 a73cd4fd
SCHED-TRACE 537 187 I 31 81d77
SCHED-TRACE 538 187 B 31 7a
SCHED-TRACE 539 187 P 31 ad38470d
SCHED-TRACE 540 187 R 31 ad38470d
SCHED-TRACE 541 188 U 4 81dd2
SCHED-TRACE 542 188 V 4 81de9
SCHED-TRACE 543 188 O 0 0
SCHED-TRACE 544 188 P 31 ad4667d1
SCHED-TRACE 545 189 K 32 a73cd4fd
SCHED-TRACE 546 189 P 31 ad559b05
SCHED-TRACE 547 190 P 31 ad5d92d3
SCHED-TRACE 548 190 I 32 84568
SCHED-TRACE 549 190 B 32 7a
SCHED-TRACE 550 190 P 32 ad74ac07
SCHED-TRACE 551 190 R 32 ad74ac07
SCHED-TRACE 552 191 U 4 845c3
SCHED-TRACE 553 191 V 4 845da
SCHED-TRACE 554 191 O 0 0
SCHED-TRACE 555 191 P 32 ad82c8b3
SCHED-TRACE 556 192 K 31 ad5d92d3
SCHED-TRACE 557 192 P 32 ad91fbe6
SCHED-TRACE 558 193 P 32 ad99f7ce
SCHED-TRACE 559 193 I 31 86d59
SCHED-TRACE 560 193 B 31 7a
SCHED-TRACE 561 193 P 31 b39569de
SCHED-TRACE 562 193 R 31 b39569de
SCHED-TRACE 563 194 U 4 86db4
SCHED-TRACE 564 194 V 4 86dcb
SCHED-TRACE 565 194 O 0 0
SCHED-TRACE 566 194 P 31 b3a38aa2
SCHED-TRACE 567 195 K 32 ad99f7ce
SCHED-TRACE 568 195 P 31 b3b2bdd5
SCHED-TRACE 569 196 P 31 b3bab9bd
SCHED-TRACE 570 196 I 32 8954a
SCHED-TRACE 571 196 B 32 7a
SCHED-TRACE 572 196 P 32 b3d1ced8
SCHED-TRACE 573 196 R 32 b3d1ced8
SCHED-TRACE 574 197 U 4 895a5
SCHED-TRACE 575 197 V 4 895bc
SCHED-TRACE 576 197 O 0 0
SCHED-TRACE 577 197 P 32 b3dfeb84
SCHED-TRACE 578 198 K 31 b3bab9bd
SCHED-TRACE 579 198 P 32 b3ef1eb7
SCHED-TRACE 580 199 P 32 b3f71a9f
SCHED-TRACE 581 199 I 31 8bd3b
SCHED-TRACE 582 199 B 31 7a
SCHED-TRACE 583 199 P 31 b9f290c7
SCHED-TRACE 584 199 R 31 b9f290c7
SCHED-TRACE 585 200 U 4 8bd96
SCHED-TRACE 586 200 V 4 8bdad
SCHED-TRACE 587 200 O 0 0
SCHED-TRACE 588 200 P 31 ba00b18c
SCHED-TRACE 589 201 K 32 b3f71a9f
SCHED-TRACE 590 201 P 31 ba0fe4bf
SCHED-TRACE 591 202 P 31 ba17dc8e
SCHED-TRACE 592 202 I 32 8e52c
SCHED-TRACE 593 202 B 32 7a
SCHED-TRACE 594 202 P 32 ba2ef1a9
SCHED-TRACE 595 202 R 32 ba2ef1a9
SCHED-TRACE 596 203 U 4 8e587
SCHED-TRACE 597 203 V 4 8e59e
SCHED-TRACE 598 203 O 0 0
SCHED-TRACE 599 203 P 32 ba3d0e55
SCHED-TRACE 600 204 K 31 ba17dc8e
SCHED-TRACE 601 204 P 32 ba4c4188
SCHED-TRACE 602 205 P 32 ba543d70
SCHED-TRACE 603 205 I 31 90d1d
SCHED-TRACE 604 205 B 31 7a
SCHED-TRACE 605 205 P 31 c04fb398
SCHED-TRACE 606 205 R 31 c04fb398
SCHED-TRACE 607 206 U 4 90d78
SCHED-TRACE 608 206 V 4 90d8f
SCHED-TRACE 609 206 O 0 0
SCHED-TRACE 610 206 P 31 c05dd45d
SCHED-TRACE 611 207 K 32 ba543d70
SCHED-TRACE 612 207 P 31 c06d0790
SCHED-TRACE 613 208 P 31 c0750377
SCHED-TRACE 614 208 I 32 9350e
SCHED-TRACE 615 208 B 32 7a
SCHED-TRACE 616 208 P 32 c08c147a
SCHED-TRACE 617 208 R 32 c08c147a
SCHED-TRACE 618 209 U 4 93569
SCHED-TRACE 619 209 V 4 93580
SCHED-TRACE 620 209 O 0 0
SCHED-TRACE 621 209 P 32 c09a353e
SCHED-TRACE 622 210 K 31 c0750377
SCHED-TRACE 623 210 P 32 c0a96872
SCHED-TRACE 624 211 P 32 c0b16872
SCHED-TRACE 625 211 I 31 95cff
SCHED-TRACE 626 211 B 31 7a
SCHED-TRACE 627 211 P 31 c6acd669
SCHED-TRACE 628 211 R 31 c6acd669
SCHED-TRACE 629 212 U 4 95d5a
SCHED-TRACE 630 212 V 4 95d71
SCHED-TRACE 631 212 O 0 0
SCHED-TRACE 632 212 P 31 c6baf72d
SCHED-TRACE 633 213 K 32 c0b16872
SCHED-TRACE 634 213 P 31 c6ca2a61
SCHED-TRACE 635 214 P 31 c6d22230
SCHED-TRACE 636 214 I 32 984f0
SCHED-TRACE 637 214 B 32 7a
SCHED-TRACE 638 214 P 32 c6e93f7c
SCHED-TRACE 639 214 R 32 c6e93f7c
SCHED-TRACE 640 215 U 4 9854b
SCHED-TRACE 641 215 V 4 98562
SCHED-TRACE 642 215 O 0 0
SCHED-TRACE 643 215 P 32 c6f75c28
SCHED-TRACE 644 216 K 31 c6d22230
SCHED-TRACE 645 216 P 32 c7068f5b
SCHED-TRACE 646 217 P 32 c70e8b43
SCHED-TRACE 647 217 I 31 9ace1
SCHED-TRACE 648 217 B 31 7a
SCHED-TRACE 649 217 P 31 cd09f93a
SCHED-TRACE 650 217 R 31 cd09f93a
SCHED-TRACE 651 218 U 4 9ad3c
SCHED-TRACE 652 218 V 4 9ad53
SCHED-TRACE 653 218 O 0 0
SCHED-TRACE 654 218 P 31 cd1815e6
SCHED-TRACE 655 219 K 32 c70e8b43
SCHED-TRACE 656 219 P 31 cd274919
SCHED-TRACE 657 220 P 31 cd2f4500
SCHED-TRACE 658 220 I 32 9d4d2
SCHED-TRACE 659 220 B 32 7a
SCHED-TRACE 660 220 P 32 cd46624d
SCHED-TRACE 661 220 R 32 cd46624d
SCHED-TRACE 662 221 U 4 9d52d
SCHED-TRACE 663 221 V 4 9d544
SCHED-TRACE 664 221 O 0 0
SCHED-TRACE 665 221 P 32 cd548311
SCHED-TRACE 666 222 K 31 cd2f4500
SCHED-TRACE 667 222 P 32 cd63b22c
SCHED-TRACE 668 223 P 32 cd6bb22c
SCHED-TRACE 669 223 I 31 9fcc3
SCHED-TRACE 670 223 B 31 7b
SCHED-TRACE 671 223 P 31 d3671c0b
SCHED-TRACE 672 223 R 31 d3671c0b
SCHED-TRACE 673 224 U 4 9fd1e
SCHED-TRACE 674 224 V 4 9fd35
SCHED-TRACE 675 224 O 0 0
SCHED-TRACE 676 224 P 31 d37538b7
SCHED-TRACE 677 225 K 32 cd6bb22c
SCHED-TRACE 678 225 P 31 d3846bea
SCHED-TRACE 679 226 P 31 d38c67d1
SCHED-TRACE 680 226 I 32 a24b4
SCHED-TRACE 681 226 B 32 7a
SCHED-TRACE 682 226 P 32 d3a3851e
SCHED-TRACE 683 226 R 32 d3a3851e
SCHED-TRACE 684 227 U 4 a250f
SCHED-TRACE 685 227 V 4 a2526
SCHED-TRACE 686 227 O 0 0
SCHED-TRACE 687 227 P 32 d3b1a1ca
SCHED-TRACE 688 228 K 31 d38c67d1
SCHED-TRACE 689 228 P 32 d3c0d4fd
SCHED-TRACE 690 229 P 32 d3c8d0e4
SCHED-TRACE 691 229 I 31 a4ca5
SCHED-TRACE 692 229 B 31 7a
SCHED-TRACE 693 229 P 31 d9c43edc
SCHED-TRACE 694 229 R 31 d9c43edc
SCHED-TRACE 695 230 U 4 a4d00
SCHED-TRACE 696 230 V 4 a4d17
SCHED-TRACE 697 230 O 0 0
SCHED-TRACE 698 230 P 31 d9d25fa0
SCHED-TRACE 699 231 K 32 d3c8d0e4
SCHED-TRACE 700 231 P 31 d9e18ebb
SCHED-TRACE 701 232 P 31 d9e98aa2
SCHED-TRACE 702 232 I 32 a7496
SCHED-TRACE 703 232 B 32 7a
SCHED-TRACE 704 232 P 32 da00a7ef
SCHED-TRACE 705 232 R 32 da00a7ef
SCHED-TRACE 706 233 U 4 a74f1
SCHED-TRACE 707 233 V 4 a7508
SCHED-TRACE 708 233 O 0 0
SCHED-TRACE 709 233 P 32 da0ec49b
SCHED-TRACE 710 234 K 31 d9e98aa2
SCHED-TRACE 711 234 P 32 da1df7ce
SCHED-TRACE 712 235 P 32 da25f3b5
SCHED-TRACE 713 235 I 31 a9c87
SCHED-TRACE 714 235 B 31 7a
SCHED-TRACE 715 235 P 31 e0215d94
SCHED-TRACE 716 235 R 31 e0215d94
SCHED-TRACE 717 236 U 4 a9ce2
SCHED-TRACE 718 236 V 4 a9cf9
SCHED-TRACE 719 236 O 0 0
SCHED-TRACE 720 236 P 31 e02f7a40
SCHED-TRACE 721 237 K 32 da25f3b5
SCHED-TRACE 722 237 P 31 e03ead73
SCHED-TRACE 723 238 P 31 e046a95b
SCHED-TRACE 724 238 I 32 ac478
SCHED-TRACE 725 238 B 32 7a
SCHED-TRACE 726 238 P 32 e05dc6a7
SCHED-TRACE 727 238 R 32 e05dc6a7
SCHED-TRACE 728 239 U 4 ac4d3
SCHED-TRACE 729 239 V 4 ac4ea
SCHED-TRACE 730 239 O 0 0
SCHED-TRACE 731 239 P 32 e06be353
SCHED-TRACE 732 240 K 31 e046a95b
SCHED-TRACE 733 240 P 32 e07b1686
SCHED-TRACE 734 241 P 32 e083126e
SCHED-TRACE 735 241 I 31 aec69
SCHED-TRACE 736 241 B 31 7a
SCHED-TRACE 737 241 P 31 e67e8065
SCHED-TRACE 738 241 R 31 e67e8065
SCHED-TRACE 739 242 U 4 aecc4
SCHED-TRACE 740 242 V 4 aecdb
SCHED-TRACE 741 242 O 0 0
SCHED-TRACE 742 242 P 31 e68ca129
SCHED-TRACE 743 243 K 32 e083126e
SCHED-TRACE 744 243 P 31 e69bd044
SCHED-TRACE 745 244 P 31 e6a3cc2b
SCHED-TRACE 746 244 I 32 b145a
SCHED-TRACE 747 244 B 32 7b
SCHED-TRACE 748 244 P 32 e6baed90
SCHED-TRACE 749 244 R 32 e6baed90
SCHED-TRACE 750 245 U 4 b14b5
SCHED-TRACE 751 245 V 4 b14cc
SCHED-TRACE 752 245 O 0 0
SCHED-TRACE 753 245 P 32 e6c90a3c
SCHED-TRACE 754 246 K 31 e6a3cc2b
SCHED-TRACE 755 246 P 32 e6d83d70
SCHED-TRACE 756 247 P 32 e6e03957
SCHED-TRACE 757 247 I 31 b3c4b
SCHED-TRACE 758 247 B 31 7a
SCHED-TRACE 759 247 P 31 ecdb9f1d
SCHED-TRACE 760 247 R 31 ecdb9f1d
SCHED-TRACE 761 248 U 4 b3ca6
SCHED-TRACE 762 248 V 4 b3cbd
SCHED-TRACE 763 248 O 0 0
SCHED-TRACE 764 248 P 31 ece9bbc9
SCHED-TRACE 765 249 K 32 e6e03957
SCHED-TRACE 766 249 P 31 ecf8eefc
SCHED-TRACE 767 250 P 31 ed00eae4
SCHED-TRACE 768 250 I 32 b643c
SCHED-TRACE 769 250 B 32 7a
SCHED-TRACE 770 250 P 32 ed181061
SCHED-TRACE 771 250 R 32 ed181061
SCHED-TRACE 772 251 U 4 b6497
SCHED-TRACE 773 251 V 4 b64ae
SCHED-TRACE 774 251 O 0 0
SCHED-TRACE 775 251 P 32 ed262d0d
SCHED-TRACE 776 252 K 31 ed00eae4
SCHED-TRACE 777 252 P 32 ed356040
SCHED-TRACE 778 253 P 32 ed3d5c28
SCHED-TRACE 779 253 I 31 b8c2d
SCHED-TRACE 780 253 B 31 7a
SCHED-TRACE 781 253 P 31 f338c1ee
SCHED-TRACE 782 253 R 31 f338c1ee
SCHED-TRACE 783 254 U 4 b8c88
SCHED-TRACE 784 254 V 4 b8c9f
SCHED-TRACE 785 254 O 0 0
SCHED-TRACE 786 254 P 31 f346e2b3
SCHED-TRACE 787 255 K 32 ed3d5c28
SCHED-TRACE 788 255 P 31 f35615e6
SCHED-TRACE 789 256 P 31 f35e0db5
SCHED-TRACE 790 256 I 32 bb41e
SCHED-TRACE 791 256 B 32 7a
SCHED-TRACE 792 256 P 32 f3753332
SCHED-TRACE 793 256 R 32 f3753332
SCHED-TRACE 794 257 U 4 bb479
SCHED-TRACE 795 257 V 4 bb490
SCHED-TRACE 796 257 O 0 0
SCHED-TRACE 797 257 P 32 f3834fde
SCHED-TRACE 798 258 K 31 f35e0db5
SCHED-TRACE 799 258 P 32 f3928311
SCHED-TRACE 800 259 P 32 f39a7ef9
SCHED-TRACE 801 259 I 31 bdc0f
SCHED-TRACE 802 259 B 31 7a
SCHED-TRACE 803 259 P 31 f995e0a6
SCHED-TRACE 804 259 R 31 f995e0a6
SCHED-TRACE 805 260 U 4 bdc6a
SCHED-TRACE 806 260 V 4 bdc81
SCHED-TRACE 807 260 O 0 0
SCHED-TRACE 808 260 P 31 f9a3fd52
SCHED-TRACE 809 261 K 32 f39a7ef9
SCHED-TRACE 810 261 P 31 f9b33086
SCHED-TRACE 811 262 P 31 f9bb2c6d
SCHED-TRACE 812 262 I 32 c0400
SCHED-TRACE 813 262 B 32 7a
SCHED-TRACE 814 262 P 32 f9d25603
SCHED-TRACE 815 262 R 32 f9d25603
SCHED-TRACE 816 263 U 4 c045b
SCHED-TRACE 817 263 V 4 c0472
SCHED-TRACE 818 263 O 0 0
SCHED-TRACE 819 263 P 32 f9e072af
SCHED-TRACE 820 264 K 31 f9bb2c6d
SCHED-TRACE 821 264 P 32 f9efa5e2
SCHED-TRACE 822 265 P 32 f9f7a1ca
SCHED-TRACE 823 265 I 31 c2bf1
SCHED-TRACE 824 265 B 31 7a
SCHED-TRACE 825 265 P 31 fff30377
SCHED-TRACE 826 265 R 31 fff30377
SCHED-TRACE 827 266 U 4 c2c4c
SCHED-TRACE 828 266 V 4 c2c63
SCHED-TRACE 829 266 O 0 0
SCHED-TRACE 830 266 P 31 10001243c
SCHED-TRACE 831 267 K 32 f9f7a1ca
SCHED-TRACE 832 267 P 31 10010576f
SCHED-TRACE 833 268 P 31 100184f3e
SCHED-TRACE 834 268 I 32 c53e2
SCHED-TRACE 835 268 B 32 7a
SCHED-TRACE 836 268 P 32 1002f78d4
SCHED-TRACE 837 268 R 32 1002f78d4
SCHED-TRACE 838 269 U 4 c543d
SCHED-TRACE 839 269 V 4 c5454
SCHED-TRACE 840 269 O 0 0
SCHED-TRACE 841 269 P 32 1003d9580
SCHED-TRACE 842 270 K 31 100184f3e
SCHED-TRACE 843 270 P 32 1004cc8b3
SCHED-TRACE 844 271 P 32 10054c49b
SCHED-TRACE 845 271 I 31 c7bd3
SCHED-TRACE 846 271 B 31 7a
SCHED-TRACE 847 271 P 31 106502648
SCHED-TRACE 848 271 R 31 106502648
SCHED-TRACE 849 272 U 4 c7c2e
SCHED-TRACE 850 272 V 4 c7c45
SCHED-TRACE 851 272 O 0 0
SCHED-TRACE 852 272 P 31 1065e470d
SCHED-TRACE 853 273 K 32 10054c49b
SCHED-TRACE 854 273 P 31 1066d7a40
SCHED-TRACE 855 274 P 31 106757627
SCHED-TRACE 856 274 I 32 ca3c4
SCHED-TRACE 857 274 B 32 7a
SCHED-TRACE 858 274 P 32 1068c9ba5
SCHED-TRACE 859 274 R 32 1068c9ba5
SCHED-TRACE 860 275 U 4 ca41f
SCHED-TRACE 861 275 V 4 ca436
SCHED-TRACE 862 275 O 0 0
SCHED-TRACE 863 275 P 32 1069ab851
SCHED-TRACE 864 276 K 31 106757627
SCHED-TRACE 865 276 P 32 106a9eb84
SCHED-TRACE 866 277 P 32 106b1e76b
SCHED-TRACE 867 277 I 31 ccbb5
SCHED-TRACE 868 277 B 31 7a
SCHED-TRACE 869 277 P 31 10cad4d32
SCHED-TRACE 870 277 R 31 10cad4d32
SCHED-TRACE 871 278 U 4 ccc10
SCHED-TRACE 872 278 V 4 ccc27
SCHED-TRACE 873 278 O 0 0
SCHED-TRACE 874 278 P 31 10cbb6df6
SCHED-TRACE 875 279 K 32 106b1e76b
SCHED-TRACE 876 279 P 31 10ccaa129
SCHED-TRACE 877 280 P 31 10cd298f8
SCHED-TRACE 878 280 I 32 cf3a6
SCHED-TRACE 879 280 B 32 7a
SCHED-TRACE 880 280 P 32 10ce9be76
SCHED-TRACE 881 280 R 32 10ce9be76
SCHED-TRACE 882 281 U 4 cf401
SCHED-TRACE 883 281 V 4 cf418
SCHED-TRACE 884 281 O 0 0
SCHED-TRACE 885 281 P 32 10cf7db22
SCHED-TRACE 886 282 K 31 10cd298f8
SCHED-TRACE 887 282 P 32 10d070e55
SCHED-TRACE 888 283 P 32 10d0f0a3c
SCHED-TRACE 889 283 I 31 d1b97
SCHED-TRACE 890 283 B 31 7a
SCHED-TRACE 891 283 P 31 1130a7002
SCHED-TRACE 892 283 R 31 1130a7002
SCHED-TRACE 893 284 U 4 d1bf2
SCHED-TRACE 894 284 V 4 d1c09
SCHED-TRACE 895 284 O 0 0
SCHED-TRACE 896 284 P 31 1131890c7
SCHED-TRACE 897 285 K 32 10d0f0a3c
SCHED-TRACE 898 285 P 31 11327c3fa
SCHED-TRACE 899 286 P 31 1132fbfe2
SCHED-TRACE 900 286 I 32 d4388
SCHED-TRACE 901 286 B 32 7a
SCHED-TRACE 902 286 P 32 11346e147
SCHED-TRACE 903 286 R 32 11346e147
SCHED-TRACE 904 287 U 4 d43e3
SCHED-TRACE 905 287 V 4 d43fa
SCHED-TRACE 906 287 O 0 0
SCHED-TRACE 907 287 P 32 11355020b
SCHED-TRACE 908 288 K 31 1132fbfe2
SCHED-TRACE 909 288 P 32 11364353e
SCHED-TRACE 910 289 P 32 1136c353e
SCHED-TRACE 911 289 I 31 d6b79
SCHED-TRACE 912 289 B 31 7a
SCHED-TRACE 913 289 P 31 1196792d3
SCHED-TRACE 914 289 R 31 1196792d3
SCHED-TRACE 915 290 U 4 d6bd4
SCHED-TRACE 916 290 V 4 d6beb
SCHED-TRACE 917 290 O 0 0
SCHED-TRACE 918 290 P 31 11975b398
SCHED-TRACE 919 291 K 32 1136c353e
SCHED-TRACE 920 291 P 31 11984e6cb
SCHED-TRACE 921 292 P 31 1198cde9a
SCHED-TRACE 922 292 I 32 d936a
SCHED-TRACE 923 292 B 32 7a
SCHED-TRACE 924 292 P 32 119a40c49
SCHED-TRACE 925 292 R 32 119a40c49
SCHED-TRACE 926 293 U 4 d93c5
SCHED-TRACE 927 293 V 4 d93dc
SCHED-TRACE 928 293 O 0 0
SCHED-TRACE 929 293 P 32 119b228f5
SCHED-TRACE 930 294 K 31 1198cde9a
SCHED-TRACE 931 294 P 32 119c15c28
SCHED-TRACE 932 295 P 32 119c9580f
SCHED-TRACE 933 295 I 31 dbb5b
SCHED-TRACE 934 295 B 31 7a
SCHED-TRACE 935 295 P 31 11fc4b5a4
SCHED-TRACE 936 295 R 31 11fc4b5a4
SCHED-TRACE 937 296 U 4 dbbb6
SCHED-TRACE 938 296 V 4 dbbcd
SCHED-TRACE 939 296 O 0 0
SCHED-TRACE 940 296 P 31 11fd2d250
SCHED-TRACE 941 297 K 32 119c9580f
SCHED-TRACE 942 297 P 31 11fe20584
SCHED-TRACE 943 298 P 31 11fea016b
SCHED-TRACE 944 298 I 32 de34c
SCHED-TRACE 945 298 B 32 7a
SCHED-TRACE 946 298 P 32 120012f1a
SCHED-TRACE 947 298 R 32 120012f1a
SCHED-TRACE 948 299 U 4 de3a7
SCHED-TRACE 949 299 V 4 de3be
SCHED-TRACE 950 299 O 0 0
SCHED-TRACE 951 299 P 32 1200f4fde
SCHED-TRACE 952 300 K 31 11fea016b
SCHED-TRACE 953 300 P 32 1201e7ef9
SCHED-TRACE 954 301 P 32 120267ef9
SCHED-TRACE 955 301 I 31 e0b3d
SCHED-TRACE 956 301 B 31 7b
SCHED-TRACE 957 301 P 31 12621d875
SCHED-TRACE 958 301 R 31 12621d875
SCHED-TRACE 959 302 U 4 e0b98
SCHED-TRACE 960 302 V 4 e0baf
SCHED-TRACE 961 302 O 0 0
SCHED-TRACE 962 302 P 31 1262ff521
SCHED-TRACE 963 303 K 32 120267ef9
SCHED-TRACE 964 303 P 31 1263f2854
SCHED-TRACE 965 304 P 31 12647243c
SCHED-TRACE 966 304 I 32 e332e
SCHED-TRACE 967 304 B 32 7a
SCHED-TRACE 968 304 P 32 1265e51ea
SCHED-TRACE 969 304 R 32 1265e51ea
SCHED-TRACE 970 305 U 4 e3389
SCHED-TRACE 971 305 V 4 e33a0
SCHED-TRACE 972 305 O 0 0
SCHED-TRACE 973 305 P 32 1266c6e96
SCHED-TRACE 974 306 K 31 12647243c
SCHED-TRACE 975 306 P 32 1267ba1ca
SCHED-TRACE 976 307 P 32 126839db1
SCHED-TRACE 977 307 I 31 e5b1f
SCHED-TRACE 978 307 B 31 7a
SCHED-TRACE 979 307 P 31 12c7efb46
SCHED-TRACE 980 307 R 31 12c7efb46
SCHED-TRACE 981 308 U 4 e5b7a
SCHED-TRACE 982 308 V 4 e5b91
SCHED-TRACE 983 308 O 0 0
SCHED-TRACE 984 308 P 31 12c8d1c0b
SCHED-TRACE 985 309 K 32 126839db1
SCHED-TRACE 986 309 P 31 12c9c4b25
SCHED-TRACE 987 310 P 31 12ca4470d
SCHED-TRACE 988 310 I 32 e8310
SCHED-TRACE 989 310 B 32 7a
SCHED-TRACE 990 310 P 32 12cbb74bb
SCHED-TRACE 991 310 R 32 12cbb74bb
SCHED-TRACE 992 311 U 4 e836b
SCHED-TRACE 993 311 V 4 e8382
SCHED-TRACE 994 311 O 0 0
SCHED-TRACE 995 311 P 32 12cc99167
SCHED-TRACE 996 312 K 31 12ca4470d
SCHED-TRACE 997 312 P 32 12cd8c49b
SCHED-TRACE 998 313 P 32 12ce0c082
SCHED-TRACE 999 313 I 31 eab01
SCHED-TRACE 1000 313 B 31 7a
SCHED-TRACE 1001 313 P 31 132dc19fe
SCHED-TRACE 1002 313 R 31 132dc19fe
SCHED-TRACE 1003 314 U 4 eab5c
SCHED-TRACE 1004 314 V 4 eab73
SCHED-TRACE 1005 314 O 0 0
SCHED-TRACE 1006 314 P 31 132ea36aa
SCHED-TRACE 1007 315 K 32 12ce0c082
SCHED-TRACE 1008 315 P 31 132f969de
SCHED-TRACE 1009 316 P 31 1330165c5
SCHED-TRACE 1010 316 I 32 ed2f2
SCHED-TRACE 1011 316 B 32 7a
SCHED-TRACE 1012 316 P 32 133189374
SCHED-TRACE 1013 316 R 32 133189374
SCHED-TRACE 1014 317 U 4 ed34d
SCHED-TRACE 1015 317 V 4 ed364
SCHED-TRACE 1016 317 O 0 0
SCHED-TRACE 1017 317 P 32 13326b020
SCHED-TRACE 1018 318 K 31 1330165c5
SCHED-TRACE 1019 318 P 32 13335e353
SCHED-TRACE 1020 319 P 32 1333ddf3a
SCHED-TRACE 1021 319 I 31 efae3
SCHED-TRACE 1022 319 B 31 7a
SCHED-TRACE 1023 319 P 31 139393ccf
SCHED-TRACE 1024 319 R 31 139393ccf
SCHED-TRACE 1025 320 U 4 efb3e
SCHED-TRACE 1026 320 V 4 efb55
SCHED-TRACE 1027 320 O 0 0
SCHED-TRACE 1028 320 P 31 139475d94
SCHED-TRACE 1029 321 K 32 1333ddf3a
SCHED-TRACE 1030 321 P 31 139568caf
SCHED-TRACE 1031 322 P 31 1395e8896
SCHED-TRACE 1032 322 I 32 f22d4
SCHED-TRACE 1033 322 B 32 7b
SCHED-TRACE 1034 322 P 32 13975ba5d
SCHED-TRACE 1035 322 R 32 13975ba5d
SCHED-TRACE 1036 323 U 4 f232f
SCHED-TRACE 1037 323 V 4 f2346
SCHED-TRACE 1038 323 O 0 0
SCHED-TRACE 1039 323 P 32 13983d709
SCHED-TRACE 1040 324 K 31 1395e8896
SCHED-TRACE 1041 324 P 32 139930a3c
SCHED-TRACE 1042 325 P 32 1399b0624
SCHED-TRACE 1043 325 I 31 f4ac5
SCHED-TRACE 1044 325 B 31 7a
SCHED-TRACE 1045 325 P 31 13f965b88
SCHED-TRACE 1046 325 R 31 13f965b88
SCHED-TRACE 1047 326 U 4 f4b20
SCHED-TRACE 1048 326 V 4 f4b37
SCHED-TRACE 1049 326 O 0 0
SCHED-TRACE 1050 326 P 31 13fa47834
SCHED-TRACE 1051 327 K 32 1399b0624
SCHED-TRACE 1052 327 P 31 13fb3ab67
SCHED-TRACE 1053 328 P 31 13fbba74e
SCHED-TRACE 1054 328 I 32 f72b6
SCHED-TRACE 1055 328 B 32 7a
SCHED-TRACE 1056 328 P 32 13fd2dd2e
SCHED-TRACE 1057 328 R 32 13fd2dd2e
SCHED-TRACE 1058 329 U 4 f7311
SCHED-TRACE 1059 329 V 4 f7328
SCHED-TRACE 1060 329 O 0 0
SCHED-TRACE 1061 329 P 32 13fe0f9da
SCHED-TRACE 1062 330 K 31 13fbba74e
SCHED-TRACE 1063 330 P 32 13ff02d0d
SCHED-TRACE 1064 331 P 32 13ff828f5
SCHED-TRACE 1065 331 I 31 f9aa7
SCHED-TRACE 1066 331 B 31 7a
SCHED-TRACE 1067 331 P 31 145f37e58
SCHED-TRACE 1068 331 R 31 145f37e58
SCHED-TRACE 1069 332 U 4 f9b02
SCHED-TRACE 1070 332 V 4 f9b19
SCHED-TRACE 1071 332 O 0 0
SCHED-TRACE 1072 332 P 31 146019f1d
SCHED-TRACE 1073 333 K 32 13ff828f5
SCHED-TRACE 1074 333 P 31 14610d250
SCHED-TRACE 1075 334 P 31 14618ca1f
SCHED-TRACE 1076 334 I 32 fc298
SCHED-TRACE 1077 334 B 32 7a
SCHED-TRACE 1078 334 P 32 1462fffff
SCHED-TRACE 1079 334 R 32 1462fffff
SCHED-TRACE 1080 335 U 4 fc2f3
SCHED-TRACE 1081 335 V 4 fc30a
SCHED-TRACE 1082 335 O 0 0
SCHED-TRACE 1083 335 P 32 1463e1cab
SCHED-TRACE 1084 336 K 31 14618ca1f
SCHED-TRACE 1085 336 P 32 1464d4fde
SCHED-TRACE 1086 337 P 32 146554bc6
SCHED-TRACE 1087 337 I 31 fea89
SCHED-TRACE 1088 337 B 31 7a
SCHED-TRACE 1089 337 P 31 14c509d11
SCHED-TRACE 1090 337 R 31 14c509d11
SCHED-TRACE 1091 338 U 4 feae4
SCHED-TRACE 1092 338 V 4 feafb
SCHED-TRACE 1093 338 O 0 0
SCHED-TRACE 1094 338 P 31 14c5eb9bd
SCHED-TRACE 1095 339 K 32 146554bc6
SCHED-TRACE 1096 339 P 31 14c6decf0
SCHED-TRACE 1097 340 P 31 14c75e8d7
SCHED-TRACE 1098 340 I 32 10127a
SCHED-TRACE 1099 340 B 32 7a
SCHED-TRACE 1100 340 P 32 14c8d22d0
SCHED-TRACE 1101 340 R 32 14c8d22d0
SCHED-TRACE 1102 341 U 4 1012d5
SCHED-TRACE 1103 341 V 4 1012ec
SCHED-TRACE 1104 341 O 0 0
SCHED-TRACE 1105 341 P 32 14c9b3f7c
SCHED-TRACE 1106 342 K 31 14c75e8d7
SCHED-TRACE 1107 342 P 32 14caa72af
SCHED-TRACE 1108 343 P 32 14cb26e96
SCHED-TRACE 1109 343 I 31 103a6b
SCHED-TRACE 1110 343 B 31 7a
SCHED-TRACE 1111 343 P 31 152adbfe2
SCHED-TRACE 1112 343 R 31 152adbfe2
SCHED-TRACE 1113 344 U 4 103ac6
SCHED-TRACE 1114 344 V 4 103add
SCHED-TRACE 1115 344 O 0 0
SCHED-TRACE 1116 344 P 31 152bbe0a6
SCHED-TRACE 1117 345 K 32 14cb26e96
SCHED-TRACE 1118 345 P 31 152cb13da
SCHED-TRACE 1119 346 P 31 152d30ba8
SCHED-TRACE 1120 346 I 32 10625c
SCHED-TRACE 1121 346 B 32 7a
SCHED-TRACE 1122 346 P 32 152ea45a1
SCHED-TRACE 1123 346 R 32 152ea45a1
SCHED-TRACE 1124 347 U 4 1062b7
SCHED-TRACE 1125 347 V 4 1062ce
SCHED-TRACE 1126 347 O 0 0
SCHED-TRACE 1127 347 P 32 152f8624d
SCHED-TRACE 1128 348 K 31 152d30ba8
SCHED-TRACE 1129 348 P 32 153079580
SCHED-TRACE 1130 349 P 32 1530f9167
SCHED-TRACE 1131 349 I 31 108a4d
SCHED-TRACE 1132 349 B 31 7a
SCHED-TRACE 1133 349 P 31 1590ae2b3
SCHED-TRACE 1134 349 R 31 1590ae2b3
SCHED-TRACE 1135 350 U 4 108aa8
SCHED-TRACE 1136 350 V 4 108abf
SCHED-TRACE 1137 350 O 0 0
SCHED-TRACE 1138 350 P 31 159190377
SCHED-TRACE 1139 351 K 32 1530f9167
SCHED-TRACE 1140 351 P 31 1592836aa
SCHED-TRACE 1141 352 P 31 159303292
SCHED-TRACE 1142 352 I 32 10b23e
SCHED-TRACE 1143 352 B 32 7a
SCHED-TRACE 1144 352 P 32 159476872
SCHED-TRACE 1145 352 R 32 159476872
SCHED-TRACE 1146 353 U 4 10b299
SCHED-TRACE 1147 353 V 4 10b2b0
SCHED-TRACE 1148 353 O 0 0
SCHED-TRACE 1149 353 P 32 15955851e
SCHED-TRACE 1150 354 K 31 159303292
SCHED-TRACE 1151 354 P 32 15964b851
SCHED-TRACE 1152 355 P 32 1596cb438
SCHED-TRACE 1153 355 I 31 10da2f
SCHED-TRACE 1154 355 B 31 7a
SCHED-TRACE 1155 355 P 31 15f68099c
SCHED-TRACE 1156 355 R 31 15f68099c
SCHED-TRACE 1157 356 U 4 10da8a
SCHED-TRACE 1158 356 V 4 10daa1
SCHED-TRACE 1159 356 O 0 0
SCHED-TRACE 1160 356 P 31 15f762a61
SCHED-TRACE 1161 357 K 32 1596cb438
SCHED-TRACE 1162 357 P 31 15f855d94
SCHED-TRACE 1163 358 P 31 15f8d5563
SCHED-TRACE 1164 358 I 32 110220
SCHED-TRACE 1165 358 B 32 7a
SCHED-TRACE 1166 358 P 32 15fa48b43
SCHED-TRACE 1167 358 R 32 15fa48b43
SCHED-TRACE 1168 359 U 4 11027b
SCHED-TRACE 1169 359 V 4 110292
SCHED-TRACE 1170 359 O 0 0
SCHED-TRACE 1171 359 P 32 15fb2a7ef
SCHED-TRACE 1172 360 K 31 15f8d5563
SCHED-TRACE 1173 360 P 32 15fc1db22
SCHED-TRACE 1174 361 P 32 15fc9d709
SCHED-TRACE 1175 361 I 31 112a11
SCHED-TRACE 1176 361 B 31 7a
SCHED-TRACE 1177 361 P 31 165c52c6d
SCHED-TRACE 1178 361 R 31 165c52c6d
SCHED-TRACE 1179 362 U 4 112a6c
SCHED-TRACE 1180 362 V 4 112a83
SCHED-TRACE 1181 362 O 0 0
SCHED-TRACE 1182 362 P 31 165d34d32
SCHED-TRACE 1183 363 K 32 15fc9d709
SCHED-TRACE 1184 363 P 31 165e28065
SCHED-TRACE 1185 364 P 31 165ea7c4c
SCHED-TRACE 1186 364 I 32 115202
SCHED-TRACE 1187 364 B 32 7a
SCHED-TRACE 1188 364 P 32 16601ae13
SCHED-TRACE 1189 364 R 32 16601ae13
SCHED-TRACE 1190 365 U 4 11525d
SCHED-TRACE 1191 365 V 4 115274
SCHED-TRACE 1192 365 O 0 0
SCHED-TRACE 1193 365 P 32 1660fced8
SCHED-TRACE 1194 366 K 31 165ea7c4c
SCHED-TRACE 1195 366 P 32 1661f020b
SCHED-TRACE 1196 367 P 32 16627020b
SCHED-TRACE 1197 367 I 31 1179f3
SCHED-TRACE 1198 367 B 31 7a
SCHED-TRACE 1199 367 P 31 16c224f3e
SCHED-TRACE 1200 367 R 31 16c224f3e
SCHED-TRACE 1201 368 U 4 117a4e
SCHED-TRACE 1202 368 V 4 117a65
SCHED-TRACE 1203 368 O 0 0
SCHED-TRACE 1204 368 P 31 16c307002
SCHED-TRACE 1205 369 K 32 16627020b
SCHED-TRACE 1206 369 P 31 16c3fa336
SCHED-TRACE 1207 370 P 31 16c479b05
SCHED-TRACE 1208 370 I 32 11a1e4
SCHED-TRACE 1209 370 B 32 7a
SCHED-TRACE 1210 370 P 32 16c5ed915
SCHED-TRACE 1211 370 R 32 16c5ed915
SCHED-TRACE 1212 371 U 4 11a23f
SCHED-TRACE 1213 371 V 4 11a256
SCHED-TRACE 1214 371 O 0 0
SCHED-TRACE 1215 371 P 32 16c6cf5c1
SCHED-TRACE 1216 372 K 31 16c479b05
SCHED-TRACE 1217 372 P 32 16c7c28f5
SCHED-TRACE 1218 373 P 32 16c8424dc
SCHED-TRACE 1219 373 I 31 11c9d5
SCHED-TRACE 1220 373 B 31 7a
SCHED-TRACE 1221 373 P 31 1727f720f
SCHED-TRACE 1222 373 R 31 1727f720f
SCHED-TRACE 1223 374 U 4 11ca30
SCHED-TRACE 1224 374 V 4 11ca47
SCHED-TRACE 1225 374 O 0 0
SCHED-TRACE 1226 374 P 31 1728d8ebb
SCHED-TRACE 1227 375 K 32 16c8424dc
SCHED-TRACE 1228 375 P 31 1729cc1ee
SCHED-TRACE 1229 376 P 31 172a4bdd5
SCHED-TRACE 1230 376 I 32 11f1c6
SCHED-TRACE 1231 376 B 32 7a
SCHED-TRACE 1232 376 P 32 172bbfbe6
SCHED-TRACE 1233 376 R 32 172bbfbe6
SCHED-TRACE 1234 377 U 4 11f221
SCHED-TRACE 1235 377 V 4 11f238
SCHED-TRACE 1236 377 O 0 0
SCHED-TRACE 1237 377 P 32 172ca1cab
SCHED-TRACE 1238 378 K 31 172a4bdd5
SCHED-TRACE 1239 378 P 32 172d94bc6
SCHED-TRACE 1240 379 P 32 172e14bc6
SCHED-TRACE 1241 379 I 31 1219b7
SCHED-TRACE 1242 379 B 31 7b
SCHED-TRACE 1243 379 P 31 178dc94e0
SCHED-TRACE 1244 379 R 31 178dc94e0
SCHED-TRACE 1245 380 U 4 121a12
SCHED-TRACE 1246 380 V 4 121a29
SCHED-TRACE 1247 380 O 0 0
SCHED-TRACE 1248 380 P 31 178eab18c
SCHED-TRACE 1249 381 K 32 172e14bc6
SCHED-TRACE 1250 381 P 31 178f9e4bf
SCHED-TRACE 1251 382 P 31 17901e0a6
SCHED-TRACE 1252 382 I 32 1241a8
SCHED-TRACE 1253 382 B 32 7a
SCHED-TRACE 1254 382 P 32 179191eb7
SCHED-TRACE 1255 382 R 32 179191eb7
SCHED-TRACE 1256 383 U 4 124203
SCHED-TRACE 1257 383 V 4 12421a
SCHED-TRACE 1258 383 O 0 0
SCHED-TRACE 1259 383 P 32 179273b63
SCHED-TRACE 1260 384 K 31 17901e0a6
SCHED-TRACE 1261 384 P 32 179366e96
SCHED-TRACE 1262 385 P 32 1793e6a7e
SCHED-TRACE 1263 385 I 31 126999
SCHED-TRACE 1264 385 B 31 7a
SCHED-TRACE 1265 385 P 31 17f39b7b1
SCHED-TRACE 1266 385 R 31 17f39b7b1
SCHED-TRACE 1267 386 U 4 1269f4
SCHED-TRACE 1268 386 V 4 126a0b
SCHED-TRACE 1269 386 O 0 0
SCHED-TRACE 1270 386 P 31 17f47d875
SCHED-TRACE 1271 387 K 32 1793e6a7e
SCHED-TRACE 1272 387 P 31 17f570790
SCHED-TRACE 1273 388 P 31 17f5f0377
SCHED-TRACE 1274 388 I 32 12918a
SCHED-TRACE 1275 388 B 32 7a
SCHED-TRACE 1276 388 P 32 17f764188
SCHED-TRACE 1277 388 R 32 17f764188
SCHED-TRACE 1278 389 U 4 1291e5
SCHED-TRACE 1279 389 V 4 1291fc
SCHED-TRACE 1280 389 O 0 0
SCHED-TRACE 1281 389 P 32 17f845e34
SCHED-TRACE 1282 390 K 31 17f5f0377
SCHED-TRACE 1283 390 P 32 17f939167
SCHED-TRACE 1284 391 P 32 17f9b8d4f
SCHED-TRACE 1285 391 I 31 12b97b
SCHED-TRACE 1286 391 B 31 7a
SCHED-TRACE 1287 391 P 31 18596d669
SCHED-TRACE 1288 391 R 31 18596d669
SCHED-TRACE 1289 392 U 4 12b9d6
SCHED-TRACE 1290 392 V 4 12b9ed
SCHED-TRACE 1291 392 O 0 0
SCHED-TRACE 1292 392 P 31 185a4f315
SCHED-TRACE 1293 393 K 32 17f9b8d4f
SCHED-TRACE 1294 393 P 31 185b42648
SCHED-TRACE 1295 394 P 31 185bc2230
SCHED-TRACE 1296 394 I 32 12e16c
SCHED-TRACE 1297 394 B 32 7a
SCHED-TRACE 1298 394 P 32 185d36040
SCHED-TRACE 1299 394 R 32 185d36040
SCHED-TRACE 1300 395 U 4 12e1c7
SCHED-TRACE 1301 395 V 4 12e1de
SCHED-TRACE 1302 395 O 0 0
SCHED-TRACE 1303 395 P 32 185e17ced
SCHED-TRACE 1304 396 K 31 185bc2230
SCHED-TRACE 1305 396 P 32 185f0b020
SCHED-TRACE 1306 397 P 32 185f8ac07
SCHED-TRACE 1307 397 I 31 13095d
SCHED-TRACE 1308 397 B 31 7a
SCHED-TRACE 1309 397 P 31 18bf3f93a
SCHED-TRACE 1310 397 R 31 18bf3f93a
SCHED-TRACE 1311 398 U 4 1309b8
SCHED-TRACE 1312 398 V 4 1309cf
SCHED-TRACE 1313 398 O 0 0
SCHED-TRACE 1314 398 P 31 18c0219fe
SCHED-TRACE 1315 399 K 32 185f8ac07
SCHED-TRACE 1316 399 P 31 18c114919
SCHED-TRACE 1317 400 P 31 18c194500
SCHED-TRACE 1318 400 I 32 13314e
SCHED-TRACE 1319 400 B 32 7b
SCHED-TRACE 1320 400 P 32 18c30872a
SCHED-TRACE 1321 400 R 32 18c30872a
SCHED-TRACE 1322 401 U 4 1331a9
SCHED-TRACE 1323 401 V 4 1331c0
SCHED-TRACE 1324 401 O 0 0
SCHED-TRACE 1325 401 P 32 18c3ea3d6
SCHED-TRACE 1326 402 K 31 18c194500
SCHED-TRACE 1327 402 P 32 18c4dd709
SCHED-TRACE 1328 403 P 32 18c55d2f1
SCHED-TRACE 1329 403 I 31 13593f
SCHED-TRACE 1330 403 B 31 7a
SCHED-TRACE 1331 403 P 31 1925117f2
SCHED-TRACE 1332 403 R 31 1925117f2
SCHED-TRACE 1333 404 U 4 13599a
SCHED-TRACE 1334 404 V 4 1359b1
SCHED-TRACE 1335 404 O 0 0
SCHED-TRACE 1336 404 P 31 1925f349e
SCHED-TRACE 1337 405 K 32 18c55d2f1
SCHED-TRACE 1338 405 P 31 1926e67d1
SCHED-TRACE 1339 406 P 31 1927663b9
SCHED-TRACE 1340 406 I 32 138130
SCHED-TRACE 1341 406 B 32 7a
SCHED-TRACE 1342 406 P 32 1928da9fb
SCHED-TRACE 1343 406 R 32 1928da9fb
SCHED-TRACE 1344 407 U 4 13818b
SCHED-TRACE 1345 407 V 4 1381a2
SCHED-TRACE 1346 407 O 0 0
SCHED-TRACE 1347 407 P 32 1929bc6a7
SCHED-TRACE 1348 408 K 31 1927663b9
SCHED-TRACE 1349 408 P 32 192aaf9da
SCHED-TRACE 1350 409 P 32 192b2f5c1
SCHED-TRACE 1351 409 I 31 13a921
SCHED-TRACE 1352 409 B 31 7a
SCHED-TRACE 1353 409 P 31 198ae3ac3
SCHED-TRACE 1354 409 R 31 198ae3ac3
SCHED-TRACE 1355 410 U 4 13a97c
SCHED-TRACE 1356 410 V 4 13a993
SCHED-TRACE 1357 410 O 0 0
SCHED-TRACE 1358 410 P 31 198bc5b88
SCHED-TRACE 1359 411 K 32 192b2f5c1
SCHED-TRACE 1360 411 P 31 198cb8ebb
SCHED-TRACE 1361 412 P 31 198d3868a
SCHED-TRACE 1362 412 I 32 13d112
SCHED-TRACE 1363 412 B 32 7a
SCHED-TRACE 1364 412 P 32 198eacccc
SCHED-TRACE 1365 412 R 32 198eacccc
SCHED-TRACE 1366 413 U 4 13d16d
SCHED-TRACE 1367 413 V 4 13d184
SCHED-TRACE 1368 413 O 0 0
SCHED-TRACE 1369 413 P 32 198f8e978
SCHED-TRACE 1370 414 K 31 198d3868a
SCHED-TRACE 1371 414 P 32 199081cab
SCHED-TRACE 1372 415 P 32 199101892
SCHED-TRACE 1373 415 I 31 13f903
SCHED-TRACE 1374 415 B 31 7a
SCHED-TRACE 1375 415 P 31 19f0b597b
SCHED-TRACE 1376 415 R 31 19f0b597b
SCHED-TRACE 1377 416 U 4 13f95e
SCHED-TRACE 1378 416 V 4 13f975
SCHED-TRACE 1379 416 O 0 0
SCHED-TRACE 1380 416 P 31 19f197627
SCHED-TRACE 1381 417 K 32 199101892
SCHED-TRACE 1382 417 P 31 19f28a95b
SCHED-TRACE 1383 418 P 31 19f30a542
SCHED-TRACE 1384 418 I 32 1420f4
SCHED-TRACE 1385 418 B 32 7a
SCHED-TRACE 1386 418 P 32 19f47ef9d
SCHED-TRACE 1387 418 R 32 19f47ef9d
SCHED-TRACE 1388 419 U 4 14214f
SCHED-TRACE 1389 419 V 4 142166
SCHED-TRACE 1390 419 O 0 0
SCHED-TRACE 1391 419 P 32 19f560c49
SCHED-TRACE 1392 420 K 31 19f30a542
SCHED-TRACE 1393 420 P 32 19f653f7c
SCHED-TRACE 1394 421 P 32 19f6d3b63
SCHED-TRACE 1395 421 I 31 1448e5
SCHED-TRACE 1396 421 B 31 7a
SCHED-TRACE 1397 421 P 31 1a5687c4c
SCHED-TRACE 1398 421 R 31 1a5687c4c
SCHED-TRACE 1399 422 U 4 144940
SCHED-TRACE 1400 422 V 4 144957
SCHED-TRACE 1401 422 O 0 0
SCHED-TRACE 1402 422 P 31 1a5769d11
SCHED-TRACE 1403 423 K 32 19f6d3b63
SCHED-TRACE 1404 423 P 31 1a585d044
SCHED-TRACE 1405 424 P 31 1a58dc813
SCHED-TRACE 1406 424 I 32 1470d6
SCHED-TRACE 1407 424 B 32 7a
SCHED-TRACE 1408 424 P 32 1a5a5126e
SCHED-TRACE 1409 424 R 32 1a5a5126e
SCHED-TRACE 1410 425 U 4 147131
SCHED-TRACE 1411 425 V 4 147148
SCHED-TRACE 1412 425 O 0 0
SCHED-TRACE 1413 425 P 32 1a5b32f1a
SCHED-TRACE 1414 426 K 31 1a58dc813
SCHED-TRACE 1415 426 P 32 1a5c2624d
SCHED-TRACE 1416 427 P 32 1a5ca5e34
SCHED-TRACE 1417 427 I 31 1498c7
SCHED-TRACE 1418 427 B 31 7a
SCHED-TRACE 1419 427 P 31 1abc59f1d
SCHED-TRACE 1420 427 R 31 1abc59f1d
SCHED-TRACE 1421 428 U 4 149922
SCHED-TRACE 1422 428 V 4 149939
SCHED-TRACE 1423 428 O 0 0
SCHED-TRACE 1424 428 P 31 1abd3bfe2
SCHED-TRACE 1425 429 K 32 1a5ca5e34
SCHED-TRACE 1426 429 P 31 1abe2f315
SCHED-TRACE 1427 430 P 31 1abeaeefc
SCHED-TRACE 1428 430 I 32 14c0b8
SCHED-TRACE 1429 430 B 32 7a
SCHED-TRACE 1430 430 P 32 1ac02353e
SCHED-TRACE 1431 430 R 32 1ac02353e
SCHED-TRACE 1432 431 U 4 14c113
SCHED-TRACE 1433 431 V 4 14c12a
SCHED-TRACE 1434 431 O 0 0
SCHED-TRACE 1435 431 P 32 1ac1051ea
SCHED-TRACE 1436 432 K 31 1abeaeefc
SCHED-TRACE 1437 432 P 32 1ac1f851e
SCHED-TRACE 1438 433 P 32 1ac278105
SCHED-TRACE 1439 433 I 31 14e8a9
SCHED-TRACE 1440 433 B 31 7a
SCHED-TRACE 1441 433 P 31 1b222c607
SCHED-TRACE 1442 433 R 31 1b222c607
SCHED-TRACE 1443 434 U 4 14e904
SCHED-TRACE 1444 434 V 4 14e91b
SCHED-TRACE 1445 434 O 0 0
SCHED-TRACE 1446 434 P 31 1b230e6cb
SCHED-TRACE 1447 435 K 32 1ac278105
SCHED-TRACE 1448 435 P 31 1b24019fe
SCHED-TRACE 1449 436 P 31 1b24811cd
SCHED-TRACE 1450 436 I 32 15109a
SCHED-TRACE 1451 436 B 32 7a
SCHED-TRACE 1452 436 P 32 1b25f580f
SCHED-TRACE 1453 436 R 32 1b25f580f
SCHED-TRACE 1454 437 U 4 1510f5
SCHED-TRACE 1455 437 V 4 15110c
SCHED-TRACE 1456 437 O 0 0
SCHED-TRACE 1457 437 P 32 1b26d74bb
SCHED-TRACE 1458 438 K 31 1b24811cd
SCHED-TRACE 1459 438 P 32 1b27ca7ef
SCHED-TRACE 1460 439 P 32 1b284a3d6
SCHED-TRACE 1461 439 I 31 15388b
SCHED-TRACE 1462 439 B 31 7a
SCHED-TRACE 1463 439 P 31 1b87fe8d7
SCHED-TRACE 1464 439 R 31 1b87fe8d7
SCHED-TRACE 1465 440 U 4 1538e6
SCHED-TRACE 1466 440 V 4 1538fd
SCHED-TRACE 1467 440 O 0 0
SCHED-TRACE 1468 440 P 31 1b88e099c
SCHED-TRACE 1469 441 K 32 1b284a3d6
SCHED-TRACE 1470 441 P 31 1b89d3ccf
SCHED-TRACE 1471 442 P 31 1b8a538b7
SCHED-TRACE 1472 442 I 32 15607c
SCHED-TRACE 1473 442 B 32 7a
SCHED-TRACE 1474 442 P 32 1b8bc7ae0
SCHED-TRACE 1475 442 R 32 1b8bc7ae0
SCHED-TRACE 1476 443 U 4 1560d7
SCHED-TRACE 1477 443 V 4 1560ee
SCHED-TRACE 1478 443 O 0 0
SCHED-TRACE 1479 443 P 32 1b8ca9ba5
SCHED-TRACE 1480 444 K 31 1b8a538b7
SCHED-TRACE 1481 444 P 32 1b8d9ced8
SCHED-TRACE 1482 445 P 32 1b8e1ced8
SCHED-TRACE 1483 445 I 31 15886d
SCHED-TRACE 1484 445 B 31 7a
SCHED-TRACE 1485 445 P 31 1bedd0ba8
SCHED-TRACE 1486 445 R 31 1bedd0ba8
SCHED-TRACE 1487 446 U 4 1588c8
SCHED-TRACE 1488 446 V 4 1588df
SCHED-TRACE 1489 446 O 0 0
SCHED-TRACE 1490 446 P 31 1beeb2c6d
SCHED-TRACE 1491 447 K 32 1b8e1ced8
SCHED-TRACE 1492 447 P 31 1befa5fa0
SCHED-TRACE 1493 448 P 31 1bf02576f
SCHED-TRACE 1494 448 I 32 15b05e
SCHED-TRACE 1495 448 B 32 7a
SCHED-TRACE 1496 448 P 32 1bf19a5e2
SCHED-TRACE 1497 448 R 32 1bf19a5e2
SCHED-TRACE 1498 449 U 4 15b0b9
SCHED-TRACE 1499 449 V 4 15b0d0
SCHED-TRACE 1500 449 O 0 0
SCHED-TRACE 1501 449 P 32 1bf27c28e
SCHED-TRACE 1502 450 K 31 1bf02576f
SCHED-TRACE 1503 450 P 32 1bf36f5c1
SCHED-TRACE 1504 451 P 32 1bf3ef1a9
SCHED-TRACE 1505 451 I 31 15d84f
SCHED-TRACE 1506 451 B 31 7a
SCHED-TRACE 1507 451 P 31 1c53a2e79
SCHED-TRACE 1508 451 R 31 1c53a2e79
SCHED-TRACE 1509 452 U 4 15d8aa
SCHED-TRACE 1510 452 V 4 15d8c1
SCHED-TRACE 1511 452 O 0 0
SCHED-TRACE 1512 452 P 31 1c5484b25
SCHED-TRACE 1513 453 K 32 1bf3ef1a9
SCHED-TRACE 1514 453 P 31 1c5577e58
SCHED-TRACE 1515 454 P 31 1c55f7a40
SCHED-TRACE 1516 454 I 32 160040
SCHED-TRACE 1517 454 B 32 7a
SCHED-TRACE 1518 454 P 32 1c576c8b3
SCHED-TRACE 1519 454 R 32 1c576c8b3
SCHED-TRACE 1520 455 U 4 16009b
SCHED-TRACE 1521 455 V 4 1600b2
SCHED-TRACE 1522 455 O 0 0
SCHED-TRACE 1523 455 P 32 1c584e978
SCHED-TRACE 1524 456 K 31 1c55f7a40
SCHED-TRACE 1525 456 P 32 1c5941892
SCHED-TRACE 1526 457 P 32 1c59c1892
SCHED-TRACE 1527 457 I 31 162831
SCHED-TRACE 1528 457 B 31 7b
SCHED-TRACE 1529 457 P 31 1cb97514a
SCHED-TRACE 1530 457 R 31 1cb97514a
SCHED-TRACE 1531 458 U 4 16288c
SCHED-TRACE 1532 458 V 4 1628a3
SCHED-TRACE 1533 458 O 0 0
SCHED-TRACE 1534 458 P 31 1cba56df6
SCHED-TRACE 1535 459 K 32 1c59c1892
SCHED-TRACE 1536 459 P 31 1cbb4a129
SCHED-TRACE 1537 460 P 31 1cbbc9d11
SCHED-TRACE 1538 460 I 32 165022
SCHED-TRACE 1539 460 B 32 7a
SCHED-TRACE 1540 460 P 32 1cbd3eb84
SCHED-TRACE 1541 460 R 32 1cbd3eb84
SCHED-TRACE 1542 461 U 4 16507d
SCHED-TRACE 1543 461 V 4 165094
SCHED-TRACE 1544 461 O 0 0
SCHED-TRACE 1545 461 P 32 1cbe20830
SCHED-TRACE 1546 462 K 31 1cbbc9d11
SCHED-TRACE 1547 462 P 32 1cbf13b63
SCHED-TRACE 1548 463 P 32 1cbf9374b
SCHED-TRACE 1549 463 I 31 167813
SCHED-TRACE 1550 463 B 31 7a
SCHED-TRACE 1551 463 P 31 1d1f4741b
SCHED-TRACE 1552 463 R 31 1d1f4741b
SCHED-TRACE 1553 464 U 4 16786e
SCHED-TRACE 1554 464 V 4 167885
SCHED-TRACE 1555 464 O 0 0
SCHED-TRACE 1556 464 P 31 1d20294e0
SCHED-TRACE 1557 465 K 32 1cbf9374b
SCHED-TRACE 1558 465 P 31 1d211c3fa
SCHED-TRACE 1559 466 P 31 1d219bfe2
SCHED-TRACE 1560 466 I 32 16a004
SCHED-TRACE 1561 466 B 32 7a
SCHED-TRACE 1562 466 P 32 1d2310e55
SCHED-TRACE 1563 466 R 32 1d2310e55
SCHED-TRACE 1564 467 U 4 16a05f
SCHED-TRACE 1565 467 V 4 16a076
SCHED-TRACE 1566 467 O 0 0
SCHED-TRACE 1567 467 P 32 1d23f2b01
SCHED-TRACE 1568 468 K 31 1d219bfe2
SCHED-TRACE 1569 468 P 32 1d24e5e34
SCHED-TRACE 1570 469 P 32 1d2565a1c
SCHED-TRACE 1571 469 I 31 16c7f5
SCHED-TRACE 1572 469 B 31 7a
SCHED-TRACE 1573 469 P 31 1d85192d3
SCHED-TRACE 1574 469 R 31 1d85192d3
SCHED-TRACE 1575 470 U 4 16c850
SCHED-TRACE 1576 470 V 4 16c867
SCHED-TRACE 1577 470 O 0 0
SCHED-TRACE 1578 470 P 31 1d85faf7f
SCHED-TRACE 1579 471 K 32 1d2565a1c
SCHED-TRACE 1580 471 P 31 1d86ee2b3
SCHED-TRACE 1581 472 P 31 1d876de9a
SCHED-TRACE 1582 472 I 32 16efe6
SCHED-TRACE 1583 472 B 32 7a
SCHED-TRACE 1584 472 P 32 1d88e2d0d
SCHED-TRACE 1585 472 R 32 1d88e2d0d
SCHED-TRACE 1586 473 U 4 16f041
SCHED-TRACE 1587 473 V 4 16f058
SCHED-TRACE 1588 473 O 0 0
SCHED-TRACE 1589 473 P 32 1d89c49b9
SCHED-TRACE 1590 474 K 31 1d876de9a
SCHED-TRACE 1591 474 P 32 1d8ab7ced
SCHED-TRACE 1592 475 P 32 1d8b378d4
SCHED-TRACE 1593 475 I 31 1717d7
SCHED-TRACE 1594 475 B 31 7a
SCHED-TRACE 1595 475 P 31 1deaeb5a4
SCHED-TRACE 1596 475 R 31 1deaeb5a4
SCHED-TRACE 1597 476 U 4 171832
SCHED-TRACE 1598 476 V 4 171849
SCHED-TRACE 1599 476 O 0 0
SCHED-TRACE 1600 476 P 31 1debcd669
SCHED-TRACE 1601 477 K 32 1d8b378d4
SCHED-TRACE 1602 477 P 31 1decc0584
SCHED-TRACE 1603 478 P 31 1ded4016b
SCHED-TRACE 1604 478 I 32 173fc8
SCHED-TRACE 1605 478 B 32 7b
SCHED-TRACE 1606 478 P 32 1deeb53f7
SCHED-TRACE 1607 478 R 32 1deeb53f7
SCHED-TRACE 1608 479 U 4 174023
SCHED-TRACE 1609 479 V 4 17403a
SCHED-TRACE 1610 479 O 0 0
SCHED-TRACE 1611 479 P 32 1def970a3
SCHED-TRACE 1612 480 K 31 1ded4016b
SCHED-TRACE 1613 480 P 32 1df08a3d6
SCHED-TRACE 1614 481 P 32 1df109fbd
SCHED-TRACE 1615 481 I 31 1767b9
SCHED-TRACE 1616 481 B 31 7a
SCHED-TRACE 1617 481 P 31 1e50bd45d
SCHED-TRACE 1618 481 R 31 1e50bd45d
SCHED-TRACE 1619 482 U 4 176814
SCHED-TRACE 1620 482 V 4 17682b
SCHED-TRACE 1621 482 O 0 0
SCHED-TRACE 1622 482 P 31 1e519f109
SCHED-TRACE 1623 483 K 32 1df109fbd
SCHED-TRACE 1624 483 P 31 1e529243c
SCHED-TRACE 1625 484 P 31 1e5312023
SCHED-TRACE 1626 484 I 32 178faa
SCHED-TRACE 1627 484 B 32 7a
SCHED-TRACE 1628 484 P 32 1e54876c8
SCHED-TRACE 1629 484 R 32 1e54876c8
SCHED-TRACE 1630 485 U 4 179005
SCHED-TRACE 1631 485 V 4 17901c
SCHED-TRACE 1632 485 O 0 0
SCHED-TRACE 1633 485 P 32 1e5569374
SCHED-TRACE 1634 486 K 31 1e5312023
SCHED-TRACE 1635 486 P 32 1e565c6a7
SCHED-TRACE 1636 487 P 32 1e56dc28e
SCHED-TRACE 1637 487 I 31 17b79b
SCHED-TRACE 1638 487 B 31 7a
SCHED-TRACE 1639 487 P 31 1eb68f72d
SCHED-TRACE 1640 487 R 31 1eb68f72d
SCHED-TRACE 1641 488 U 4 17b7f6
SCHED-TRACE 1642 488 V 4 17b80d
SCHED-TRACE 1643 488 O 0 0
SCHED-TRACE 1644 488 P 31 1eb7717f2
SCHED-TRACE 1645 489 K 32 1e56dc28e
SCHED-TRACE 1646 489 P 31 1eb864b25
SCHED-TRACE 1647 490 P 31 1eb8e42f4
SCHED-TRACE 1648 490 I 32 17df8c
SCHED-TRACE 1649 490 B 32 7a
SCHED-TRACE 1650 490 P 32 1eba59999
SCHED-TRACE 1651 490 R 32 1eba59999
SCHED-TRACE 1652 491 U 4 17dfe7
SCHED-TRACE 1653 491 V 4 17dffe
SCHED-TRACE 1654 491 O 0 0
SCHED-TRACE 1655 491 P 32 1ebb3b645
SCHED-TRACE 1656 492 K 31 1eb8e42f4
SCHED-TRACE 1657 492 P 32 1ebc2e978
SCHED-TRACE 1658 493 P 32 1ebcae55f
SCHED-TRACE 1659 493 I 31 18077d
SCHED-TRACE 1660 493 B 31 7a
SCHED-TRACE 1661 493 P 31 1f1c615e6
SCHED-TRACE 1662 493 R 31 1f1c615e6
SCHED-TRACE 1663 494 U 4 1807d8
SCHED-TRACE 1664 494 V 4 1807ef
SCHED-TRACE 1665 494 O 0 0
SCHED-TRACE 1666 494 P 31 1f1d43292
SCHED-TRACE 1667 495 K 32 1ebcae55f
SCHED-TRACE 1668 495 P 31 1f1e365c5
SCHED-TRACE 1669 496 P 31 1f1eb61ac
SCHED-TRACE 1670 496 I 32 182f6e
SCHED-TRACE 1671 496 B 32 7a
SCHED-TRACE 1672 496 P 32 1f202bc69
SCHED-TRACE 1673 496 R 32 1f202bc69
SCHED-TRACE 1674 497 U 4 182fc9
SCHED-TRACE 1675 497 V 4 182fe0
SCHED-TRACE 1676 497 O 0 0
SCHED-TRACE 1677 497 P 32 1f210d915
SCHED-TRACE 1678 498 K 31 1f1eb61ac
SCHED-TRACE 1679 498 P 32 1f2200c49
SCHED-TRACE 1680 499 P 32 1f2280830
SCHED-TRACE 1681 499 I 31 18575f
SCHED-TRACE 1682 499 B 31 7a
SCHED-TRACE 1683 499 P 31 1f82338b7
SCHED-TRACE 1684 499 R 31 1f82338b7
SCHED-TRACE 1685 500 U 4 1857ba
SCHED-TRACE 1686 500 V 4 1857d1
SCHED-TRACE 1687 500 O 0 0
SCHED-TRACE 1688 500 P 31 1f831597b
SCHED-TRACE 1689 501 K 32 1f2280830
SCHED-TRACE 1690 501 P 31 1f8408caf
SCHED-TRACE 1691 502 P 31 1f848847d
SCHED-TRACE 1692 502 I 32 187f50
SCHED-TRACE 1693 502 B 32 7a
SCHED-TRACE 1694 502 P 32 1f85fdf3a
SCHED-TRACE 1695 502 R 32 1f85fdf3a
SCHED-TRACE 1696 503 U 4 187fab
SCHED-TRACE 1697 503 V 4 187fc2
SCHED-TRACE 1698 503 O 0 0
SCHED-TRACE 1699 503 P 32 1f86dfbe6
SCHED-TRACE 1700 504 K 31 1f848847d
SCHED-TRACE 1701 504 P 32 1f87d2f1a
SCHED-TRACE 1702 505 P 32 1f8852b01
SCHED-TRACE 1703 505 I 31 18a741
SCHED-TRACE 1704 505 B 31 7a
SCHED-TRACE 1705 505 P 31 1fe805b88
SCHED-TRACE 1706 505 R 31 1fe805b88
SCHED-TRACE 1707 506 U 4 18a79c
SCHED-TRACE 1708 506 V 4 18a7b3
SCHED-TRACE 1709 506 O 0 0
SCHED-TRACE 1710 506 P 31 1fe8e7c4c
SCHED-TRACE 1711 507 K 32 1f8852b01
SCHED-TRACE 1712 507 P 31 1fe9daf7f
SCHED-TRACE 1713 508 P 31 1fea5ab67
SCHED-TRACE 1714 508 I 32 18cf32
SCHED-TRACE 1715 508 B 32 7a
SCHED-TRACE 1716 508 P 32 1febd020b
SCHED-TRACE 1717 508 R 32 1febd020b
SCHED-TRACE 1718 509 U 4 18cf8d
SCHED-TRACE 1719 509 V 4 18cfa4
SCHED-TRACE 1720 509 O 0 0
SCHED-TRACE 1721 509 P 32 1fecb1eb7
SCHED-TRACE 1722 510 K 31 1fea5ab67
SCHED-TRACE 1723 510 P 32 1feda51ea
SCHED-TRACE 1724 511 P 32 1fee24dd2
SCHED-TRACE 1725 511 I 31 18f723
SCHED-TRACE 1726 511 B 31 7a
SCHED-TRACE 1727 511 P 31 204dd8271
SCHED-TRACE 1728 511 R 31 204dd8271
SCHED-TRACE 1729 512 U 4 18f77e
SCHED-TRACE 1730 512 V 4 18f795
SCHED-TRACE 1731 512 O 0 0
SCHED-TRACE 1732 512 P 31 204eba336
SCHED-TRACE 1733 513 K 32 1fee24dd2
SCHED-TRACE 1734 513 P 31 204fad669
SCHED-TRACE 1735 514 P 31 20502ce38
SCHED-TRACE 1736 514 I 32 191f14
SCHED-TRACE 1737 514 B 32 7a
SCHED-TRACE 1738 514 P 32 2051a24dc
SCHED-TRACE 1739 514 R 32 2051a24dc
SCHED-TRACE 1740 515 U 4 191f6f
SCHED-TRACE 1741 515 V 4 191f86
SCHED-TRACE 1742 515 O 0 0
SCHED-TRACE 1743 515 P 32 205284188
SCHED-TRACE 1744 516 K 31 20502ce38
SCHED-TRACE 1745 516 P 32 2053774bb
SCHED-TRACE 1746 517 P 32 2053f70a3
SCHED-TRACE 1747 517 I 31 194705
SCHED-TRACE 1748 517 B 31 7a
SCHED-TRACE 1749 517 P 31 20b3aa542
SCHED-TRACE 1750 517 R 31 20b3aa542
SCHED-TRACE 1751 518 U 4 194760
SCHED-TRACE 1752 518 V 4 194777
SCHED-TRACE 1753 518 O 0 0
SCHED-TRACE 1754 518 P 31 20b48c607
SCHED-TRACE 1755 519 K 32 2053f70a3
SCHED-TRACE 1756 519 P 31 20b57f93a
SCHED-TRACE 1757 520 P 31 20b5ff521
SCHED-TRACE 1758 520 I 32 196ef6
SCHED-TRACE 1759 520 B 32 7a
SCHED-TRACE 1760 520 P 32 20b7747ad
SCHED-TRACE 1761 520 R 32 20b7747ad
SCHED-TRACE 1762 521 U 4 196f51
SCHED-TRACE 1763 521 V 4 196f68
SCHED-TRACE 1764 521 O 0 0
SCHED-TRACE 1765 521 P 32 20b856872
SCHED-TRACE 1766 522 K 31 20b5ff521
SCHED-TRACE 1767 522 P 32 20b949ba5
SCHED-TRACE 1768 523 P 32 20b9c9ba5
SCHED-TRACE 1769 523 I 31 1996e7
SCHED-TRACE 1770 523 B 31 7a
SCHED-TRACE 1771 523 P 31 21197c813
SCHED-TRACE 1772 523 R 31 21197c813
SCHED-TRACE 1773 524 U 4 199742
SCHED-TRACE 1774 524 V 4 199759
SCHED-TRACE 1775 524 O 0 0
SCHED-TRACE 1776 524 P 31 211a5e8d7
SCHED-TRACE 1777 525 K 32 20b9c9ba5
SCHED-TRACE 1778 525 P 31 211b51c0b
SCHED-TRACE 1779 526 P 31 211bd13da
SCHED-TRACE 1780 526 I 32 19bed8
SCHED-TRACE 1781 526 B 32 7a
SCHED-TRACE 1782 526 P 32 211d472af
SCHED-TRACE 1783 526 R 32 211d472af
SCHED-TRACE 1784 527 U 4 19bf33
SCHED-TRACE 1785 527 V 4 19bf4a
SCHED-TRACE 1786 527 O 0 0
SCHED-TRACE 1787 527 P 32 211e28f5b
SCHED-TRACE 1788 528 K 31 211bd13da
SCHED-TRACE 1789 528 P 32 211f1c28e
SCHED-TRACE 1790 529 P 32 211f9be76
SCHED-TRACE 1791 529 I 31 19e6c9
SCHED-TRACE 1792 529 B 31 7a
SCHED-TRACE 1793 529 P 31 217f4eae4
SCHED-TRACE 1794 529 R 31 217f4eae4
SCHED-TRACE 1795 530 U 4 19e724
SCHED-TRACE 1796 530 V 4 19e73b
SCHED-TRACE 1797 530 O 0 0
SCHED-TRACE 1798 530 P 31 218030790
SCHED-TRACE 1799 531 K 32 211f9be76
SCHED-TRACE 1800 531 P 31 218123ac3
SCHED-TRACE 1801 532 P 31 2181a36aa
SCHED-TRACE 1802 532 I 32 1a0eba
SCHED-TRACE 1803 532 B 32 7a
SCHED-TRACE 1804 532 P 32 218319580
SCHED-TRACE 1805 532 R 32 218319580
SCHED-TRACE 1806 533 U 4 1a0f15
SCHED-TRACE 1807 533 V 4 1a0f2c
SCHED-TRACE 1808 533 O 0 0
SCHED-TRACE 1809 533 P 32 2183fb645
SCHED-TRACE 1810 534 K 31 2181a36aa
SCHED-TRACE 1811 534 P 32 2184ee55f
SCHED-TRACE 1812 535 P 32 21856e55f
SCHED-TRACE 1813 535 I 31 1a36ab
SCHED-TRACE 1814 535 B 31 7b
SCHED-TRACE 1815 535 P 31 21e520db5
SCHED-TRACE 1816 535 R 31 21e520db5
SCHED-TRACE 1817 536 U 4 1a3706
SCHED-TRACE 1818 536 V 4 1a371d
SCHED-TRACE 1819 536 O 0 0
SCHED-TRACE 1820 536 P 31 21e602a61
SCHED-TRACE 1821 537 K 32 21856e55f
SCHED-TRACE 1822 537 P 31 21e6f5d94
SCHED-TRACE 1823 538 P 31 21e77597b
SCHED-TRACE 1824 538 I 32 1a5e9c
SCHED-TRACE 1825 538 B 32 7a
SCHED-TRACE 1826 538 P 32 21e8eb851
SCHED-TRACE 1827 538 R 32 21e8eb851
SCHED-TRACE 1828 539 U 4 1a5ef7
SCHED-TRACE 1829 539 V 4 1a5f0e
SCHED-TRACE 1830 539 O 0 0
SCHED-TRACE 1831 539 P 32 21e9cd4fd
SCHED-TRACE 1832 540 K 31 21e77597b
SCHED-TRACE 1833 540 P 32 21eac0830
SCHED-TRACE 1834 541 P 32 21eb40418
SCHED-TRACE 1835 541 I 31 1a868d
SCHED-TRACE 1836 541 B 31 7a
SCHED-TRACE 1837 541 P 31 224af3086
SCHED-TRACE 1838 541 R 31 224af3086
SCHED-TRACE 1839 542 U 4 1a86e8
SCHED-TRACE 1840 542 V 4 1a86ff
SCHED-TRACE 1841 542 O 0 0
SCHED-TRACE 1842 542 P 31 224bd514a
SCHED-TRACE 1843 543 K 32 21eb40418
SCHED-TRACE 1844 543 P 31 224cc8065
SCHED-TRACE 1845 544 P 31 224d47c4c
SCHED-TRACE 1846 544 I 32 1aae7e
SCHED-TRACE 1847 544 B 32 7a
SCHED-TRACE 1848 544 P 32 224ebdb22
SCHED-TRACE 1849 544 R 32 224ebdb22
SCHED-TRACE 1850 545 U 4 1aaed9
SCHED-TRACE 1851 545 V 4 1aaef0
SCHED-TRACE 1852 545 O 0 0
SCHED-TRACE 1853 545 P 32 224f9f7ce
SCHED-TRACE 1854 546 K 31 224d47c4c
SCHED-TRACE 1855 546 P 32 225092b01
SCHED-TRACE 1856 547 P 32 2251126e8
SCHED-TRACE 1857 547 I 31 1ad66f
SCHED-TRACE 1858 547 B 31 7a
SCHED-TRACE 1859 547 P 31 22b0c4f3e
SCHED-TRACE 1860 547 R 31 22b0c4f3e
SCHED-TRACE 1861 548 U 4 1ad6ca
SCHED-TRACE 1862 548 V 4 1ad6e1
SCHED-TRACE 1863 548 O 0 0
SCHED-TRACE 1864 548 P 31 22b1a6bea
SCHED-TRACE 1865 549 K 32 2251126e8
SCHED-TRACE 1866 549 P 31 22b299f1d
SCHED-TRACE 1867 550 P 31 22b319b05
SCHED-TRACE 1868 550 I 32 1afe60
SCHED-TRACE 1869 550 B 32 7a
SCHED-TRACE 1870 550 P 32 22b48f9da
SCHED-TRACE 1871 550 R 32 22b48f9da
SCHED-TRACE 1872 551 U 4 1afebb
SCHED-TRACE 1873 551 V 4 1afed2
SCHED-TRACE 1874 551 O 0 0
SCHED-TRACE 1875 551 P 32 22b571686
SCHED-TRACE 1876 552 K 31 22b319b05
SCHED-TRACE 1877 552 P 32 22b6649b9
SCHED-TRACE 1878 553 P 32 22b6e45a1
SCHED-TRACE 1879 553 I 31 1b2651
SCHED-TRACE 1880 553 B 31 7a
SCHED-TRACE 1881 553 P 31 23169720f
SCHED-TRACE 1882 553 R 31 23169720f
SCHED-TRACE 1883 554 U 4 1b26ac
SCHED-TRACE 1884 554 V 4 1b26c3
SCHED-TRACE 1885 554 O 0 0
SCHED-TRACE 1886 554 P 31 2317792d3
SCHED-TRACE 1887 555 K 32 22b6e45a1
SCHED-TRACE 1888 555 P 31 23186c1ee
SCHED-TRACE 1889 556 P 31 2318ebdd5
SCHED-TRACE 1890 556 I 32 1b4e42
SCHED-TRACE 1891 556 B 32 7b
SCHED-TRACE 1892 556 P 32 231a620c4
SCHED-TRACE 1893 556 R 32 231a620c4
SCHED-TRACE 1894 557 U 4 1b4e9d
SCHED-TRACE 1895 557 V 4 1b4eb4
SCHED-TRACE 1896 557 O 0 0
SCHED-TRACE 1897 557 P 32 231b43d70
SCHED-TRACE 1898 558 K 31 2318ebdd5
SCHED-TRACE 1899 558 P 32 231c370a3
SCHED-TRACE 1900 559 P 32 231cb6c8a
SCHED-TRACE 1901 559 I 31 1b7633
SCHED-TRACE 1902 559 B 31 7a
SCHED-TRACE 1903 559 P 31 237c690c7
SCHED-TRACE 1904 559 R 31 237c690c7
SCHED-TRACE 1905 560 U 4 1b768e
SCHED-TRACE 1906 560 V 4 1b76a5
SCHED-TRACE 1907 560 O 0 0
SCHED-TRACE 1908 560 P 31 237d4ad73
SCHED-TRACE 1909 561 K 32 231cb6c8a
SCHED-TRACE 1910 561 P 31 237e3e0a6
SCHED-TRACE 1911 562 P 31 237ebdc8e
SCHED-TRACE 1912 562 I 32 1b9e24
SCHED-TRACE 1913 562 B 32 7a
SCHED-TRACE 1914 562 P 32 238034394
SCHED-TRACE 1915 562 R 32 238034394
SCHED-TRACE 1916 563 U 4 1b9e7f
SCHED-TRACE 1917 563 V 4 1b9e96
SCHED-TRACE 1918 563 O 0 0
SCHED-TRACE 1919 563 P 32 238116040
SCHED-TRACE 1920 564 K 31 237ebdc8e
SCHED-TRACE 1921 564 P 32 238209374
SCHED-TRACE 1922 565 P 32 238288f5b
SCHED-TRACE 1923 565 I 31 1bc615
SCHED-TRACE 1924 565 B 31 7a
SCHED-TRACE 1925 565 P 31 23e23b398
SCHED-TRACE 1926 565 R 31 23e23b398
SCHED-TRACE 1927 566 U 4 1bc670
SCHED-TRACE 1928 566 V 4 1bc687
SCHED-TRACE 1929 566 O 0 0
SCHED-TRACE 1930 566 P 31 23e31d45d
SCHED-TRACE 1931 567 K 32 238288f5b
SCHED-TRACE 1932 567 P 31 23e410790
SCHED-TRACE 1933 568 P 31 23e48ff5f
SCHED-TRACE 1934 568 I 32 1bee06
SCHED-TRACE 1935 568 B 32 7a
SCHED-TRACE 1936 568 P 32 23e606665
SCHED-TRACE 1937 568 R 32 23e606665
SCHED-TRACE 1938 569 U 4 1bee61
SCHED-TRACE 1939 569 V 4 1bee78
SCHED-TRACE 1940 569 O 0 0
SCHED-TRACE 1941 569 P 32 23e6e8311
SCHED-TRACE 1942 570 K 31 23e48ff5f
SCHED-TRACE 1943 570 P 32 23e7db645
SCHED-TRACE 1944 571 P 32 23e85b22c
SCHED-TRACE 1945 571 I 31 1c15f7
SCHED-TRACE 1946 571 B 31 7a
SCHED-TRACE 1947 571 P 31 24480d250
SCHED-TRACE 1948 571 R 31 24480d250
SCHED-TRACE 1949 572 U 4 1c1652
SCHED-TRACE 1950 572 V 4 1c1669
SCHED-TRACE 1951 572 O 0 0
SCHED-TRACE 1952 572 P 31 2448eeefc
SCHED-TRACE 1953 573 K 32 23e85b22c
SCHED-TRACE 1954 573 P 31 2449e2230
SCHED-TRACE 1955 574 P 31 244a61e17
SCHED-TRACE 1956 574 I 32 1c3de8
SCHED-TRACE 1957 574 B 32 7a
SCHED-TRACE 1958 574 P 32 244bd8936
SCHED-TRACE 1959 574 R 32 244bd8936
SCHED-TRACE 1960 575 U 4 1c3e43
SCHED-TRACE 1961 575 V 4 1c3e5a
SCHED-TRACE 1962 575 O 0 0
SCHED-TRACE 1963 575 P 32 244cba5e2
SCHED-TRACE 1964 576 K 31 244a61e17
SCHED-TRACE 1965 576 P 32 244dad915
SCHED-TRACE 1966 577 P 32 244e2d4fd
SCHED-TRACE 1967 577 I 31 1c65d9
SCHED-TRACE 1968 577 B 31 7a
SCHED-TRACE 1969 577 P 31 24addf521
SCHED-TRACE 1970 577 R 31 24addf521
SCHED-TRACE 1971 578 U 4 1c6634
SCHED-TRACE 1972 578 V 4 1c664b
SCHED-TRACE 1973 578 O 0 0
SCHED-TRACE 1974 578 P 31 24aec15e6
SCHED-TRACE 1975 579 K 32 244e2d4fd
SCHED-TRACE 1976 579 P 31 24afb4919
SCHED-TRACE 1977 580 P 31 24b0340e8
SCHED-TRACE 1978 580 I 32 1c8dca
SCHED-TRACE 1979 580 B 32 7a
SCHED-TRACE 1980 580 P 32 24b1aac07
SCHED-TRACE 1981 580 R 32 24b1aac07
SCHED-TRACE 1982 581 U 4 1c8e25
SCHED-TRACE 1983 581 V 4 1c8e3c
SCHED-TRACE 1984 581 O 0 0
SCHED-TRACE 1985 581 P 32 24b28c8b3
SCHED-TRACE 1986 582 K 31 24b0340e8
SCHED-TRACE 1987 582 P 32 24b37fbe6
SCHED-TRACE 1988 583 P 32 24b3ff7ce
SCHED-TRACE 1989 583 I 31 1cb5bb
SCHED-TRACE 1990 583 B 31 7a
SCHED-TRACE 1991 583 P 31 2513b17f2
SCHED-TRACE 1992 583 R 31 2513b17f2
SCHED-TRACE 1993 584 U 4 1cb616
SCHED-TRACE 1994 584 V 4 1cb62d
SCHED-TRACE 1995 584 O 0 0
SCHED-TRACE 1996 584 P 31 2514938b7
SCHED-TRACE 1997 585 K 32 24b3ff7ce
SCHED-TRACE 1998 585 P 31 251586bea
SCHED-TRACE 1999 586 P 31 2516067d1
SCHED-TRACE 2000 586 I 32 1cddac
SCHED-TRACE 2001 586 B 32 7a
SCHED-TRACE 2002 586 P 32 25177ced8
SCHED-TRACE 2003 586 R 32 25177ced8
SCHED-TRACE 2004 587 U 4 1cde07
SCHED-TRACE 2005 587 V 4 1cde1e
SCHED-TRACE 2006 587 O 0 0
SCHED-TRACE 2007 587 P 32 25185eb84
SCHED-TRACE 2008 588 K 31 2516067d1
SCHED-TRACE 2009 588 P 32 251951eb7
SCHED-TRACE 2010 589 P 32 2519d1a9f
SCHED-TRACE 2011 589 I 31 1d059d
SCHED-TRACE 2012 589 B 31 7a
SCHED-TRACE 2013 589 P 31 257983edc
SCHED-TRACE 2014 589 R 31 257983edc
SCHED-TRACE 2015 590 U 4 1d05f8
SCHED-TRACE 2016 590 V 4 1d060f
SCHED-TRACE 2017 590 O 0 0
SCHED-TRACE 2018 590 P 31 257a65fa0
SCHED-TRACE 2019 591 K 32 2519d1a9f
SCHED-TRACE 2020 591 P 31 257b592d3
SCHED-TRACE 2021 592 P 31 257bd8aa2
SCHED-TRACE 2022 592 I 32 1d2d8e
SCHED-TRACE 2023 592 B 32 7a
SCHED-TRACE 2024 592 P 32 257d4f1a9
SCHED-TRACE 2025 592 R 32 257d4f1a9
SCHED-TRACE 2026 593 U 4 1d2de9
SCHED-TRACE 2027 593 V 4 1d2e00
SCHED-TRACE 2028 593 O 0 0
SCHED-TRACE 2029 593 P 32 257e30e55
SCHED-TRACE 2030 594 K 31 257bd8aa2
SCHED-TRACE 2031 594 P 32 257f24188
SCHED-TRACE 2032 595 P 32 257fa3d70
SCHED-TRACE 2033 595 I 31 1d557f
SCHED-TRACE 2034 595 B 31 7a
SCHED-TRACE 2035 595 P 31 25df561ac
SCHED-TRACE 2036 595 R 31 25df561ac
SCHED-TRACE 2037 596 U 4 1d55da
SCHED-TRACE 2038 596 V 4 1d55f1
SCHED-TRACE 2039 596 O 0 0
SCHED-TRACE 2040 596 P 31 25e038271
SCHED-TRACE 2041 597 K 32 257fa3d70
SCHED-TRACE 2042 597 P 31 25e12b5a4
SCHED-TRACE 2043 598 P 31 25e1ab18c
SCHED-TRACE 2044 598 I 32 1d7d70
SCHED-TRACE 2045 598 B 32 7a
SCHED-TRACE 2046 598 P 32 25e32147a
SCHED-TRACE 2047 598 R 32 25e32147a
SCHED-TRACE 2048 599 U 4 1d7dcb
SCHED-TRACE 2049 599 V 4 1d7de2
SCHED-TRACE 2050 599 O 0 0
SCHED-TRACE 2051 599 P 32 25e40353e
SCHED-TRACE 2052 600 K 31 25e1ab18c
SCHED-TRACE 2053 600 P 32 25e4f6872
SCHED-TRACE 2054 601 P 32 25e576872
SCHED-TRACE 2055 601 I 31 1da561
SCHED-TRACE 2056 601 B 31 7a
SCHED-TRACE 2057 601 P 31 26452847d
SCHED-TRACE 2058 601 R 31 26452847d
SCHED-TRACE 2059 602 U 4 1da5bc
SCHED-TRACE 2060 602 V 4 1da5d3
SCHED-TRACE 2061 602 O 0 0
SCHED-TRACE 2062 602 P 31 26460a542
SCHED-TRACE 2063 603 K 32 25e576872
SCHED-TRACE 2064 603 P 31 2646fd875
SCHED-TRACE 2065 604 P 31 26477d044
SCHED-TRACE 2066 604 I 32 1dcd52
SCHED-TRACE 2067 604 B 32 7a
SCHED-TRACE 2068 604 P 32 2648f3f7c
SCHED-TRACE 2069 604 R 32 2648f3f7c
SCHED-TRACE 2070 605 U 4 1dcdad
SCHED-TRACE 2071 605 V 4 1dcdc4
SCHED-TRACE 2072 605 O 0 0
SCHED-TRACE 2073 605 P 32 2649d5c28
SCHED-TRACE 2074 606 K 31 26477d044
SCHED-TRACE 2075 606 P 32 264ac8f5b
SCHED-TRACE 2076 607 P 32 264b48b43
SCHED-TRACE 2077 607 I 31 1df543
SCHED-TRACE 2078 607 B 31 7a
SCHED-TRACE 2079 607 P 31 26aafa74e
SCHED-TRACE 2080 607 R 31 26aafa74e
SCHED-TRACE 2081 608 U 4 1df59e
SCHED-TRACE 2082 608 V 4 1df5b5
SCHED-TRACE 2083 608 O 0 0
SCHED-TRACE 2084 608 P 31 26abdc3fa
SCHED-TRACE 2085 609 K 32 264b48b43
SCHED-TRACE 2086 609 P 31 26accf72d
SCHED-TRACE 2087 610 P 31 26ad4f315
SCHED-TRACE 2088 610 I 32 1e1d34
SCHED-TRACE 2089 610 B 32 7a
SCHED-TRACE 2090 610 P 32 26aec624d
SCHED-TRACE 2091 610 R 32 26aec624d
SCHED-TRACE 2092 611 U 4 1e1d8f
SCHED-TRACE 2093 611 V 4 1e1da6
SCHED-TRACE 2094 611 O 0 0
SCHED-TRACE 2095 611 P 32 26afa8311
SCHED-TRACE 2096 612 K 31 26ad4f315
SCHED-TRACE 2097 612 P 32 26b09b22c
SCHED-TRACE 2098 613 P 32 26b11b22c
SCHED-TRACE 2099 613 I 31 1e4525
SCHED-TRACE 2100 613 B 31 7b
SCHED-TRACE 2101 613 P 31 2710cca1f
SCHED-TRACE 2102 613 R 31 2710cca1f
SCHED-TRACE 2103 614 U 4 1e4580
SCHED-TRACE 2104 614 V 4 1e4597
SCHED-TRACE 2105 614 O 0 0
SCHED-TRACE 2106 614 P 31 2711ae6cb
SCHED-TRACE 2107 615 K 32 26b11b22c
SCHED-TRACE 2108 615 P 31 2712a19fe
SCHED-TRACE 2109 616 P 31 2713215e6
SCHED-TRACE 2110 616 I 32 1e6d16
SCHED-TRACE 2111 616 B 32 7a
SCHED-TRACE 2112 616 P 32 27149851e
SCHED-TRACE 2113 616 R 32 27149851e
SCHED-TRACE 2114 617 U 4 1e6d71
SCHED-TRACE 2115 617 V 4 1e6d88
SCHED-TRACE 2116 617 O 0 0
SCHED-TRACE 2117 617 P 32 27157a1ca
SCHED-TRACE 2118 618 K 31 2713215e6
SCHED-TRACE 2119 618 P 32 27166d4fd
SCHED-TRACE 2120 619 P 32 2716ed0e4
SCHED-TRACE 2121 619 I 31 1e9507
SCHED-TRACE 2122 619 B 31 7a
SCHED-TRACE 2123 619 P 31 27769ecf0
SCHED-TRACE 2124 619 R 31 27769ecf0
SCHED-TRACE 2125 620 U 4 1e9562
SCHED-TRACE 2126 620 V 4 1e9579
SCHED-TRACE 2127 620 O 0 0
SCHED-TRACE 2128 620 P 31 277780db5
SCHED-TRACE 2129 621 K 32 2716ed0e4
SCHED-TRACE 2130 621 P 31 277873ccf
SCHED-TRACE 2131 622 P 31 2778f38b7
SCHED-TRACE 2132 622 I 32 1ebcf8
SCHED-TRACE 2133 622 B 32 7a
SCHED-TRACE 2134 622 P 32 277a6a7ef
SCHED-TRACE 2135 622 R 32 277a6a7ef
SCHED-TRACE 2136 623 U 4 1ebd53
SCHED-TRACE 2137 623 V 4 1ebd6a
SCHED-TRACE 2138 623 O 0 0
SCHED-TRACE 2139 623 P 32 277b4c49b
SCHED-TRACE 2140 624 K 31 2778f38b7
SCHED-TRACE 2141 624 P 32 277c3f7ce
SCHED-TRACE 2142 625 P 32 277cbf3b5
SCHED-TRACE 2143 625 I 31 1ee4e9
SCHED-TRACE 2144 625 B 31 7a
SCHED-TRACE 2145 625 P 31 27dc70ba8
SCHED-TRACE 2146 625 R 31 27dc70ba8
SCHED-TRACE 2147 626 U 4 1ee544
SCHED-TRACE 2148 626 V 4 1ee55b
SCHED-TRACE 2149 626 O 0 0
SCHED-TRACE 2150 626 P 31 27dd52854
SCHED-TRACE 2151 627 K 32 277cbf3b5
SCHED-TRACE 2152 627 P 31 27de45b88
SCHED-TRACE 2153 628 P 31 27dec576f
SCHED-TRACE 2154 628 I 32 1f0cda
SCHED-TRACE 2155 628 B 32 7a
SCHED-TRACE 2156 628 P 32 27e03c6a7
SCHED-TRACE 2157 628 R 32 27e03c6a7
SCHED-TRACE 2158 629 U 4 1f0d35
SCHED-TRACE 2159 629 V 4 1f0d4c
SCHED-TRACE 2160 629 O 0 0
SCHED-TRACE 2161 629 P 32 27e11e353
SCHED-TRACE 2162 630 K 31 27dec576f
SCHED-TRACE 2163 630 P 32 27e211686
SCHED-TRACE 2164 631 P 32 27e29126e
SCHED-TRACE 2165 631 I 31 1f34cb
SCHED-TRACE 2166 631 B 31 7a
SCHED-TRACE 2167 631 P 31 284242e79
SCHED-TRACE 2168 631 R 31 284242e79
SCHED-TRACE 2169 632 U 4 1f3526
SCHED-TRACE 2170 632 V 4 1f353d
SCHED-TRACE 2171 632 O 0 0
SCHED-TRACE 2172 632 P 31 284324f3e
SCHED-TRACE 2173 633 K 32 27e29126e
SCHED-TRACE 2174 633 P 31 284417e58
SCHED-TRACE 2175 634 P 31 284497a40
SCHED-TRACE 2176 634 I 32 1f5cbc
SCHED-TRACE 2177 634 B 32 7b
SCHED-TRACE 2178 634 P 32 28460ed90
SCHED-TRACE 2179 634 R 32 28460ed90
SCHED-TRACE 2180 635 U 4 1f5d17
SCHED-TRACE 2181 635 V 4 1f5d2e
SCHED-TRACE 2182 635 O 0 0
SCHED-TRACE 2183 635 P 32 2846f0a3c
SCHED-TRACE 2184 636 K 31 284497a40
SCHED-TRACE 2185 636 P 32 2847e3d70
SCHED-TRACE 2186 637 P 32 284863957
SCHED-TRACE 2187 637 I 31 1f84ad
SCHED-TRACE 2188 637 B 31 7a
SCHED-TRACE 2189 637 P 31 28a814d32
SCHED-TRACE 2190 637 R 31 28a814d32
SCHED-TRACE 2191 638 U 4 1f8508
SCHED-TRACE 2192 638 V 4 1f851f
SCHED-TRACE 2193 638 O 0 0
SCHED-TRACE 2194 638 P 31 28a8f69de
SCHED-TRACE 2195 639 K 32 284863957
SCHED-TRACE 2196 639 P 31 28a9e9d11
SCHED-TRACE 2197 640 P 31 28aa698f8
SCHED-TRACE 2198 640 I 32 1fac9e
SCHED-TRACE 2199 640 B 32 7a
SCHED-TRACE 2200 640 P 32 28abe1061
SCHED-TRACE 2201 640 R 32 28abe1061
SCHED-TRACE 2202 641 U 4 1facf9
SCHED-TRACE 2203 641 V 4 1fad10
SCHED-TRACE 2204 641 O 0 0
SCHED-TRACE 2205 641 P 32 28acc2d0d
SCHED-TRACE 2206 642 K 31 28aa698f8
SCHED-TRACE 2207 642 P 32 28adb6040
SCHED-TRACE 2208 643 P 32 28ae35c28
SCHED-TRACE 2209 643 I 31 1fd48f
SCHED-TRACE 2210 643 B 31 7a
SCHED-TRACE 2211 643 P 31 290de7002
SCHED-TRACE 2212 643 R 31 290de7002
SCHED-TRACE 2213 644 U 4 1fd4ea
SCHED-TRACE 2214 644 V 4 1fd501
SCHED-TRACE 2215 644 O 0 0
SCHED-TRACE 2216 644 P 31 290ec90c7
SCHED-TRACE 2217 645 K 32 28ae35c28
SCHED-TRACE 2218 645 P 31 290fbc3fa
SCHED-TRACE 2219 646 P 31 29103bbc9
SCHED-TRACE 2220 646 I 32 1ffc80
SCHED-TRACE 2221 646 B 32 7a
SCHED-TRACE 2222 646 P 32 2911b3332
SCHED-TRACE 2223 646 R 32 2911b3332
SCHED-TRACE 2224 647 U 4 1ffcdb
SCHED-TRACE 2225 647 V 4 1ffcf2
SCHED-TRACE 2226 647 O 0 0
SCHED-TRACE 2227 647 P 32 291294fde
SCHED-TRACE 2228 648 K 31 29103bbc9
SCHED-TRACE 2229 648 P 32 291388311
SCHED-TRACE 2230 649 P 32 291407ef9
SCHED-TRACE 2231 649 I 31 202471
SCHED-TRACE 2232 649 B 31 7a
SCHED-TRACE 2233 649 P 31 2973b8ebb
SCHED-TRACE 2234 649 R 31 2973b8ebb
SCHED-TRACE 2235 650 U 4 2024cc
SCHED-TRACE 2236 650 V 4 2024e3
SCHED-TRACE 2237 650 O 0 0
SCHED-TRACE 2238 650 P 31 29749ab67
SCHED-TRACE 2239 651 K 32 291407ef9
SCHED-TRACE 2240 651 P 31 29758de9a
SCHED-TRACE 2241 652 P 31 29760da81
SCHED-TRACE 2242 652 I 32 204c62
SCHED-TRACE 2243 652 B 32 7a
SCHED-TRACE 2244 652 P 32 297785603
SCHED-TRACE 2245 652 R 32 297785603
SCHED-TRACE 2246 653 U 4 204cbd
SCHED-TRACE 2247 653 V 4 204cd4
SCHED-TRACE 2248 653 O 0 0
SCHED-TRACE 2249 653 P 32 2978672af
SCHED-TRACE 2250 654 K 31 29760da81
SCHED-TRACE 2251 654 P 32 29795a5e2
SCHED-TRACE 2252 655 P 32 2979da1ca
SCHED-TRACE 2253 655 I 31 207453
SCHED-TRACE 2254 655 B 31 7a
SCHED-TRACE 2255 655 P 31 29d98b18c
SCHED-TRACE 2256 655 R 31 29d98b18c
SCHED-TRACE 2257 656 U 4 2074ae
SCHED-TRACE 2258 656 V 4 2074c5
SCHED-TRACE 2259 656 O 0 0
SCHED-TRACE 2260 656 P 31 29da6d250
SCHED-TRACE 2261 657 K 32 2979da1ca
SCHED-TRACE 2262 657 P 31 29db60584
SCHED-TRACE 2263 658 P 31 29dbdfd52
SCHED-TRACE 2264 658 I 32 209c44
SCHED-TRACE 2265 658 B 32 7a
SCHED-TRACE 2266 658 P 32 29dd578d4
SCHED-TRACE 2267 658 R 32 29dd578d4
SCHED-TRACE 2268 659 U 4 209c9f
SCHED-TRACE 2269 659 V 4 209cb6
SCHED-TRACE 2270 659 O 0 0
SCHED-TRACE 2271 659 P 32 29de39580
SCHED-TRACE 2272 660 K 31 29dbdfd52
SCHED-TRACE 2273 660 P 32 29df2c8b3
SCHED-TRACE 2274 661 P 32 29dfac49b
SCHED-TRACE 2275 661 I 31 20c435
SCHED-TRACE 2276 661 B 31 7a
SCHED-TRACE 2277 661 P 31 2a3f5d45d
SCHED-TRACE 2278 661 R 31 2a3f5d45d
SCHED-TRACE 2279 662 U 4 20c490
SCHED-TRACE 2280 662 V 4 20c4a7
SCHED-TRACE 2281 662 O 0 0
SCHED-TRACE 2282 662 P 31 2a403f521
SCHED-TRACE 2283 663 K 32 29dfac49b
SCHED-TRACE 2284 663 P 31 2a4132854
SCHED-TRACE 2285 664 P 31 2a41b243c
SCHED-TRACE 2286 664 I 32 20ec26
SCHED-TRACE 2287 664 B 32 7a
SCHED-TRACE 2288 664 P 32 2a4329ba5
SCHED-TRACE 2289 664 R 32 2a4329ba5
SCHED-TRACE 2290 665 U 4 20ec81
SCHED-TRACE 2291 665 V 4 20ec98
SCHED-TRACE 2292 665 O 0 0
SCHED-TRACE 2293 665 P 32 2a440b851
SCHED-TRACE 2294 666 K 31 2a41b243c
SCHED-TRACE 2295 666 P 32 2a44feb84
SCHED-TRACE 2296 667 P 32 2a457e76b
SCHED-TRACE 2297 667 I 31 211417
SCHED-TRACE 2298 667 B 31 7a
SCHED-TRACE 2299 667 P 31 2aa52fb46
SCHED-TRACE 2300 667 R 31 2aa52fb46
SCHED-TRACE 2301 668 U 4 211472
SCHED-TRACE 2302 668 V 4 211489
SCHED-TRACE 2303 668 O 0 0
SCHED-TRACE 2304 668 P 31 2aa611c0b
SCHED-TRACE 2305 669 K 32 2a457e76b
SCHED-TRACE 2306 669 P 31 2aa704f3e
SCHED-TRACE 2307 670 P 31 2aa78470d
SCHED-TRACE 2308 670 I 32 213c08
SCHED-TRACE 2309 670 B 32 7a
SCHED-TRACE 2310 670 P 32 2aa8fbe76
SCHED-TRACE 2311 670 R 32 2aa8fbe76
SCHED-TRACE 2312 671 U 4 213c63
SCHED-TRACE 2313 671 V 4 213c7a
SCHED-TRACE 2314 671 O 0 0
SCHED-TRACE 2315 671 P 32 2aa9ddb22
SCHED-TRACE 2316 672 K 31 2aa78470d
SCHED-TRACE 2317 672 P 32 2aaad0e55
SCHED-TRACE 2318 673 P 32 2aab50a3c
SCHED-TRACE 2319 673 I 31 2163f9
SCHED-TRACE 2320 673 B 31 7a
SCHED-TRACE 2321 673 P 31 2b0b01e17
SCHED-TRACE 2322 673 R 31 2b0b01e17
SCHED-TRACE 2323 674 U 4 216454
SCHED-TRACE 2324 674 V 4 21646b
SCHED-TRACE 2325 674 O 0 0
SCHED-TRACE 2326 674 P 31 2b0be3edc
SCHED-TRACE 2327 675 K 32 2aab50a3c
SCHED-TRACE 2328 675 P 31 2b0cd720f
SCHED-TRACE 2329 676 P 31 2b0d56df6
SCHED-TRACE 2330 676 I 32 218bea
SCHED-TRACE 2331 676 B 32 7a
SCHED-TRACE 2332 676 P 32 2b0ece147
SCHED-TRACE 2333 676 R 32 2b0ece147
SCHED-TRACE 2334 677 U 4 218c45
SCHED-TRACE 2335 677 V 4 218c5c
SCHED-TRACE 2336 677 O 0 0
SCHED-TRACE 2337 677 P 32 2b0fb020b
SCHED-TRACE 2338 678 K 31 2b0d56df6
SCHED-TRACE 2339 678 P 32 2b10a353e
SCHED-TRACE 2340 679 P 32 2b112353e
SCHED-TRACE 2341 679 I 31 21b3db
SCHED-TRACE 2342 679 B 31 7a
SCHED-TRACE 2343 679 P 31 2b70d40e8
SCHED-TRACE 2344 679 R 31 2b70d40e8
SCHED-TRACE 2345 680 U 4 21b436
SCHED-TRACE 2346 680 V 4 21b44d
SCHED-TRACE 2347 680 O 0 0
SCHED-TRACE 2348 680 P 31 2b71b61ac
SCHED-TRACE 2349 681 K 32 2b112353e
SCHED-TRACE 2350 681 P 31 2b72a94e0
SCHED-TRACE 2351 682 P 31 2b7328caf
SCHED-TRACE 2352 682 I 32 21dbcc
SCHED-TRACE 2353 682 B 32 7a
SCHED-TRACE 2354 682 P 32 2b74a0c49
SCHED-TRACE 2355 682 R 32 2b74a0c49
SCHED-TRACE 2356 683 U 4 21dc27
SCHED-TRACE 2357 683 V 4 21dc3e
SCHED-TRACE 2358 683 O 0 0
SCHED-TRACE 2359 683 P 32 2b75828f5
SCHED-TRACE 2360 684 K 31 2b7328caf
SCHED-TRACE 2361 684 P 32 2b7675c28
SCHED-TRACE 2362 685 P 32 2b76f580f
SCHED-TRACE 2363 686 P 1 2b7328caf
SCHED-TRACE 2364 686 W 1 2b7328caf
SCHED-TRACE 2365 686 P 31 2bd1294e0
SCHED-TRACE 2366 686 D 31 2bd1294e0
SCHED-TRACE 2367 688 K 1 2b7328caf
SCHED-TRACE 2368 690 W 31 2bd333ccf
SCHED-TRACE 2369 690 U 4 220866
SCHED-TRACE 2370 690 V 4 220881
SCHED-TRACE 2371 690 P 1 2b87d597c
SCHED-TRACE 2372 690 D 1 2b87d597c
SCHED-TRACE 2373 692 K 32 2b76f580f
SCHED-TRACE 2374 694 W 1 2b89df93a
SCHED-TRACE 2375 694 T 0 221216
SCHED-TRACE 2376 694 t 0 221242
SCHED-TRACE 2377 694 P 32 2bda85e34
SCHED-TRACE 2378 694 D 32 2bda85e34
SCHED-TRACE 2379 696 K 1 2b89df93a
SCHED-TRACE 2380 697 U 4 22334f
SCHED-TRACE 2381 697 V 4 223364
SCHED-TRACE 2382 697 U 2 223637
SCHED-TRACE 2383 697 V 2 2237ff
SCHED-TRACE-END 2384 dropped 0
