
loader: Redoubt rv64 loader, boot hart 0
  1 hart(s), timebase 10000000 Hz
  ram: 0x80000000..0x90000000 (256 MiB)
  bundle: 0x88200000..0x882abe40
  devices: 14 mmio (8 dma), 10 irq, console 0x10000000
  plic: 0xc000000, S-mode context 1
  rng-seed: 32 bytes
  bundle signature ok (704000 bytes)
  PID 1: kernel -> 0xffffffffffd00000
  PID 2: sched-ties -> 0x17de0
  bundle mapped read-only at 0x20000000 (704064 bytes)
  252 MiB free, entering kernel
Kernel arguments:
    XArg (67724158, 28 bytes): 00000123 00000002 80000000 00000000 10000000 00000000 6d617273
    MREx (7845524d, 384 bytes): 10100000 00000000 00001000 00000000 632d7766 00000000 20000000 00000000 02000000 00000000 73616c66 00000000 00101000 00000000 00001000 00000000 40637472 00000000 10000000 00000000 00001000 00000000 69726573 00000000 00100000 00000000 00001000 00000000 74736574 00000000 10008000 00000000 00001000 00000000 74726976 00000000 10007000 00000000 00001000 00000000 74726976 00000000 10006000 00000000 00001000 00000000 74726976 00000000 10005000 00000000 00001000 00000000 74726976 00000000 10004000 00000000 00001000 00000000 74726976 00000000 10003000 00000000 00001000 00000000 74726976 00000000 10002000 00000000 00001000 00000000 74726976 00000000 10001000 00000000 00001000 00000000 74726976 00000000 0c000000 00000000 00600000 00000000 63696c70 00000000 02000000 00000000 00010000 00000000 6e696c63 00000000 30000000 00000000 10000000 00000000 40696370 00000000
    Ctrl (6c727443, 32 bytes): 0c000000 00000000 00600000 00000000 02000000 00000000 00010000 00000000
    Devs (73766544, 600 bytes): 00000003 00000000 00000000 00000000 00000000 00000000 00000001 10000000 00000000 00001000 00000000 00000000 00000002 0000000a 00000000 00000000 00000000 00000000 00000001 10100000 00000000 00001000 00000000 00000000 00000001 20000000 00000000 02000000 00000000 00000000 00000001 00101000 00000000 00001000 00000000 00000000 00000001 00100000 00000000 00001000 00000000 00000000 00000001 10008000 00000000 00001000 00000000 00000001 00000001 10007000 00000000 00001000 00000000 00000001 00000001 10006000 00000000 00001000 00000000 00000001 00000001 10005000 00000000 00001000 00000000 00000001 00000001 10004000 00000000 00001000 00000000 00000001 00000001 10003000 00000000 00001000 00000000 00000001 00000001 10002000 00000000 00001000 00000000 00000001 00000001 10001000 00000000 00001000 00000000 00000001 00000001 30000000 00000000 10000000 00000000 00000000 00000002 00000001 00000000 00000000 00000000 00000000 00000002 00000002 00000000 00000000 00000000 00000000 00000002 00000003 00000000 00000000 00000000 00000000 00000002 00000004 00000000 00000000 00000000 00000000 00000002 00000005 00000000 00000000 00000000 00000000 00000002 00000006 00000000 00000000 00000000 00000000 00000002 00000007 00000000 00000000 00000000 00000000 00000002 00000008 00000000 00000000 00000000 00000000 00000002 0000000b 00000000 00000000 00000000 00000000
    Plic (63696c50, 24 bytes): 0c000000 00000000 00600000 00000000 00000001 00000000
    Seed (64656553, 32 bytes): 81c9e268 b062a4ab 450f7174 3723a25a bd40a8b2 5a2443d3 740bf0ec 887062f0
    Time (656d6954, 8 bytes): 00989680 00000000
asid: 16 bits
Devices: 25 objects, all held by init
Budgets: root 47310 pages (1219 kept for init), system 11522, users 34567
W^X verified: 37 executable kernel pages, none writable under any alias
Kernel RNG seeded from the loader (32 bytes)
KMAIN (clean boot): Supervisor mode started...
kernel: checks on (debug assertions, overflow checks)

[ties] calibrated: 10 ticks/us, 24389 iterations/ms
terminate_process: 159
[!] Terminating process with PID 159
terminate_process: 324
[!] Terminating process with PID 324
terminate_process: 253
[!] Terminating process with PID 253
terminate_process: 49
[!] Terminating process with PID 49
terminate_process: 45
[!] Terminating process with PID 45
terminate_process: 289
[!] Terminating process with PID 289
[ties] first runs (rdtime): A [63193110, 63309072, 63320952], B [63357189, 63345054, 63332975]
[ties] ok: B woken by three sends, A by one destroy (Ok(())): all six woke
[ties] ok: wakers of one entry ran lowest id first (clause 3)
[ties] ok: a later entry's wakers ran first (clause 2)
SCHED-TIES TEST PASSED
system_reset: PowerOff asked for by PID 2
SCHED-TRACE 0 0 G 1 0
SCHED-TRACE 1 0 g 1 0
SCHED-TRACE 2 0 v 1 f4240000b71b0
SCHED-TRACE 3 0 f 1 0
SCHED-TRACE 4 0 N 1 0
SCHED-TRACE 5 0 n 1 0
SCHED-TRACE 6 0 G 1 0
SCHED-TRACE 7 0 g 1 0
SCHED-TRACE 8 0 v 1 b71b0000003e8
SCHED-TRACE 9 0 f 1 0
SCHED-TRACE 10 0 N 1 0
SCHED-TRACE 11 0 n 1 0
SCHED-TRACE 12 1 W 1 0
SCHED-TRACE 13 1 K 1 0
SCHED-TRACE 14 7 P 1 bef1a9
SCHED-TRACE 15 7 D 1 bef1a9
SCHED-TRACE 16 9 U 4 b2c
SCHED-TRACE 17 9 V 4 b33
SCHED-TRACE 18 10 W 1 d2bc6a
SCHED-TRACE 19 10 U 4 ceaa
SCHED-TRACE 20 10 V 4 ceb5
SCHED-TRACE 21 11 K 1 d2bc6a
SCHED-TRACE 22 13 I 1 f611
SCHED-TRACE 23 13 B 1 7a
SCHED-TRACE 24 13 P 1 70e8f5c
SCHED-TRACE 25 13 R 1 70e8f5c
SCHED-TRACE 26 14 U 4 f660
SCHED-TRACE 27 14 V 4 f66e
SCHED-TRACE 28 14 O 0 0
SCHED-TRACE 29 14 P 1 71ab439
SCHED-TRACE 30 15 K 1 71ab439
SCHED-TRACE 31 15 P 1 7283d70
SCHED-TRACE 32 16 I 1 11ddf
SCHED-TRACE 33 16 B 1 7a
SCHED-TRACE 34 16 P 1 d680418
SCHED-TRACE 35 16 R 1 d680418
SCHED-TRACE 36 17 U 4 11e2e
SCHED-TRACE 37 17 V 4 11e3c
SCHED-TRACE 38 17 O 0 0
SCHED-TRACE 39 17 P 1 d7424dd
SCHED-TRACE 40 18 K 1 d7424dd
SCHED-TRACE 41 18 P 1 d81a9fb
SCHED-TRACE 42 19 I 1 145ad
SCHED-TRACE 43 19 B 1 7a
SCHED-TRACE 44 19 P 1 13c174bc
SCHED-TRACE 45 19 R 1 13c174bc
SCHED-TRACE 46 20 U 4 145fc
SCHED-TRACE 47 20 V 4 1460a
SCHED-TRACE 48 20 O 0 0
SCHED-TRACE 49 20 P 1 13cd9581
SCHED-TRACE 50 21 K 1 13cd9581
SCHED-TRACE 51 21 P 1 13db1a9f
SCHED-TRACE 52 22 I 1 16d7b
SCHED-TRACE 53 22 B 1 7a
SCHED-TRACE 54 22 P 1 1a1ae147
SCHED-TRACE 55 22 R 1 1a1ae147
SCHED-TRACE 56 23 U 4 16dca
SCHED-TRACE 57 23 V 4 16dd8
SCHED-TRACE 58 23 O 0 0
SCHED-TRACE 59 23 P 1 1a270624
SCHED-TRACE 60 24 K 1 1a270624
SCHED-TRACE 61 24 P 1 1a348b43
SCHED-TRACE 62 25 I 1 19549
SCHED-TRACE 63 25 B 1 7a
SCHED-TRACE 64 25 P 1 207451eb
SCHED-TRACE 65 25 R 1 207451eb
SCHED-TRACE 66 26 U 4 19598
SCHED-TRACE 67 26 V 4 195a6
SCHED-TRACE 68 26 O 0 0
SCHED-TRACE 69 26 P 1 208076c8
SCHED-TRACE 70 27 K 1 208076c8
SCHED-TRACE 71 27 P 1 208e0000
SCHED-TRACE 72 28 I 1 1bd17
SCHED-TRACE 73 28 B 1 7a
SCHED-TRACE 74 28 P 1 26cdc6a7
SCHED-TRACE 75 28 R 1 26cdc6a7
SCHED-TRACE 76 29 U 4 1bd66
SCHED-TRACE 77 29 V 4 1bd74
SCHED-TRACE 78 29 O 0 0
SCHED-TRACE 79 29 P 1 26d9e76c
SCHED-TRACE 80 30 K 1 26d9e76c
SCHED-TRACE 81 30 P 1 26e76c8b
SCHED-TRACE 82 31 I 1 1e4e5
SCHED-TRACE 83 31 B 1 7b
SCHED-TRACE 84 31 P 1 2d273b64
SCHED-TRACE 85 31 R 1 2d273b64
SCHED-TRACE 86 32 U 4 1e534
SCHED-TRACE 87 32 V 4 1e542
SCHED-TRACE 88 32 O 0 0
SCHED-TRACE 89 32 P 1 2d335810
SCHED-TRACE 90 33 K 1 2d335810
SCHED-TRACE 91 33 P 1 2d40dd2f
SCHED-TRACE 92 34 I 1 20cb3
SCHED-TRACE 93 34 B 1 7a
SCHED-TRACE 94 34 P 1 3380a3d7
SCHED-TRACE 95 34 R 1 3380a3d7
SCHED-TRACE 96 35 U 4 20d02
SCHED-TRACE 97 35 V 4 20d10
SCHED-TRACE 98 35 O 0 0
SCHED-TRACE 99 35 P 1 338cc8b4
SCHED-TRACE 100 36 K 1 338cc8b4
SCHED-TRACE 101 36 P 1 339a4dd2
SCHED-TRACE 102 37 I 1 23481
SCHED-TRACE 103 37 B 1 7a
SCHED-TRACE 104 37 P 1 39da147a
SCHED-TRACE 105 37 R 1 39da147a
SCHED-TRACE 106 38 U 4 234d0
SCHED-TRACE 107 38 V 4 234de
SCHED-TRACE 108 38 O 0 0
SCHED-TRACE 109 38 P 1 39e63958
SCHED-TRACE 110 39 K 1 39e63958
SCHED-TRACE 111 39 P 1 39f3be76
SCHED-TRACE 112 40 G 2 0
SCHED-TRACE 113 40 g 2 0
SCHED-TRACE 114 40 v 2 3d0900003d090
SCHED-TRACE 115 40 f 2 39f3be76
SCHED-TRACE 116 40 N 2 39f3be76
SCHED-TRACE 117 40 n 2 0
SCHED-TRACE 118 44 I 1 25ca1
SCHED-TRACE 119 44 B 1 7b
SCHED-TRACE 120 44 P 1 403fcac0
SCHED-TRACE 121 44 R 1 403fcac0
SCHED-TRACE 122 45 U 4 25cf0
SCHED-TRACE 123 45 V 4 25cfe
SCHED-TRACE 124 45 O 0 0
SCHED-TRACE 125 45 P 1 404be76c
SCHED-TRACE 126 46 K 1 404be76c
SCHED-TRACE 127 46 P 1 40596c8b
SCHED-TRACE 128 48 G 3 0
SCHED-TRACE 129 48 g 3 0
SCHED-TRACE 130 48 v 3 b6dc8000b6d64
SCHED-TRACE 131 48 f 3 40596c8b
SCHED-TRACE 132 48 N 3 40596c8b
SCHED-TRACE 133 48 n 3 0
SCHED-TRACE 134 52 U 2 266f3
SCHED-TRACE 135 52 V 2 2689f
SCHED-TRACE 136 61 I 1 28729
SCHED-TRACE 137 61 B 1 7a
SCHED-TRACE 138 61 P 1 46c224dd
SCHED-TRACE 139 61 R 1 46c224dd
SCHED-TRACE 140 62 U 4 28778
SCHED-TRACE 141 62 V 4 28788
SCHED-TRACE 142 62 O 0 0
SCHED-TRACE 143 62 P 1 46ce45a1
SCHED-TRACE 144 63 K 1 46ce45a1
SCHED-TRACE 145 63 P 1 46dbe353
SCHED-TRACE 146 65 P 34 46dbe353
SCHED-TRACE 147 65 W 34 46dbe353
SCHED-TRACE 148 67 G 3 40596c8b
SCHED-TRACE 149 67 g 3 0
SCHED-TRACE 150 67 v 3 b6d64000b6d00
SCHED-TRACE 151 67 f 3 46dbe353
SCHED-TRACE 152 67 N 3 46dbe353
SCHED-TRACE 153 67 n 3 0
SCHED-TRACE 154 71 U 2 29712
SCHED-TRACE 155 71 V 2 298e0
SCHED-TRACE 156 77 I 1 2b1eb
SCHED-TRACE 157 77 B 1 7a
SCHED-TRACE 158 77 P 1 4d4851eb
SCHED-TRACE 159 77 R 1 4d4851eb
SCHED-TRACE 160 78 U 4 2b246
SCHED-TRACE 161 78 V 4 2b25d
SCHED-TRACE 162 78 O 0 0
SCHED-TRACE 163 78 P 1 4d566666
SCHED-TRACE 164 79 K 34 46dbe353
SCHED-TRACE 165 79 P 1 4d6574bc
SCHED-TRACE 166 80 P 1 4d6d74bc
SCHED-TRACE 167 80 P 34 4a5da5e2
SCHED-TRACE 168 80 D 34 4a5da5e2
SCHED-TRACE 169 82 K 1 4d6d74bc
SCHED-TRACE 170 87 P 38 4d6d74bc
SCHED-TRACE 171 87 W 38 4d6d74bc
SCHED-TRACE 172 89 G 3 46dbe353
SCHED-TRACE 173 89 g 3 0
SCHED-TRACE 174 89 v 3 b6d00000b6c9c
SCHED-TRACE 175 89 f 3 4d6d74bc
SCHED-TRACE 176 89 N 3 4d6d74bc
SCHED-TRACE 177 89 n 3 0
SCHED-TRACE 178 93 U 2 2cb0c
SCHED-TRACE 179 93 V 2 2ccfd
SCHED-TRACE 180 98 I 1 2df41
SCHED-TRACE 181 98 B 1 7a
SCHED-TRACE 182 98 P 1 53b89374
SCHED-TRACE 183 98 R 1 53b89374
SCHED-TRACE 184 99 U 4 2df9c
SCHED-TRACE 185 99 V 4 2dfb4
SCHED-TRACE 186 99 O 0 0
SCHED-TRACE 187 99 P 1 53c6a7ef
SCHED-TRACE 188 100 K 38 4d6d74bc
SCHED-TRACE 189 100 P 1 53d5cac0
SCHED-TRACE 190 101 P 1 53ddc6a7
SCHED-TRACE 191 101 P 38 5169ef9d
SCHED-TRACE 192 101 D 38 5169ef9d
SCHED-TRACE 193 103 K 1 53ddc6a7
SCHED-TRACE 194 109 P 42 53ddc6a7
SCHED-TRACE 195 109 W 42 53ddc6a7
SCHED-TRACE 196 109 G 3 4d6d74bc
SCHED-TRACE 197 109 g 3 0
SCHED-TRACE 198 109 v 3 b6c9c000b6c38
SCHED-TRACE 199 109 f 3 53ddc6a7
SCHED-TRACE 200 109 N 3 53ddc6a7
SCHED-TRACE 201 109 n 3 0
SCHED-TRACE 202 113 U 2 2fd65
SCHED-TRACE 203 113 V 2 2ff77
SCHED-TRACE 204 116 I 1 30d5e
SCHED-TRACE 205 116 B 1 7a
SCHED-TRACE 206 116 P 1 5a378937
SCHED-TRACE 207 116 R 1 5a378937
SCHED-TRACE 208 117 U 4 30db9
SCHED-TRACE 209 117 V 4 30dd3
SCHED-TRACE 210 117 O 0 0
SCHED-TRACE 211 117 P 1 5a459db2
SCHED-TRACE 212 118 K 42 53ddc6a7
SCHED-TRACE 213 118 P 1 5a54d916
SCHED-TRACE 214 119 P 1 5a5cd4fd
SCHED-TRACE 215 119 P 42 5855c6a7
SCHED-TRACE 216 119 D 42 5855c6a7
SCHED-TRACE 217 121 K 1 5a5cd4fd
SCHED-TRACE 218 129 P 45 5a5cd4fd
SCHED-TRACE 219 129 W 45 5a5cd4fd
SCHED-TRACE 220 129 G 3 53ddc6a7
SCHED-TRACE 221 129 g 3 0
SCHED-TRACE 222 129 v 3 b6c38000b6bd4
SCHED-TRACE 223 129 f 3 5a5cd4fd
SCHED-TRACE 224 129 N 3 5a5cd4fd
SCHED-TRACE 225 129 n 3 0
SCHED-TRACE 226 133 U 2 33085
SCHED-TRACE 227 133 V 2 332b7
SCHED-TRACE 228 135 I 1 33dac
SCHED-TRACE 229 135 B 1 7a
SCHED-TRACE 230 135 P 1 60fe0c49
SCHED-TRACE 231 135 R 1 60fe0c49
SCHED-TRACE 232 136 U 4 33e07
SCHED-TRACE 233 136 V 4 33e24
SCHED-TRACE 234 136 O 0 0
SCHED-TRACE 235 136 P 1 610c20c4
SCHED-TRACE 236 137 K 45 5a5cd4fd
SCHED-TRACE 237 137 P 1 611b70a3
SCHED-TRACE 238 138 P 1 61236c8b
SCHED-TRACE 239 138 P 45 5f503125
SCHED-TRACE 240 138 D 45 5f503125
SCHED-TRACE 241 140 K 1 61236c8b
SCHED-TRACE 242 149 P 48 61236c8b
SCHED-TRACE 243 149 W 48 61236c8b
SCHED-TRACE 244 149 G 3 5a5cd4fd
SCHED-TRACE 245 149 g 3 0
SCHED-TRACE 246 149 v 3 b6bd4000b6b70
SCHED-TRACE 247 149 f 3 61236c8b
SCHED-TRACE 248 149 N 3 61236c8b
SCHED-TRACE 249 149 n 3 0
SCHED-TRACE 250 153 U 2 362ab
SCHED-TRACE 251 153 V 2 36500
SCHED-TRACE 252 155 I 1 36f66
SCHED-TRACE 253 155 B 1 7a
SCHED-TRACE 254 155 P 1 67ec4dd2
SCHED-TRACE 255 155 R 1 67ec4dd2
SCHED-TRACE 256 156 U 4 36fc1
SCHED-TRACE 257 156 V 4 36fe0
SCHED-TRACE 258 156 O 0 0
SCHED-TRACE 259 156 P 1 67fa624d
SCHED-TRACE 260 157 K 48 61236c8b
SCHED-TRACE 261 157 P 1 6809cac0
SCHED-TRACE 262 158 P 1 6811c6a7
SCHED-TRACE 263 158 P 48 66924dd2
SCHED-TRACE 264 158 D 48 66924dd2
SCHED-TRACE 265 160 K 1 6811c6a7
SCHED-TRACE 266 169 P 51 6811c6a7
SCHED-TRACE 267 169 W 51 6811c6a7
SCHED-TRACE 268 169 G 3 61236c8b
SCHED-TRACE 269 169 g 3 0
SCHED-TRACE 270 169 v 3 b6b70000b6b0c
SCHED-TRACE 271 169 f 3 6811c6a7
SCHED-TRACE 272 169 N 3 6811c6a7
SCHED-TRACE 273 169 n 3 0
SCHED-TRACE 274 173 U 2 39404
SCHED-TRACE 275 173 V 2 39679
SCHED-TRACE 276 175 I 1 3a0ec
SCHED-TRACE 277 175 B 1 7a
SCHED-TRACE 278 175 P 1 6ec028f5
SCHED-TRACE 279 175 R 1 6ec028f5
SCHED-TRACE 280 176 U 4 3a147
SCHED-TRACE 281 176 V 4 3a167
SCHED-TRACE 282 176 O 0 0
SCHED-TRACE 283 176 P 1 6ece4189
SCHED-TRACE 284 177 K 51 6811c6a7
SCHED-TRACE 285 177 P 1 6eddc28f
SCHED-TRACE 286 178 P 1 6ee5be76
SCHED-TRACE 287 178 P 51 6dfc0417
SCHED-TRACE 288 178 D 51 6dfc0417
SCHED-TRACE 289 180 K 1 6ee5be76
SCHED-TRACE 290 189 P 54 6ee5be76
SCHED-TRACE 291 189 W 54 6ee5be76
SCHED-TRACE 292 191 P 34 6ee5be76
SCHED-TRACE 293 191 W 34 6ee5be76
SCHED-TRACE 294 192 P 38 6ee5be76
SCHED-TRACE 295 192 W 38 6ee5be76
SCHED-TRACE 296 192 U 4 3d0c8
SCHED-TRACE 297 192 V 4 3d0f2
SCHED-TRACE 298 192 I 1 3d0f7
SCHED-TRACE 299 192 B 1 7a
SCHED-TRACE 300 192 P 1 75a95c28
SCHED-TRACE 301 192 R 1 75a95c28
SCHED-TRACE 302 193 O 0 0
SCHED-TRACE 303 193 P 1 75b9f7ce
SCHED-TRACE 304 194 K 38 6ee5be76
SCHED-TRACE 305 194 P 1 75cc8312
SCHED-TRACE 306 195 P 1 75d76041
SCHED-TRACE 307 195 P 38 708a3957
SCHED-TRACE 308 195 D 38 708a3957
SCHED-TRACE 309 197 K 34 6ee5be76
SCHED-TRACE 310 198 P 34 707de76c
SCHED-TRACE 311 198 D 34 707de76c
SCHED-TRACE 312 200 K 54 6ee5be76
SCHED-TRACE 313 201 P 54 752cf1a9
SCHED-TRACE 314 201 D 54 752cf1a9
SCHED-TRACE 315 203 K 1 75d76041
SCHED-TRACE 316 205 P 42 75d76041
SCHED-TRACE 317 205 W 42 75d76041
SCHED-TRACE 318 206 P 45 75d76041
SCHED-TRACE 319 206 W 45 75d76041
SCHED-TRACE 320 207 P 48 75d76041
SCHED-TRACE 321 207 W 48 75d76041
SCHED-TRACE 322 208 P 51 75d76041
SCHED-TRACE 323 208 W 51 75d76041
SCHED-TRACE 324 208 U 4 40173
SCHED-TRACE 325 208 V 4 401a2
SCHED-TRACE 326 209 W 54 76468b42
SCHED-TRACE 327 209 I 1 40b36
SCHED-TRACE 328 209 B 1 7b
SCHED-TRACE 329 209 P 1 7d8f126e
SCHED-TRACE 330 209 R 1 7d8f126e
SCHED-TRACE 331 210 O 0 0
SCHED-TRACE 332 210 P 1 7da3851e
SCHED-TRACE 333 211 K 51 75d76041
SCHED-TRACE 334 211 P 1 7db89ba5
SCHED-TRACE 335 212 P 1 7dc651eb
SCHED-TRACE 336 212 I 51 40ce4
SCHED-TRACE 337 212 B 38 31c
SCHED-TRACE 338 212 B 34 308
SCHED-TRACE 339 212 E 34 1
SCHED-TRACE 340 212 B 34 8d
SCHED-TRACE 341 212 B 34 2a
SCHED-TRACE 342 213 P 38 75d76041
SCHED-TRACE 343 213 W 38 75d76041
SCHED-TRACE 344 213 P 34 75d76041
SCHED-TRACE 345 213 W 34 75d76041
SCHED-TRACE 346 213 B 34 517
SCHED-TRACE 347 213 P 34 76a7db22
SCHED-TRACE 348 213 O 0 1
SCHED-TRACE 349 213 P 51 7bccf9db
SCHED-TRACE 350 213 D 51 7bccf9db
SCHED-TRACE 351 215 K 38 75d76041
SCHED-TRACE 352 216 P 38 7c3174bb
SCHED-TRACE 353 216 D 38 7c3174bb
SCHED-TRACE 354 218 K 48 75d76041
SCHED-TRACE 355 219 P 48 7bc21893
SCHED-TRACE 356 219 D 48 7bc21893
SCHED-TRACE 357 221 K 45 75d76041
SCHED-TRACE 358 222 P 45 7c002d0e
SCHED-TRACE 359 222 D 45 7c002d0e
SCHED-TRACE 360 224 K 42 75d76041
SCHED-TRACE 361 225 P 42 7c321893
SCHED-TRACE 362 225 D 42 7c321893
SCHED-TRACE 363 227 K 54 76468b42
SCHED-TRACE 364 228 I 54 44ea5
SCHED-TRACE 365 228 B 54 7a
SCHED-TRACE 366 228 P 54 b46de76b
SCHED-TRACE 367 228 R 54 b46de76b
SCHED-TRACE 368 229 U 4 44f0c
SCHED-TRACE 369 229 V 4 44f31
SCHED-TRACE 370 229 O 0 0
SCHED-TRACE 371 229 P 54 b50de76b
SCHED-TRACE 372 230 K 34 76a7db22
SCHED-TRACE 373 230 P 54 b5b8c8b3
SCHED-TRACE 374 231 P 54 b616dd2e
SCHED-TRACE 375 231 P 34 7cf7374b
SCHED-TRACE 376 231 D 34 7cf7374b
SCHED-TRACE 377 233 K 1 7dc651eb
SCHED-TRACE 378 235 P 1 7df20c49
SCHED-TRACE 379 235 D 1 7df20c49
SCHED-TRACE 380 237 K 54 b616dd2e
SCHED-TRACE 381 238 I 54 47d7a
SCHED-TRACE 382 238 B 54 7a
SCHED-TRACE 383 238 P 54 f45c4dd2
SCHED-TRACE 384 238 R 54 f45c4dd2
SCHED-TRACE 385 239 U 4 47dc9
SCHED-TRACE 386 239 V 4 47de4
SCHED-TRACE 387 239 O 0 0
SCHED-TRACE 388 239 P 54 f4d61061
SCHED-TRACE 389 240 K 54 f4d61061
SCHED-TRACE 390 240 P 54 f5632f19
SCHED-TRACE 391 241 I 54 4a55a
SCHED-TRACE 392 241 B 54 7a
SCHED-TRACE 393 241 P 54 133e1e76b
SCHED-TRACE 394 241 R 54 133e1e76b
SCHED-TRACE 395 242 U 4 4a5a9
SCHED-TRACE 396 242 V 4 4a5c4
SCHED-TRACE 397 242 O 0 0
SCHED-TRACE 398 242 P 54 1345ba9fb
SCHED-TRACE 399 243 K 54 1345ba9fb
SCHED-TRACE 400 243 P 54 134e8c8b3
SCHED-TRACE 401 244 I 54 4cd3a
SCHED-TRACE 402 244 B 54 7a
SCHED-TRACE 403 244 P 54 173678105
SCHED-TRACE 404 244 R 54 173678105
SCHED-TRACE 405 245 U 4 4cd89
SCHED-TRACE 406 245 V 4 4cda4
SCHED-TRACE 407 245 O 0 0
SCHED-TRACE 408 245 P 54 173e14394
SCHED-TRACE 409 246 K 54 173e14394
SCHED-TRACE 410 246 P 54 1746e8b42
SCHED-TRACE 411 247 I 54 4f51a
SCHED-TRACE 412 247 B 54 7a
SCHED-TRACE 413 247 P 54 1b2ed1a9e
SCHED-TRACE 414 247 R 54 1b2ed1a9e
SCHED-TRACE 415 248 U 4 4f569
SCHED-TRACE 416 248 V 4 4f584
SCHED-TRACE 417 248 O 0 0
SCHED-TRACE 418 248 P 54 1b366b438
SCHED-TRACE 419 249 K 54 1b366b438
SCHED-TRACE 420 249 P 54 1b3f3fbe6
SCHED-TRACE 421 250 I 54 51cfa
SCHED-TRACE 422 250 B 54 7a
SCHED-TRACE 423 250 P 54 1f272b438
SCHED-TRACE 424 250 R 54 1f272b438
SCHED-TRACE 425 251 U 4 51d49
SCHED-TRACE 426 251 V 4 51d64
SCHED-TRACE 427 251 O 0 0
SCHED-TRACE 428 251 P 54 1f2ec76c7
SCHED-TRACE 429 252 K 54 1f2ec76c7
SCHED-TRACE 430 252 P 54 1f3799580
SCHED-TRACE 431 253 I 54 544da
SCHED-TRACE 432 253 B 54 7a
SCHED-TRACE 433 253 P 54 231f84dd2
SCHED-TRACE 434 253 R 54 231f84dd2
SCHED-TRACE 435 254 U 4 54529
SCHED-TRACE 436 254 V 4 54544
SCHED-TRACE 437 254 O 0 0
SCHED-TRACE 438 254 P 54 232721061
SCHED-TRACE 439 255 K 54 232721061
SCHED-TRACE 440 255 P 54 232ff2f19
SCHED-TRACE 441 256 I 54 56cba
SCHED-TRACE 442 256 B 54 7a
SCHED-TRACE 443 256 P 54 2717de76b
SCHED-TRACE 444 256 R 54 2717de76b
SCHED-TRACE 445 257 U 4 56d09
SCHED-TRACE 446 257 V 4 56d24
SCHED-TRACE 447 257 O 0 0
SCHED-TRACE 448 257 P 54 271f7a9fb
SCHED-TRACE 449 258 K 54 271f7a9fb
SCHED-TRACE 450 258 P 54 27280c8b3
SCHED-TRACE 451 259 I 54 59348
SCHED-TRACE 452 259 B 1 2eb
SCHED-TRACE 453 259 E 1 1
SCHED-TRACE 454 259 B 1 8c
SCHED-TRACE 455 259 B 1 2b
SCHED-TRACE 456 260 P 1 27280c8b3
SCHED-TRACE 457 260 W 1 27280c8b3
SCHED-TRACE 458 260 B 1 233
SCHED-TRACE 459 260 P 1 27289cabf
SCHED-TRACE 460 260 O 0 1
SCHED-TRACE 461 260 I 54 5949a
SCHED-TRACE 462 260 B 54 7a
SCHED-TRACE 463 260 P 54 2afdffbe6
SCHED-TRACE 464 260 R 54 2afdffbe6
SCHED-TRACE 465 261 U 4 594f5
SCHED-TRACE 466 261 V 4 59515
SCHED-TRACE 467 261 O 0 0
SCHED-TRACE 468 261 P 54 2b06cf1a9
SCHED-TRACE 469 262 K 1 27289cabf
SCHED-TRACE 470 262 P 54 2b1094394
SCHED-TRACE 471 263 P 54 2b1591a9e
SCHED-TRACE 472 264 P 34 27289cabf
SCHED-TRACE 473 264 W 34 27289cabf
SCHED-TRACE 474 265 P 38 27289cabf
SCHED-TRACE 475 265 W 38 27289cabf
SCHED-TRACE 476 266 P 42 27289cabf
SCHED-TRACE 477 266 W 42 27289cabf
SCHED-TRACE 478 266 G 2 39f3be76
SCHED-TRACE 479 266 g 2 0
SCHED-TRACE 480 266 v 2 3d0900003d090
SCHED-TRACE 481 266 f 2 27289cabf
SCHED-TRACE 482 266 N 2 27289cabf
SCHED-TRACE 483 266 n 2 0
SCHED-TRACE 484 266 X 31 5b356
SCHED-TRACE 485 266 Z 0 318
SCHED-TRACE 486 266 G 2 27289cabf
SCHED-TRACE 487 266 g 2 0
SCHED-TRACE 488 266 v 2 3d0900003d090
SCHED-TRACE 489 266 f 2 27289cabf
SCHED-TRACE 490 266 N 2 27289cabf
SCHED-TRACE 491 266 n 2 0
SCHED-TRACE 492 266 L 2 27289cabf
SCHED-TRACE 493 266 l 31 39f3be76
SCHED-TRACE 494 266 e 31 39f3be76
SCHED-TRACE 495 266 f 0 27289cabf
SCHED-TRACE 496 266 r 31 0
SCHED-TRACE 497 266 q 2 0
SCHED-TRACE 498 266 w 0 3d090
SCHED-TRACE 499 266 A 2 27289cabf
SCHED-TRACE 500 266 a 2 0
SCHED-TRACE 501 266 Y 31 5bbe0
SCHED-TRACE 502 266 U 1 5bbe2
SCHED-TRACE 503 266 V 1 60b39
SCHED-TRACE 504 267 P 51 27289cabf
SCHED-TRACE 505 267 W 51 27289cabf
SCHED-TRACE 506 267 P 48 27289cabf
SCHED-TRACE 507 267 W 48 27289cabf
SCHED-TRACE 508 267 P 45 27289cabf
SCHED-TRACE 509 267 W 45 27289cabf
SCHED-TRACE 510 267 U 4 60bbc
SCHED-TRACE 511 267 V 4 60bfb
SCHED-TRACE 512 267 P 1 2794e0417
SCHED-TRACE 513 267 D 1 2794e0417
SCHED-TRACE 514 269 K 45 27289cabf
SCHED-TRACE 515 271 W 1 2798726e8
SCHED-TRACE 516 271 T 0 61ad8
SCHED-TRACE 517 271 t 0 61b04
SCHED-TRACE 518 271 P 45 2b83578d3
SCHED-TRACE 519 271 D 45 2b83578d3
SCHED-TRACE 520 273 K 48 27289cabf
SCHED-TRACE 521 274 U 4 63e39
SCHED-TRACE 522 274 V 4 63e71
SCHED-TRACE 523 274 P 48 277c05a1b
SCHED-TRACE 524 274 D 48 277c05a1b
SCHED-TRACE 525 276 K 51 27289cabf
SCHED-TRACE 526 277 P 51 277fe1cab
SCHED-TRACE 527 277 D 51 277fe1cab
SCHED-TRACE 528 279 K 42 27289cabf
SCHED-TRACE 529 280 P 42 2784a45a1
SCHED-TRACE 530 280 D 42 2784a45a1
SCHED-TRACE 531 282 K 38 27289cabf
SCHED-TRACE 532 283 P 38 278885a1c
SCHED-TRACE 533 283 D 38 278885a1c
SCHED-TRACE 534 285 K 34 27289cabf
SCHED-TRACE 535 286 P 34 278c61caa
SCHED-TRACE 536 286 D 34 278c61caa
SCHED-TRACE 537 288 K 1 2798726e8
SCHED-TRACE 538 290 W 48 279cb6458
SCHED-TRACE 539 291 W 51 279d8fdf2
SCHED-TRACE 540 291 U 4 668e5
SCHED-TRACE 541 291 V 4 6690d
SCHED-TRACE 542 292 W 42 279f4ac07
SCHED-TRACE 543 293 W 38 27a026e96
SCHED-TRACE 544 294 W 34 27a103125
SCHED-TRACE 545 294 I 1 6826b
SCHED-TRACE 546 294 B 1 7a
SCHED-TRACE 547 294 P 1 2809c5e34
SCHED-TRACE 548 294 R 1 2809c5e34
SCHED-TRACE 549 295 O 0 0
SCHED-TRACE 550 295 P 1 280b2b851
SCHED-TRACE 551 296 K 48 279cb6458
SCHED-TRACE 552 296 P 1 280c99580
SCHED-TRACE 553 297 P 1 280d8b438
SCHED-TRACE 554 297 T 0 684ac
SCHED-TRACE 555 297 t 0 684d9
SCHED-TRACE 556 297 P 48 2b07d4fde
SCHED-TRACE 557 297 D 48 2b07d4fde
SCHED-TRACE 558 299 K 51 279d8fdf2
SCHED-TRACE 559 300 U 4 6a7ab
SCHED-TRACE 560 300 V 4 6a7db
SCHED-TRACE 561 300 T 0 6a86a
SCHED-TRACE 562 300 t 0 6a897
SCHED-TRACE 563 300 P 51 2b016c082
SCHED-TRACE 564 300 D 51 2b016c082
SCHED-TRACE 565 302 K 42 279f4ac07
SCHED-TRACE 566 303 T 0 6cb8e
SCHED-TRACE 567 303 t 0 6cbba
SCHED-TRACE 568 303 P 42 2afbf126d
SCHED-TRACE 569 303 D 42 2afbf126d
SCHED-TRACE 570 305 K 38 27a026e96
SCHED-TRACE 571 306 U 4 6edc6
SCHED-TRACE 572 306 V 4 6ede9
SCHED-TRACE 573 306 T 0 6ee6f
SCHED-TRACE 574 306 t 0 6ee9c
SCHED-TRACE 575 306 P 38 2af60fdf3
SCHED-TRACE 576 306 D 38 2af60fdf3
SCHED-TRACE 577 308 K 34 27a103125
SCHED-TRACE 578 309 T 0 710c9
SCHED-TRACE 579 309 t 0 710f6
SCHED-TRACE 580 309 P 34 2af0a978b
SCHED-TRACE 581 309 D 34 2af0a978b
SCHED-TRACE 582 311 K 1 280d8b438
SCHED-TRACE 583 312 U 4 73240
SCHED-TRACE 584 312 V 4 73254
SCHED-TRACE 585 312 P 1 28133020b
SCHED-TRACE 586 312 D 1 28133020b
SCHED-TRACE 587 314 K 54 2b1591a9e
SCHED-TRACE 588 315 I 54 75c26
SCHED-TRACE 589 315 B 54 7b
SCHED-TRACE 590 315 P 54 2ef9d6c8a
SCHED-TRACE 591 315 R 54 2ef9d6c8a
SCHED-TRACE 592 316 U 4 75c75
SCHED-TRACE 593 316 V 4 75c85
SCHED-TRACE 594 316 O 0 0
SCHED-TRACE 595 316 P 54 2f0170624
SCHED-TRACE 596 317 K 54 2f0170624
SCHED-TRACE 597 317 P 54 2f09f0624
SCHED-TRACE 598 318 I 54 783f7
SCHED-TRACE 599 318 B 54 7a
SCHED-TRACE 600 318 P 54 32f1d4394
SCHED-TRACE 601 318 R 54 32f1d4394
SCHED-TRACE 602 319 U 4 78446
SCHED-TRACE 603 319 V 4 78456
SCHED-TRACE 604 319 O 0 0
SCHED-TRACE 605 319 P 54 32f970624
SCHED-TRACE 606 320 K 54 32f970624
SCHED-TRACE 607 320 P 54 3301f2f19
SCHED-TRACE 608 321 I 54 7abc8
SCHED-TRACE 609 321 B 54 7a
SCHED-TRACE 610 321 P 54 36e9d6c8a
SCHED-TRACE 611 321 R 54 36e9d6c8a
SCHED-TRACE 612 322 U 4 7ac17
SCHED-TRACE 613 322 V 4 7ac27
SCHED-TRACE 614 322 O 0 0
SCHED-TRACE 615 322 P 54 36f172f19
SCHED-TRACE 616 323 K 54 36f172f19
SCHED-TRACE 617 323 P 54 36f9f580f
SCHED-TRACE 618 324 I 54 7d399
SCHED-TRACE 619 324 B 54 7a
SCHED-TRACE 620 324 P 54 3ae1d9580
SCHED-TRACE 621 324 R 54 3ae1d9580
SCHED-TRACE 622 325 U 4 7d3e8
SCHED-TRACE 623 325 V 4 7d3f8
SCHED-TRACE 624 325 O 0 0
SCHED-TRACE 625 325 P 54 3ae972f19
SCHED-TRACE 626 326 K 54 3ae972f19
SCHED-TRACE 627 326 P 54 3af1f580f
SCHED-TRACE 628 327 I 54 7fb6a
SCHED-TRACE 629 327 B 54 7b
SCHED-TRACE 630 327 P 54 3ed9dbe76
SCHED-TRACE 631 327 R 54 3ed9dbe76
SCHED-TRACE 632 328 U 4 7fbb9
SCHED-TRACE 633 328 V 4 7fbc9
SCHED-TRACE 634 328 O 0 0
SCHED-TRACE 635 328 P 54 3ee17580f
SCHED-TRACE 636 329 K 54 3ee17580f
SCHED-TRACE 637 329 P 54 3ee9f580f
SCHED-TRACE 638 330 I 54 8233b
SCHED-TRACE 639 330 B 54 7a
SCHED-TRACE 640 330 P 54 42d1d9580
SCHED-TRACE 641 330 R 54 42d1d9580
SCHED-TRACE 642 331 U 4 8238a
SCHED-TRACE 643 331 V 4 8239a
SCHED-TRACE 644 331 O 0 0
SCHED-TRACE 645 331 P 54 42d97580f
SCHED-TRACE 646 332 K 54 42d97580f
SCHED-TRACE 647 332 P 54 42e1f8105
SCHED-TRACE 648 333 I 54 84b0c
SCHED-TRACE 649 333 B 54 7a
SCHED-TRACE 650 333 P 54 46c9dbe76
SCHED-TRACE 651 333 R 54 46c9dbe76
SCHED-TRACE 652 334 U 4 84b5b
SCHED-TRACE 653 334 V 4 84b6b
SCHED-TRACE 654 334 O 0 0
SCHED-TRACE 655 334 P 54 46d178105
SCHED-TRACE 656 335 K 54 46d178105
SCHED-TRACE 657 335 P 54 46d9fa9fb
SCHED-TRACE 658 336 I 54 872dd
SCHED-TRACE 659 336 B 54 7a
SCHED-TRACE 660 336 P 54 4ac1de76b
SCHED-TRACE 661 336 R 54 4ac1de76b
SCHED-TRACE 662 337 U 4 8732c
SCHED-TRACE 663 337 V 4 8733c
SCHED-TRACE 664 337 O 0 0
SCHED-TRACE 665 337 P 54 4ac978105
SCHED-TRACE 666 338 K 54 4ac978105
SCHED-TRACE 667 338 P 54 4ad1fa9fb
SCHED-TRACE 668 339 I 54 89aae
SCHED-TRACE 669 339 B 54 7b
SCHED-TRACE 670 339 P 54 4eb9e1061
SCHED-TRACE 671 339 R 54 4eb9e1061
SCHED-TRACE 672 340 U 4 89afd
SCHED-TRACE 673 340 V 4 89b0d
SCHED-TRACE 674 340 O 0 0
SCHED-TRACE 675 340 P 54 4ec17a9fb
SCHED-TRACE 676 341 K 54 4ec17a9fb
SCHED-TRACE 677 341 P 54 4ec9fa9fb
SCHED-TRACE 678 342 I 54 8c27f
SCHED-TRACE 679 342 B 54 7a
SCHED-TRACE 680 342 P 54 52b1de76b
SCHED-TRACE 681 342 R 54 52b1de76b
SCHED-TRACE 682 343 U 4 8c2ce
SCHED-TRACE 683 343 V 4 8c2de
SCHED-TRACE 684 343 O 0 0
SCHED-TRACE 685 343 P 54 52b97a9fb
SCHED-TRACE 686 344 K 54 52b97a9fb
SCHED-TRACE 687 344 P 54 52c1fd2f0
SCHED-TRACE 688 345 I 54 8ea50
SCHED-TRACE 689 345 B 54 7a
SCHED-TRACE 690 345 P 54 56a9e1061
SCHED-TRACE 691 345 R 54 56a9e1061
SCHED-TRACE 692 346 U 4 8ea9f
SCHED-TRACE 693 346 V 4 8eaaf
SCHED-TRACE 694 346 O 0 0
SCHED-TRACE 695 346 P 54 56b17d2f0
SCHED-TRACE 696 347 K 54 56b17d2f0
SCHED-TRACE 697 347 P 54 56b9ffbe6
SCHED-TRACE 698 348 I 54 91221
SCHED-TRACE 699 348 B 54 7a
SCHED-TRACE 700 348 P 54 5aa1e3957
SCHED-TRACE 701 348 R 54 5aa1e3957
SCHED-TRACE 702 349 U 4 91270
SCHED-TRACE 703 349 V 4 91280
SCHED-TRACE 704 349 O 0 0
SCHED-TRACE 705 349 P 54 5aa97d2f0
SCHED-TRACE 706 350 K 54 5aa97d2f0
SCHED-TRACE 707 350 P 54 5ab1ffbe6
SCHED-TRACE 708 351 I 54 939f2
SCHED-TRACE 709 351 B 54 7b
SCHED-TRACE 710 351 P 54 5e99e624d
SCHED-TRACE 711 351 R 54 5e99e624d
SCHED-TRACE 712 352 U 4 93a41
SCHED-TRACE 713 352 V 4 93a51
SCHED-TRACE 714 352 O 0 0
SCHED-TRACE 715 352 P 54 5ea17fbe6
SCHED-TRACE 716 353 K 54 5ea17fbe6
SCHED-TRACE 717 353 P 54 5ea9ffbe6
SCHED-TRACE 718 354 I 54 961c3
SCHED-TRACE 719 354 B 54 7a
SCHED-TRACE 720 354 P 54 6291e3957
SCHED-TRACE 721 354 R 54 6291e3957
SCHED-TRACE 722 355 U 4 96212
SCHED-TRACE 723 355 V 4 96222
SCHED-TRACE 724 355 O 0 0
SCHED-TRACE 725 355 P 54 62997fbe6
SCHED-TRACE 726 356 K 54 62997fbe6
SCHED-TRACE 727 356 P 54 62a2024dc
SCHED-TRACE 728 357 I 54 98994
SCHED-TRACE 729 357 B 54 7a
SCHED-TRACE 730 357 P 54 6689e624d
SCHED-TRACE 731 357 R 54 6689e624d
SCHED-TRACE 732 358 U 4 989e3
SCHED-TRACE 733 358 V 4 989f3
SCHED-TRACE 734 358 O 0 0
SCHED-TRACE 735 358 P 54 6691824dc
SCHED-TRACE 736 359 K 54 6691824dc
SCHED-TRACE 737 359 P 54 669a04dd2
SCHED-TRACE 738 360 I 54 9b165
SCHED-TRACE 739 360 B 54 7a
SCHED-TRACE 740 360 P 54 6a81e8b42
SCHED-TRACE 741 360 R 54 6a81e8b42
SCHED-TRACE 742 361 U 4 9b1b4
SCHED-TRACE 743 361 V 4 9b1c4
SCHED-TRACE 744 361 O 0 0
SCHED-TRACE 745 361 P 54 6a89824dc
SCHED-TRACE 746 362 K 54 6a89824dc
SCHED-TRACE 747 362 P 54 6a9204dd2
SCHED-TRACE 748 363 I 54 9d936
SCHED-TRACE 749 363 B 54 7b
SCHED-TRACE 750 363 P 54 6e79eb438
SCHED-TRACE 751 363 R 54 6e79eb438
SCHED-TRACE 752 364 U 4 9d985
SCHED-TRACE 753 364 V 4 9d995
SCHED-TRACE 754 364 O 0 0
SCHED-TRACE 755 364 P 54 6e8184dd2
SCHED-TRACE 756 365 K 54 6e8184dd2
SCHED-TRACE 757 365 P 54 6e8a04dd2
SCHED-TRACE 758 366 I 54 a0107
SCHED-TRACE 759 366 B 54 7a
SCHED-TRACE 760 366 P 54 7271e8b42
SCHED-TRACE 761 366 R 54 7271e8b42
SCHED-TRACE 762 367 U 4 a0156
SCHED-TRACE 763 367 V 4 a0166
SCHED-TRACE 764 367 O 0 0
SCHED-TRACE 765 367 P 54 727984dd2
SCHED-TRACE 766 368 K 54 727984dd2
SCHED-TRACE 767 368 P 54 7282076c7
SCHED-TRACE 768 370 P 1 7282076c7
SCHED-TRACE 769 370 W 1 7282076c7
SCHED-TRACE 770 370 U 4 a2c3e
SCHED-TRACE 771 370 V 4 a2c53
SCHED-TRACE 772 370 I 54 a2c58
SCHED-TRACE 773 370 B 54 7a
SCHED-TRACE 774 370 P 54 76c1de76b
SCHED-TRACE 775 370 R 54 76c1de76b
SCHED-TRACE 776 371 O 0 0
SCHED-TRACE 777 371 P 54 76c9e1061
SCHED-TRACE 778 372 K 1 7282076c7
SCHED-TRACE 779 372 P 54 76d354394
SCHED-TRACE 780 373 P 54 76d851a9e
SCHED-TRACE 781 373 U 2 a306f
SCHED-TRACE 782 373 V 2 a32d9
SCHED-TRACE 783 374 U 2 a37c5
SCHED-TRACE 784 374 V 2 a3a22
SCHED-TRACE 785 375 U 2 a3ef6
SCHED-TRACE 786 375 V 2 a4146
SCHED-TRACE 787 376 U 2 a4602
SCHED-TRACE 788 376 V 2 a4845
SCHED-TRACE 789 377 U 2 a4cea
SCHED-TRACE 790 377 V 2 a4f20
SCHED-TRACE 791 378 U 2 a53ad
SCHED-TRACE 792 378 V 2 a55d6
SCHED-TRACE-END 793 dropped 0
