
loader: Redoubt rv64 loader, boot hart 0
  1 hart(s), timebase 10000000 Hz
  ram: 0x80000000..0x90000000 (256 MiB)
  bundle: 0x88200000..0x882a5c40
  devices: 14 mmio (8 dma), 10 irq, console 0x10000000
  plic: 0xc000000, S-mode context 1
  rng-seed: 32 bytes
  bundle signature ok (678912 bytes)
  PID 1: kernel -> 0xffffffffffd00000
  PID 2: sched-debt-lift -> 0x18682
  bundle mapped read-only at 0x20000000 (678976 bytes)
  252 MiB free, entering kernel
Kernel arguments:
    XArg (67724158, 28 bytes): 00000123 00000002 80000000 00000000 10000000 00000000 6d617273
    MREx (7845524d, 384 bytes): 10100000 00000000 00001000 00000000 632d7766 00000000 20000000 00000000 02000000 00000000 73616c66 00000000 00101000 00000000 00001000 00000000 40637472 00000000 10000000 00000000 00001000 00000000 69726573 00000000 00100000 00000000 00001000 00000000 74736574 00000000 10008000 00000000 00001000 00000000 74726976 00000000 10007000 00000000 00001000 00000000 74726976 00000000 10006000 00000000 00001000 00000000 74726976 00000000 10005000 00000000 00001000 00000000 74726976 00000000 10004000 00000000 00001000 00000000 74726976 00000000 10003000 00000000 00001000 00000000 74726976 00000000 10002000 00000000 00001000 00000000 74726976 00000000 10001000 00000000 00001000 00000000 74726976 00000000 0c000000 00000000 00600000 00000000 63696c70 00000000 02000000 00000000 00010000 00000000 6e696c63 00000000 30000000 00000000 10000000 00000000 40696370 00000000
    Ctrl (6c727443, 32 bytes): 0c000000 00000000 00600000 00000000 02000000 00000000 00010000 00000000
    Devs (73766544, 600 bytes): 00000003 00000000 00000000 00000000 00000000 00000000 00000001 10000000 00000000 00001000 00000000 00000000 00000002 0000000a 00000000 00000000 00000000 00000000 00000001 10100000 00000000 00001000 00000000 00000000 00000001 20000000 00000000 02000000 00000000 00000000 00000001 00101000 00000000 00001000 00000000 00000000 00000001 00100000 00000000 00001000 00000000 00000000 00000001 10008000 00000000 00001000 00000000 00000001 00000001 10007000 00000000 00001000 00000000 00000001 00000001 10006000 00000000 00001000 00000000 00000001 00000001 10005000 00000000 00001000 00000000 00000001 00000001 10004000 00000000 00001000 00000000 00000001 00000001 10003000 00000000 00001000 00000000 00000001 00000001 10002000 00000000 00001000 00000000 00000001 00000001 10001000 00000000 00001000 00000000 00000001 00000001 30000000 00000000 10000000 00000000 00000000 00000002 00000001 00000000 00000000 00000000 00000000 00000002 00000002 00000000 00000000 00000000 00000000 00000002 00000003 00000000 00000000 00000000 00000000 00000002 00000004 00000000 00000000 00000000 00000000 00000002 00000005 00000000 00000000 00000000 00000000 00000002 00000006 00000000 00000000 00000000 00000000 00000002 00000007 00000000 00000000 00000000 00000000 00000002 00000008 00000000 00000000 00000000 00000000 00000002 0000000b 00000000 00000000 00000000 00000000
    Plic (63696c50, 24 bytes): 0c000000 00000000 00600000 00000000 00000001 00000000
    Seed (64656553, 32 bytes): aedb9f43 56804d9f 147b6b5f 1a63fbdc 26d5fc1b f05f9e48 55b3f1c2 3f79e877
    Time (656d6954, 8 bytes): 00989680 00000000
asid: 16 bits
Devices: 25 objects, all held by init
Budgets: root 63726 pages (1212 kept for init), system 15628, users 46884
W^X verified: 36 executable kernel pages, none writable under any alias
Kernel RNG seeded from the loader (32 bytes)
KMAIN (clean boot): Supervisor mode started...
kernel: checks on (debug assertions, overflow checks)

[debt-lift] calibrated: 10 ticks/us, 24473 iterations/ms
[!] Terminating process with PID 374
[!] Terminating process with PID 288
terminate_process: 435
[!] Terminating process with PID 435
terminate_process: 433
[!] Terminating process with PID 433
terminate_process: 271
[!] Terminating process with PID 271
terminate_process: 505
[!] Terminating process with PID 505
terminate_process: 204
[!] Terminating process with PID 204
terminate_process: 137
[!] Terminating process with PID 137
terminate_process: 509
[!] Terminating process with PID 509
terminate_process: 347
[!] Terminating process with PID 347
terminate_process: 121
[!] Terminating process with PID 121
terminate_process: 333
[!] Terminating process with PID 333
terminate_process: 97
[!] Terminating process with PID 97
terminate_process: 397
[!] Terminating process with PID 397
terminate_process: 168
[!] Terminating process with PID 168
terminate_process: 178
[!] Terminating process with PID 178
terminate_process: 175
[!] Terminating process with PID 175
terminate_process: 45
[!] Terminating process with PID 45
terminate_process: 96
[!] Terminating process with PID 96
[debt-lift] ok: the sibling first ran 6660 us after creation (one round is 190000 us)
SCHED-DEBT-LIFT TEST PASSED
system_reset: PowerOff asked for by PID 2
