
loader: Redoubt rv32 loader, boot hart 0
  1 hart(s), timebase 10000000 Hz
  ram: 0x80000000..0x90000000 (256 MiB)
  bundle: 0x88200000..0x88289c40
  devices: 14 mmio (8 dma), 10 irq, console 0x10000000
  plic: 0xc000000, S-mode context 1
  rng-seed: 32 bytes
  bundle signature ok (564224 bytes)
  PID 1: kernel -> 0xffd00000
  PID 2: sched-debt-lift -> 0x18bc4
  bundle mapped read-only at 0x20000000 (564288 bytes)
  252 MiB free, entering kernel
Kernel arguments:
    XArg (67724158, 28 bytes): 00000123 00000002 80000000 00000000 10000000 00000000 6d617273
    MREx (7845524d, 384 bytes): 10100000 00000000 00001000 00000000 632d7766 00000000 20000000 00000000 02000000 00000000 73616c66 00000000 00101000 00000000 00001000 00000000 40637472 00000000 10000000 00000000 00001000 00000000 69726573 00000000 00100000 00000000 00001000 00000000 74736574 00000000 10008000 00000000 00001000 00000000 74726976 00000000 10007000 00000000 00001000 00000000 74726976 00000000 10006000 00000000 00001000 00000000 74726976 00000000 10005000 00000000 00001000 00000000 74726976 00000000 10004000 00000000 00001000 00000000 74726976 00000000 10003000 00000000 00001000 00000000 74726976 00000000 10002000 00000000 00001000 00000000 74726976 00000000 10001000 00000000 00001000 00000000 74726976 00000000 0c000000 00000000 00600000 00000000 63696c70 00000000 02000000 00000000 00010000 00000000 6e696c63 00000000 30000000 00000000 10000000 00000000 40696370 00000000
    Ctrl (6c727443, 32 bytes): 0c000000 00000000 00600000 00000000 02000000 00000000 00010000 00000000
    Devs (73766544, 600 bytes): 00000003 00000000 00000000 00000000 00000000 00000000 00000001 10000000 00000000 00001000 00000000 00000000 00000002 0000000a 00000000 00000000 00000000 00000000 00000001 10100000 00000000 00001000 00000000 00000000 00000001 20000000 00000000 02000000 00000000 00000000 00000001 00101000 00000000 00001000 00000000 00000000 00000001 00100000 00000000 00001000 00000000 00000000 00000001 10008000 00000000 00001000 00000000 00000001 00000001 10007000 00000000 00001000 00000000 00000001 00000001 10006000 00000000 00001000 00000000 00000001 00000001 10005000 00000000 00001000 00000000 00000001 00000001 10004000 00000000 00001000 00000000 00000001 00000001 10003000 00000000 00001000 00000000 00000001 00000001 10002000 00000000 00001000 00000000 00000001 00000001 10001000 00000000 00001000 00000000 00000001 00000001 30000000 00000000 10000000 00000000 00000000 00000002 00000001 00000000 00000000 00000000 00000000 00000002 00000002 00000000 00000000 00000000 00000000 00000002 00000003 00000000 00000000 00000000 00000000 00000002 00000004 00000000 00000000 00000000 00000000 00000002 00000005 00000000 00000000 00000000 00000000 00000002 00000006 00000000 00000000 00000000 00000000 00000002 00000007 00000000 00000000 00000000 00000000 00000002 00000008 00000000 00000000 00000000 00000000 00000002 0000000b 00000000 00000000 00000000 00000000
    Plic (63696c50, 24 bytes): 0c000000 00000000 00600000 00000000 00000001 00000000
    Seed (64656553, 32 bytes): 4908be71 36c5f58a 8a4b66f2 4185dbe2 396df006 8bda61b9 b24a5852 b369642c
    Time (656d6954, 8 bytes): 00989680 00000000
asid: 9 bits
Devices: 25 objects, all held by init
Budgets: root 63732 pages (1183 kept for init), system 15636, users 46911
W^X verified: 41 executable kernel pages, none writable under any alias
Kernel RNG seeded from the loader (32 bytes)
KMAIN (clean boot): Supervisor mode started...
kernel: checks on (debug assertions, overflow checks)

[debt-lift] calibrated: 10 ticks/us, 8680 iterations/ms
[!] Terminating process with PID 126
[!] Terminating process with PID 277
terminate_process: 107
[!] Terminating process with PID 107
terminate_process: 389
[!] Terminating process with PID 389
terminate_process: 39
[!] Terminating process with PID 39
terminate_process: 161
[!] Terminating process with PID 161
terminate_process: 154
[!] Terminating process with PID 154
terminate_process: 117
[!] Terminating process with PID 117
terminate_process: 290
[!] Terminating process with PID 290
terminate_process: 455
[!] Terminating process with PID 455
terminate_process: 473
[!] Terminating process with PID 473
terminate_process: 348
[!] Terminating process with PID 348
terminate_process: 410
[!] Terminating process with PID 410
terminate_process: 334
[!] Terminating process with PID 334
terminate_process: 47
[!] Terminating process with PID 47
terminate_process: 493
[!] Terminating process with PID 493
terminate_process: 420
[!] Terminating process with PID 420
terminate_process: 421
[!] Terminating process with PID 421
[debt-lift] ok: the sibling first ran 6979 us after creation (one round is 190000 us)
SCHED-DEBT-LIFT TEST PASSED
system_reset: PowerOff asked for by PID 2
