
loader: Redoubt rv32 loader, boot hart 0
  1 hart(s), timebase 10000000 Hz
  ram: 0x80000000..0x90000000 (256 MiB)
  bundle: 0x88200000..0x8828b240
  devices: 14 mmio (8 dma), 10 irq, console 0x10000000
  plic: 0xc000000, S-mode context 1
  rng-seed: 32 bytes
  bundle signature ok (569856 bytes)
  PID 1: kernel -> 0xffd00000
  PID 2: sched-carve-return -> 0x189a0
  bundle mapped read-only at 0x20000000 (569920 bytes)
  252 MiB free, entering kernel
Kernel arguments:
    XArg (67724158, 28 bytes): 00000123 00000002 80000000 00000000 10000000 00000000 6d617273
    MREx (7845524d, 384 bytes): 10100000 00000000 00001000 00000000 632d7766 00000000 20000000 00000000 02000000 00000000 73616c66 00000000 00101000 00000000 00001000 00000000 40637472 00000000 10000000 00000000 00001000 00000000 69726573 00000000 00100000 00000000 00001000 00000000 74736574 00000000 10008000 00000000 00001000 00000000 74726976 00000000 10007000 00000000 00001000 00000000 74726976 00000000 10006000 00000000 00001000 00000000 74726976 00000000 10005000 00000000 00001000 00000000 74726976 00000000 10004000 00000000 00001000 00000000 74726976 00000000 10003000 00000000 00001000 00000000 74726976 00000000 10002000 00000000 00001000 00000000 74726976 00000000 10001000 00000000 00001000 00000000 74726976 00000000 0c000000 00000000 00600000 00000000 63696c70 00000000 02000000 00000000 00010000 00000000 6e696c63 00000000 30000000 00000000 10000000 00000000 40696370 00000000
    Ctrl (6c727443, 32 bytes): 0c000000 00000000 00600000 00000000 02000000 00000000 00010000 00000000
    Devs (73766544, 600 bytes): 00000003 00000000 00000000 00000000 00000000 00000000 00000001 10000000 00000000 00001000 00000000 00000000 00000002 0000000a 00000000 00000000 00000000 00000000 00000001 10100000 00000000 00001000 00000000 00000000 00000001 20000000 00000000 02000000 00000000 00000000 00000001 00101000 00000000 00001000 00000000 00000000 00000001 00100000 00000000 00001000 00000000 00000000 00000001 10008000 00000000 00001000 00000000 00000001 00000001 10007000 00000000 00001000 00000000 00000001 00000001 10006000 00000000 00001000 00000000 00000001 00000001 10005000 00000000 00001000 00000000 00000001 00000001 10004000 00000000 00001000 00000000 00000001 00000001 10003000 00000000 00001000 00000000 00000001 00000001 10002000 00000000 00001000 00000000 00000001 00000001 10001000 00000000 00001000 00000000 00000001 00000001 30000000 00000000 10000000 00000000 00000000 00000002 00000001 00000000 00000000 00000000 00000000 00000002 00000002 00000000 00000000 00000000 00000000 00000002 00000003 00000000 00000000 00000000 00000000 00000002 00000004 00000000 00000000 00000000 00000000 00000002 00000005 00000000 00000000 00000000 00000000 00000002 00000006 00000000 00000000 00000000 00000000 00000002 00000007 00000000 00000000 00000000 00000000 00000002 00000008 00000000 00000000 00000000 00000000 00000002 0000000b 00000000 00000000 00000000 00000000
    Plic (63696c50, 24 bytes): 0c000000 00000000 00600000 00000000 00000001 00000000
    Seed (64656553, 32 bytes): 4283e210 6ccf6267 8a6e0e15 fc6e2dd1 53d10a95 03d11179 ba36a222 49a999dc
    Time (656d6954, 8 bytes): 00989680 00000000
asid: 9 bits
Devices: 25 objects, all held by init
Budgets: root 47331 pages (1185 kept for init), system 11536, users 34608
W^X verified: 42 executable kernel pages, none writable under any alias
Kernel RNG seeded from the loader (32 bytes)
KMAIN (clean boot): Supervisor mode started...
kernel: checks on (debug assertions, overflow checks)

[carve-return] calibrated: 10 ticks/us, 8642 iterations/ms
terminate_process: 48
[!] Terminating process with PID 48
SHARE u-after-return 294645 2230068 969109 450 1000
[carve-return] after its carve returned, 64577 µs into the window, U got 500 of 1000; V 489 over the window: gross, audits included; net in the post-check
SCHED-CARVE-RETURN TEST PASSED
system_reset: PowerOff asked for by PID 2
SCHED-TRACE 0 0 G 1 0
SCHED-TRACE 1 0 g 1 0
SCHED-TRACE 2 0 v 1 f4240000b71b0
SCHED-TRACE 3 0 f 1 0
SCHED-TRACE 4 0 N 1 0
SCHED-TRACE 5 0 n 1 0
SCHED-TRACE 6 0 G 1 0
SCHED-TRACE 7 0 g 1 0
SCHED-TRACE 8 0 v 1 b71b0000003e8
SCHED-TRACE 9 0 f 1 0
SCHED-TRACE 10 0 N 1 0
SCHED-TRACE 11 0 n 1 0
SCHED-TRACE 12 1 W 1 0
SCHED-TRACE 13 1 K 1 0
SCHED-TRACE 14 7 P 1 ce20c4
SCHED-TRACE 15 7 D 1 ce20c4
SCHED-TRACE 16 9 U 4 921
SCHED-TRACE 17 9 V 4 92f
SCHED-TRACE 18 10 W 1 e6dd2f
SCHED-TRACE 19 10 U 4 cc9a
SCHED-TRACE 20 10 V 4 ccae
SCHED-TRACE 21 11 K 1 e6dd2f
SCHED-TRACE 22 13 I 1 f41a
SCHED-TRACE 23 13 B 1 ee
SCHED-TRACE 24 13 P 1 7212f1a
SCHED-TRACE 25 13 R 1 7212f1a
SCHED-TRACE 26 14 U 4 f487
SCHED-TRACE 27 14 V 4 f49f
SCHED-TRACE 28 14 O 0 0
SCHED-TRACE 29 14 P 1 730fdf3
SCHED-TRACE 30 15 K 1 730fdf3
SCHED-TRACE 31 15 P 1 74251eb
SCHED-TRACE 32 16 I 1 11c24
SCHED-TRACE 33 16 B 1 f1
SCHED-TRACE 34 16 P 1 d821cac
SCHED-TRACE 35 16 R 1 d821cac
SCHED-TRACE 36 17 U 4 11c91
SCHED-TRACE 37 17 V 4 11caa
SCHED-TRACE 38 17 O 0 0
SCHED-TRACE 39 17 P 1 d91fbe7
SCHED-TRACE 40 18 K 1 d91fbe7
SCHED-TRACE 41 18 P 1 da353f7
SCHED-TRACE 42 19 I 1 1442f
SCHED-TRACE 43 19 B 1 f0
SCHED-TRACE 44 19 P 1 13e31a9f
SCHED-TRACE 45 19 R 1 13e31a9f
SCHED-TRACE 46 20 U 4 1449c
SCHED-TRACE 47 20 V 4 144b5
SCHED-TRACE 48 20 O 0 0
SCHED-TRACE 49 20 P 1 13f2ed91
SCHED-TRACE 50 21 K 1 13f2ed91
SCHED-TRACE 51 21 P 1 140445a1
SCHED-TRACE 52 22 I 1 16c3a
SCHED-TRACE 53 22 B 1 f1
SCHED-TRACE 54 22 P 1 1a4420c4
SCHED-TRACE 55 22 R 1 1a4420c4
SCHED-TRACE 56 23 U 4 16ca8
SCHED-TRACE 57 23 V 4 16cc0
SCHED-TRACE 58 23 O 0 0
SCHED-TRACE 59 23 P 1 1a540c49
SCHED-TRACE 60 24 K 1 1a540c49
SCHED-TRACE 61 24 P 1 1a656872
SCHED-TRACE 62 25 I 1 19446
SCHED-TRACE 63 25 B 1 ef
SCHED-TRACE 64 25 P 1 20a53b64
SCHED-TRACE 65 25 R 1 20a53b64
SCHED-TRACE 66 26 U 4 194b3
SCHED-TRACE 67 26 V 4 194cc
SCHED-TRACE 68 26 O 0 0
SCHED-TRACE 69 26 P 1 20b51eb8
SCHED-TRACE 70 27 K 1 20b51eb8
SCHED-TRACE 71 27 P 1 20c67ae1
SCHED-TRACE 72 28 I 1 1bc51
SCHED-TRACE 73 28 B 1 f0
SCHED-TRACE 74 28 P 1 27064189
SCHED-TRACE 75 28 R 1 27064189
SCHED-TRACE 76 29 U 4 1bcbf
SCHED-TRACE 77 29 V 4 1bcd8
SCHED-TRACE 78 29 O 0 0
SCHED-TRACE 79 29 P 1 2716353f
SCHED-TRACE 80 30 K 1 2716353f
SCHED-TRACE 81 30 P 1 27279999
SCHED-TRACE 82 31 I 1 1e45d
SCHED-TRACE 83 31 B 1 f0
SCHED-TRACE 84 31 P 1 2d675c28
SCHED-TRACE 85 31 R 1 2d675c28
SCHED-TRACE 86 32 U 4 1e4cb
SCHED-TRACE 87 32 V 4 1e4e3
SCHED-TRACE 88 32 O 0 0
SCHED-TRACE 89 32 P 1 2d7747ae
SCHED-TRACE 90 33 K 1 2d7747ae
SCHED-TRACE 91 33 P 1 2d88ac08
SCHED-TRACE 92 34 I 1 20c69
SCHED-TRACE 93 34 B 1 f1
SCHED-TRACE 94 34 P 1 33c87ef9
SCHED-TRACE 95 34 R 1 33c87ef9
SCHED-TRACE 96 35 U 4 20cd7
SCHED-TRACE 97 35 V 4 20cef
SCHED-TRACE 98 35 O 0 0
SCHED-TRACE 99 35 P 1 33d86a7e
SCHED-TRACE 100 36 K 1 33d86a7e
SCHED-TRACE 101 36 P 1 33e9ba5e
SCHED-TRACE 102 37 I 1 23475
SCHED-TRACE 103 37 B 1 ed
SCHED-TRACE 104 37 P 1 3a299168
SCHED-TRACE 105 37 R 1 3a299168
SCHED-TRACE 106 38 U 4 234e2
SCHED-TRACE 107 38 V 4 234fb
SCHED-TRACE 108 38 O 0 0
SCHED-TRACE 109 38 P 1 3a3974bc
SCHED-TRACE 110 39 K 1 3a3974bc
SCHED-TRACE 111 39 P 1 3a4add2f
SCHED-TRACE 112 40 G 3 0
SCHED-TRACE 113 40 g 3 0
SCHED-TRACE 114 40 v 3 b6dc8000b69e0
SCHED-TRACE 115 40 f 3 3a4add2f
SCHED-TRACE 116 40 N 3 3a4add2f
SCHED-TRACE 117 40 n 3 0
SCHED-TRACE 118 41 G 3 3a4add2f
SCHED-TRACE 119 41 g 3 0
SCHED-TRACE 120 41 v 3 b69e0000b65f8
SCHED-TRACE 121 41 f 3 3a4add2f
SCHED-TRACE 122 41 N 3 3a4add2f
SCHED-TRACE 123 41 n 3 0
SCHED-TRACE 124 45 I 1 25cdc
SCHED-TRACE 125 45 B 1 f1
SCHED-TRACE 126 45 P 1 4095eb85
SCHED-TRACE 127 45 R 1 4095eb85
SCHED-TRACE 128 46 U 4 25d4a
SCHED-TRACE 129 46 V 4 25d63
SCHED-TRACE 130 46 O 0 0
SCHED-TRACE 131 46 P 1 40a5f3b6
SCHED-TRACE 132 47 K 1 40a5f3b6
SCHED-TRACE 133 47 P 1 40b7645a
SCHED-TRACE 134 48 U 2 2621f
SCHED-TRACE 135 48 V 2 263db
SCHED-TRACE 136 58 P 31 40b7645a
SCHED-TRACE 137 58 W 31 40b7645a
SCHED-TRACE 138 58 U 4 28a82
SCHED-TRACE 139 58 V 4 28aa3
SCHED-TRACE 140 58 I 1 28aac
SCHED-TRACE 141 58 B 1 f0
SCHED-TRACE 142 58 P 1 4794d0e5
SCHED-TRACE 143 58 R 1 4794d0e5
SCHED-TRACE 144 59 O 0 0
SCHED-TRACE 145 59 P 1 47a3eb85
SCHED-TRACE 146 60 K 31 40b7645a
SCHED-TRACE 147 60 P 1 47b70a3d
SCHED-TRACE 148 61 P 1 47c0ac08
SCHED-TRACE 149 61 P 31 4109b645
SCHED-TRACE 150 61 D 31 4109b645
SCHED-TRACE 151 63 K 1 47c0ac08
SCHED-TRACE 152 67 U 2 295d7
SCHED-TRACE 153 67 V 2 297b3
SCHED-TRACE 154 74 I 1 2b7fc
SCHED-TRACE 155 74 B 1 f1
SCHED-TRACE 156 74 P 1 4e05df3b
SCHED-TRACE 157 74 R 1 4e05df3b
SCHED-TRACE 158 75 U 4 2b86a
SCHED-TRACE 159 75 V 4 2b889
SCHED-TRACE 160 75 O 0 0
SCHED-TRACE 161 75 P 1 4e15d70a
SCHED-TRACE 162 76 K 1 4e15d70a
SCHED-TRACE 163 76 P 1 4e276c8b
SCHED-TRACE 164 80 P 32 4e276c8b
SCHED-TRACE 165 80 W 32 4e276c8b
SCHED-TRACE 166 82 P 31 4e276c8b
SCHED-TRACE 167 82 W 31 4e276c8b
SCHED-TRACE 168 82 P 1 507ba5e3
SCHED-TRACE 169 82 D 1 507ba5e3
SCHED-TRACE 170 84 K 31 4e276c8b
SCHED-TRACE 171 85 P 31 4e471eb8
SCHED-TRACE 172 85 D 31 4e471eb8
SCHED-TRACE 173 87 K 32 4e276c8b
SCHED-TRACE 174 89 W 1 50a3ced9
SCHED-TRACE 175 89 P 32 4f2b8105
SCHED-TRACE 176 89 D 32 4f2b8105
SCHED-TRACE 177 91 K 1 50a3ced9
SCHED-TRACE 178 92 P 1 5101be76
SCHED-TRACE 179 92 D 1 5101be76
SCHED-TRACE 180 94 U 4 2d46a
SCHED-TRACE 181 94 V 4 2d480
SCHED-TRACE 182 95 P 32 5101be76
SCHED-TRACE 183 95 W 32 5101be76
SCHED-TRACE 184 95 P 31 5101be76
SCHED-TRACE 185 95 W 31 5101be76
SCHED-TRACE 186 95 U 4 38450
SCHED-TRACE 187 95 V 4 3846f
SCHED-TRACE 188 96 K 31 5101be76
SCHED-TRACE 189 97 P 31 511d1686
SCHED-TRACE 190 97 D 31 511d1686
SCHED-TRACE 191 99 K 32 5101be76
SCHED-TRACE 192 100 I 32 3897a
SCHED-TRACE 193 100 B 31 335
SCHED-TRACE 194 100 E 31 1
SCHED-TRACE 195 100 B 31 a3
SCHED-TRACE 196 100 B 31 59
SCHED-TRACE 197 101 W 31 514fdb22
SCHED-TRACE 198 101 B 31 281
SCHED-TRACE 199 101 P 31 515a1cab
SCHED-TRACE 200 101 O 0 1
SCHED-TRACE 201 101 I 32 3ad78
SCHED-TRACE 202 101 B 32 f0
SCHED-TRACE 203 101 P 32 5718e560
SCHED-TRACE 204 101 R 32 5718e560
SCHED-TRACE 205 102 U 4 3adf4
SCHED-TRACE 206 102 V 4 3ae19
SCHED-TRACE 207 102 O 0 0
SCHED-TRACE 208 102 P 32 572b8105
SCHED-TRACE 209 103 K 31 515a1cab
SCHED-TRACE 210 103 P 32 573edd2e
SCHED-TRACE 211 104 P 32 57487ef9
SCHED-TRACE 212 104 P 31 51a63957
SCHED-TRACE 213 104 P 31 51b1b22c
SCHED-TRACE 214 104 G 31 51b1b22c
SCHED-TRACE 215 104 g 31 148
SCHED-TRACE 216 104 v 31 3e800000001
SCHED-TRACE 217 104 f 31 51b1b22c
SCHED-TRACE 218 104 N 31 51b1b374
SCHED-TRACE 219 104 n 31 0
SCHED-TRACE 220 104 P 31 51b1b374
SCHED-TRACE 221 105 P 31 154271b374
SCHED-TRACE 222 105 G 31 154271b374
SCHED-TRACE 223 105 g 31 0
SCHED-TRACE 224 105 v 31 1000003e8
SCHED-TRACE 225 105 f 31 57487ef9
SCHED-TRACE 226 105 N 31 5ca36acd
SCHED-TRACE 227 105 n 31 5b
SCHED-TRACE 228 105 P 31 5ca36acd
SCHED-TRACE 229 105 X 37 3d381
SCHED-TRACE 230 105 Z 0 267
SCHED-TRACE 231 105 P 31 5d0feddf
SCHED-TRACE 232 105 G 31 5d0feddf
SCHED-TRACE 233 105 g 31 20b
SCHED-TRACE 234 105 v 31 3e8000003e8
SCHED-TRACE 235 105 f 31 57487ef9
SCHED-TRACE 236 105 N 31 5d0feddf
SCHED-TRACE 237 105 n 31 20b
SCHED-TRACE 238 105 L 31 5d0feddf
SCHED-TRACE 239 105 l 37 51a63957
SCHED-TRACE 240 105 e 37 51a63957
SCHED-TRACE 241 105 f 0 57487ef9
SCHED-TRACE 242 105 r 37 0
SCHED-TRACE 243 105 q 31 20b
SCHED-TRACE 244 105 w 0 3e7000003e8
SCHED-TRACE 245 105 A 31 5d0feddf
SCHED-TRACE 246 105 a 31 20b
SCHED-TRACE 247 105 Y 37 3d707
SCHED-TRACE 248 105 U 1 3d70b
SCHED-TRACE 249 105 V 1 42cbb
SCHED-TRACE 250 106 I 31 42cdf
SCHED-TRACE 251 106 B 31 f3
SCHED-TRACE 252 106 P 31 5d63f1f8
SCHED-TRACE 253 106 R 31 5d63f1f8
SCHED-TRACE 254 107 U 4 42d5b
SCHED-TRACE 255 107 V 4 42d7f
SCHED-TRACE 256 107 O 0 0
SCHED-TRACE 257 107 P 31 5d76750a
SCHED-TRACE 258 108 K 32 57487ef9
SCHED-TRACE 259 108 P 31 5d89d54c
SCHED-TRACE 260 109 P 31 5d9372fe
SCHED-TRACE 261 109 I 32 45517
SCHED-TRACE 262 109 B 32 f3
SCHED-TRACE 263 109 P 32 5d7eb439
SCHED-TRACE 264 109 R 32 5d7eb439
SCHED-TRACE 265 110 U 4 45593
SCHED-TRACE 266 110 V 4 455b8
SCHED-TRACE 267 110 O 0 0
SCHED-TRACE 268 110 P 32 5d914395
SCHED-TRACE 269 111 K 32 5d914395
SCHED-TRACE 270 111 P 32 5da49fbe
SCHED-TRACE 271 112 I 32 47d4f
SCHED-TRACE 272 112 B 32 f2
SCHED-TRACE 273 112 P 32 63e4624d
SCHED-TRACE 274 112 R 32 63e4624d
SCHED-TRACE 275 113 U 4 47dcb
SCHED-TRACE 276 113 V 4 47df1
SCHED-TRACE 277 113 O 0 0
SCHED-TRACE 278 113 P 32 63f71a9f
SCHED-TRACE 279 114 K 31 5d9372fe
SCHED-TRACE 280 114 P 32 640a8312
SCHED-TRACE 281 115 P 32 641428f5
SCHED-TRACE 282 116 I 31 4a588
SCHED-TRACE 283 116 B 31 f3
SCHED-TRACE 284 116 P 31 63c8c6f6
SCHED-TRACE 285 116 R 31 63c8c6f6
SCHED-TRACE 286 117 U 4 4a604
SCHED-TRACE 287 117 V 4 4a629
SCHED-TRACE 288 117 O 0 0
SCHED-TRACE 289 117 P 31 63db72fe
SCHED-TRACE 290 118 K 31 63db72fe
SCHED-TRACE 291 118 P 31 63eeb693
SCHED-TRACE 292 119 I 31 4cdc1
SCHED-TRACE 293 119 B 31 eb
SCHED-TRACE 294 119 P 31 6a2e856c
SCHED-TRACE 295 119 R 31 6a2e856c
SCHED-TRACE 296 120 U 4 4ce3d
SCHED-TRACE 297 120 V 4 4ce62
SCHED-TRACE 298 120 O 0 0
SCHED-TRACE 299 120 P 31 6a410c97
SCHED-TRACE 300 121 K 32 641428f5
SCHED-TRACE 301 121 P 31 6a546cd9
SCHED-TRACE 302 122 P 31 6a5e0ea4
SCHED-TRACE 303 122 I 32 4f5f9
SCHED-TRACE 304 122 B 32 f2
SCHED-TRACE 305 122 P 32 6a4a49ba
SCHED-TRACE 306 122 R 32 6a4a49ba
SCHED-TRACE 307 123 U 4 4f675
SCHED-TRACE 308 123 V 4 4f69b
SCHED-TRACE 309 123 O 0 0
SCHED-TRACE 310 123 P 32 6a5cf1a9
SCHED-TRACE 311 124 K 32 6a5cf1a9
SCHED-TRACE 312 124 P 32 6a7051eb
SCHED-TRACE 313 125 I 32 51e32
SCHED-TRACE 314 125 B 32 f1
SCHED-TRACE 315 125 P 32 70afffff
SCHED-TRACE 316 125 R 32 70afffff
SCHED-TRACE 317 126 U 4 51eae
SCHED-TRACE 318 126 V 4 51ed3
SCHED-TRACE 319 126 O 0 0
SCHED-TRACE 320 126 P 32 70c2a7ef
SCHED-TRACE 321 127 K 31 6a5e0ea4
SCHED-TRACE 322 127 P 32 70d60418
SCHED-TRACE 323 128 P 32 70dfae14
SCHED-TRACE 324 128 I 31 5466b
SCHED-TRACE 325 128 B 31 f1
SCHED-TRACE 326 128 P 31 70942b50
SCHED-TRACE 327 128 R 31 70942b50
SCHED-TRACE 328 129 U 4 546e7
SCHED-TRACE 329 129 V 4 5470c
SCHED-TRACE 330 129 O 0 0
SCHED-TRACE 331 129 P 31 70a6cb0e
SCHED-TRACE 332 130 K 31 70a6cb0e
SCHED-TRACE 333 130 P 31 70ba2b50
SCHED-TRACE 334 131 I 31 56ea4
SCHED-TRACE 335 131 B 31 f2
SCHED-TRACE 336 131 P 31 76f9fe41
SCHED-TRACE 337 131 R 31 76f9fe41
SCHED-TRACE 338 132 U 4 56f21
SCHED-TRACE 339 132 V 4 56f46
SCHED-TRACE 340 132 O 0 0
SCHED-TRACE 341 132 P 31 770cb27b
SCHED-TRACE 342 133 K 32 70dfae14
SCHED-TRACE 343 133 P 31 77201aed
SCHED-TRACE 344 134 P 31 7729b06e
SCHED-TRACE 345 134 I 32 596de
SCHED-TRACE 346 134 B 32 f2
SCHED-TRACE 347 134 P 32 7715e353
SCHED-TRACE 348 134 R 32 7715e353
SCHED-TRACE 349 135 U 4 5975a
SCHED-TRACE 350 135 V 4 59780
SCHED-TRACE 351 135 O 0 0
SCHED-TRACE 352 135 P 32 7728872a
SCHED-TRACE 353 136 K 32 7728872a
SCHED-TRACE 354 136 P 32 773be76c
SCHED-TRACE 355 137 I 32 5bf17
SCHED-TRACE 356 137 B 32 f3
SCHED-TRACE 357 137 P 32 7d7ba9fb
SCHED-TRACE 358 137 R 32 7d7ba9fb
SCHED-TRACE 359 138 U 4 5bf94
SCHED-TRACE 360 138 V 4 5bfb9
SCHED-TRACE 361 138 O 0 0
SCHED-TRACE 362 138 P 32 7d8e6e97
SCHED-TRACE 363 139 K 31 7729b06e
SCHED-TRACE 364 139 P 32 7da19db2
SCHED-TRACE 365 140 P 32 7dab2f1a
SCHED-TRACE 366 140 I 31 5e751
SCHED-TRACE 367 140 B 31 ef
SCHED-TRACE 368 140 P 31 7d5ff610
SCHED-TRACE 369 140 R 31 7d5ff610
SCHED-TRACE 370 141 U 4 5e7cd
SCHED-TRACE 371 141 V 4 5e7f3
SCHED-TRACE 372 141 O 0 0
SCHED-TRACE 373 141 P 31 7d72baac
SCHED-TRACE 374 142 K 31 7d72baac
SCHED-TRACE 375 142 P 31 7d8612bc
SCHED-TRACE 376 143 I 31 60f8a
SCHED-TRACE 377 143 B 31 f3
SCHED-TRACE 378 143 P 31 83c5d54c
SCHED-TRACE 379 143 R 31 83c5d54c
SCHED-TRACE 380 144 U 4 61006
SCHED-TRACE 381 144 V 4 6102a
SCHED-TRACE 382 144 O 0 0
SCHED-TRACE 383 144 P 31 83d83bb2
SCHED-TRACE 384 145 K 32 7dab2f1a
SCHED-TRACE 385 145 P 31 83eb7f47
SCHED-TRACE 386 146 P 31 83f510b0
SCHED-TRACE 387 146 I 32 637c1
SCHED-TRACE 388 146 B 32 f1
SCHED-TRACE 389 146 P 32 83e174bc
SCHED-TRACE 390 146 R 32 83e174bc
SCHED-TRACE 391 147 U 4 6383d
SCHED-TRACE 392 147 V 4 63862
SCHED-TRACE 393 147 O 0 0
SCHED-TRACE 394 147 P 32 83f3eb84
SCHED-TRACE 395 148 K 32 83f3eb84
SCHED-TRACE 396 148 P 32 84074395
SCHED-TRACE 397 149 I 32 65ff9
SCHED-TRACE 398 149 B 32 f4
SCHED-TRACE 399 149 P 32 8a47126e
SCHED-TRACE 400 149 R 32 8a47126e
SCHED-TRACE 401 150 U 4 66075
SCHED-TRACE 402 150 V 4 66099
SCHED-TRACE 403 150 O 0 0
SCHED-TRACE 404 150 P 32 8a596c8b
SCHED-TRACE 405 151 K 31 83f510b0
SCHED-TRACE 406 151 P 32 8a6cb020
SCHED-TRACE 407 152 P 32 8a7645a1
SCHED-TRACE 408 152 I 31 68830
SCHED-TRACE 409 152 B 31 f2
SCHED-TRACE 410 152 P 31 8a2b5a6a
SCHED-TRACE 411 152 R 31 8a2b5a6a
SCHED-TRACE 412 153 U 4 688ac
SCHED-TRACE 413 153 V 4 688d0
SCHED-TRACE 414 153 O 0 0
SCHED-TRACE 415 153 P 31 8a3ddd7d
SCHED-TRACE 416 154 K 31 8a3ddd7d
SCHED-TRACE 417 154 P 31 8a512d5c
SCHED-TRACE 418 155 I 31 6b067
SCHED-TRACE 419 155 B 31 f2
SCHED-TRACE 420 155 P 31 9090f81c
SCHED-TRACE 421 155 R 31 9090f81c
SCHED-TRACE 422 156 U 4 6b0e2
SCHED-TRACE 423 156 V 4 6b107
SCHED-TRACE 424 156 O 0 0
SCHED-TRACE 425 156 P 31 90a366b4
SCHED-TRACE 426 157 K 32 8a7645a1
SCHED-TRACE 427 157 P 31 90b6b27b
SCHED-TRACE 428 158 P 31 90c0585e
SCHED-TRACE 429 158 I 32 6d89d
SCHED-TRACE 430 158 B 32 f2
SCHED-TRACE 431 158 P 32 90ac51eb
SCHED-TRACE 432 158 R 32 90ac51eb
SCHED-TRACE 433 159 U 4 6d919
SCHED-TRACE 434 159 V 4 6d93e
SCHED-TRACE 435 159 O 0 0
SCHED-TRACE 436 159 P 32 90bed4fd
SCHED-TRACE 437 160 K 32 90bed4fd
SCHED-TRACE 438 160 P 32 90d224dd
SCHED-TRACE 439 161 I 32 700d4
SCHED-TRACE 440 161 B 32 ee
SCHED-TRACE 441 161 P 32 9711cac0
SCHED-TRACE 442 161 R 32 9711cac0
SCHED-TRACE 443 162 U 4 7014d
SCHED-TRACE 444 162 V 4 70171
SCHED-TRACE 445 162 O 0 0
SCHED-TRACE 446 162 P 32 9723e353
SCHED-TRACE 447 163 K 31 90c0585e
SCHED-TRACE 448 163 P 32 973747ad
SCHED-TRACE 449 164 P 32 9740e978
SCHED-TRACE 450 164 I 31 72907
SCHED-TRACE 451 164 B 31 f3
SCHED-TRACE 452 164 P 31 96f68154
SCHED-TRACE 453 164 R 31 96f68154
SCHED-TRACE 454 165 U 4 72983
SCHED-TRACE 455 165 V 4 729a8
SCHED-TRACE 456 165 O 0 0
SCHED-TRACE 457 165 P 31 970910b0
SCHED-TRACE 458 166 K 31 970910b0
SCHED-TRACE 459 166 P 31 971c70f1
SCHED-TRACE 460 167 I 31 7513f
SCHED-TRACE 461 167 B 31 f1
SCHED-TRACE 462 167 P 31 9d5c2f68
SCHED-TRACE 463 167 R 31 9d5c2f68
SCHED-TRACE 464 168 U 4 751bb
SCHED-TRACE 465 168 V 4 751e0
SCHED-TRACE 466 168 O 0 0
SCHED-TRACE 467 168 P 31 9d6ee3a2
SCHED-TRACE 468 169 K 32 9740e978
SCHED-TRACE 469 169 P 31 9d8247fc
SCHED-TRACE 470 170 P 31 9d8be5ae
SCHED-TRACE 471 170 I 32 77978
SCHED-TRACE 472 170 B 32 f4
SCHED-TRACE 473 170 P 32 9d7722d0
SCHED-TRACE 474 170 R 32 9d7722d0
SCHED-TRACE 475 171 U 4 779f4
SCHED-TRACE 476 171 V 4 77a1a
SCHED-TRACE 477 171 O 0 0
SCHED-TRACE 478 171 P 32 9d89db22
SCHED-TRACE 479 172 K 32 9d89db22
SCHED-TRACE 480 172 P 32 9d9d4395
SCHED-TRACE 481 173 I 32 7a1b2
SCHED-TRACE 482 173 B 32 f3
SCHED-TRACE 483 173 P 32 a3dd126e
SCHED-TRACE 484 173 R 32 a3dd126e
SCHED-TRACE 485 174 U 4 7a22f
SCHED-TRACE 486 174 V 4 7a254
SCHED-TRACE 487 174 O 0 0
SCHED-TRACE 488 174 P 32 a3efba5e
SCHED-TRACE 489 175 K 31 9d8be5ae
SCHED-TRACE 490 175 P 32 a4031eb8
SCHED-TRACE 491 176 P 32 a40cc082
SCHED-TRACE 492 176 I 31 7c9eb
SCHED-TRACE 493 176 B 31 f3
SCHED-TRACE 494 176 P 31 a3c1f610
SCHED-TRACE 495 176 R 31 a3c1f610
SCHED-TRACE 496 177 U 4 7ca68
SCHED-TRACE 497 177 V 4 7ca8d
SCHED-TRACE 498 177 O 0 0
SCHED-TRACE 499 177 P 31 a3d4aa4a
SCHED-TRACE 500 178 K 31 a3d4aa4a
SCHED-TRACE 501 178 P 31 a3e812bc
SCHED-TRACE 502 179 I 31 7f225
SCHED-TRACE 503 179 B 31 f4
SCHED-TRACE 504 179 P 31 aa27d133
SCHED-TRACE 505 179 R 31 aa27d133
SCHED-TRACE 506 180 U 4 7f2a2
SCHED-TRACE 507 180 V 4 7f2c8
SCHED-TRACE 508 180 O 0 0
SCHED-TRACE 509 180 P 31 aa3a91b6
SCHED-TRACE 510 181 K 32 a40cc082
SCHED-TRACE 511 181 P 31 aa4de9c6
SCHED-TRACE 512 182 P 31 aa578b91
SCHED-TRACE 513 182 I 32 81a5f
SCHED-TRACE 514 182 B 32 ef
SCHED-TRACE 515 182 P 32 aa42d0e5
SCHED-TRACE 516 182 R 32 aa42d0e5
SCHED-TRACE 517 183 U 4 81adb
SCHED-TRACE 518 183 V 4 81b00
SCHED-TRACE 519 183 O 0 0
SCHED-TRACE 520 183 P 32 aa556872
SCHED-TRACE 521 184 K 32 aa556872
SCHED-TRACE 522 184 P 32 aa68cccc
SCHED-TRACE 523 185 I 32 84297
SCHED-TRACE 524 185 B 32 f3
SCHED-TRACE 525 185 P 32 b0a88b43
SCHED-TRACE 526 185 R 32 b0a88b43
SCHED-TRACE 527 186 U 4 84313
SCHED-TRACE 528 186 V 4 84338
SCHED-TRACE 529 186 O 0 0
SCHED-TRACE 530 186 P 32 b0bb2b01
SCHED-TRACE 531 187 K 31 aa578b91
SCHED-TRACE 532 187 P 32 b0ce8b43
SCHED-TRACE 533 188 P 32 b0d828f5
SCHED-TRACE 534 188 I 31 86ad0
SCHED-TRACE 535 188 B 31 f1
SCHED-TRACE 536 188 P 31 b08db487
SCHED-TRACE 537 188 R 31 b08db487
SCHED-TRACE 538 189 U 4 86b4d
SCHED-TRACE 539 189 V 4 86b72
SCHED-TRACE 540 189 O 0 0
SCHED-TRACE 541 189 P 31 b0a068c0
SCHED-TRACE 542 190 K 31 b0a068c0
SCHED-TRACE 543 190 P 31 b0b3d964
SCHED-TRACE 544 191 I 31 8930a
SCHED-TRACE 545 191 B 31 f4
SCHED-TRACE 546 191 P 31 b6f3a83d
SCHED-TRACE 547 191 R 31 b6f3a83d
SCHED-TRACE 548 192 U 4 89387
SCHED-TRACE 549 192 V 4 893ac
SCHED-TRACE 550 192 O 0 0
SCHED-TRACE 551 192 P 31 b706502d
SCHED-TRACE 552 193 K 32 b0d828f5
SCHED-TRACE 553 193 P 31 b719a425
SCHED-TRACE 554 194 P 31 b72341d7
SCHED-TRACE 555 194 I 32 8bb43
SCHED-TRACE 556 194 B 32 f2
SCHED-TRACE 557 194 P 32 b70e4189
SCHED-TRACE 558 194 R 32 b70e4189
SCHED-TRACE 559 195 U 4 8bbc0
SCHED-TRACE 560 195 V 4 8bbe6
SCHED-TRACE 561 195 O 0 0
SCHED-TRACE 562 195 P 32 b7210a3d
SCHED-TRACE 563 196 K 32 b7210a3d
SCHED-TRACE 564 196 P 32 b7346a7e
SCHED-TRACE 565 197 I 32 8e37d
SCHED-TRACE 566 197 B 32 f2
SCHED-TRACE 567 197 P 32 bd7424dd
SCHED-TRACE 568 197 R 32 bd7424dd
SCHED-TRACE 569 198 U 4 8e3fa
SCHED-TRACE 570 198 V 4 8e41f
SCHED-TRACE 571 198 O 0 0
SCHED-TRACE 572 198 P 32 bd86d916
SCHED-TRACE 573 199 K 31 b72341d7
SCHED-TRACE 574 199 P 32 bd9a3d70
SCHED-TRACE 575 200 P 32 bda3df3b
SCHED-TRACE 576 200 I 31 90bb6
SCHED-TRACE 577 200 B 31 f3
SCHED-TRACE 578 200 P 31 bd594a08
SCHED-TRACE 579 200 R 31 bd594a08
SCHED-TRACE 580 201 U 4 90c33
SCHED-TRACE 581 201 V 4 90c58
SCHED-TRACE 582 201 O 0 0
SCHED-TRACE 583 201 P 31 bd6beddf
SCHED-TRACE 584 202 K 31 bd6beddf
SCHED-TRACE 585 202 P 31 bd7f358d
SCHED-TRACE 586 203 I 31 933ef
SCHED-TRACE 587 203 B 31 ee
SCHED-TRACE 588 203 P 31 c3beefeb
SCHED-TRACE 589 203 R 31 c3beefeb
SCHED-TRACE 590 204 U 4 9346b
SCHED-TRACE 591 204 V 4 93490
SCHED-TRACE 592 204 O 0 0
SCHED-TRACE 593 204 P 31 c3d18360
SCHED-TRACE 594 205 K 32 bda3df3b
SCHED-TRACE 595 205 P 31 c3e4e3a2
SCHED-TRACE 596 206 P 31 c3ee8154
SCHED-TRACE 597 206 I 32 95c27
SCHED-TRACE 598 206 B 32 f3
SCHED-TRACE 599 206 P 32 c3d9ef9d
SCHED-TRACE 600 206 R 32 c3d9ef9d
SCHED-TRACE 601 207 U 4 95ca3
SCHED-TRACE 602 207 V 4 95cc9
SCHED-TRACE 603 207 O 0 0
SCHED-TRACE 604 207 P 32 c3ec978d
SCHED-TRACE 605 208 K 32 c3ec978d
SCHED-TRACE 606 208 P 32 c3fffbe7
SCHED-TRACE 607 209 I 32 98460
SCHED-TRACE 608 209 B 32 f3
SCHED-TRACE 609 209 P 32 ca3fba5e
SCHED-TRACE 610 209 R 32 ca3fba5e
SCHED-TRACE 611 210 U 4 984dc
SCHED-TRACE 612 210 V 4 98501
SCHED-TRACE 613 210 O 0 0
SCHED-TRACE 614 210 P 32 ca5251eb
SCHED-TRACE 615 211 K 31 c3ee8154
SCHED-TRACE 616 211 P 32 ca65ae14
SCHED-TRACE 617 212 P 32 ca6f5810
SCHED-TRACE 618 212 I 31 9ac98
SCHED-TRACE 619 212 B 31 f3
SCHED-TRACE 620 212 P 31 ca248985
SCHED-TRACE 621 212 R 31 ca248985
SCHED-TRACE 622 213 U 4 9ad15
SCHED-TRACE 623 213 V 4 9ad3a
SCHED-TRACE 624 213 O 0 0
SCHED-TRACE 625 213 P 31 ca3739a6
SCHED-TRACE 626 214 K 31 ca3739a6
SCHED-TRACE 627 214 P 31 ca4a9e00
SCHED-TRACE 628 215 I 31 9d4d1
SCHED-TRACE 629 215 B 31 f1
SCHED-TRACE 630 215 P 31 d08a47fc
SCHED-TRACE 631 215 R 31 d08a47fc
SCHED-TRACE 632 216 U 4 9d54d
SCHED-TRACE 633 216 V 4 9d573
SCHED-TRACE 634 216 O 0 0
SCHED-TRACE 635 216 P 31 d09cefeb
SCHED-TRACE 636 217 K 32 ca6f5810
SCHED-TRACE 637 217 P 31 d0b0608f
SCHED-TRACE 638 218 P 31 d0ba0672
SCHED-TRACE 639 218 I 32 9fd0a
SCHED-TRACE 640 218 B 32 f3
SCHED-TRACE 641 218 P 32 d0a56459
SCHED-TRACE 642 218 R 32 d0a56459
SCHED-TRACE 643 219 U 4 9fd87
SCHED-TRACE 644 219 V 4 9fdac
SCHED-TRACE 645 219 O 0 0
SCHED-TRACE 646 219 P 32 d0b8147a
SCHED-TRACE 647 220 K 32 d0b8147a
SCHED-TRACE 648 220 P 32 d0cb8937
SCHED-TRACE 649 221 I 32 a2544
SCHED-TRACE 650 221 B 32 f4
SCHED-TRACE 651 221 P 32 d70b4395
SCHED-TRACE 652 221 R 32 d70b4395
SCHED-TRACE 653 222 U 4 a25c0
SCHED-TRACE 654 222 V 4 a25e6
SCHED-TRACE 655 222 O 0 0
SCHED-TRACE 656 222 P 32 d71e0830
SCHED-TRACE 657 223 K 31 d0ba0672
SCHED-TRACE 658 223 P 32 d7316459
SCHED-TRACE 659 224 P 32 d73b0a3d
SCHED-TRACE 660 224 I 31 a4d7e
SCHED-TRACE 661 224 B 31 f0
SCHED-TRACE 662 224 P 31 d6f02b50
SCHED-TRACE 663 224 R 31 d6f02b50
SCHED-TRACE 664 225 U 4 a4dfa
SCHED-TRACE 665 225 V 4 a4e20
SCHED-TRACE 666 225 O 0 0
SCHED-TRACE 667 225 P 31 d702e7ba
SCHED-TRACE 668 226 K 31 d702e7ba
SCHED-TRACE 669 226 P 31 d7165445
SCHED-TRACE 670 227 I 31 a75b7
SCHED-TRACE 671 227 B 31 f2
SCHED-TRACE 672 227 P 31 dd55fe41
SCHED-TRACE 673 227 R 31 dd55fe41
SCHED-TRACE 674 228 U 4 a7634
SCHED-TRACE 675 228 V 4 a765a
SCHED-TRACE 676 228 O 0 0
SCHED-TRACE 677 228 P 31 dd68bec4
SCHED-TRACE 678 229 K 32 d73b0a3d
SCHED-TRACE 679 229 P 31 dd7c2737
SCHED-TRACE 680 230 P 31 dd85c902
SCHED-TRACE 681 230 I 32 a9df2
SCHED-TRACE 682 230 B 32 f2
SCHED-TRACE 683 230 P 32 dd71374b
SCHED-TRACE 684 230 R 32 dd71374b
SCHED-TRACE 685 231 U 4 a9e6f
SCHED-TRACE 686 231 V 4 a9e94
SCHED-TRACE 687 231 O 0 0
SCHED-TRACE 688 231 P 32 dd83eb84
SCHED-TRACE 689 232 K 32 dd83eb84
SCHED-TRACE 690 232 P 32 dd975c28
SCHED-TRACE 691 233 I 32 ac62c
SCHED-TRACE 692 233 B 32 f3
SCHED-TRACE 693 233 P 32 e3d70e55
SCHED-TRACE 694 233 R 32 e3d70e55
SCHED-TRACE 695 234 U 4 ac6a9
SCHED-TRACE 696 234 V 4 ac6cf
SCHED-TRACE 697 234 O 0 0
SCHED-TRACE 698 234 P 32 e3e9ced8
SCHED-TRACE 699 235 K 31 dd85c902
SCHED-TRACE 700 235 P 32 e3fd3333
SCHED-TRACE 701 236 P 32 e406dd2e
SCHED-TRACE 702 236 I 31 aee66
SCHED-TRACE 703 236 B 31 f1
SCHED-TRACE 704 236 P 31 e3bbd133
SCHED-TRACE 705 236 R 31 e3bbd133
SCHED-TRACE 706 237 U 4 aeee3
SCHED-TRACE 707 237 V 4 aef09
SCHED-TRACE 708 237 O 0 0
SCHED-TRACE 709 237 P 31 e3cea631
SCHED-TRACE 710 238 K 31 e3cea631
SCHED-TRACE 711 238 P 31 e3e216d5
SCHED-TRACE 712 239 I 31 b16a1
SCHED-TRACE 713 239 B 31 f3
SCHED-TRACE 714 239 P 31 ea21d54c
SCHED-TRACE 715 239 R 31 ea21d54c
SCHED-TRACE 716 240 U 4 b171e
SCHED-TRACE 717 240 V 4 b1743
SCHED-TRACE 718 240 O 0 0
SCHED-TRACE 719 240 P 31 ea3491b6
SCHED-TRACE 720 241 K 32 e406dd2e
SCHED-TRACE 721 241 P 31 ea48025a
SCHED-TRACE 722 242 P 31 ea519bf4
SCHED-TRACE 723 242 I 32 b3edb
SCHED-TRACE 724 242 B 32 f3
SCHED-TRACE 725 242 P 32 ea3cfdf3
SCHED-TRACE 726 242 R 32 ea3cfdf3
SCHED-TRACE 727 243 U 4 b3f58
SCHED-TRACE 728 243 V 4 b3f7e
SCHED-TRACE 729 243 O 0 0
SCHED-TRACE 730 243 P 32 ea4fc28f
SCHED-TRACE 731 244 K 32 ea4fc28f
SCHED-TRACE 732 244 P 32 ea630e55
SCHED-TRACE 733 245 I 32 b6716
SCHED-TRACE 734 245 B 32 ef
SCHED-TRACE 735 245 P 32 f0a2ed91
SCHED-TRACE 736 245 R 32 f0a2ed91
SCHED-TRACE 737 246 U 4 b6792
SCHED-TRACE 738 246 V 4 b67b8
SCHED-TRACE 739 246 O 0 0
SCHED-TRACE 740 246 P 32 f0b5a1ca
SCHED-TRACE 741 247 K 31 ea519bf4
SCHED-TRACE 742 247 P 32 f0c9020c
SCHED-TRACE 743 248 P 32 f0d2a3d6
SCHED-TRACE 744 248 I 31 b8f50
SCHED-TRACE 745 248 B 31 f4
SCHED-TRACE 746 248 P 31 f087c902
SCHED-TRACE 747 248 R 31 f087c902
SCHED-TRACE 748 249 U 4 b8fcd
SCHED-TRACE 749 249 V 4 b8ff3
SCHED-TRACE 750 249 O 0 0
SCHED-TRACE 751 249 P 31 f09aaa4a
SCHED-TRACE 752 250 K 31 f09aaa4a
SCHED-TRACE 753 250 P 31 f0adfe41
SCHED-TRACE 754 251 I 31 bb78b
SCHED-TRACE 755 251 B 31 f3
SCHED-TRACE 756 251 P 31 f6edd964
SCHED-TRACE 757 251 R 31 f6edd964
SCHED-TRACE 758 252 U 4 bb808
SCHED-TRACE 759 252 V 4 bb82d
SCHED-TRACE 760 252 O 0 0
SCHED-TRACE 761 252 P 31 f7007d3b
SCHED-TRACE 762 253 K 32 f0d2a3d6
SCHED-TRACE 763 253 P 31 f713e195
SCHED-TRACE 764 254 P 31 f71d7f47
SCHED-TRACE 765 254 I 32 bdfc4
SCHED-TRACE 766 254 B 32 f4
SCHED-TRACE 767 254 P 32 f708bc6a
SCHED-TRACE 768 254 R 32 f708bc6a
SCHED-TRACE 769 255 U 4 be041
SCHED-TRACE 770 255 V 4 be066
SCHED-TRACE 771 255 O 0 0
SCHED-TRACE 772 255 P 32 f71b374b
SCHED-TRACE 773 256 K 32 f71b374b
SCHED-TRACE 774 256 P 32 f72e8312
SCHED-TRACE 775 257 I 32 c07fd
SCHED-TRACE 776 257 B 32 f1
SCHED-TRACE 777 257 P 32 fd6e5a1c
SCHED-TRACE 778 257 R 32 fd6e5a1c
SCHED-TRACE 779 258 U 4 c0879
SCHED-TRACE 780 258 V 4 c089d
SCHED-TRACE 781 258 O 0 0
SCHED-TRACE 782 258 P 32 fd80d4fd
SCHED-TRACE 783 259 K 31 f71d7f47
SCHED-TRACE 784 259 P 32 fd942d0e
SCHED-TRACE 785 260 P 32 fd9dc6a7
SCHED-TRACE 786 260 I 31 c3034
SCHED-TRACE 787 260 B 31 f4
SCHED-TRACE 788 260 P 31 fd53a425
SCHED-TRACE 789 260 R 31 fd53a425
SCHED-TRACE 790 261 U 4 c30b0
SCHED-TRACE 791 261 V 4 c30d4
SCHED-TRACE 792 261 O 0 0
SCHED-TRACE 793 261 P 31 fd662737
SCHED-TRACE 794 262 K 31 fd662737
SCHED-TRACE 795 262 P 31 fd797f47
SCHED-TRACE 796 263 I 31 c586b
SCHED-TRACE 797 263 B 31 f5
SCHED-TRACE 798 263 P 31 103b941d7
SCHED-TRACE 799 263 R 31 103b941d7
SCHED-TRACE 800 264 U 4 c58e7
SCHED-TRACE 801 264 V 4 c590c
SCHED-TRACE 802 264 O 0 0
SCHED-TRACE 803 264 P 31 103cbd964
SCHED-TRACE 804 265 K 32 fd9dc6a7
SCHED-TRACE 805 265 P 31 103df2943
SCHED-TRACE 806 266 P 31 103e8d33f
SCHED-TRACE 807 266 I 32 c80a3
SCHED-TRACE 808 266 B 32 f0
SCHED-TRACE 809 266 P 32 103d3ced8
SCHED-TRACE 810 266 R 32 103d3ced8
SCHED-TRACE 811 267 U 4 c811d
SCHED-TRACE 812 267 V 4 c8141
SCHED-TRACE 813 267 O 0 0
SCHED-TRACE 814 267 P 32 103e60830
SCHED-TRACE 815 268 K 32 103e60830
SCHED-TRACE 816 268 P 32 103f95c28
SCHED-TRACE 817 269 I 32 ca8d7
SCHED-TRACE 818 269 B 32 f4
SCHED-TRACE 819 269 P 32 10a3926e9
SCHED-TRACE 820 269 R 32 10a3926e9
SCHED-TRACE 821 270 U 4 ca953
SCHED-TRACE 822 270 V 4 ca978
SCHED-TRACE 823 270 O 0 0
SCHED-TRACE 824 270 P 32 10a4bbe76
SCHED-TRACE 825 271 K 31 103e8d33f
SCHED-TRACE 826 271 P 32 10a5f2b01
SCHED-TRACE 827 272 P 32 10a68d0e5
SCHED-TRACE 828 272 I 31 cd110
SCHED-TRACE 829 272 B 31 f1
SCHED-TRACE 830 272 P 31 10a1ef81c
SCHED-TRACE 831 272 R 31 10a1ef81c
SCHED-TRACE 832 273 U 4 cd18c
SCHED-TRACE 833 273 V 4 cd1b0
SCHED-TRACE 834 273 O 0 0
SCHED-TRACE 835 273 P 31 10a318faa
SCHED-TRACE 836 274 K 31 10a318faa
SCHED-TRACE 837 274 P 31 10a44fc35
SCHED-TRACE 838 275 I 31 cf948
SCHED-TRACE 839 275 B 31 f3
SCHED-TRACE 840 275 P 31 11084ae62
SCHED-TRACE 841 275 R 31 11084ae62
SCHED-TRACE 842 276 U 4 cf9c5
SCHED-TRACE 843 276 V 4 cf9eb
SCHED-TRACE 844 276 O 0 0
SCHED-TRACE 845 276 P 31 110978779
SCHED-TRACE 846 277 K 32 10a68d0e5
SCHED-TRACE 847 277 P 31 110aaf404
SCHED-TRACE 848 278 P 31 110b499e7
SCHED-TRACE 849 278 I 32 d2183
SCHED-TRACE 850 278 B 32 f2
SCHED-TRACE 851 278 P 32 1109ef5c2
SCHED-TRACE 852 278 R 32 1109ef5c2
SCHED-TRACE 853 279 U 4 d21fe
SCHED-TRACE 854 279 V 4 d2224
SCHED-TRACE 855 279 O 0 0
SCHED-TRACE 856 279 P 32 110b1a1ca
SCHED-TRACE 857 280 K 32 110b1a1ca
SCHED-TRACE 858 280 P 32 110c50624
SCHED-TRACE 859 281 I 32 d49bb
SCHED-TRACE 860 281 B 32 f3
SCHED-TRACE 861 281 P 32 11704bc6a
SCHED-TRACE 862 281 R 32 11704bc6a
SCHED-TRACE 863 282 U 4 d4a38
SCHED-TRACE 864 282 V 4 d4a5d
SCHED-TRACE 865 282 O 0 0
SCHED-TRACE 866 282 P 32 1171778d4
SCHED-TRACE 867 283 K 31 110b499e7
SCHED-TRACE 868 283 P 32 1172ae560
SCHED-TRACE 869 284 P 32 117348b43
SCHED-TRACE 870 284 I 31 d71f5
SCHED-TRACE 871 284 B 31 f4
SCHED-TRACE 872 284 P 31 116eaaa4a
SCHED-TRACE 873 284 R 31 116eaaa4a
SCHED-TRACE 874 285 U 4 d7272
SCHED-TRACE 875 285 V 4 d7298
SCHED-TRACE 876 285 O 0 0
SCHED-TRACE 877 285 P 31 116fd7716
SCHED-TRACE 878 286 K 31 116fd7716
SCHED-TRACE 879 286 P 31 11710cf27
SCHED-TRACE 880 287 I 31 d9a30
SCHED-TRACE 881 287 B 31 ed
SCHED-TRACE 882 287 P 31 11d5091b6
SCHED-TRACE 883 287 R 31 11d5091b6
SCHED-TRACE 884 288 U 4 d9aac
SCHED-TRACE 885 288 V 4 d9ad2
SCHED-TRACE 886 288 O 0 0
SCHED-TRACE 887 288 P 31 11d633dbe
SCHED-TRACE 888 289 K 32 117348b43
SCHED-TRACE 889 289 P 31 11d76aa4a
SCHED-TRACE 890 290 P 31 11d80502d
SCHED-TRACE 891 290 I 32 dc269
SCHED-TRACE 892 290 B 32 f3
SCHED-TRACE 893 290 P 32 11d6a9374
SCHED-TRACE 894 290 R 32 11d6a9374
SCHED-TRACE 895 291 U 4 dc2e6
SCHED-TRACE 896 291 V 4 dc30b
SCHED-TRACE 897 291 O 0 0
SCHED-TRACE 898 291 P 32 11d7d47ad
SCHED-TRACE 899 292 K 32 11d7d47ad
SCHED-TRACE 900 292 P 32 11d90b020
SCHED-TRACE 901 293 I 32 deaa3
SCHED-TRACE 902 293 B 32 f2
SCHED-TRACE 903 293 P 32 123d072af
SCHED-TRACE 904 293 R 32 123d072af
SCHED-TRACE 905 294 U 4 deb20
SCHED-TRACE 906 294 V 4 deb46
SCHED-TRACE 907 294 O 0 0
SCHED-TRACE 908 294 P 32 123e33f7c
SCHED-TRACE 909 295 K 31 11d80502d
SCHED-TRACE 910 295 P 32 123f6b851
SCHED-TRACE 911 296 P 32 124005e35
SCHED-TRACE 912 296 I 31 e12de
SCHED-TRACE 913 296 B 31 f4
SCHED-TRACE 914 296 P 31 123b66cd9
SCHED-TRACE 915 296 R 31 123b66cd9
SCHED-TRACE 916 297 U 4 e135b
SCHED-TRACE 917 297 V 4 e1380
SCHED-TRACE 918 297 O 0 0
SCHED-TRACE 919 297 P 31 123c92943
SCHED-TRACE 920 298 K 31 123c92943
SCHED-TRACE 921 298 P 31 123dc8d9d
SCHED-TRACE 922 299 I 31 e3b18
SCHED-TRACE 923 299 B 31 f2
SCHED-TRACE 924 299 P 31 12a1c502d
SCHED-TRACE 925 299 R 31 12a1c502d
SCHED-TRACE 926 300 U 4 e3b95
SCHED-TRACE 927 300 V 4 e3bbb
SCHED-TRACE 928 300 O 0 0
SCHED-TRACE 929 300 P 31 12a2f18e1
SCHED-TRACE 930 301 K 32 124005e35
SCHED-TRACE 931 301 P 31 12a428154
SCHED-TRACE 932 302 P 31 12a4c231f
SCHED-TRACE 933 302 I 32 e6352
SCHED-TRACE 934 302 B 32 f4
SCHED-TRACE 935 302 P 32 12a366666
SCHED-TRACE 936 302 R 32 12a366666
SCHED-TRACE 937 303 U 4 e63cf
SCHED-TRACE 938 303 V 4 e63f5
SCHED-TRACE 939 303 O 0 0
SCHED-TRACE 940 303 P 32 12a493333
SCHED-TRACE 941 304 K 32 12a493333
SCHED-TRACE 942 304 P 32 12a5c9ba5
SCHED-TRACE 943 305 I 32 e8b8c
SCHED-TRACE 944 305 B 32 f4
SCHED-TRACE 945 305 P 32 1309c4dd2
SCHED-TRACE 946 305 R 32 1309c4dd2
SCHED-TRACE 947 306 U 4 e8c09
SCHED-TRACE 948 306 V 4 e8c2e
SCHED-TRACE 949 306 O 0 0
SCHED-TRACE 950 306 P 32 130aefdf3
SCHED-TRACE 951 307 K 31 12a4c231f
SCHED-TRACE 952 307 P 32 130c25603
SCHED-TRACE 953 308 P 32 130cbfbe7
SCHED-TRACE 954 308 I 31 eb3c6
SCHED-TRACE 955 308 B 31 f0
SCHED-TRACE 956 308 P 31 130824c14
SCHED-TRACE 957 308 R 31 130824c14
SCHED-TRACE 958 309 U 4 eb443
SCHED-TRACE 959 309 V 4 eb468
SCHED-TRACE 960 309 O 0 0
SCHED-TRACE 961 309 P 31 13094f81c
SCHED-TRACE 962 310 K 31 13094f81c
SCHED-TRACE 963 310 P 31 130a864a8
SCHED-TRACE 964 311 I 31 edc00
SCHED-TRACE 965 311 B 31 f3
SCHED-TRACE 966 311 P 31 136e82b50
SCHED-TRACE 967 311 R 31 136e82b50
SCHED-TRACE 968 312 U 4 edc7d
SCHED-TRACE 969 312 V 4 edca3
SCHED-TRACE 970 312 O 0 0
SCHED-TRACE 971 312 P 31 136fae7ba
SCHED-TRACE 972 313 K 32 130cbfbe7
SCHED-TRACE 973 313 P 31 1370e502d
SCHED-TRACE 974 314 P 31 13717f1f8
SCHED-TRACE 975 314 I 32 f043a
SCHED-TRACE 976 314 B 32 f3
SCHED-TRACE 977 314 P 32 13702147a
SCHED-TRACE 978 314 R 32 13702147a
SCHED-TRACE 979 315 U 4 f04b6
SCHED-TRACE 980 315 V 4 f04db
SCHED-TRACE 981 315 O 0 0
SCHED-TRACE 982 315 P 32 13714b020
SCHED-TRACE 983 316 K 32 13714b020
SCHED-TRACE 984 316 P 32 13728147a
SCHED-TRACE 985 317 I 32 f2c73
SCHED-TRACE 986 317 B 32 f5
SCHED-TRACE 987 317 P 32 13d67e76c
SCHED-TRACE 988 317 R 32 13d67e76c
SCHED-TRACE 989 318 U 4 f2cf0
SCHED-TRACE 990 318 V 4 f2d15
SCHED-TRACE 991 318 O 0 0
SCHED-TRACE 992 318 P 32 13d7aa3d6
SCHED-TRACE 993 319 K 31 13717f1f8
SCHED-TRACE 994 319 P 32 13d8df3b6
SCHED-TRACE 995 320 P 32 13d97a1ca
SCHED-TRACE 996 320 I 31 f54ad
SCHED-TRACE 997 320 B 31 ed
SCHED-TRACE 998 320 P 31 13d4e025a
SCHED-TRACE 999 320 R 31 13d4e025a
SCHED-TRACE 1000 321 U 4 f5527
SCHED-TRACE 1001 321 V 4 f554a
SCHED-TRACE 1002 321 O 0 0
SCHED-TRACE 1003 321 P 31 13d601aed
SCHED-TRACE 1004 322 K 31 13d601aed
SCHED-TRACE 1005 322 P 31 13d73358d
SCHED-TRACE 1006 323 I 31 f7cdf
SCHED-TRACE 1007 323 B 31 ed
SCHED-TRACE 1008 323 P 31 143b3087f
SCHED-TRACE 1009 323 R 31 143b3087f
SCHED-TRACE 1010 324 U 4 f7d59
SCHED-TRACE 1011 324 V 4 f7d7c
SCHED-TRACE 1012 324 O 0 0
SCHED-TRACE 1013 324 P 31 143c53dbe
SCHED-TRACE 1014 325 K 32 13d97a1ca
SCHED-TRACE 1015 325 P 31 143d8750a
SCHED-TRACE 1016 326 P 31 143e1fe41
SCHED-TRACE 1017 326 I 32 fa512
SCHED-TRACE 1018 326 B 32 f0
SCHED-TRACE 1019 326 P 32 143cdd70a
SCHED-TRACE 1020 326 R 32 143cdd70a
SCHED-TRACE 1021 327 U 4 fa58c
SCHED-TRACE 1022 327 V 4 fa5b0
SCHED-TRACE 1023 327 O 0 0
SCHED-TRACE 1024 327 P 32 143e0147a
SCHED-TRACE 1025 328 K 32 143e0147a
SCHED-TRACE 1026 328 P 32 143f34bc6
SCHED-TRACE 1027 329 I 32 fcd46
SCHED-TRACE 1028 329 B 32 ef
SCHED-TRACE 1029 329 P 32 14a33126e
SCHED-TRACE 1030 329 R 32 14a33126e
SCHED-TRACE 1031 330 U 4 fcdc1
SCHED-TRACE 1032 330 V 4 fcde5
SCHED-TRACE 1033 330 O 0 0
SCHED-TRACE 1034 330 P 32 14a456459
SCHED-TRACE 1035 331 K 31 143e1fe41
SCHED-TRACE 1036 331 P 32 14a589374
SCHED-TRACE 1037 332 P 32 14a6224dd
SCHED-TRACE 1038 332 I 31 ff57b
SCHED-TRACE 1039 332 B 31 ec
SCHED-TRACE 1040 332 P 31 14a183799
SCHED-TRACE 1041 332 R 31 14a183799
SCHED-TRACE 1042 333 U 4 ff5f6
SCHED-TRACE 1043 333 V 4 ff61a
SCHED-TRACE 1044 333 O 0 0
SCHED-TRACE 1045 333 P 31 14a2aa631
SCHED-TRACE 1046 334 K 31 14a2aa631
SCHED-TRACE 1047 334 P 31 14a3de195
SCHED-TRACE 1048 335 I 31 101db1
SCHED-TRACE 1049 335 B 31 f0
SCHED-TRACE 1050 335 P 31 1507dc4e9
SCHED-TRACE 1051 335 R 31 1507dc4e9
SCHED-TRACE 1052 336 U 4 101e2c
SCHED-TRACE 1053 336 V 4 101e51
SCHED-TRACE 1054 336 O 0 0
SCHED-TRACE 1055 336 P 31 150903381
SCHED-TRACE 1056 337 K 32 14a6224dd
SCHED-TRACE 1057 337 P 31 150a36ee5
SCHED-TRACE 1058 338 P 31 150ad004e
SCHED-TRACE 1059 338 I 32 1045e7
SCHED-TRACE 1060 338 B 32 ef
SCHED-TRACE 1061 338 P 32 15098624d
SCHED-TRACE 1062 338 R 32 15098624d
SCHED-TRACE 1063 339 U 4 104662
SCHED-TRACE 1064 339 V 4 104686
SCHED-TRACE 1065 339 O 0 0
SCHED-TRACE 1066 339 P 32 150aaa7ef
SCHED-TRACE 1067 340 K 32 150aaa7ef
SCHED-TRACE 1068 340 P 32 150bde76c
SCHED-TRACE 1069 341 I 32 106e1c
SCHED-TRACE 1070 341 B 32 f1
SCHED-TRACE 1071 341 P 32 156fdbe76
SCHED-TRACE 1072 341 R 32 156fdbe76
SCHED-TRACE 1073 342 U 4 106e98
SCHED-TRACE 1074 342 V 4 106ebc
SCHED-TRACE 1075 342 O 0 0
SCHED-TRACE 1076 342 P 32 1571024dd
SCHED-TRACE 1077 343 K 31 150ad004e
SCHED-TRACE 1078 343 P 32 157236041
SCHED-TRACE 1079 344 P 32 1572cf9da
SCHED-TRACE 1080 344 I 31 109652
SCHED-TRACE 1081 344 B 31 ef
SCHED-TRACE 1082 344 P 31 156e31cfa
SCHED-TRACE 1083 344 R 31 156e31cfa
SCHED-TRACE 1084 345 U 4 1096cd
SCHED-TRACE 1085 345 V 4 1096f1
SCHED-TRACE 1086 345 O 0 0
SCHED-TRACE 1087 345 P 31 156f58360
SCHED-TRACE 1088 346 K 31 156f58360
SCHED-TRACE 1089 346 P 31 15708c6f6
SCHED-TRACE 1090 347 I 31 10be88
SCHED-TRACE 1091 347 B 31 f1
SCHED-TRACE 1092 347 P 31 15d48a631
SCHED-TRACE 1093 347 R 31 15d48a631
SCHED-TRACE 1094 348 U 4 10bf03
SCHED-TRACE 1095 348 V 4 10bf28
SCHED-TRACE 1096 348 O 0 0
SCHED-TRACE 1097 348 P 31 15d5b1cfa
SCHED-TRACE 1098 349 K 32 1572cf9da
SCHED-TRACE 1099 349 P 31 15d6e608f
SCHED-TRACE 1100 350 P 31 15d78025a
SCHED-TRACE 1101 350 I 32 10e6bf
SCHED-TRACE 1102 350 B 32 f0
SCHED-TRACE 1103 350 P 32 15d632b01
SCHED-TRACE 1104 350 R 32 15d632b01
SCHED-TRACE 1105 351 U 4 10e73a
SCHED-TRACE 1106 351 V 4 10e75e
SCHED-TRACE 1107 351 O 0 0
SCHED-TRACE 1108 351 P 32 15d75851e
SCHED-TRACE 1109 352 K 32 15d75851e
SCHED-TRACE 1110 352 P 32 15d88cccc
SCHED-TRACE 1111 353 I 32 110ef4
SCHED-TRACE 1112 353 B 32 f2
SCHED-TRACE 1113 353 P 32 163c8872a
SCHED-TRACE 1114 353 R 32 163c8872a
SCHED-TRACE 1115 354 U 4 110f6f
SCHED-TRACE 1116 354 V 4 110f94
SCHED-TRACE 1117 354 O 0 0
SCHED-TRACE 1118 354 P 32 163daf9da
SCHED-TRACE 1119 355 K 31 15d78025a
SCHED-TRACE 1120 355 P 32 163ee49ba
SCHED-TRACE 1121 356 P 32 163f7e76c
SCHED-TRACE 1122 356 I 31 11372a
SCHED-TRACE 1123 356 B 31 f1
SCHED-TRACE 1124 356 P 31 163ae16d5
SCHED-TRACE 1125 356 R 31 163ae16d5
SCHED-TRACE 1126 357 U 4 1137a6
SCHED-TRACE 1127 357 V 4 1137ca
SCHED-TRACE 1128 357 O 0 0
SCHED-TRACE 1129 357 P 31 163c099e7
SCHED-TRACE 1130 358 K 31 163c099e7
SCHED-TRACE 1131 358 P 31 163d3eddf
SCHED-TRACE 1132 359 I 31 115f61
SCHED-TRACE 1133 359 B 31 f0
SCHED-TRACE 1134 359 P 31 16a13a425
SCHED-TRACE 1135 359 R 31 16a13a425
SCHED-TRACE 1136 360 U 4 115fdc
SCHED-TRACE 1137 360 V 4 116001
SCHED-TRACE 1138 360 O 0 0
SCHED-TRACE 1139 360 P 31 16a262b50
SCHED-TRACE 1140 361 K 32 163f7e76c
SCHED-TRACE 1141 361 P 31 16a398360
SCHED-TRACE 1142 362 P 31 16a431cfa
SCHED-TRACE 1143 362 I 32 118798
SCHED-TRACE 1144 362 B 32 f1
SCHED-TRACE 1145 362 P 32 16a2e0c49
SCHED-TRACE 1146 362 R 32 16a2e0c49
SCHED-TRACE 1147 363 U 4 118813
SCHED-TRACE 1148 363 V 4 118838
SCHED-TRACE 1149 363 O 0 0
SCHED-TRACE 1150 363 P 32 16a40978d
SCHED-TRACE 1151 364 K 32 16a40978d
SCHED-TRACE 1152 364 P 32 16a53df3b
SCHED-TRACE 1153 365 I 32 11afcf
SCHED-TRACE 1154 365 B 32 ef
SCHED-TRACE 1155 365 P 32 170939999
SCHED-TRACE 1156 365 R 32 170939999
SCHED-TRACE 1157 366 U 4 11b04a
SCHED-TRACE 1158 366 V 4 11b06f
SCHED-TRACE 1159 366 O 0 0
SCHED-TRACE 1160 366 P 32 170a628f5
SCHED-TRACE 1161 367 K 31 16a431cfa
SCHED-TRACE 1162 367 P 32 170b9851e
SCHED-TRACE 1163 368 P 32 170c322d0
SCHED-TRACE 1164 368 I 31 11d806
SCHED-TRACE 1165 368 B 31 f2
SCHED-TRACE 1166 368 P 31 170793175
SCHED-TRACE 1167 368 R 31 170793175
SCHED-TRACE 1168 369 U 4 11d882
SCHED-TRACE 1169 369 V 4 11d8a7
SCHED-TRACE 1170 369 O 0 0
SCHED-TRACE 1171 369 P 31 1708bc4e9
SCHED-TRACE 1172 370 K 31 1708bc4e9
SCHED-TRACE 1173 370 P 31 1709f18e1
SCHED-TRACE 1174 371 I 31 12003e
SCHED-TRACE 1175 371 B 31 f1
SCHED-TRACE 1176 371 P 31 176ded33f
SCHED-TRACE 1177 371 R 31 176ded33f
SCHED-TRACE 1178 372 U 4 1200ba
SCHED-TRACE 1179 372 V 4 1200df
SCHED-TRACE 1180 372 O 0 0
SCHED-TRACE 1181 372 P 31 176f172fe
SCHED-TRACE 1182 373 K 32 170c322d0
SCHED-TRACE 1183 373 P 31 17704cf27
SCHED-TRACE 1184 374 P 31 1770e6cd9
SCHED-TRACE 1185 374 I 32 122877
SCHED-TRACE 1186 374 B 32 f2
SCHED-TRACE 1187 374 P 32 176f953f7
SCHED-TRACE 1188 374 R 32 176f953f7
SCHED-TRACE 1189 375 U 4 1228f3
SCHED-TRACE 1190 375 V 4 122918
SCHED-TRACE 1191 375 O 0 0
SCHED-TRACE 1192 375 P 32 1770be76c
SCHED-TRACE 1193 376 K 32 1770be76c
SCHED-TRACE 1194 376 P 32 1771f3333
SCHED-TRACE 1195 377 I 32 1250af
SCHED-TRACE 1196 377 B 32 ef
SCHED-TRACE 1197 377 P 32 17d5ef1a9
SCHED-TRACE 1198 377 R 32 17d5ef1a9
SCHED-TRACE 1199 378 U 4 12512b
SCHED-TRACE 1200 378 V 4 125150
SCHED-TRACE 1201 378 O 0 0
SCHED-TRACE 1202 378 P 32 17d718105
SCHED-TRACE 1203 379 K 31 1770e6cd9
SCHED-TRACE 1204 379 P 32 17d84d0e5
SCHED-TRACE 1205 380 P 32 17d8e72af
SCHED-TRACE 1206 380 I 31 1278e7
SCHED-TRACE 1207 380 B 31 f0
SCHED-TRACE 1208 380 P 31 17d449e00
SCHED-TRACE 1209 380 R 31 17d449e00
SCHED-TRACE 1210 381 U 4 127963
SCHED-TRACE 1211 381 V 4 127988
SCHED-TRACE 1212 381 O 0 0
SCHED-TRACE 1213 381 P 31 17d573175
SCHED-TRACE 1214 382 K 31 17d573175
SCHED-TRACE 1215 382 P 31 17d6a91b6
SCHED-TRACE 1216 383 I 31 12a11f
SCHED-TRACE 1217 383 B 31 f2
SCHED-TRACE 1218 383 P 31 183aa4c14
SCHED-TRACE 1219 383 R 31 183aa4c14
SCHED-TRACE 1220 384 U 4 12a19b
SCHED-TRACE 1221 384 V 4 12a1c0
SCHED-TRACE 1222 384 O 0 0
SCHED-TRACE 1223 384 P 31 183bcebd3
SCHED-TRACE 1224 385 K 32 17d8e72af
SCHED-TRACE 1225 385 P 31 183d03799
SCHED-TRACE 1226 386 P 31 183d9c4e9
SCHED-TRACE 1227 386 I 32 12c958
SCHED-TRACE 1228 386 B 32 f0
SCHED-TRACE 1229 386 P 32 183c4bc6a
SCHED-TRACE 1230 386 R 32 183c4bc6a
SCHED-TRACE 1231 387 U 4 12c9d4
SCHED-TRACE 1232 387 V 4 12c9f8
SCHED-TRACE 1233 387 O 0 0
SCHED-TRACE 1234 387 P 32 183d74395
SCHED-TRACE 1235 388 K 32 183d74395
SCHED-TRACE 1236 388 P 32 183ea8b43
SCHED-TRACE 1237 389 I 32 12f18f
SCHED-TRACE 1238 389 B 32 f2
SCHED-TRACE 1239 389 P 32 18a2a4189
SCHED-TRACE 1240 389 R 32 18a2a4189
SCHED-TRACE 1241 390 U 4 12f20b
SCHED-TRACE 1242 390 V 4 12f231
SCHED-TRACE 1243 390 O 0 0
SCHED-TRACE 1244 390 P 32 18a3cf9da
SCHED-TRACE 1245 391 K 31 183d9c4e9
SCHED-TRACE 1246 391 P 32 18a503d70
SCHED-TRACE 1247 392 P 32 18a59d2f1
SCHED-TRACE 1248 392 I 31 1319c8
SCHED-TRACE 1249 392 B 31 f1
SCHED-TRACE 1250 392 P 31 18a100672
SCHED-TRACE 1251 392 R 31 18a100672
SCHED-TRACE 1252 393 U 4 131a44
SCHED-TRACE 1253 393 V 4 131a69
SCHED-TRACE 1254 393 O 0 0
SCHED-TRACE 1255 393 P 31 18a228985
SCHED-TRACE 1256 394 K 31 18a228985
SCHED-TRACE 1257 394 P 31 18a35dd7d
SCHED-TRACE 1258 395 I 31 1341ff
SCHED-TRACE 1259 395 B 31 f3
SCHED-TRACE 1260 395 P 31 1907593c2
SCHED-TRACE 1261 395 R 31 1907593c2
SCHED-TRACE 1262 396 U 4 13427b
SCHED-TRACE 1263 396 V 4 13429e
SCHED-TRACE 1264 396 O 0 0
SCHED-TRACE 1265 396 P 31 190878360
SCHED-TRACE 1266 397 K 32 18a59d2f1
SCHED-TRACE 1267 397 P 31 1909a8d9d
SCHED-TRACE 1268 398 P 31 190a40a8b
SCHED-TRACE 1269 398 I 32 136a32
SCHED-TRACE 1270 398 B 32 ef
SCHED-TRACE 1271 398 P 32 190902d0e
SCHED-TRACE 1272 398 R 32 190902d0e
SCHED-TRACE 1273 399 U 4 136aae
SCHED-TRACE 1274 399 V 4 136ad2
SCHED-TRACE 1275 399 O 0 0
SCHED-TRACE 1276 399 P 32 190a28b43
SCHED-TRACE 1277 400 K 32 190a28b43
SCHED-TRACE 1278 400 P 32 190b5d2f1
SCHED-TRACE 1279 401 I 32 139269
SCHED-TRACE 1280 401 B 32 f1
SCHED-TRACE 1281 401 P 32 196f5ae14
SCHED-TRACE 1282 401 R 32 196f5ae14
SCHED-TRACE 1283 402 U 4 1392e4
SCHED-TRACE 1284 402 V 4 139308
SCHED-TRACE 1285 402 O 0 0
SCHED-TRACE 1286 402 P 32 197080830
SCHED-TRACE 1287 403 K 31 190a40a8b
SCHED-TRACE 1288 403 P 32 1971b4bc6
SCHED-TRACE 1289 404 P 32 19724e560
SCHED-TRACE 1290 404 I 31 13ba9f
SCHED-TRACE 1291 404 B 31 f2
SCHED-TRACE 1292 404 P 31 196da4c14
SCHED-TRACE 1293 404 R 31 196da4c14
SCHED-TRACE 1294 405 U 4 13bb1b
SCHED-TRACE 1295 405 V 4 13bb40
SCHED-TRACE 1296 405 O 0 0
SCHED-TRACE 1297 405 P 31 196ecd33f
SCHED-TRACE 1298 406 K 31 196ecd33f
SCHED-TRACE 1299 406 P 31 197001f06
SCHED-TRACE 1300 407 I 31 13e2d6
SCHED-TRACE 1301 407 B 31 f0
SCHED-TRACE 1302 407 P 31 19d3fd133
SCHED-TRACE 1303 407 R 31 19d3fd133
SCHED-TRACE 1304 408 U 4 13e351
SCHED-TRACE 1305 408 V 4 13e375
SCHED-TRACE 1306 408 O 0 0
SCHED-TRACE 1307 408 P 31 19d52231f
SCHED-TRACE 1308 409 K 32 19724e560
SCHED-TRACE 1309 409 P 31 19d657716
SCHED-TRACE 1310 410 P 31 19d6f14c8
SCHED-TRACE 1311 410 I 32 140b0b
SCHED-TRACE 1312 410 B 32 f3
SCHED-TRACE 1313 410 P 32 19d5b126e
SCHED-TRACE 1314 410 R 32 19d5b126e
SCHED-TRACE 1315 411 U 4 140b86
SCHED-TRACE 1316 411 V 4 140bab
SCHED-TRACE 1317 411 O 0 0
SCHED-TRACE 1318 411 P 32 19d6d8937
SCHED-TRACE 1319 412 K 32 19d6d8937
SCHED-TRACE 1320 412 P 32 19d80e978
SCHED-TRACE 1321 413 I 32 143342
SCHED-TRACE 1322 413 B 32 f1
SCHED-TRACE 1323 413 P 32 1a3c0a3d6
SCHED-TRACE 1324 413 R 32 1a3c0a3d6
SCHED-TRACE 1325 414 U 4 1433bd
SCHED-TRACE 1326 414 V 4 1433e2
SCHED-TRACE 1327 414 O 0 0
SCHED-TRACE 1328 414 P 32 1a3d31687
SCHED-TRACE 1329 415 K 31 19d6f14c8
SCHED-TRACE 1330 415 P 32 1a3e67ef9
SCHED-TRACE 1331 416 P 32 1a3f024dd
SCHED-TRACE 1332 416 I 31 145b79
SCHED-TRACE 1333 416 B 31 f3
SCHED-TRACE 1334 416 P 31 1a3a52d5c
SCHED-TRACE 1335 416 R 31 1a3a52d5c
SCHED-TRACE 1336 417 U 4 145bf5
SCHED-TRACE 1337 417 V 4 145c1a
SCHED-TRACE 1338 417 O 0 0
SCHED-TRACE 1339 417 P 31 1a3b7e195
SCHED-TRACE 1340 418 K 31 1a3b7e195
SCHED-TRACE 1341 418 P 31 1a3cb3175
SCHED-TRACE 1342 419 I 31 1483b2
SCHED-TRACE 1343 419 B 31 ef
SCHED-TRACE 1344 419 P 31 1aa0af81c
SCHED-TRACE 1345 419 R 31 1aa0af81c
SCHED-TRACE 1346 420 U 4 14842d
SCHED-TRACE 1347 420 V 4 148452
SCHED-TRACE 1348 420 O 0 0
SCHED-TRACE 1349 420 P 31 1aa1d8b91
SCHED-TRACE 1350 421 K 32 1a3f024dd
SCHED-TRACE 1351 421 P 31 1aa30df89
SCHED-TRACE 1352 422 P 31 1aa3a7d3b
SCHED-TRACE 1353 422 I 32 14abe9
SCHED-TRACE 1354 422 B 32 f2
SCHED-TRACE 1355 422 P 32 1aa265603
SCHED-TRACE 1356 422 R 32 1aa265603
SCHED-TRACE 1357 423 U 4 14ac65
SCHED-TRACE 1358 423 V 4 14ac8a
SCHED-TRACE 1359 423 O 0 0
SCHED-TRACE 1360 423 P 32 1aa38ed91
SCHED-TRACE 1361 424 K 32 1aa38ed91
SCHED-TRACE 1362 424 P 32 1aa4c51eb
SCHED-TRACE 1363 425 I 32 14d422
SCHED-TRACE 1364 425 B 32 f3
SCHED-TRACE 1365 425 P 32 1b08c20c4
SCHED-TRACE 1366 425 R 32 1b08c20c4
SCHED-TRACE 1367 426 U 4 14d49e
SCHED-TRACE 1368 426 V 4 14d4c4
SCHED-TRACE 1369 426 O 0 0
SCHED-TRACE 1370 426 P 32 1b09ec8b4
SCHED-TRACE 1371 427 K 31 1aa3a7d3b
SCHED-TRACE 1372 427 P 32 1b0b220c4
SCHED-TRACE 1373 428 P 32 1b0bbc28f
SCHED-TRACE 1374 428 I 31 14fc5b
SCHED-TRACE 1375 428 B 31 f0
SCHED-TRACE 1376 428 P 31 1b07095cf
SCHED-TRACE 1377 428 R 31 1b07095cf
SCHED-TRACE 1378 429 U 4 14fcd8
SCHED-TRACE 1379 429 V 4 14fcfd
SCHED-TRACE 1380 429 O 0 0
SCHED-TRACE 1381 429 P 31 1b08345ef
SCHED-TRACE 1382 430 K 31 1b08345ef
SCHED-TRACE 1383 430 P 31 1b096ae62
SCHED-TRACE 1384 431 I 31 152494
SCHED-TRACE 1385 431 B 31 f3
SCHED-TRACE 1386 431 P 31 1b6d6608f
SCHED-TRACE 1387 431 R 31 1b6d6608f
SCHED-TRACE 1388 432 U 4 152510
SCHED-TRACE 1389 432 V 4 152536
SCHED-TRACE 1390 432 O 0 0
SCHED-TRACE 1391 432 P 31 1b6e910b0
SCHED-TRACE 1392 433 K 32 1b0bbc28f
SCHED-TRACE 1393 433 P 31 1b6fc6cd9
SCHED-TRACE 1394 434 P 31 1b70612bc
SCHED-TRACE 1395 434 I 32 154ccd
SCHED-TRACE 1396 434 B 32 f1
SCHED-TRACE 1397 434 P 32 1b6f1ced8
SCHED-TRACE 1398 434 R 32 1b6f1ced8
SCHED-TRACE 1399 435 U 4 154d49
SCHED-TRACE 1400 435 V 4 154d6e
SCHED-TRACE 1401 435 O 0 0
SCHED-TRACE 1402 435 P 32 1b7045e35
SCHED-TRACE 1403 436 K 32 1b7045e35
SCHED-TRACE 1404 436 P 32 1b717c28f
SCHED-TRACE 1405 437 I 32 157505
SCHED-TRACE 1406 437 B 32 f4
SCHED-TRACE 1407 437 P 32 1bd57851e
SCHED-TRACE 1408 437 R 32 1bd57851e
SCHED-TRACE 1409 438 U 4 157581
SCHED-TRACE 1410 438 V 4 1575a7
SCHED-TRACE 1411 438 O 0 0
SCHED-TRACE 1412 438 P 32 1bd6a24dd
SCHED-TRACE 1413 439 K 31 1b70612bc
SCHED-TRACE 1414 439 P 32 1bd7d851e
SCHED-TRACE 1415 440 P 32 1bd8722d0
SCHED-TRACE 1416 440 I 31 159d3e
SCHED-TRACE 1417 440 B 31 f1
SCHED-TRACE 1418 440 P 31 1bd3c2f68
SCHED-TRACE 1419 440 R 31 1bd3c2f68
SCHED-TRACE 1420 441 U 4 159dba
SCHED-TRACE 1421 441 V 4 159de0
SCHED-TRACE 1422 441 O 0 0
SCHED-TRACE 1423 441 P 31 1bd4edb70
SCHED-TRACE 1424 442 K 31 1bd4edb70
SCHED-TRACE 1425 442 P 31 1bd623799
SCHED-TRACE 1426 443 I 31 15c577
SCHED-TRACE 1427 443 B 31 f1
SCHED-TRACE 1428 443 P 31 1c3a1f1f8
SCHED-TRACE 1429 443 R 31 1c3a1f1f8
SCHED-TRACE 1430 444 U 4 15c5f3
SCHED-TRACE 1431 444 V 4 15c618
SCHED-TRACE 1432 444 O 0 0
SCHED-TRACE 1433 444 P 31 1c3b49e00
SCHED-TRACE 1434 445 K 32 1bd8722d0
SCHED-TRACE 1435 445 P 31 1c3c7f1f8
SCHED-TRACE 1436 446 P 31 1c3d18b91
SCHED-TRACE 1437 446 I 32 15edb0
SCHED-TRACE 1438 446 B 32 f2
SCHED-TRACE 1439 446 P 32 1c3bd5810
SCHED-TRACE 1440 446 R 32 1c3bd5810
SCHED-TRACE 1441 447 U 4 15ee2c
SCHED-TRACE 1442 447 V 4 15ee52
SCHED-TRACE 1443 447 O 0 0
SCHED-TRACE 1444 447 P 32 1c3d00418
SCHED-TRACE 1445 448 K 32 1c3d00418
SCHED-TRACE 1446 448 P 32 1c3e35810
SCHED-TRACE 1447 449 I 32 1615e9
SCHED-TRACE 1448 449 B 32 f1
SCHED-TRACE 1449 449 P 32 1ca231eb8
SCHED-TRACE 1450 449 R 32 1ca231eb8
SCHED-TRACE 1451 450 U 4 161665
SCHED-TRACE 1452 450 V 4 16168a
SCHED-TRACE 1453 450 O 0 0
SCHED-TRACE 1454 450 P 32 1ca35b22c
SCHED-TRACE 1455 451 K 31 1c3d18b91
SCHED-TRACE 1456 451 P 32 1ca490e55
SCHED-TRACE 1457 452 P 32 1ca52b020
SCHED-TRACE 1458 452 I 31 163e21
SCHED-TRACE 1459 452 B 31 f3
SCHED-TRACE 1460 452 P 31 1ca0797db
SCHED-TRACE 1461 452 R 31 1ca0797db
SCHED-TRACE 1462 453 U 4 163e9e
SCHED-TRACE 1463 453 V 4 163ec4
SCHED-TRACE 1464 453 O 0 0
SCHED-TRACE 1465 453 P 31 1ca1a4c14
SCHED-TRACE 1466 454 K 31 1ca1a4c14
SCHED-TRACE 1467 454 P 31 1ca2db06e
SCHED-TRACE 1468 455 I 31 16665b
SCHED-TRACE 1469 455 B 31 f3
SCHED-TRACE 1470 455 P 31 1d06d72fe
SCHED-TRACE 1471 455 R 31 1d06d72fe
SCHED-TRACE 1472 456 U 4 1666d7
SCHED-TRACE 1473 456 V 4 1666fc
SCHED-TRACE 1474 456 O 0 0
SCHED-TRACE 1475 456 P 31 1d0800672
SCHED-TRACE 1476 457 K 32 1ca52b020
SCHED-TRACE 1477 457 P 31 1d093629b
SCHED-TRACE 1478 458 P 31 1d09cfc35
SCHED-TRACE 1479 458 I 32 168e93
SCHED-TRACE 1480 458 B 32 f3
SCHED-TRACE 1481 458 P 32 1d088d916
SCHED-TRACE 1482 458 R 32 1d088d916
SCHED-TRACE 1483 459 U 4 168f0f
SCHED-TRACE 1484 459 V 4 168f34
SCHED-TRACE 1485 459 O 0 0
SCHED-TRACE 1486 459 P 32 1d09b6c8b
SCHED-TRACE 1487 460 K 32 1d09b6c8b
SCHED-TRACE 1488 460 P 32 1d0aec082
SCHED-TRACE 1489 461 I 32 16b6cb
SCHED-TRACE 1490 461 B 32 f1
SCHED-TRACE 1491 461 P 32 1d6ee7ae1
SCHED-TRACE 1492 461 R 32 1d6ee7ae1
SCHED-TRACE 1493 462 U 4 16b747
SCHED-TRACE 1494 462 V 4 16b76c
SCHED-TRACE 1495 462 O 0 0
SCHED-TRACE 1496 462 P 32 1d7010e55
SCHED-TRACE 1497 463 K 31 1d09cfc35
SCHED-TRACE 1498 463 P 32 1d71476c8
SCHED-TRACE 1499 464 P 32 1d71e1cab
SCHED-TRACE 1500 464 I 31 16df03
SCHED-TRACE 1501 464 B 31 f2
SCHED-TRACE 1502 464 P 31 1d6d3004e
SCHED-TRACE 1503 464 R 31 1d6d3004e
SCHED-TRACE 1504 465 U 4 16df7f
SCHED-TRACE 1505 465 V 4 16dfa5
SCHED-TRACE 1506 465 O 0 0
SCHED-TRACE 1507 465 P 31 1d6e5a425
SCHED-TRACE 1508 466 K 31 1d6e5a425
SCHED-TRACE 1509 466 P 31 1d6f914c8
SCHED-TRACE 1510 467 I 31 17073c
SCHED-TRACE 1511 467 B 31 f3
SCHED-TRACE 1512 467 P 31 1dd38c6f6
SCHED-TRACE 1513 467 R 31 1dd38c6f6
SCHED-TRACE 1514 468 U 4 1707b8
SCHED-TRACE 1515 468 V 4 1707dd
SCHED-TRACE 1516 468 O 0 0
SCHED-TRACE 1517 468 P 31 1dd4b629b
SCHED-TRACE 1518 469 K 32 1d71e1cab
SCHED-TRACE 1519 469 P 31 1dd5ec6f6
SCHED-TRACE 1520 470 P 31 1dd6868c0
SCHED-TRACE 1521 470 I 32 172f75
SCHED-TRACE 1522 470 B 32 f1
SCHED-TRACE 1523 470 P 32 1dd543957
SCHED-TRACE 1524 470 R 32 1dd543957
SCHED-TRACE 1525 471 U 4 172ff1
SCHED-TRACE 1526 471 V 4 173017
SCHED-TRACE 1527 471 O 0 0
SCHED-TRACE 1528 471 P 32 1dd67020c
SCHED-TRACE 1529 472 K 32 1dd67020c
SCHED-TRACE 1530 472 P 32 1dd7a6e97
SCHED-TRACE 1531 473 I 32 1757af
SCHED-TRACE 1532 473 B 32 f2
SCHED-TRACE 1533 473 P 32 1e3ba24dd
SCHED-TRACE 1534 473 R 32 1e3ba24dd
SCHED-TRACE 1535 474 U 4 17582b
SCHED-TRACE 1536 474 V 4 175851
SCHED-TRACE 1537 474 O 0 0
SCHED-TRACE 1538 474 P 32 1e3ccd916
SCHED-TRACE 1539 475 K 31 1dd6868c0
SCHED-TRACE 1540 475 P 32 1e3e0353f
SCHED-TRACE 1541 476 P 32 1e3e9db22
SCHED-TRACE 1542 476 I 31 177fe8
SCHED-TRACE 1543 476 B 31 f2
SCHED-TRACE 1544 476 P 31 1e39e8154
SCHED-TRACE 1545 476 R 31 1e39e8154
SCHED-TRACE 1546 477 U 4 178065
SCHED-TRACE 1547 477 V 4 17808a
SCHED-TRACE 1548 477 O 0 0
SCHED-TRACE 1549 477 P 31 1e3b13dbe
SCHED-TRACE 1550 478 K 31 1e3b13dbe
SCHED-TRACE 1551 478 P 31 1e3c4aa4a
SCHED-TRACE 1552 479 I 31 17a822
SCHED-TRACE 1553 479 B 31 f4
SCHED-TRACE 1554 479 P 31 1ea0470f1
SCHED-TRACE 1555 479 R 31 1ea0470f1
SCHED-TRACE 1556 480 U 4 17a89f
SCHED-TRACE 1557 480 V 4 17a8c4
SCHED-TRACE 1558 480 O 0 0
SCHED-TRACE 1559 480 P 31 1ea172943
SCHED-TRACE 1560 481 K 32 1e3e9db22
SCHED-TRACE 1561 481 P 31 1ea2a856c
SCHED-TRACE 1562 482 P 31 1ea342737
SCHED-TRACE 1563 482 I 32 17d05c
SCHED-TRACE 1564 482 B 32 f0
SCHED-TRACE 1565 482 P 32 1ea1ff7ce
SCHED-TRACE 1566 482 R 32 1ea1ff7ce
SCHED-TRACE 1567 483 U 4 17d0d8
SCHED-TRACE 1568 483 V 4 17d0fd
SCHED-TRACE 1569 483 O 0 0
SCHED-TRACE 1570 483 P 32 1ea329ba5
SCHED-TRACE 1571 484 K 32 1ea329ba5
SCHED-TRACE 1572 484 P 32 1ea460418
SCHED-TRACE 1573 485 I 32 17f895
SCHED-TRACE 1574 485 B 32 f3
SCHED-TRACE 1575 485 P 32 1f085cac0
SCHED-TRACE 1576 485 R 32 1f085cac0
SCHED-TRACE 1577 486 U 4 17f912
SCHED-TRACE 1578 486 V 4 17f937
SCHED-TRACE 1579 486 O 0 0
SCHED-TRACE 1580 486 P 32 1f0987ef9
SCHED-TRACE 1581 487 K 31 1ea342737
SCHED-TRACE 1582 487 P 32 1f0abeb84
SCHED-TRACE 1583 488 P 32 1f0b59580
SCHED-TRACE 1584 488 I 31 1820cf
SCHED-TRACE 1585 488 B 31 f3
SCHED-TRACE 1586 488 P 31 1f06a3bb2
SCHED-TRACE 1587 488 R 31 1f06a3bb2
SCHED-TRACE 1588 489 U 4 18214c
SCHED-TRACE 1589 489 V 4 182172
SCHED-TRACE 1590 489 O 0 0
SCHED-TRACE 1591 489 P 31 1f07d0466
SCHED-TRACE 1592 490 K 31 1f07d0466
SCHED-TRACE 1593 490 P 31 1f0906cd9
SCHED-TRACE 1594 491 I 31 18490a
SCHED-TRACE 1595 491 B 31 f1
SCHED-TRACE 1596 491 P 31 1f6d03381
SCHED-TRACE 1597 491 R 31 1f6d03381
SCHED-TRACE 1598 492 U 4 184986
SCHED-TRACE 1599 492 V 4 1849ab
SCHED-TRACE 1600 492 O 0 0
SCHED-TRACE 1601 492 P 31 1f6e2d33f
SCHED-TRACE 1602 493 K 32 1f0b59580
SCHED-TRACE 1603 493 P 31 1f6f643e3
SCHED-TRACE 1604 494 P 31 1f6ffdd7d
SCHED-TRACE 1605 494 I 32 187143
SCHED-TRACE 1606 494 B 32 f4
SCHED-TRACE 1607 494 P 32 1f6ebba5e
SCHED-TRACE 1608 494 R 32 1f6ebba5e
SCHED-TRACE 1609 495 U 4 1871c0
SCHED-TRACE 1610 495 V 4 1871e5
SCHED-TRACE 1611 495 O 0 0
SCHED-TRACE 1612 495 P 32 1f6fe72af
SCHED-TRACE 1613 496 K 32 1f6fe72af
SCHED-TRACE 1614 496 P 32 1f711d70a
SCHED-TRACE 1615 497 I 32 18997d
SCHED-TRACE 1616 497 B 32 f2
SCHED-TRACE 1617 497 P 32 1fd519999
SCHED-TRACE 1618 497 R 32 1fd519999
SCHED-TRACE 1619 498 U 4 1899fa
SCHED-TRACE 1620 498 V 4 189a20
SCHED-TRACE 1621 498 O 0 0
SCHED-TRACE 1622 498 P 32 1fd646666
SCHED-TRACE 1623 499 K 31 1f6ffdd7d
SCHED-TRACE 1624 499 P 32 1fd77c6a7
SCHED-TRACE 1625 500 P 32 1fd816459
SCHED-TRACE 1626 500 I 31 18c1b7
SCHED-TRACE 1627 500 B 31 f4
SCHED-TRACE 1628 500 P 31 1fd35fe41
SCHED-TRACE 1629 500 R 31 1fd35fe41
SCHED-TRACE 1630 501 U 4 18c234
SCHED-TRACE 1631 501 V 4 18c25a
SCHED-TRACE 1632 501 O 0 0
SCHED-TRACE 1633 501 P 31 1fd48ae62
SCHED-TRACE 1634 502 K 31 1fd48ae62
SCHED-TRACE 1635 502 P 31 1fd5bdd7d
SCHED-TRACE 1636 503 I 31 18e9f0
SCHED-TRACE 1637 503 B 31 f0
SCHED-TRACE 1638 503 P 31 2039bb06e
SCHED-TRACE 1639 503 R 31 2039bb06e
SCHED-TRACE 1640 504 U 4 18ea6d
SCHED-TRACE 1641 504 V 4 18ea91
SCHED-TRACE 1642 504 O 0 0
SCHED-TRACE 1643 504 P 31 203ae3bb2
SCHED-TRACE 1644 505 K 32 1fd816459
SCHED-TRACE 1645 505 P 31 203c193c2
SCHED-TRACE 1646 506 P 31 203cb3175
SCHED-TRACE 1647 506 I 32 191228
SCHED-TRACE 1648 506 B 32 f2
SCHED-TRACE 1649 506 P 32 203b778d4
SCHED-TRACE 1650 506 R 32 203b778d4
SCHED-TRACE 1651 507 U 4 1912a5
SCHED-TRACE 1652 507 V 4 1912c9
SCHED-TRACE 1653 507 O 0 0
SCHED-TRACE 1654 507 P 32 203c9f3b6
SCHED-TRACE 1655 508 K 32 203c9f3b6
SCHED-TRACE 1656 508 P 32 203dd4bc6
SCHED-TRACE 1657 509 I 32 193a60
SCHED-TRACE 1658 509 B 32 f4
SCHED-TRACE 1659 509 P 32 20a1d0a3d
SCHED-TRACE 1660 509 R 32 20a1d0a3d
SCHED-TRACE 1661 510 U 4 193adc
SCHED-TRACE 1662 510 V 4 193b02
SCHED-TRACE 1663 510 O 0 0
SCHED-TRACE 1664 510 P 32 20a2fae14
SCHED-TRACE 1665 511 K 31 203cb3175
SCHED-TRACE 1666 511 P 32 20a430a3d
SCHED-TRACE 1667 512 P 32 20a4cac08
SCHED-TRACE 1668 512 I 31 196299
SCHED-TRACE 1669 512 B 31 f1
SCHED-TRACE 1670 512 P 31 20a014e21
SCHED-TRACE 1671 512 R 31 20a014e21
SCHED-TRACE 1672 513 U 4 196314
SCHED-TRACE 1673 513 V 4 196338
SCHED-TRACE 1674 513 O 0 0
SCHED-TRACE 1675 513 P 31 20a13b487
SCHED-TRACE 1676 514 K 31 20a13b487
SCHED-TRACE 1677 514 P 31 20a27004e
SCHED-TRACE 1678 515 I 31 198acf
SCHED-TRACE 1679 515 B 31 f4
SCHED-TRACE 1680 515 P 31 21066db70
SCHED-TRACE 1681 515 R 31 21066db70
SCHED-TRACE 1682 516 U 4 198b4b
SCHED-TRACE 1683 516 V 4 198b70
SCHED-TRACE 1684 516 O 0 0
SCHED-TRACE 1685 516 P 31 2107966b4
SCHED-TRACE 1686 517 K 32 20a4cac08
SCHED-TRACE 1687 517 P 31 2108cc2dd
SCHED-TRACE 1688 518 P 31 2109664a8
SCHED-TRACE 1689 518 I 32 19b307
SCHED-TRACE 1690 518 B 32 f2
SCHED-TRACE 1691 518 P 32 21082cccc
SCHED-TRACE 1692 518 R 32 21082cccc
SCHED-TRACE 1693 519 U 4 19b382
SCHED-TRACE 1694 519 V 4 19b3a7
SCHED-TRACE 1695 519 O 0 0
SCHED-TRACE 1696 519 P 32 2109547ad
SCHED-TRACE 1697 520 K 32 2109547ad
SCHED-TRACE 1698 520 P 32 210a8b851
SCHED-TRACE 1699 521 I 32 19db3e
SCHED-TRACE 1700 521 B 32 f3
SCHED-TRACE 1701 521 P 32 216e8624d
SCHED-TRACE 1702 521 R 32 216e8624d
SCHED-TRACE 1703 522 U 4 19dbba
SCHED-TRACE 1704 522 V 4 19dbdf
SCHED-TRACE 1705 522 O 0 0
SCHED-TRACE 1706 522 P 32 216faf9da
SCHED-TRACE 1707 523 K 31 2109664a8
SCHED-TRACE 1708 523 P 32 2170e5e35
SCHED-TRACE 1709 524 P 32 217180418
SCHED-TRACE 1710 524 I 31 1a0377
SCHED-TRACE 1711 524 B 31 f0
SCHED-TRACE 1712 524 P 31 216cc8154
SCHED-TRACE 1713 524 R 31 216cc8154
SCHED-TRACE 1714 525 U 4 1a03f2
SCHED-TRACE 1715 525 V 4 1a0418
SCHED-TRACE 1716 525 O 0 0
SCHED-TRACE 1717 525 P 31 216df3dbe
SCHED-TRACE 1718 526 K 31 216df3dbe
SCHED-TRACE 1719 526 P 31 216f2a218
SCHED-TRACE 1720 527 I 31 1a2bb0
SCHED-TRACE 1721 527 B 31 f3
SCHED-TRACE 1722 527 P 31 21d3270f1
SCHED-TRACE 1723 527 R 31 21d3270f1
SCHED-TRACE 1724 528 U 4 1a2c2c
SCHED-TRACE 1725 528 V 4 1a2c52
SCHED-TRACE 1726 528 O 0 0
SCHED-TRACE 1727 528 P 31 21d4539a6
SCHED-TRACE 1728 529 K 32 217180418
SCHED-TRACE 1729 529 P 31 21d58a218
SCHED-TRACE 1730 530 P 31 21d6247fc
SCHED-TRACE 1731 530 I 32 1a53ea
SCHED-TRACE 1732 530 B 32 f3
SCHED-TRACE 1733 530 P 32 21d4e1893
SCHED-TRACE 1734 530 R 32 21d4e1893
SCHED-TRACE 1735 531 U 4 1a5466
SCHED-TRACE 1736 531 V 4 1a548c
SCHED-TRACE 1737 531 O 0 0
SCHED-TRACE 1738 531 P 32 21d60c8b4
SCHED-TRACE 1739 532 K 32 21d60c8b4
SCHED-TRACE 1740 532 P 32 21d7424dd
SCHED-TRACE 1741 533 I 32 1a7c23
SCHED-TRACE 1742 533 B 32 f1
SCHED-TRACE 1743 533 P 32 223b3d70a
SCHED-TRACE 1744 533 R 32 223b3d70a
SCHED-TRACE 1745 534 U 4 1a7ca0
SCHED-TRACE 1746 534 V 4 1a7cc5
SCHED-TRACE 1747 534 O 0 0
SCHED-TRACE 1748 534 P 32 223c69374
SCHED-TRACE 1749 535 K 31 21d6247fc
SCHED-TRACE 1750 535 P 32 223da0418
SCHED-TRACE 1751 536 P 32 223e3ae14
SCHED-TRACE 1752 536 I 31 1aa45d
SCHED-TRACE 1753 536 B 31 f3
SCHED-TRACE 1754 536 P 31 22398502d
SCHED-TRACE 1755 536 R 31 22398502d
SCHED-TRACE 1756 537 U 4 1aa4da
SCHED-TRACE 1757 537 V 4 1aa500
SCHED-TRACE 1758 537 O 0 0
SCHED-TRACE 1759 537 P 31 223ab14c8
SCHED-TRACE 1760 538 K 31 223ab14c8
SCHED-TRACE 1761 538 P 31 223be7d3b
SCHED-TRACE 1762 539 I 31 1acc97
SCHED-TRACE 1763 539 B 31 f3
SCHED-TRACE 1764 539 P 31 229fe3381
SCHED-TRACE 1765 539 R 31 229fe3381
SCHED-TRACE 1766 540 U 4 1acd14
SCHED-TRACE 1767 540 V 4 1acd39
SCHED-TRACE 1768 540 O 0 0
SCHED-TRACE 1769 540 P 31 22a10efeb
SCHED-TRACE 1770 541 K 32 223e3ae14
SCHED-TRACE 1771 541 P 31 22a245c77
SCHED-TRACE 1772 542 P 31 22a2e025a
SCHED-TRACE 1773 542 I 32 1af4d1
SCHED-TRACE 1774 542 B 32 f4
SCHED-TRACE 1775 542 P 32 22a19cac0
SCHED-TRACE 1776 542 R 32 22a19cac0
SCHED-TRACE 1777 543 U 4 1af54e
SCHED-TRACE 1778 543 V 4 1af574
SCHED-TRACE 1779 543 O 0 0
SCHED-TRACE 1780 543 P 32 22a2c8b43
SCHED-TRACE 1781 544 K 32 22a2c8b43
SCHED-TRACE 1782 544 P 32 22a3ff3b6
SCHED-TRACE 1783 545 I 32 1b1d0b
SCHED-TRACE 1784 545 B 32 f1
SCHED-TRACE 1785 545 P 32 2307f9db2
SCHED-TRACE 1786 545 R 32 2307f9db2
SCHED-TRACE 1787 546 U 4 1b1d88
SCHED-TRACE 1788 546 V 4 1b1dae
SCHED-TRACE 1789 546 O 0 0
SCHED-TRACE 1790 546 P 32 230925e35
SCHED-TRACE 1791 547 K 31 22a2e025a
SCHED-TRACE 1792 547 P 32 230a5d70a
SCHED-TRACE 1793 548 P 32 230af7ced
SCHED-TRACE 1794 548 I 31 1b4546
SCHED-TRACE 1795 548 B 31 f3
SCHED-TRACE 1796 548 P 31 230642737
SCHED-TRACE 1797 548 R 31 230642737
SCHED-TRACE 1798 549 U 4 1b45c2
SCHED-TRACE 1799 549 V 4 1b45e8
SCHED-TRACE 1800 549 O 0 0
SCHED-TRACE 1801 549 P 31 23076cb0e
SCHED-TRACE 1802 550 K 31 23076cb0e
SCHED-TRACE 1803 550 P 31 2308a231f
SCHED-TRACE 1804 551 I 31 1b6d7f
SCHED-TRACE 1805 551 B 31 f2
SCHED-TRACE 1806 551 P 31 236c9e9c6
SCHED-TRACE 1807 551 R 31 236c9e9c6
SCHED-TRACE 1808 552 U 4 1b6dfc
SCHED-TRACE 1809 552 V 4 1b6e22
SCHED-TRACE 1810 552 O 0 0
SCHED-TRACE 1811 552 P 31 236dcbaac
SCHED-TRACE 1812 553 K 32 230af7ced
SCHED-TRACE 1813 553 P 31 236f016d5
SCHED-TRACE 1814 554 P 31 236f9b487
SCHED-TRACE 1815 554 I 32 1b95b9
SCHED-TRACE 1816 554 B 32 f2
SCHED-TRACE 1817 554 P 32 236e59db2
SCHED-TRACE 1818 554 R 32 236e59db2
SCHED-TRACE 1819 555 U 4 1b9635
SCHED-TRACE 1820 555 V 4 1b965b
SCHED-TRACE 1821 555 O 0 0
SCHED-TRACE 1822 555 P 32 236f84dd2
SCHED-TRACE 1823 556 K 32 236f84dd2
SCHED-TRACE 1824 556 P 32 2370bb22c
SCHED-TRACE 1825 557 I 32 1bbdf2
SCHED-TRACE 1826 557 B 32 f4
SCHED-TRACE 1827 557 P 32 23d4b6c8b
SCHED-TRACE 1828 557 R 32 23d4b6c8b
SCHED-TRACE 1829 558 U 4 1bbe6f
SCHED-TRACE 1830 558 V 4 1bbe95
SCHED-TRACE 1831 558 O 0 0
SCHED-TRACE 1832 558 P 32 23d5e20c4
SCHED-TRACE 1833 559 K 31 236f9b487
SCHED-TRACE 1834 559 P 32 23d718937
SCHED-TRACE 1835 560 P 32 23d7b2f1a
SCHED-TRACE 1836 560 I 31 1be62c
SCHED-TRACE 1837 560 B 31 f3
SCHED-TRACE 1838 560 P 31 23d2fb8a0
SCHED-TRACE 1839 560 R 31 23d2fb8a0
SCHED-TRACE 1840 561 U 4 1be6a9
SCHED-TRACE 1841 561 V 4 1be6ce
SCHED-TRACE 1842 561 O 0 0
SCHED-TRACE 1843 561 P 31 23d42608f
SCHED-TRACE 1844 562 K 31 23d42608f
SCHED-TRACE 1845 562 P 31 23d55c902
SCHED-TRACE 1846 563 I 31 1c0e66
SCHED-TRACE 1847 563 B 31 f5
SCHED-TRACE 1848 563 P 31 243959bf4
SCHED-TRACE 1849 563 R 31 243959bf4
SCHED-TRACE 1850 564 U 4 1c0ee3
SCHED-TRACE 1851 564 V 4 1c0f08
SCHED-TRACE 1852 564 O 0 0
SCHED-TRACE 1853 564 P 31 243a84c14
SCHED-TRACE 1854 565 K 32 23d7b2f1a
SCHED-TRACE 1855 565 P 31 243bba425
SCHED-TRACE 1856 566 P 31 243c541d7
SCHED-TRACE 1857 566 I 32 1c36a0
SCHED-TRACE 1858 566 B 32 f0
SCHED-TRACE 1859 566 P 32 243b16041
SCHED-TRACE 1860 566 R 32 243b16041
SCHED-TRACE 1861 567 U 4 1c371c
SCHED-TRACE 1862 567 V 4 1c3741
SCHED-TRACE 1863 567 O 0 0
SCHED-TRACE 1864 567 P 32 243c40418
SCHED-TRACE 1865 568 K 32 243c40418
SCHED-TRACE 1866 568 P 32 243d76c8b
SCHED-TRACE 1867 569 I 32 1c5ed9
SCHED-TRACE 1868 569 B 32 f3
SCHED-TRACE 1869 569 P 32 24a172b01
SCHED-TRACE 1870 569 R 32 24a172b01
SCHED-TRACE 1871 570 U 4 1c5f55
SCHED-TRACE 1872 570 V 4 1c5f7b
SCHED-TRACE 1873 570 O 0 0
SCHED-TRACE 1874 570 P 32 24a29d70a
SCHED-TRACE 1875 571 K 31 243c541d7
SCHED-TRACE 1876 571 P 32 24a3d4395
SCHED-TRACE 1877 572 P 32 24a46e978
SCHED-TRACE 1878 572 I 31 1c8712
SCHED-TRACE 1879 572 B 31 f2
SCHED-TRACE 1880 572 P 31 249fb4a08
SCHED-TRACE 1881 572 R 31 249fb4a08
SCHED-TRACE 1882 573 U 4 1c878e
SCHED-TRACE 1883 573 V 4 1c87b4
SCHED-TRACE 1884 573 O 0 0
SCHED-TRACE 1885 573 P 31 24a0df1f8
SCHED-TRACE 1886 574 K 31 24a0df1f8
SCHED-TRACE 1887 574 P 31 24a215e83
SCHED-TRACE 1888 575 I 31 1caf4b
SCHED-TRACE 1889 575 B 31 f1
SCHED-TRACE 1890 575 P 31 2506110b0
SCHED-TRACE 1891 575 R 31 2506110b0
SCHED-TRACE 1892 576 U 4 1cafc7
SCHED-TRACE 1893 576 V 4 1cafed
SCHED-TRACE 1894 576 O 0 0
SCHED-TRACE 1895 576 P 31 25073bcb8
SCHED-TRACE 1896 577 K 32 24a46e978
SCHED-TRACE 1897 577 P 31 250873175
SCHED-TRACE 1898 578 P 31 25090d758
SCHED-TRACE 1899 578 I 32 1cd785
SCHED-TRACE 1900 578 B 32 f5
SCHED-TRACE 1901 578 P 32 2507d0e55
SCHED-TRACE 1902 578 R 32 2507d0e55
SCHED-TRACE 1903 579 U 4 1cd802
SCHED-TRACE 1904 579 V 4 1cd828
SCHED-TRACE 1905 579 O 0 0
SCHED-TRACE 1906 579 P 32 2508fdb22
SCHED-TRACE 1907 580 K 32 2508fdb22
SCHED-TRACE 1908 580 P 32 250a347ad
SCHED-TRACE 1909 581 I 32 1cffbf
SCHED-TRACE 1910 581 B 32 f3
SCHED-TRACE 1911 581 P 32 256e2f1a9
SCHED-TRACE 1912 581 R 32 256e2f1a9
SCHED-TRACE 1913 582 U 4 1d003c
SCHED-TRACE 1914 582 V 4 1d0062
SCHED-TRACE 1915 582 O 0 0
SCHED-TRACE 1916 582 P 32 256f5c6a7
SCHED-TRACE 1917 583 K 31 25090d758
SCHED-TRACE 1918 583 P 32 257093f7c
SCHED-TRACE 1919 584 P 32 25712ed91
SCHED-TRACE 1920 584 I 31 1d27fa
SCHED-TRACE 1921 584 B 31 f4
SCHED-TRACE 1922 584 P 31 256c6e3a2
SCHED-TRACE 1923 584 R 31 256c6e3a2
SCHED-TRACE 1924 585 U 4 1d2878
SCHED-TRACE 1925 585 V 4 1d289d
SCHED-TRACE 1926 585 O 0 0
SCHED-TRACE 1927 585 P 31 256d9b8a0
SCHED-TRACE 1928 586 K 31 256d9b8a0
SCHED-TRACE 1929 586 P 31 256ed2112
SCHED-TRACE 1930 587 I 31 1d5035
SCHED-TRACE 1931 587 B 31 f1
SCHED-TRACE 1932 587 P 31 25d2ccb0e
SCHED-TRACE 1933 587 R 31 25d2ccb0e
SCHED-TRACE 1934 588 U 4 1d50b2
SCHED-TRACE 1935 588 V 4 1d50d7
SCHED-TRACE 1936 588 O 0 0
SCHED-TRACE 1937 588 P 31 25d3f7f47
SCHED-TRACE 1938 589 K 32 25712ed91
SCHED-TRACE 1939 589 P 31 25d52e7ba
SCHED-TRACE 1940 590 P 31 25d5c8d9d
SCHED-TRACE 1941 590 I 32 1d786f
SCHED-TRACE 1942 590 B 32 f4
SCHED-TRACE 1943 590 P 32 25d49126e
SCHED-TRACE 1944 590 R 32 25d49126e
SCHED-TRACE 1945 591 U 4 1d78ec
SCHED-TRACE 1946 591 V 4 1d7912
SCHED-TRACE 1947 591 O 0 0
SCHED-TRACE 1948 591 P 32 25d5bced8
SCHED-TRACE 1949 592 K 32 25d5bced8
SCHED-TRACE 1950 592 P 32 25d6f3f7c
SCHED-TRACE 1951 593 I 32 1da0a9
SCHED-TRACE 1952 593 B 32 f4
SCHED-TRACE 1953 593 P 32 263aef5c2
SCHED-TRACE 1954 593 R 32 263aef5c2
SCHED-TRACE 1955 594 U 4 1da126
SCHED-TRACE 1956 594 V 4 1da14c
SCHED-TRACE 1957 594 O 0 0
SCHED-TRACE 1958 594 P 32 263c1c6a7
SCHED-TRACE 1959 595 K 31 25d5c8d9d
SCHED-TRACE 1960 595 P 32 263d53333
SCHED-TRACE 1961 596 P 32 263dee147
SCHED-TRACE 1962 596 I 31 1dc8e4
SCHED-TRACE 1963 596 B 31 f1
SCHED-TRACE 1964 596 P 31 2639295cf
SCHED-TRACE 1965 596 R 31 2639295cf
SCHED-TRACE 1966 597 U 4 1dc961
SCHED-TRACE 1967 597 V 4 1dc986
SCHED-TRACE 1968 597 O 0 0
SCHED-TRACE 1969 597 P 31 263a54e21
SCHED-TRACE 1970 598 K 31 263a54e21
SCHED-TRACE 1971 598 P 31 263b8bec4
SCHED-TRACE 1972 599 I 31 1df11e
SCHED-TRACE 1973 599 B 31 f3
SCHED-TRACE 1974 599 P 31 269f87923
SCHED-TRACE 1975 599 R 31 269f87923
SCHED-TRACE 1976 600 U 4 1df19b
SCHED-TRACE 1977 600 V 4 1df1c1
SCHED-TRACE 1978 600 O 0 0
SCHED-TRACE 1979 600 P 31 26a0b4a08
SCHED-TRACE 1980 601 K 32 263dee147
SCHED-TRACE 1981 601 P 31 26a1eb27b
SCHED-TRACE 1982 602 P 31 26a284c14
SCHED-TRACE 1983 602 I 32 1e1959
SCHED-TRACE 1984 602 B 32 f2
SCHED-TRACE 1985 602 P 32 26a150a3d
SCHED-TRACE 1986 602 R 32 26a150a3d
SCHED-TRACE 1987 603 U 4 1e19d6
SCHED-TRACE 1988 603 V 4 1e19fc
SCHED-TRACE 1989 603 O 0 0
SCHED-TRACE 1990 603 P 32 26a27d70a
SCHED-TRACE 1991 604 K 32 26a27d70a
SCHED-TRACE 1992 604 P 32 26a3b3f7c
SCHED-TRACE 1993 605 I 32 1e4194
SCHED-TRACE 1994 605 B 32 f5
SCHED-TRACE 1995 605 P 32 2707b126e
SCHED-TRACE 1996 605 R 32 2707b126e
SCHED-TRACE 1997 606 U 4 1e4212
SCHED-TRACE 1998 606 V 4 1e4238
SCHED-TRACE 1999 606 O 0 0
SCHED-TRACE 2000 606 P 32 2708e0830
SCHED-TRACE 2001 607 K 31 26a284c14
SCHED-TRACE 2002 607 P 32 270a13f7c
SCHED-TRACE 2003 608 P 32 270aacccc
SCHED-TRACE 2004 608 I 31 1e69cf
SCHED-TRACE 2005 608 B 31 f1
SCHED-TRACE 2006 608 P 31 2705e91b6
SCHED-TRACE 2007 608 R 31 2705e91b6
SCHED-TRACE 2008 609 U 4 1e6a4c
SCHED-TRACE 2009 609 V 4 1e6a71
SCHED-TRACE 2010 609 O 0 0
SCHED-TRACE 2011 609 P 31 270713175
SCHED-TRACE 2012 610 K 31 270713175
SCHED-TRACE 2013 610 P 31 2708468c0
SCHED-TRACE 2014 611 I 31 1e9208
SCHED-TRACE 2015 611 B 31 ea
SCHED-TRACE 2016 611 P 31 276c42b50
SCHED-TRACE 2017 611 R 31 276c42b50
SCHED-TRACE 2018 612 U 4 1e9281
SCHED-TRACE 2019 612 V 4 1e92a3
SCHED-TRACE 2020 612 O 0 0
SCHED-TRACE 2021 612 P 31 276d63381
SCHED-TRACE 2022 613 K 32 270aacccc
SCHED-TRACE 2023 613 P 31 276e94e21
SCHED-TRACE 2024 614 P 31 276f2d33f
SCHED-TRACE 2025 614 I 32 1eba39
SCHED-TRACE 2026 614 B 32 ee
SCHED-TRACE 2027 614 P 32 276e126e9
SCHED-TRACE 2028 614 R 32 276e126e9
SCHED-TRACE 2029 615 U 4 1ebab3
SCHED-TRACE 2030 615 V 4 1ebad7
SCHED-TRACE 2031 615 O 0 0
SCHED-TRACE 2032 615 P 32 276f36041
SCHED-TRACE 2033 616 K 31 276f2d33f
SCHED-TRACE 2034 616 P 32 277068b43
SCHED-TRACE 2035 617 P 32 277101cab
SCHED-TRACE 2036 617 I 31 1ee26d
SCHED-TRACE 2037 617 B 31 ee
SCHED-TRACE 2038 617 P 31 27d2918e1
SCHED-TRACE 2039 617 R 31 27d2918e1
SCHED-TRACE 2040 618 U 4 1ee2e8
SCHED-TRACE 2041 618 V 4 1ee30c
SCHED-TRACE 2042 618 O 0 0
SCHED-TRACE 2043 618 P 31 27d3b6acd
SCHED-TRACE 2044 619 K 32 277101cab
SCHED-TRACE 2045 619 P 31 27d4ea631
SCHED-TRACE 2046 620 P 31 27d583799
SCHED-TRACE 2047 620 I 32 1f0aa2
SCHED-TRACE 2048 620 B 32 ef
SCHED-TRACE 2049 620 P 32 27d465603
SCHED-TRACE 2050 620 R 32 27d465603
SCHED-TRACE 2051 621 U 4 1f0b1d
SCHED-TRACE 2052 621 V 4 1f0b41
SCHED-TRACE 2053 621 O 0 0
SCHED-TRACE 2054 621 P 32 27d58a7ef
SCHED-TRACE 2055 622 K 31 27d583799
SCHED-TRACE 2056 622 P 32 27d6bdb22
SCHED-TRACE 2057 623 P 32 27d7570a3
SCHED-TRACE 2058 623 I 31 1f32d7
SCHED-TRACE 2059 623 B 31 ee
SCHED-TRACE 2060 623 P 31 2838e750a
SCHED-TRACE 2061 623 R 31 2838e750a
SCHED-TRACE 2062 624 U 4 1f3352
SCHED-TRACE 2063 624 V 4 1f3376
SCHED-TRACE 2064 624 O 0 0
SCHED-TRACE 2065 624 P 31 283a0d33f
SCHED-TRACE 2066 625 K 32 27d7570a3
SCHED-TRACE 2067 625 P 31 283b40ea4
SCHED-TRACE 2068 626 P 31 283bda83d
SCHED-TRACE 2069 626 I 32 1f5b0d
SCHED-TRACE 2070 626 B 32 ef
SCHED-TRACE 2071 626 P 32 283abb22c
SCHED-TRACE 2072 626 R 32 283abb22c
SCHED-TRACE 2073 627 U 4 1f5b88
SCHED-TRACE 2074 627 V 4 1f5bac
SCHED-TRACE 2075 627 O 0 0
SCHED-TRACE 2076 627 P 32 283be0c49
SCHED-TRACE 2077 628 K 31 283bda83d
SCHED-TRACE 2078 628 P 32 283d153f7
SCHED-TRACE 2079 629 P 32 283dae560
SCHED-TRACE 2080 629 I 31 1f8343
SCHED-TRACE 2081 629 B 31 f1
SCHED-TRACE 2082 629 P 31 289f3eddf
SCHED-TRACE 2083 629 R 31 289f3eddf
SCHED-TRACE 2084 630 U 4 1f83be
SCHED-TRACE 2085 630 V 4 1f83e3
SCHED-TRACE 2086 630 O 0 0
SCHED-TRACE 2087 630 P 31 28a066cd9
SCHED-TRACE 2088 631 K 32 283dae560
SCHED-TRACE 2089 631 P 31 28a19b487
SCHED-TRACE 2090 632 P 31 28a232d5c
SCHED-TRACE 2091 632 I 32 1fab7a
SCHED-TRACE 2092 632 B 32 ee
SCHED-TRACE 2093 632 P 32 28a112f1a
SCHED-TRACE 2094 632 R 32 28a112f1a
SCHED-TRACE 2095 633 U 4 1fabf5
SCHED-TRACE 2096 633 V 4 1fac19
SCHED-TRACE 2097 633 O 0 0
SCHED-TRACE 2098 633 P 32 28a238d4f
SCHED-TRACE 2099 634 K 31 28a232d5c
SCHED-TRACE 2100 634 P 32 28a36d0e5
SCHED-TRACE 2101 635 P 32 28a40624d
SCHED-TRACE 2102 635 I 31 1fd3b0
SCHED-TRACE 2103 635 B 31 f0
SCHED-TRACE 2104 635 P 31 2905966b4
SCHED-TRACE 2105 635 R 31 2905966b4
SCHED-TRACE 2106 636 U 4 1fd42b
SCHED-TRACE 2107 636 V 4 1fd450
SCHED-TRACE 2108 636 O 0 0
SCHED-TRACE 2109 636 P 31 2906bf1f8
SCHED-TRACE 2110 637 K 32 28a40624d
SCHED-TRACE 2111 637 P 31 2907f252b
SCHED-TRACE 2112 638 P 31 29088ae62
SCHED-TRACE 2113 638 I 32 1ffbe7
SCHED-TRACE 2114 638 B 32 f0
SCHED-TRACE 2115 638 P 32 29076ac08
SCHED-TRACE 2116 638 R 32 29076ac08
SCHED-TRACE 2117 639 U 4 1ffc63
SCHED-TRACE 2118 639 V 4 1ffc88
SCHED-TRACE 2119 639 O 0 0
SCHED-TRACE 2120 639 P 32 290893333
SCHED-TRACE 2121 640 K 31 29088ae62
SCHED-TRACE 2122 640 P 32 2909c72af
SCHED-TRACE 2123 641 P 32 290a60830
SCHED-TRACE 2124 641 I 31 20241e
SCHED-TRACE 2125 641 B 31 f1
SCHED-TRACE 2126 641 P 31 296beebd3
SCHED-TRACE 2127 641 R 31 296beebd3
SCHED-TRACE 2128 642 U 4 202499
SCHED-TRACE 2129 642 V 4 2024bd
SCHED-TRACE 2130 642 O 0 0
SCHED-TRACE 2131 642 P 31 296d118e1
SCHED-TRACE 2132 643 K 32 290a60830
SCHED-TRACE 2133 643 P 31 296e43fcb
SCHED-TRACE 2134 644 P 31 296edc902
SCHED-TRACE 2135 644 I 32 204c52
SCHED-TRACE 2136 644 B 32 ef
SCHED-TRACE 2137 644 P 32 296dc3d70
SCHED-TRACE 2138 644 R 32 296dc3d70
SCHED-TRACE 2139 645 U 4 204ccd
SCHED-TRACE 2140 645 V 4 204cf1
SCHED-TRACE 2141 645 O 0 0
SCHED-TRACE 2142 645 P 32 296ee872a
SCHED-TRACE 2143 646 K 31 296edc902
SCHED-TRACE 2144 646 P 32 29701c28f
SCHED-TRACE 2145 647 P 32 2970b5810
SCHED-TRACE 2146 647 I 31 207488
SCHED-TRACE 2147 647 B 31 f1
SCHED-TRACE 2148 647 P 31 29d2416d5
SCHED-TRACE 2149 647 R 31 29d2416d5
SCHED-TRACE 2150 648 U 4 207503
SCHED-TRACE 2151 648 V 4 207527
SCHED-TRACE 2152 648 O 0 0
SCHED-TRACE 2153 648 P 31 29d3664a8
SCHED-TRACE 2154 649 K 32 2970b5810
SCHED-TRACE 2155 649 P 31 29d49a425
SCHED-TRACE 2156 650 P 31 29d533175
SCHED-TRACE 2157 650 I 32 209cbd
SCHED-TRACE 2158 650 B 32 f2
SCHED-TRACE 2159 650 P 32 29d41a5e3
SCHED-TRACE 2160 650 R 32 29d41a5e3
SCHED-TRACE 2161 651 U 4 209d38
SCHED-TRACE 2162 651 V 4 209d5c
SCHED-TRACE 2163 651 O 0 0
SCHED-TRACE 2164 651 P 32 29d53ffff
SCHED-TRACE 2165 652 K 31 29d533175
SCHED-TRACE 2166 652 P 32 29d67374b
SCHED-TRACE 2167 653 P 32 29d70d916
SCHED-TRACE 2168 653 I 31 20c4f2
SCHED-TRACE 2169 653 B 31 ef
SCHED-TRACE 2170 653 P 31 2a3894a08
SCHED-TRACE 2171 653 R 31 2a3894a08
SCHED-TRACE 2172 654 U 4 20c56c
SCHED-TRACE 2173 654 V 4 20c58f
SCHED-TRACE 2174 654 O 0 0
SCHED-TRACE 2175 654 P 31 2a39b6acd
SCHED-TRACE 2176 655 K 32 29d70d916
SCHED-TRACE 2177 655 P 31 2a3ae91b6
SCHED-TRACE 2178 656 P 31 2a3b82f68
SCHED-TRACE 2179 656 I 32 20ed24
SCHED-TRACE 2180 656 B 32 f1
SCHED-TRACE 2181 656 P 32 2a3a7020c
SCHED-TRACE 2182 656 R 32 2a3a7020c
SCHED-TRACE 2183 657 U 4 20ed9f
SCHED-TRACE 2184 657 V 4 20edc3
SCHED-TRACE 2185 657 O 0 0
SCHED-TRACE 2186 657 P 32 2a3b95c28
SCHED-TRACE 2187 658 K 31 2a3b82f68
SCHED-TRACE 2188 658 P 32 2a3cca7ef
SCHED-TRACE 2189 659 P 32 2a3d649ba
SCHED-TRACE 2190 659 I 31 21155a
SCHED-TRACE 2191 659 B 31 f0
SCHED-TRACE 2192 659 P 31 2a9ee5c77
SCHED-TRACE 2193 659 R 31 2a9ee5c77
SCHED-TRACE 2194 660 U 4 2115d5
SCHED-TRACE 2195 660 V 4 2115f9
SCHED-TRACE 2196 660 O 0 0
SCHED-TRACE 2197 660 P 31 2aa00ae62
SCHED-TRACE 2198 661 K 32 2a3d649ba
SCHED-TRACE 2199 661 P 31 2aa140672
SCHED-TRACE 2200 662 P 31 2aa1da00c
SCHED-TRACE 2201 662 I 32 213d8f
SCHED-TRACE 2202 662 B 32 f2
SCHED-TRACE 2203 662 P 32 2aa0c72af
SCHED-TRACE 2204 662 R 32 2aa0c72af
SCHED-TRACE 2205 663 U 4 213e0a
SCHED-TRACE 2206 663 V 4 213e2f
SCHED-TRACE 2207 663 O 0 0
SCHED-TRACE 2208 663 P 32 2aa1ee560
SCHED-TRACE 2209 664 K 31 2aa1da00c
SCHED-TRACE 2210 664 P 32 2aa323957
SCHED-TRACE 2211 665 P 32 2aa3bd70a
SCHED-TRACE 2212 665 I 31 2165c6
SCHED-TRACE 2213 665 B 31 f0
SCHED-TRACE 2214 665 P 31 2b053c902
SCHED-TRACE 2215 665 R 31 2b053c902
SCHED-TRACE 2216 666 U 4 216641
SCHED-TRACE 2217 666 V 4 216666
SCHED-TRACE 2218 666 O 0 0
SCHED-TRACE 2219 666 P 31 2b066608f
SCHED-TRACE 2220 667 K 32 2aa3bd70a
SCHED-TRACE 2221 667 P 31 2b079b8a0
SCHED-TRACE 2222 668 P 31 2b0835239
SCHED-TRACE 2223 668 I 32 218dfd
SCHED-TRACE 2224 668 B 32 f2
SCHED-TRACE 2225 668 P 32 2b0720830
SCHED-TRACE 2226 668 R 32 2b0720830
SCHED-TRACE 2227 669 U 4 218e78
SCHED-TRACE 2228 669 V 4 218e9d
SCHED-TRACE 2229 669 O 0 0
SCHED-TRACE 2230 669 P 32 2b0849374
SCHED-TRACE 2231 670 K 31 2b0835239
SCHED-TRACE 2232 670 P 32 2b097eb84
SCHED-TRACE 2233 671 P 32 2b0a18937
SCHED-TRACE 2234 671 I 31 21b634
SCHED-TRACE 2235 671 B 31 f3
SCHED-TRACE 2236 671 P 31 2b6b97b2f
SCHED-TRACE 2237 671 R 31 2b6b97b2f
SCHED-TRACE 2238 672 U 4 21b6b0
SCHED-TRACE 2239 672 V 4 21b6d5
SCHED-TRACE 2240 672 O 0 0
SCHED-TRACE 2241 672 P 31 2b6cc12bc
SCHED-TRACE 2242 673 K 32 2b0a18937
SCHED-TRACE 2243 673 P 31 2b6df5a6a
SCHED-TRACE 2244 674 P 31 2b6e8f81c
SCHED-TRACE 2245 674 I 32 21de6c
SCHED-TRACE 2246 674 B 32 ef
SCHED-TRACE 2247 674 P 32 2b6d7a1ca
SCHED-TRACE 2248 674 R 32 2b6d7a1ca
SCHED-TRACE 2249 675 U 4 21dee8
SCHED-TRACE 2250 675 V 4 21df0d
SCHED-TRACE 2251 675 O 0 0
SCHED-TRACE 2252 675 P 32 2b6ea24dd
SCHED-TRACE 2253 676 K 31 2b6e8f81c
SCHED-TRACE 2254 676 P 32 2b6fd7ced
SCHED-TRACE 2255 677 P 32 2b7071eb8
SCHED-TRACE 2256 677 I 31 2206a4
SCHED-TRACE 2257 677 B 31 f1
SCHED-TRACE 2258 677 P 31 2bd1f2112
SCHED-TRACE 2259 677 R 31 2bd1f2112
SCHED-TRACE 2260 678 U 4 220720
SCHED-TRACE 2261 678 V 4 220745
SCHED-TRACE 2262 678 O 0 0
SCHED-TRACE 2263 678 P 31 2bd31ac56
SCHED-TRACE 2264 679 K 32 2b7071eb8
SCHED-TRACE 2265 679 P 31 2bd44f81c
SCHED-TRACE 2266 680 P 31 2bd4e91b6
SCHED-TRACE 2267 681 P 1 2b7071eb8
SCHED-TRACE 2268 681 W 1 2b7071eb8
SCHED-TRACE 2269 681 T 0 220e91
SCHED-TRACE 2270 681 t 0 220ec3
SCHED-TRACE 2271 681 P 32 2bd371eb8
SCHED-TRACE 2272 681 D 32 2bd371eb8
SCHED-TRACE 2273 683 K 1 2b7071eb8
SCHED-TRACE 2274 684 U 4 222fe7
SCHED-TRACE 2275 684 V 4 223009
SCHED-TRACE 2276 684 P 1 2b7530624
SCHED-TRACE 2277 684 D 1 2b7530624
SCHED-TRACE 2278 686 K 31 2bd4e91b6
SCHED-TRACE 2279 688 P 1 2bd4e91b6
SCHED-TRACE 2280 688 W 1 2bd4e91b6
SCHED-TRACE 2281 688 P 31 2be723fcb
SCHED-TRACE 2282 688 D 31 2be723fcb
SCHED-TRACE 2283 690 K 1 2bd4e91b6
SCHED-TRACE 2284 692 W 31 2be955652
SCHED-TRACE 2285 692 U 2 224227
SCHED-TRACE 2286 692 V 2 224401
SCHED-TRACE-END 2287 dropped 0
