
loader: Redoubt rv64 loader, boot hart 0
  1 hart(s), timebase 10000000 Hz
  ram: 0x80000000..0x90000000 (256 MiB)
  bundle: 0x88200000..0x88296040
  devices: 14 mmio (8 dma), 10 irq, console 0x10000000
  plic: 0xc000000, S-mode context 1
  rng-seed: 32 bytes
  bundle signature ok (614400 bytes)
  PID 1: kernel -> 0xffffffffffd00000
  PID 2: rng-test -> 0x12c5c
  bundle mapped read-only at 0x20000000 (614464 bytes)
  252 MiB free, entering kernel
Kernel arguments:
    XArg (67724158, 28 bytes): 00000123 00000002 80000000 00000000 10000000 00000000 6d617273
    MREx (7845524d, 384 bytes): 10100000 00000000 00001000 00000000 632d7766 00000000 20000000 00000000 02000000 00000000 73616c66 00000000 00101000 00000000 00001000 00000000 40637472 00000000 10000000 00000000 00001000 00000000 69726573 00000000 00100000 00000000 00001000 00000000 74736574 00000000 10008000 00000000 00001000 00000000 74726976 00000000 10007000 00000000 00001000 00000000 74726976 00000000 10006000 00000000 00001000 00000000 74726976 00000000 10005000 00000000 00001000 00000000 74726976 00000000 10004000 00000000 00001000 00000000 74726976 00000000 10003000 00000000 00001000 00000000 74726976 00000000 10002000 00000000 00001000 00000000 74726976 00000000 10001000 00000000 00001000 00000000 74726976 00000000 0c000000 00000000 00600000 00000000 63696c70 00000000 02000000 00000000 00010000 00000000 6e696c63 00000000 30000000 00000000 10000000 00000000 40696370 00000000
    Ctrl (6c727443, 32 bytes): 0c000000 00000000 00600000 00000000 02000000 00000000 00010000 00000000
    Devs (73766544, 600 bytes): 00000003 00000000 00000000 00000000 00000000 00000000 00000001 10000000 00000000 00001000 00000000 00000000 00000002 0000000a 00000000 00000000 00000000 00000000 00000001 10100000 00000000 00001000 00000000 00000000 00000001 20000000 00000000 02000000 00000000 00000000 00000001 00101000 00000000 00001000 00000000 00000000 00000001 00100000 00000000 00001000 00000000 00000000 00000001 10008000 00000000 00001000 00000000 00000001 00000001 10007000 00000000 00001000 00000000 00000001 00000001 10006000 00000000 00001000 00000000 00000001 00000001 10005000 00000000 00001000 00000000 00000001 00000001 10004000 00000000 00001000 00000000 00000001 00000001 10003000 00000000 00001000 00000000 00000001 00000001 10002000 00000000 00001000 00000000 00000001 00000001 10001000 00000000 00001000 00000000 00000001 00000001 30000000 00000000 10000000 00000000 00000000 00000002 00000001 00000000 00000000 00000000 00000000 00000002 00000002 00000000 00000000 00000000 00000000 00000002 00000003 00000000 00000000 00000000 00000000 00000002 00000004 00000000 00000000 00000000 00000000 00000002 00000005 00000000 00000000 00000000 00000000 00000002 00000006 00000000 00000000 00000000 00000000 00000002 00000007 00000000 00000000 00000000 00000000 00000002 00000008 00000000 00000000 00000000 00000000 00000002 0000000b 00000000 00000000 00000000 00000000
    Plic (63696c50, 24 bytes): 0c000000 00000000 00600000 00000000 00000001 00000000
    Seed (64656553, 32 bytes): d183121b c1b3d297 5e721557 dccd6096 aa5ea711 84c873a4 66cdc50c e1d0cd90
    Time (656d6954, 8 bytes): 00989680 00000000
asid: 16 bits
Devices: 25 objects, all held by init
Budgets: root 63726 pages (1191 kept for init), system 15633, users 46900
W^X verified: 36 executable kernel pages, none writable under any alias
Kernel RNG seeded from the loader (32 bytes)
KMAIN (clean boot): Supervisor mode started...
kernel: checks on (debug assertions, overflow checks)
sum-probe: loading 0x1384c through the caller's user mapping
!!! KERNEL FAILURE !!!: CPU Exception on PID 2: Load page fault of 0x0001384c at 0xffffffffffd034f4
Current thread 1:
Thread 1:
PC:ffffffffffd034f4   SP:fffffffffffefdb0   RA:ffffffffffd034ec
GP:00000000   TP:00000000
T0:7ffffeb0   T1:ffffffffffd0cee8   T2:00000000
T3:00000000   T4:00000000   T5:00000000   T6:00000000
S0:ffffffffffdf8450   S1:0001384c   S2:00000070   S3:fffffffffffeff20
S4:00000000   S5:ffffffffffdf8450   S6:00000008   S7:00000002
S8:00000101   S9:2000000000000  S10:00001000  S11:00000000
A0:00000000   A1:ffffffffffd2a77e   A2:ffffffffffd2a77e   A3:ffffffffffd2c493
A4:00000002   A5:ffffffffffd01d32   A6:00000002   A7:4442434e
Memory Maps for satp 0x800020000008fef1:
    0000000000010000 -> 008feee000 (PteFlags(VALID | R | USER | A | D))
    0000000000011000 -> 008feed000 (PteFlags(VALID | R | X | USER | A | D))
    0000000000012000 -> 008feec000 (PteFlags(VALID | R | X | USER | A | D))
    0000000000013000 -> 008feeb000 (PteFlags(VALID | R | X | USER | A | D))
    0000000000014000 -> 008feea000 (PteFlags(VALID | R | W | USER | A | D))
    0000000020000000 -> 0088200000 (PteFlags(VALID | R | USER | A | D))
    0000000020001000 -> 0088201000 (PteFlags(VALID | R | USER | A | D))
    0000000020002000 -> 0088202000 (PteFlags(VALID | R | USER | A | D))
    0000000020003000 -> 0088203000 (PteFlags(VALID | R | USER | A | D))
    0000000020004000 -> 0088204000 (PteFlags(VALID | R | USER | A | D))
    0000000020005000 -> 0088205000 (PteFlags(VALID | R | USER | A | D))
    0000000020006000 -> 0088206000 (PteFlags(VALID | R | USER | A | D))
    0000000020007000 -> 0088207000 (PteFlags(VALID | R | USER | A | D))
    0000000020008000 -> 0088208000 (PteFlags(VALID | R | USER | A | D))
    0000000020009000 -> 0088209000 (PteFlags(VALID | R | USER | A | D))
    000000002000a000 -> 008820a000 (PteFlags(VALID | R | USER | A | D))
    000000002000b000 -> 008820b000 (PteFlags(VALID | R | USER | A | D))
    000000002000c000 -> 008820c000 (PteFlags(VALID | R | USER | A | D))
    000000002000d000 -> 008820d000 (PteFlags(VALID | R | USER | A | D))
    000000002000e000 -> 008820e000 (PteFlags(VALID | R | USER | A | D))
    000000002000f000 -> 008820f000 (PteFlags(VALID | R | USER | A | D))
    0000000020010000 -> 0088210000 (PteFlags(VALID | R | USER | A | D))
    0000000020011000 -> 0088211000 (PteFlags(VALID | R | USER | A | D))
    0000000020012000 -> 0088212000 (PteFlags(VALID | R | USER | A | D))
    0000000020013000 -> 0088213000 (PteFlags(VALID | R | USER | A | D))
    0000000020014000 -> 0088214000 (PteFlags(VALID | R | USER | A | D))
    0000000020015000 -> 0088215000 (PteFlags(VALID | R | USER | A | D))
    0000000020016000 -> 0088216000 (PteFlags(VALID | R | USER | A | D))
    0000000020017000 -> 0088217000 (PteFlags(VALID | R | USER | A | D))
    0000000020018000 -> 0088218000 (PteFlags(VALID | R | USER | A | D))
    0000000020019000 -> 0088219000 (PteFlags(VALID | R | USER | A | D))
    000000002001a000 -> 008821a000 (PteFlags(VALID | R | USER | A | D))
    000000002001b000 -> 008821b000 (PteFlags(VALID | R | USER | A | D))
    000000002001c000 -> 008821c000 (PteFlags(VALID | R | USER | A | D))
    000000002001d000 -> 008821d000 (PteFlags(VALID | R | USER | A | D))
    000000002001e000 -> 008821e000 (PteFlags(VALID | R | USER | A | D))
    000000002001f000 -> 008821f000 (PteFlags(VALID | R | USER | A | D))
    0000000020020000 -> 0088220000 (PteFlags(VALID | R | USER | A | D))
    0000000020021000 -> 0088221000 (PteFlags(VALID | R | USER | A | D))
    0000000020022000 -> 0088222000 (PteFlags(VALID | R | USER | A | D))
    0000000020023000 -> 0088223000 (PteFlags(VALID | R | USER | A | D))
    0000000020024000 -> 0088224000 (PteFlags(VALID | R | USER | A | D))
    0000000020025000 -> 0088225000 (PteFlags(VALID | R | USER | A | D))
    0000000020026000 -> 0088226000 (PteFlags(VALID | R | USER | A | D))
    0000000020027000 -> 0088227000 (PteFlags(VALID | R | USER | A | D))
    0000000020028000 -> 0088228000 (PteFlags(VALID | R | USER | A | D))
    0000000020029000 -> 0088229000 (PteFlags(VALID | R | USER | A | D))
    000000002002a000 -> 008822a000 (PteFlags(VALID | R | USER | A | D))
    000000002002b000 -> 008822b000 (PteFlags(VALID | R | USER | A | D))
    000000002002c000 -> 008822c000 (PteFlags(VALID | R | USER | A | D))
    000000002002d000 -> 008822d000 (PteFlags(VALID | R | USER | A | D))
    000000002002e000 -> 008822e000 (PteFlags(VALID | R | USER | A | D))
    000000002002f000 -> 008822f000 (PteFlags(VALID | R | USER | A | D))
    0000000020030000 -> 0088230000 (PteFlags(VALID | R | USER | A | D))
    0000000020031000 -> 0088231000 (PteFlags(VALID | R | USER | A | D))
    0000000020032000 -> 0088232000 (PteFlags(VALID | R | USER | A | D))
    0000000020033000 -> 0088233000 (PteFlags(VALID | R | USER | A | D))
    0000000020034000 -> 0088234000 (PteFlags(VALID | R | USER | A | D))
    0000000020035000 -> 0088235000 (PteFlags(VALID | R | USER | A | D))
    0000000020036000 -> 0088236000 (PteFlags(VALID | R | USER | A | D))
    0000000020037000 -> 0088237000 (PteFlags(VALID | R | USER | A | D))
    0000000020038000 -> 0088238000 (PteFlags(VALID | R | USER | A | D))
    0000000020039000 -> 0088239000 (PteFlags(VALID | R | USER | A | D))
    000000002003a000 -> 008823a000 (PteFlags(VALID | R | USER | A | D))
    000000002003b000 -> 008823b000 (PteFlags(VALID | R | USER | A | D))
    000000002003c000 -> 008823c000 (PteFlags(VALID | R | USER | A | D))
    000000002003d000 -> 008823d000 (PteFlags(VALID | R | USER | A | D))
    000000002003e000 -> 008823e000 (PteFlags(VALID | R | USER | A | D))
    000000002003f000 -> 008823f000 (PteFlags(VALID | R | USER | A | D))
    0000000020040000 -> 0088240000 (PteFlags(VALID | R | USER | A | D))
    0000000020041000 -> 0088241000 (PteFlags(VALID | R | USER | A | D))
    0000000020042000 -> 0088242000 (PteFlags(VALID | R | USER | A | D))
    0000000020043000 -> 0088243000 (PteFlags(VALID | R | USER | A | D))
    0000000020044000 -> 0088244000 (PteFlags(VALID | R | USER | A | D))
    0000000020045000 -> 0088245000 (PteFlags(VALID | R | USER | A | D))
    0000000020046000 -> 0088246000 (PteFlags(VALID | R | USER | A | D))
    0000000020047000 -> 0088247000 (PteFlags(VALID | R | USER | A | D))
    0000000020048000 -> 0088248000 (PteFlags(VALID | R | USER | A | D))
    0000000020049000 -> 0088249000 (PteFlags(VALID | R | USER | A | D))
    000000002004a000 -> 008824a000 (PteFlags(VALID | R | USER | A | D))
    000000002004b000 -> 008824b000 (PteFlags(VALID | R | USER | A | D))
    000000002004c000 -> 008824c000 (PteFlags(VALID | R | USER | A | D))
    000000002004d000 -> 008824d000 (PteFlags(VALID | R | USER | A | D))
    000000002004e000 -> 008824e000 (PteFlags(VALID | R | USER | A | D))
    000000002004f000 -> 008824f000 (PteFlags(VALID | R | USER | A | D))
    0000000020050000 -> 0088250000 (PteFlags(VALID | R | USER | A | D))
    0000000020051000 -> 0088251000 (PteFlags(VALID | R | USER | A | D))
    0000000020052000 -> 0088252000 (PteFlags(VALID | R | USER | A | D))
    0000000020053000 -> 0088253000 (PteFlags(VALID | R | USER | A | D))
    0000000020054000 -> 0088254000 (PteFlags(VALID | R | USER | A | D))
    0000000020055000 -> 0088255000 (PteFlags(VALID | R | USER | A | D))
    0000000020056000 -> 0088256000 (PteFlags(VALID | R | USER | A | D))
    0000000020057000 -> 0088257000 (PteFlags(VALID | R | USER | A | D))
    0000000020058000 -> 0088258000 (PteFlags(VALID | R | USER | A | D))
    0000000020059000 -> 0088259000 (PteFlags(VALID | R | USER | A | D))
    000000002005a000 -> 008825a000 (PteFlags(VALID | R | USER | A | D))
    000000002005b000 -> 008825b000 (PteFlags(VALID | R | USER | A | D))
    000000002005c000 -> 008825c000 (PteFlags(VALID | R | USER | A | D))
    000000002005d000 -> 008825d000 (PteFlags(VALID | R | USER | A | D))
    000000002005e000 -> 008825e000 (PteFlags(VALID | R | USER | A | D))
    000000002005f000 -> 008825f000 (PteFlags(VALID | R | USER | A | D))
    0000000020060000 -> 0088260000 (PteFlags(VALID | R | USER | A | D))
    0000000020061000 -> 0088261000 (PteFlags(VALID | R | USER | A | D))
    0000000020062000 -> 0088262000 (PteFlags(VALID | R | USER | A | D))
    0000000020063000 -> 0088263000 (PteFlags(VALID | R | USER | A | D))
    0000000020064000 -> 0088264000 (PteFlags(VALID | R | USER | A | D))
    0000000020065000 -> 0088265000 (PteFlags(VALID | R | USER | A | D))
    0000000020066000 -> 0088266000 (PteFlags(VALID | R | USER | A | D))
    0000000020067000 -> 0088267000 (PteFlags(VALID | R | USER | A | D))
    0000000020068000 -> 0088268000 (PteFlags(VALID | R | USER | A | D))
    0000000020069000 -> 0088269000 (PteFlags(VALID | R | USER | A | D))
    000000002006a000 -> 008826a000 (PteFlags(VALID | R | USER | A | D))
    000000002006b000 -> 008826b000 (PteFlags(VALID | R | USER | A | D))
    000000002006c000 -> 008826c000 (PteFlags(VALID | R | USER | A | D))
    000000002006d000 -> 008826d000 (PteFlags(VALID | R | USER | A | D))
    000000002006e000 -> 008826e000 (PteFlags(VALID | R | USER | A | D))
    000000002006f000 -> 008826f000 (PteFlags(VALID | R | USER | A | D))
    0000000020070000 -> 0088270000 (PteFlags(VALID | R | USER | A | D))
    0000000020071000 -> 0088271000 (PteFlags(VALID | R | USER | A | D))
    0000000020072000 -> 0088272000 (PteFlags(VALID | R | USER | A | D))
    0000000020073000 -> 0088273000 (PteFlags(VALID | R | USER | A | D))
    0000000020074000 -> 0088274000 (PteFlags(VALID | R | USER | A | D))
    0000000020075000 -> 0088275000 (PteFlags(VALID | R | USER | A | D))
    0000000020076000 -> 0088276000 (PteFlags(VALID | R | USER | A | D))
    0000000020077000 -> 0088277000 (PteFlags(VALID | R | USER | A | D))
    0000000020078000 -> 0088278000 (PteFlags(VALID | R | USER | A | D))
    0000000020079000 -> 0088279000 (PteFlags(VALID | R | USER | A | D))
    000000002007a000 -> 008827a000 (PteFlags(VALID | R | USER | A | D))
    000000002007b000 -> 008827b000 (PteFlags(VALID | R | USER | A | D))
    000000002007c000 -> 008827c000 (PteFlags(VALID | R | USER | A | D))
    000000002007d000 -> 008827d000 (PteFlags(VALID | R | USER | A | D))
    000000002007e000 -> 008827e000 (PteFlags(VALID | R | USER | A | D))
    000000002007f000 -> 008827f000 (PteFlags(VALID | R | USER | A | D))
    0000000020080000 -> 0088280000 (PteFlags(VALID | R | USER | A | D))
    0000000020081000 -> 0088281000 (PteFlags(VALID | R | USER | A | D))
    0000000020082000 -> 0088282000 (PteFlags(VALID | R | USER | A | D))
    0000000020083000 -> 0088283000 (PteFlags(VALID | R | USER | A | D))
    0000000020084000 -> 0088284000 (PteFlags(VALID | R | USER | A | D))
    0000000020085000 -> 0088285000 (PteFlags(VALID | R | USER | A | D))
    0000000020086000 -> 0088286000 (PteFlags(VALID | R | USER | A | D))
    0000000020087000 -> 0088287000 (PteFlags(VALID | R | USER | A | D))
    0000000020088000 -> 0088288000 (PteFlags(VALID | R | USER | A | D))
    0000000020089000 -> 0088289000 (PteFlags(VALID | R | USER | A | D))
    000000002008a000 -> 008828a000 (PteFlags(VALID | R | USER | A | D))
    000000002008b000 -> 008828b000 (PteFlags(VALID | R | USER | A | D))
    000000002008c000 -> 008828c000 (PteFlags(VALID | R | USER | A | D))
    000000002008d000 -> 008828d000 (PteFlags(VALID | R | USER | A | D))
    000000002008e000 -> 008828e000 (PteFlags(VALID | R | USER | A | D))
    000000002008f000 -> 008828f000 (PteFlags(VALID | R | USER | A | D))
    0000000020090000 -> 0088290000 (PteFlags(VALID | R | USER | A | D))
    0000000020091000 -> 0088291000 (PteFlags(VALID | R | USER | A | D))
    0000000020092000 -> 0088292000 (PteFlags(VALID | R | USER | A | D))
    0000000020093000 -> 0088293000 (PteFlags(VALID | R | USER | A | D))
    0000000020094000 -> 0088294000 (PteFlags(VALID | R | USER | A | D))
    0000000020095000 -> 0088295000 (PteFlags(VALID | R | USER | A | D))
    0000000020096000 -> 0088296000 (PteFlags(VALID | R | USER | A | D))
    000000007ffff000 -> 008fee9000 (PteFlags(VALID | R | W | USER | A | D))
End of map
