
loader: Redoubt rv64 loader, boot hart 0
  1 hart(s), timebase 10000000 Hz
  ram: 0x80000000..0xc0000000 (1024 MiB)
  bundle: 0xa0200000..0xa071be40
  devices: 14 mmio (8 dma), 10 irq, console 0x10000000
  plic: 0xc000000, S-mode context 1
  rng-seed: 32 bytes
  bundle signature ok (5357056 bytes)
  PID 1: kernel -> 0xffffffffffd00000
  PID 2: init -> 0x1b96e
  bundle mapped read-only at 0x20000000 (5357120 bytes)
  1015 MiB free, entering kernel
Kernel arguments:
    XArg (67724158, 28 bytes): 00000123 00000002 80000000 00000000 40000000 00000000 6d617273
    MREx (7845524d, 384 bytes): 10100000 00000000 00001000 00000000 632d7766 00000000 20000000 00000000 02000000 00000000 73616c66 00000000 00101000 00000000 00001000 00000000 40637472 00000000 10000000 00000000 00001000 00000000 69726573 00000000 00100000 00000000 00001000 00000000 74736574 00000000 10008000 00000000 00001000 00000000 74726976 00000000 10007000 00000000 00001000 00000000 74726976 00000000 10006000 00000000 00001000 00000000 74726976 00000000 10005000 00000000 00001000 00000000 74726976 00000000 10004000 00000000 00001000 00000000 74726976 00000000 10003000 00000000 00001000 00000000 74726976 00000000 10002000 00000000 00001000 00000000 74726976 00000000 10001000 00000000 00001000 00000000 74726976 00000000 0c000000 00000000 00600000 00000000 63696c70 00000000 02000000 00000000 00010000 00000000 6e696c63 00000000 30000000 00000000 10000000 00000000 40696370 00000000
    Ctrl (6c727443, 32 bytes): 0c000000 00000000 00600000 00000000 02000000 00000000 00010000 00000000
    Devs (73766544, 600 bytes): 00000003 00000000 00000000 00000000 00000000 00000000 00000001 10000000 00000000 00001000 00000000 00000000 00000002 0000000a 00000000 00000000 00000000 00000000 00000001 10100000 00000000 00001000 00000000 00000000 00000001 20000000 00000000 02000000 00000000 00000000 00000001 00101000 00000000 00001000 00000000 00000000 00000001 00100000 00000000 00001000 00000000 00000000 00000001 10008000 00000000 00001000 00000000 00000001 00000001 10007000 00000000 00001000 00000000 00000001 00000001 10006000 00000000 00001000 00000000 00000001 00000001 10005000 00000000 00001000 00000000 00000001 00000001 10004000 00000000 00001000 00000000 00000001 00000001 10003000 00000000 00001000 00000000 00000001 00000001 10002000 00000000 00001000 00000000 00000001 00000001 10001000 00000000 00001000 00000000 00000001 00000001 30000000 00000000 10000000 00000000 00000000 00000002 00000001 00000000 00000000 00000000 00000000 00000002 00000002 00000000 00000000 00000000 00000000 00000002 00000003 00000000 00000000 00000000 00000000 00000002 00000004 00000000 00000000 00000000 00000000 00000002 00000005 00000000 00000000 00000000 00000000 00000002 00000006 00000000 00000000 00000000 00000000 00000002 00000007 00000000 00000000 00000000 00000000 00000002 00000008 00000000 00000000 00000000 00000000 00000002 0000000b 00000000 00000000 00000000 00000000
    Plic (63696c50, 24 bytes): 0c000000 00000000 00600000 00000000 00000001 00000000
    Seed (64656553, 32 bytes): e63edbf3 09f880e1 e6c66ac8 ce07283f 9fd47a3e 63e92617 41c6fc90 100ba82e
    Time (656d6954, 8 bytes): 00989680 00000000
asid: 16 bits
Devices: 25 objects, all held by init
Budgets: root 260241 pages (2394 kept for init), system 64461, users 193384
W^X verified: 30 executable kernel pages, none writable under any alias
Kernel RNG seeded from the loader (32 bytes)
KMAIN (clean boot): Supervisor mode started...
init: up
init: the manifest is checked: 10 servers, bound 507 pages
init: started keyd
init: keyd holds none of the 1 keys
init: started consoled, and writes through it
init: started bootfsd, console 36eb11d877a5d3dc
init: started blkd, console 56c992e4262e0fc0
init: started netd, console 51392c3d9ad24754
init: started ipd, console 27a7d5de4a6ff15f
init: started fsd:data, console ed7958bf73c4bb54
init: started blkd:system, console a5467598aefe08a1
init: started fsd:system, console 077ad76593b63070
init: started beamlet, console 76386b331d685adc
init: 1 public entries pushed to bootfsd, and sealed
init: holds none of the 6 badges and 8 console connections it handed
init: the boot is done: 10 servers, root holds 341 pages for it, within the bound of 507
[con 76386b331d685adc] beamlet: 587 objects in /boot/system.index, read from fsd:system
[con 76386b331d685adc] Redoubt shell, on Elixir 1.20.4. `exit` or Ctrl+D ends it.
[con 76386b331d685adc] / (1)> beamlet: Elixir.Version not loaded: its object does not match system.index
[con 76386b331d685adc] beamlet: Elixir.Version not loaded: its object does not match system.index
[con 76386b331d685adc] beamlet: Elixir.Version not loaded: its object does not match system.index
[con 76386b331d685adc] ** (UndefinedFunctionError) function Version.parse/1 is undefined (module Version is not available). Make sure the module name is correct and has been specified in full (or that an alias has been defined)
[con 76386b331d685adc]     (elixir 1.20.4) Version.parse("1.2.3")
[con 76386b331d685adc]     shell:1: (file)
[con 76386b331d685adc] / (2)> beamlet: Elixir.OptionParser not loaded: its object is missing
[con 76386b331d685adc] beamlet: Elixir.OptionParser not loaded: its object is missing
[con 76386b331d685adc] ** (UndefinedFunctionError) function OptionParser.split/1 is undefined (module OptionParser is not available). Make sure the module name is correct and has been specified in full (or that an alias has been defined)
[con 76386b331d685adc]     (elixir 1.20.4) OptionParser.split("a b")
[con 76386b331d685adc]     shell:2: (file)
[con 76386b331d685adc] / (3)> 55
