
loader: Redoubt rv32 loader, boot hart 0
  1 hart(s), timebase 10000000 Hz
  ram: 0x80000000..0xc0000000 (1024 MiB)
  bundle: 0xa0200000..0xa07e9040
  devices: 14 mmio (8 dma), 10 irq, console 0x10000000
  plic: 0xc000000, S-mode context 1
  rng-seed: 32 bytes
  bundle signature ok (6197248 bytes)
  PID 1: kernel -> 0xffd00000
  PID 2: init -> 0x19058
  bundle mapped read-only at 0x20000000 (6197312 bytes)
  1014 MiB free, entering kernel
Kernel arguments:
    XArg (67724158, 28 bytes): 00000123 00000002 80000000 00000000 40000000 00000000 6d617273
    MREx (7845524d, 384 bytes): 10100000 00000000 00001000 00000000 632d7766 00000000 20000000 00000000 02000000 00000000 73616c66 00000000 00101000 00000000 00001000 00000000 40637472 00000000 10000000 00000000 00001000 00000000 69726573 00000000 00100000 00000000 00001000 00000000 74736574 00000000 10008000 00000000 00001000 00000000 74726976 00000000 10007000 00000000 00001000 00000000 74726976 00000000 10006000 00000000 00001000 00000000 74726976 00000000 10005000 00000000 00001000 00000000 74726976 00000000 10004000 00000000 00001000 00000000 74726976 00000000 10003000 00000000 00001000 00000000 74726976 00000000 10002000 00000000 00001000 00000000 74726976 00000000 10001000 00000000 00001000 00000000 74726976 00000000 0c000000 00000000 00600000 00000000 63696c70 00000000 02000000 00000000 00010000 00000000 6e696c63 00000000 30000000 00000000 10000000 00000000 40696370 00000000
    Ctrl (6c727443, 32 bytes): 0c000000 00000000 00600000 00000000 02000000 00000000 00010000 00000000
    Devs (73766544, 600 bytes): 00000003 00000000 00000000 00000000 00000000 00000000 00000001 10000000 00000000 00001000 00000000 00000000 00000002 0000000a 00000000 00000000 00000000 00000000 00000001 10100000 00000000 00001000 00000000 00000000 00000001 20000000 00000000 02000000 00000000 00000000 00000001 00101000 00000000 00001000 00000000 00000000 00000001 00100000 00000000 00001000 00000000 00000000 00000001 10008000 00000000 00001000 00000000 00000001 00000001 10007000 00000000 00001000 00000000 00000001 00000001 10006000 00000000 00001000 00000000 00000001 00000001 10005000 00000000 00001000 00000000 00000001 00000001 10004000 00000000 00001000 00000000 00000001 00000001 10003000 00000000 00001000 00000000 00000001 00000001 10002000 00000000 00001000 00000000 00000001 00000001 10001000 00000000 00001000 00000000 00000001 00000001 30000000 00000000 10000000 00000000 00000000 00000002 00000001 00000000 00000000 00000000 00000000 00000002 00000002 00000000 00000000 00000000 00000000 00000002 00000003 00000000 00000000 00000000 00000000 00000002 00000004 00000000 00000000 00000000 00000000 00000002 00000005 00000000 00000000 00000000 00000000 00000002 00000006 00000000 00000000 00000000 00000000 00000002 00000007 00000000 00000000 00000000 00000000 00000002 00000008 00000000 00000000 00000000 00000000 00000002 0000000b 00000000 00000000 00000000 00000000
    Plic (63696c50, 24 bytes): 0c000000 00000000 00600000 00000000 00000001 00000000
    Seed (64656553, 32 bytes): 7bdd864b 5f6b89a7 35197f4c 0e11cac5 0e9999b3 7c869008 654c317d 3332f61b
    Time (656d6954, 8 bytes): 00989680 00000000
asid: 9 bits
Devices: 25 objects, all held by init
Budgets: root 260248 pages (2596 kept for init), system 64412, users 193238
W^X verified: 34 executable kernel pages, none writable under any alias
Kernel RNG seeded from the loader (32 bytes)
KMAIN (clean boot): Supervisor mode started...
init: up
init: the manifest is checked: 10 servers, bound 507 pages
init: started keyd
init: keyd holds none of the 1 keys
init: started consoled, and writes through it
init: started bootfsd, console aaaacbe282295cc6
init: started blkd, console f0d21242f60a57ff
init: started netd, console 702113dac8c7fed4
init: started ipd, console 975d56387177f5fe
init: started fsd:data, console 2ad6bc393ac8c221
init: started blkd:system, console 71e50d0cd3b3d64d
init: started fsd:system, console 1fc49992500c59aa
init: started beamlet, console bbba93d66ee797cb
init: 1 public entries pushed to bootfsd, and sealed
init: holds none of the 6 badges and 8 console connections it handed
init: the boot is done: 10 servers, root holds 341 pages for it, within the bound of 507
[con bbba93d66ee797cb] beamlet: 587 objects in /boot/system.index, read from fsd:system
[con bbba93d66ee797cb] Redoubt shell, on Elixir 1.20.4. `exit` or Ctrl+D ends it.
[con bbba93d66ee797cb] / (1)> beamlet: Elixir.Version not loaded: its object does not match system.index
[con bbba93d66ee797cb] beamlet: Elixir.Version not loaded: its object does not match system.index
[con bbba93d66ee797cb] beamlet: Elixir.Version not loaded: its object does not match system.index
[con bbba93d66ee797cb] ** (UndefinedFunctionError) function Version.parse/1 is undefined (module Version is not available). Make sure the module name is correct and has been specified in full (or that an alias has been defined)
[con bbba93d66ee797cb]     (elixir 1.20.4) Version.parse("1.2.3")
[con bbba93d66ee797cb]     shell:1: (file)
[con bbba93d66ee797cb] / (2)> beamlet: Elixir.OptionParser not loaded: its object is missing
[con bbba93d66ee797cb] beamlet: Elixir.OptionParser not loaded: its object is missing
[con bbba93d66ee797cb] ** (UndefinedFunctionError) function OptionParser.split/1 is undefined (module OptionParser is not available). Make sure the module name is correct and has been specified in full (or that an alias has been defined)
[con bbba93d66ee797cb]     (elixir 1.20.4) OptionParser.split("a b")
[con bbba93d66ee797cb]     shell:2: (file)
[con bbba93d66ee797cb] / (3)> 55
