
loader: Redoubt rv64 loader, boot hart 0
  1 hart(s), timebase 10000000 Hz
  ram: 0x80000000..0x90000000 (256 MiB)
  bundle: 0x88200000..0x882a1a40
  devices: 14 mmio (8 dma), 10 irq, console 0x10000000
  plic: 0xc000000, S-mode context 1
  rng-seed: 32 bytes
  bundle signature ok (662016 bytes)
  PID 1: kernel -> 0xffffffffffd00000
  PID 2: wx-test -> 0x137b4
  bundle mapped read-only at 0x20000000 (662080 bytes)
  252 MiB free, entering kernel
Kernel arguments:
    XArg (67724158, 28 bytes): 00000123 00000002 80000000 00000000 10000000 00000000 6d617273
    MREx (7845524d, 384 bytes): 10100000 00000000 00001000 00000000 632d7766 00000000 20000000 00000000 02000000 00000000 73616c66 00000000 00101000 00000000 00001000 00000000 40637472 00000000 10000000 00000000 00001000 00000000 69726573 00000000 00100000 00000000 00001000 00000000 74736574 00000000 10008000 00000000 00001000 00000000 74726976 00000000 10007000 00000000 00001000 00000000 74726976 00000000 10006000 00000000 00001000 00000000 74726976 00000000 10005000 00000000 00001000 00000000 74726976 00000000 10004000 00000000 00001000 00000000 74726976 00000000 10003000 00000000 00001000 00000000 74726976 00000000 10002000 00000000 00001000 00000000 74726976 00000000 10001000 00000000 00001000 00000000 74726976 00000000 0c000000 00000000 00600000 00000000 63696c70 00000000 02000000 00000000 00010000 00000000 6e696c63 00000000 30000000 00000000 10000000 00000000 40696370 00000000
    Ctrl (6c727443, 32 bytes): 0c000000 00000000 00600000 00000000 02000000 00000000 00010000 00000000
    Devs (73766544, 600 bytes): 00000003 00000000 00000000 00000000 00000000 00000000 00000001 10000000 00000000 00001000 00000000 00000000 00000002 0000000a 00000000 00000000 00000000 00000000 00000001 10100000 00000000 00001000 00000000 00000000 00000001 20000000 00000000 02000000 00000000 00000000 00000001 00101000 00000000 00001000 00000000 00000000 00000001 00100000 00000000 00001000 00000000 00000000 00000001 10008000 00000000 00001000 00000000 00000001 00000001 10007000 00000000 00001000 00000000 00000001 00000001 10006000 00000000 00001000 00000000 00000001 00000001 10005000 00000000 00001000 00000000 00000001 00000001 10004000 00000000 00001000 00000000 00000001 00000001 10003000 00000000 00001000 00000000 00000001 00000001 10002000 00000000 00001000 00000000 00000001 00000001 10001000 00000000 00001000 00000000 00000001 00000001 30000000 00000000 10000000 00000000 00000000 00000002 00000001 00000000 00000000 00000000 00000000 00000002 00000002 00000000 00000000 00000000 00000000 00000002 00000003 00000000 00000000 00000000 00000000 00000002 00000004 00000000 00000000 00000000 00000000 00000002 00000005 00000000 00000000 00000000 00000000 00000002 00000006 00000000 00000000 00000000 00000000 00000002 00000007 00000000 00000000 00000000 00000000 00000002 00000008 00000000 00000000 00000000 00000000 00000002 0000000b 00000000 00000000 00000000 00000000
    Plic (63696c50, 24 bytes): 0c000000 00000000 00600000 00000000 00000001 00000000
    Seed (64656553, 32 bytes): 34ab0158 f43cd035 30dae3b2 1816571d 65a450d8 f15256e5 062e16b2 58c5e5cc
    Time (656d6954, 8 bytes): 00989680 00000000
asid: 16 bits
Devices: 25 objects, all held by init
Budgets: root 63726 pages (1204 kept for init), system 15630, users 46890
W^X verified: 36 executable kernel pages, none writable under any alias
Kernel RNG seeded from the loader (32 bytes)
KMAIN (clean boot): Supervisor mode started...
kernel: checks on (debug assertions, overflow checks)

[wx] checker: kernel refuses W+X and empty permissions
!!! Unrecognized exception: InstructionPageFault(60000000, 60000000)
PROGRAM HALT: CPU Exception on PID 118: Instruction page fault of 0x60000000 at 0x60000000
Current thread 1:
Thread 1:
PC:60000000   SP:0fffff90   RA:00013f0c
GP:00000000   TP:00000000
T0:00000000   T1:00000000   T2:00000000
T3:00000000   T4:00000000   T5:00000000   T6:00000000
S0:60000000   S1:00000000   S2:00000000   S3:00000000
S4:00000000   S5:00000000   S6:00000000   S7:00000000
S8:00000000   S9:00000000  S10:00000000  S11:00000000
A0:ffffffffffffffff   A1:00000003   A2:00000000   A3:0000000b
A4:00000000   A5:00000000   A6:00000000   A7:00000000
Memory Maps for satp 0x8007600000080225:
    0000000000010000 -> 008022a000 (PteFlags(VALID | R | USER | A | D))
    0000000000011000 -> 008022b000 (PteFlags(VALID | R | USER | A | D))
    0000000000012000 -> 008022c000 (PteFlags(VALID | R | X | USER | A | D))
    0000000000013000 -> 008022d000 (PteFlags(VALID | R | X | USER | A | D))
    0000000000014000 -> 008022e000 (PteFlags(VALID | R | X | USER | A | D))
    0000000000015000 -> 008022f000 (PteFlags(VALID | R | X | USER | A | D))
    0000000000016000 -> 0080230000 (PteFlags(VALID | R | W | USER | A | D))
    000000000f000000 -> 008023c000 (PteFlags(VALID | R | USER | A | D))
    000000000fff8000 -> 0080233000 (PteFlags(VALID | R | W | USER | A | D))
    000000000fff9000 -> 0080234000 (PteFlags(VALID | R | W | USER | A | D))
    000000000fffa000 -> 0080235000 (PteFlags(VALID | R | W | USER | A | D))
    000000000fffb000 -> 0080236000 (PteFlags(VALID | R | W | USER | A | D))
    000000000fffc000 -> 0080237000 (PteFlags(VALID | R | W | USER | A | D))
    000000000fffd000 -> 0080238000 (PteFlags(VALID | R | W | USER | A | D))
    000000000fffe000 -> 0080239000 (PteFlags(VALID | R | W | USER | A | D))
    000000000ffff000 -> 008023a000 (PteFlags(VALID | R | W | USER | A | D))
    0000000060000000 -> 008023f000 (PteFlags(VALID | R | W | USER | A | D))
End of map
terminate_process: 118
[!] Terminating process with PID 118
[wx] checker: attack 1 faulted with kernel cause 12
PROGRAM HALT: CPU Exception on PID 247: Store page fault of 0x00013ecc at 0x00013f12
Current thread 1:
Thread 1:
PC:00013f12   SP:0fffff90   RA:00000000
GP:00000000   TP:00000000
T0:00000000   T1:00000000   T2:00000000
T3:00000000   T4:00000000   T5:00000000   T6:00000000
S0:00000000   S1:00000000   S2:00000000   S3:00000000
S4:00000000   S5:00000000   S6:00000000   S7:00000000
S8:00000000   S9:00000000  S10:00000000  S11:00000000
A0:00013f0e   A1:00000001   A2:00000000   A3:00000000
A4:00000000   A5:00000000   A6:00000000   A7:00000000
Memory Maps for satp 0x800f700000080225:
    0000000000010000 -> 008022a000 (PteFlags(VALID | R | USER | A | D))
    0000000000011000 -> 008022b000 (PteFlags(VALID | R | USER | A | D))
    0000000000012000 -> 008022c000 (PteFlags(VALID | R | X | USER | A | D))
    0000000000013000 -> 008022d000 (PteFlags(VALID | R | X | USER | A | D))
    0000000000014000 -> 008022e000 (PteFlags(VALID | R | X | USER | A | D))
    0000000000015000 -> 008022f000 (PteFlags(VALID | R | X | USER | A | D))
    0000000000016000 -> 0080230000 (PteFlags(VALID | R | W | USER | A | D))
    000000000f000000 -> 008023c000 (PteFlags(VALID | R | USER | A | D))
    000000000fff8000 -> 0080233000 (PteFlags(VALID | R | W | USER | A | D))
    000000000fff9000 -> 0080234000 (PteFlags(VALID | R | W | USER | A | D))
    000000000fffa000 -> 0080235000 (PteFlags(VALID | R | W | USER | A | D))
    000000000fffb000 -> 0080236000 (PteFlags(VALID | R | W | USER | A | D))
    000000000fffc000 -> 0080237000 (PteFlags(VALID | R | W | USER | A | D))
    000000000fffd000 -> 0080238000 (PteFlags(VALID | R | W | USER | A | D))
    000000000fffe000 -> 0080239000 (PteFlags(VALID | R | W | USER | A | D))
    000000000ffff000 -> 008023a000 (PteFlags(VALID | R | W | USER | A | D))
End of map
terminate_process: 247
[!] Terminating process with PID 247
[wx] checker: attack 2 faulted with kernel cause 15
system_reset: PowerOff asked for by PID 2
