
loader: Redoubt rv32 loader, boot hart 0
  1 hart(s), timebase 10000000 Hz
  ram: 0x80000000..0x90000000 (256 MiB)
  bundle: 0x88200000..0x8829b240
  devices: 14 mmio (8 dma), 10 irq, console 0x10000000
  plic: 0xc000000, S-mode context 1
  rng-seed: 32 bytes
  bundle signature ok (635392 bytes)
  PID 1: kernel -> 0xffd00000
  PID 2: sched-cluster -> 0x19982
  bundle mapped read-only at 0x20000000 (635456 bytes)
  252 MiB free, entering kernel
Kernel arguments:
    XArg (67724158, 28 bytes): 00000123 00000002 80000000 00000000 10000000 00000000 6d617273
    MREx (7845524d, 384 bytes): 10100000 00000000 00001000 00000000 632d7766 00000000 20000000 00000000 02000000 00000000 73616c66 00000000 00101000 00000000 00001000 00000000 40637472 00000000 10000000 00000000 00001000 00000000 69726573 00000000 00100000 00000000 00001000 00000000 74736574 00000000 10008000 00000000 00001000 00000000 74726976 00000000 10007000 00000000 00001000 00000000 74726976 00000000 10006000 00000000 00001000 00000000 74726976 00000000 10005000 00000000 00001000 00000000 74726976 00000000 10004000 00000000 00001000 00000000 74726976 00000000 10003000 00000000 00001000 00000000 74726976 00000000 10002000 00000000 00001000 00000000 74726976 00000000 10001000 00000000 00001000 00000000 74726976 00000000 0c000000 00000000 00600000 00000000 63696c70 00000000 02000000 00000000 00010000 00000000 6e696c63 00000000 30000000 00000000 10000000 00000000 40696370 00000000
    Ctrl (6c727443, 32 bytes): 0c000000 00000000 00600000 00000000 02000000 00000000 00010000 00000000
    Devs (73766544, 600 bytes): 00000003 00000000 00000000 00000000 00000000 00000000 00000001 10000000 00000000 00001000 00000000 00000000 00000002 0000000a 00000000 00000000 00000000 00000000 00000001 10100000 00000000 00001000 00000000 00000000 00000001 20000000 00000000 02000000 00000000 00000000 00000001 00101000 00000000 00001000 00000000 00000000 00000001 00100000 00000000 00001000 00000000 00000000 00000001 10008000 00000000 00001000 00000000 00000001 00000001 10007000 00000000 00001000 00000000 00000001 00000001 10006000 00000000 00001000 00000000 00000001 00000001 10005000 00000000 00001000 00000000 00000001 00000001 10004000 00000000 00001000 00000000 00000001 00000001 10003000 00000000 00001000 00000000 00000001 00000001 10002000 00000000 00001000 00000000 00000001 00000001 10001000 00000000 00001000 00000000 00000001 00000001 30000000 00000000 10000000 00000000 00000000 00000002 00000001 00000000 00000000 00000000 00000000 00000002 00000002 00000000 00000000 00000000 00000000 00000002 00000003 00000000 00000000 00000000 00000000 00000002 00000004 00000000 00000000 00000000 00000000 00000002 00000005 00000000 00000000 00000000 00000000 00000002 00000006 00000000 00000000 00000000 00000000 00000002 00000007 00000000 00000000 00000000 00000000 00000002 00000008 00000000 00000000 00000000 00000000 00000002 0000000b 00000000 00000000 00000000 00000000
    Plic (63696c50, 24 bytes): 0c000000 00000000 00600000 00000000 00000001 00000000
    Seed (64656553, 32 bytes): 3aa6bc93 16a2e6a8 2617d0a0 9eae6f78 4a132e1b 38d7387c 9587c886 0853f572
    Time (656d6954, 8 bytes): 00989680 00000000
asid: 9 bits
Devices: 25 objects, all held by init
Budgets: root 47328 pages (1203 kept for init), system 11530, users 34593
W^X verified: 44 executable kernel pages, none writable under any alias
Kernel RNG seeded from the loader (32 bytes)
KMAIN (clean boot): Supervisor mode started...
kernel: checks on (debug assertions, overflow checks)

[cluster] calibrated: 10 ticks/us, 8642 iterations/ms
[cluster] ok: child 0 acknowledged its isolated setup wake
CLUSTER-READY 0
[cluster] ok: child 1 acknowledged its isolated setup wake
CLUSTER-READY 1
[cluster] ok: child 2 acknowledged its isolated setup wake
CLUSTER-READY 2
[cluster] ok: child 3 acknowledged its isolated setup wake
CLUSTER-READY 3
[cluster] ok: child 4 acknowledged its isolated setup wake
CLUSTER-READY 4
[cluster] ok: child 5 acknowledged its isolated setup wake
CLUSTER-READY 5
[cluster] ok: child 6 acknowledged its isolated setup wake
CLUSTER-READY 6
[cluster] ok: child 7 acknowledged its isolated setup wake
CLUSTER-READY 7
[cluster] ok: child 8 acknowledged its isolated setup wake
CLUSTER-READY 8
[cluster] ok: child 9 acknowledged its isolated setup wake
CLUSTER-READY 9
[cluster] ok: child 10 acknowledged its isolated setup wake
CLUSTER-READY 10
[cluster] ok: child 11 acknowledged its isolated setup wake
CLUSTER-READY 11
[cluster] ok: child 12 acknowledged its isolated setup wake
CLUSTER-READY 12
[cluster] ok: child 13 acknowledged its isolated setup wake
CLUSTER-READY 13
[cluster] ok: child 14 acknowledged its isolated setup wake
CLUSTER-READY 14
[cluster] ok: child 15 acknowledged its isolated setup wake
CLUSTER-READY 15
[cluster] ok: child 16 acknowledged its isolated setup wake
CLUSTER-READY 16
[cluster] ok: child 17 acknowledged its isolated setup wake
CLUSTER-READY 17
[cluster] ok: child 18 acknowledged its isolated setup wake
CLUSTER-READY 18
CLUSTER-PLAN v3-kernel-envelope 100 300 600 850 200 80000 50000
CLUSTER-WINDOW 835575 885575 16885575
