
loader: Redoubt rv64 loader, boot hart 0
  1 hart(s), timebase 10000000 Hz
  ram: 0x80000000..0xc0000000 (1024 MiB)
  bundle: 0xa0200000..0xa0771a40
  devices: 14 mmio (8 dma), 10 irq, console 0x10000000
  plic: 0xc000000, S-mode context 1
  rng-seed: 32 bytes
  bundle signature ok (5708288 bytes)
  PID 1: kernel -> 0xffffffffffd00000
  PID 2: init -> 0x19b68
  bundle mapped read-only at 0x20000000 (5708352 bytes)
  1014 MiB free, entering kernel
Kernel arguments:
    XArg (67724158, 28 bytes): 00000123 00000002 80000000 00000000 40000000 00000000 6d617273
    MREx (7845524d, 384 bytes): 10100000 00000000 00001000 00000000 632d7766 00000000 20000000 00000000 02000000 00000000 73616c66 00000000 00101000 00000000 00001000 00000000 40637472 00000000 10000000 00000000 00001000 00000000 69726573 00000000 00100000 00000000 00001000 00000000 74736574 00000000 10008000 00000000 00001000 00000000 74726976 00000000 10007000 00000000 00001000 00000000 74726976 00000000 10006000 00000000 00001000 00000000 74726976 00000000 10005000 00000000 00001000 00000000 74726976 00000000 10004000 00000000 00001000 00000000 74726976 00000000 10003000 00000000 00001000 00000000 74726976 00000000 10002000 00000000 00001000 00000000 74726976 00000000 10001000 00000000 00001000 00000000 74726976 00000000 0c000000 00000000 00600000 00000000 63696c70 00000000 02000000 00000000 00010000 00000000 6e696c63 00000000 30000000 00000000 10000000 00000000 40696370 00000000
    Ctrl (6c727443, 32 bytes): 0c000000 00000000 00600000 00000000 02000000 00000000 00010000 00000000
    Devs (73766544, 600 bytes): 00000003 00000000 00000000 00000000 00000000 00000000 00000001 10000000 00000000 00001000 00000000 00000000 00000002 0000000a 00000000 00000000 00000000 00000000 00000001 10100000 00000000 00001000 00000000 00000000 00000001 20000000 00000000 02000000 00000000 00000000 00000001 00101000 00000000 00001000 00000000 00000000 00000001 00100000 00000000 00001000 00000000 00000000 00000001 10008000 00000000 00001000 00000000 00000001 00000001 10007000 00000000 00001000 00000000 00000001 00000001 10006000 00000000 00001000 00000000 00000001 00000001 10005000 00000000 00001000 00000000 00000001 00000001 10004000 00000000 00001000 00000000 00000001 00000001 10003000 00000000 00001000 00000000 00000001 00000001 10002000 00000000 00001000 00000000 00000001 00000001 10001000 00000000 00001000 00000000 00000001 00000001 30000000 00000000 10000000 00000000 00000000 00000002 00000001 00000000 00000000 00000000 00000000 00000002 00000002 00000000 00000000 00000000 00000000 00000002 00000003 00000000 00000000 00000000 00000000 00000002 00000004 00000000 00000000 00000000 00000000 00000002 00000005 00000000 00000000 00000000 00000000 00000002 00000006 00000000 00000000 00000000 00000000 00000002 00000007 00000000 00000000 00000000 00000000 00000002 00000008 00000000 00000000 00000000 00000000 00000002 0000000b 00000000 00000000 00000000 00000000
    Plic (63696c50, 24 bytes): 0c000000 00000000 00600000 00000000 00000001 00000000
    Seed (64656553, 32 bytes): 4962bccf 5d5f751d 540e67a4 9a0e1524 de6abeb8 6886a3fc fc54a76c 5b35233c
    Time (656d6954, 8 bytes): 00989680 00000000
asid: 16 bits
Devices: 25 objects, all held by init
Budgets: root 260229 pages (2481 kept for init), system 64436, users 193310
W^X verified: 38 executable kernel pages, none writable under any alias
Kernel RNG seeded from the loader (32 bytes)
KMAIN (clean boot): Supervisor mode started...
kernel: checks on (debug assertions, overflow checks)
init: up
init: the manifest is checked: 11 servers, bound 523 pages
init: started keyd
init: keyd holds none of the 1 keys
init: started consoled, and writes through it
init: started bootfsd, console 5d89ecafd617edf8
init: started blkd, console 24e201ef7d91696a
init: started netd, console 9f735aae7737dda3
init: started ipd, console 4dd37027a9af6123
init: started littlefsd:data, console 986367917b5ffdd3
init: started blkd:system, console 3ffa43e5687aaaff
init: started verity:system, console 7bc66d0f37f8a762
init: started littlefsd:system, console c4a9be9b5aa56ffe
init: started beamlet, console 836512aac5b0bfb6
init: 0 public entries pushed to bootfsd, and sealed
init: holds none of the 6 badges and 9 console connections it handed
init: the boot is done: 11 servers, root holds 349 pages for it, within the bound of 523
stack keyd 5280 of 3 pages
stack consoled 9144 of 5 pages
stack bootfsd 5960 of 4 pages
stack blkd 4520 of 3 pages
stack netd 4296 of 3 pages
stack ipd 8056 of 4 pages
stack littlefsd:data 7192 of 4 pages
stack blkd:system 4520 of 3 pages
stack verity:system 5688 of 4 pages
stack littlefsd:system 12280 of 7 pages
stack beamlet 3896 of 17 pages
heap keyd 4 of 8 pages
heap consoled 8 of 18 pages
heap bootfsd 2 of 56 pages
heap blkd 17 of 34 pages
heap netd 2 of 4 pages
heap ipd 4 of 8 pages
heap littlefsd:data 9 of 18 pages
heap blkd:system 17 of 34 pages
heap verity:system 44 of 94 pages
heap littlefsd:system 16 of 38 pages
heap beamlet 3 of 24558 pages
