# R3, lends outlive their lender: a client in alice's budget lends two pages to a system server;
# init destroys alice's budget while the server holds them. The server still reads its buffer,
# the pages are charged to the server's budget (its usage is 6 pages, not 4) until its reply, which is
# discarded, and then freed. The client's exit notice (killed) is waiting on the endpoint.
# Written by tests/traces.rs (REDOUBT_MODEL_BLESS=1 rewrites it); format: README.md.
redoubt-model-trace 1
boot ram_pages=1024 root_processes=24 root_weight=1000 system_pages=256 system_processes=8 system_weight=250 users_pages=512 users_processes=12 users_weight=500
costs budget=1 process=1 thread=1 endpoint=1 handles_per_page=8
device mmio base=0x10000000 pages=1 dma=0
device mmio base=0x10001000 pages=1 dma=1
device irq n=10
device irq n=11
device reset
start p:1 t:1
do p:1 t:1 endpoint_create -> ok h:9
do p:1 t:1 budget_create h:3 32 1 50 user [] 1001 forever -> ok h:10
do p:1 t:1 budget_create h:2 32 1 50 system [] 0 forever -> ok h:11
do p:1 t:1 process_create h:11 h:9 -> ok h:12
note process p:1 h:12 p:2
do p:1 t:1 process_start h:12 0x1000 0x2000 [h:9] -> ok
note thread p:2 t:2
do p:1 t:1 mint h:9 5 h:10 -> ok h:13
do p:1 t:1 process_create h:10 h:9 -> ok h:14
note process p:1 h:14 p:3
do p:1 t:1 process_start h:14 0x1000 0x2000 [h:13] -> ok
note thread p:3 t:3
do p:2 t:2 receive h:1 forever 0 -> blocked
do p:3 t:3 map_anon 0x2000 3 -> ok a:0x1000000000
write p:3 t:3 a:0x1000000000+0x0 42 -> ok
do p:3 t:3 call h:1 [1,2,3,4] [] a:0x1000000000+0x0@2 forever -> blocked
wake p:2 t:2 -> ok message m:1 badge=5 account=1001 labels=[] words=[1,2,3,4] handles=[] buffer=[lend,a:0x1000000000,2]
read p:2 t:2 a:0x1000000000+0x0 -> ok word 42
write p:2 t:2 a:0x1000000000+0x0 99 -> ok
do p:1 t:1 budget_destroy h:10 -> ok
read p:2 t:2 a:0x1000000000+0x0 -> ok word 99
do p:1 t:1 budget_usage h:11 -> ok usage [32,6,1,1]
do p:2 t:2 reply m:1 [0,0,0,0] [] -> ok
do p:1 t:1 budget_usage h:11 -> ok usage [32,4,1,1]
do p:2 t:2 receive h:1 0 0 -> ok exit p:3 cause=killed code=0 blamed=0
