
loader: Redoubt rv32 loader, boot hart 0
  2 hart(s), timebase 10000000 Hz
  ram: 0x80000000..0x90000000 (256 MiB)
  bundle: 0x88200000..0x882a0040
  devices: 14 mmio (8 dma), 10 irq, console 0x10000000
  plic: 0xc000000, S-mode context 1
  harts started by the kernel: [0, 1] of 2
  rng-seed: 32 bytes
  bundle signature ok (655360 bytes)
  PID 1: kernel -> 0xffd00000
  PID 2: smp-evict -> 0x18984
  bundle mapped read-only at 0x20000000 (655424 bytes)
  252 MiB free, entering kernel
Kernel arguments:
    XArg (67724158, 28 bytes): 0000012b 00000002 80000000 00000000 10000000 00000000 6d617273
    MREx (7845524d, 384 bytes): 10100000 00000000 00001000 00000000 632d7766 00000000 20000000 00000000 02000000 00000000 73616c66 00000000 00101000 00000000 00001000 00000000 40637472 00000000 10000000 00000000 00001000 00000000 69726573 00000000 00100000 00000000 00001000 00000000 74736574 00000000 10008000 00000000 00001000 00000000 74726976 00000000 10007000 00000000 00001000 00000000 74726976 00000000 10006000 00000000 00001000 00000000 74726976 00000000 10005000 00000000 00001000 00000000 74726976 00000000 10004000 00000000 00001000 00000000 74726976 00000000 10003000 00000000 00001000 00000000 74726976 00000000 10002000 00000000 00001000 00000000 74726976 00000000 10001000 00000000 00001000 00000000 74726976 00000000 0c000000 00000000 00600000 00000000 63696c70 00000000 02000000 00000000 00010000 00000000 6e696c63 00000000 30000000 00000000 10000000 00000000 40696370 00000000
    Ctrl (6c727443, 32 bytes): 0c000000 00000000 00600000 00000000 02000000 00000000 00010000 00000000
    Devs (73766544, 600 bytes): 00000003 00000000 00000000 00000000 00000000 00000000 00000001 10000000 00000000 00001000 00000000 00000000 00000002 0000000a 00000000 00000000 00000000 00000000 00000001 10100000 00000000 00001000 00000000 00000000 00000001 20000000 00000000 02000000 00000000 00000000 00000001 00101000 00000000 00001000 00000000 00000000 00000001 00100000 00000000 00001000 00000000 00000000 00000001 10008000 00000000 00001000 00000000 00000001 00000001 10007000 00000000 00001000 00000000 00000001 00000001 10006000 00000000 00001000 00000000 00000001 00000001 10005000 00000000 00001000 00000000 00000001 00000001 10004000 00000000 00001000 00000000 00000001 00000001 10003000 00000000 00001000 00000000 00000001 00000001 10002000 00000000 00001000 00000000 00000001 00000001 10001000 00000000 00001000 00000000 00000001 00000001 30000000 00000000 10000000 00000000 00000000 00000002 00000001 00000000 00000000 00000000 00000000 00000002 00000002 00000000 00000000 00000000 00000000 00000002 00000003 00000000 00000000 00000000 00000000 00000002 00000004 00000000 00000000 00000000 00000000 00000002 00000005 00000000 00000000 00000000 00000000 00000002 00000006 00000000 00000000 00000000 00000000 00000002 00000007 00000000 00000000 00000000 00000000 00000002 00000008 00000000 00000000 00000000 00000000 00000002 0000000b 00000000 00000000 00000000 00000000
    Plic (63696c50, 24 bytes): 0c000000 00000000 00600000 00000000 00000001 00000000
    Hart (74726148, 24 bytes): 00000002 00000002 00000000 00000000 00000001 00000000
    Seed (64656553, 32 bytes): 2a55c14f 8470faff c755e070 35ef0d47 d84519f2 e2009c9e 39151ba0 2e909c7c
    Time (656d6954, 8 bytes): 00989680 00000000
asid: 9 bits
Devices: 25 objects, all held by init
Budgets: root 63707 pages (1206 kept for init), system 15624, users 46875
W^X verified: 47 executable kernel pages, none writable under any alias
Kernel RNG seeded from the loader (32 bytes)
KMAIN (clean boot): Supervisor mode started...
kernel: checks on (debug assertions, overflow checks)
hart 1 (boot index 1) runs the scheduler

[smp-evict] calibrated: 10 ticks/us, 6850 iterations/ms
[smp-evict] ok: the writer is writing and the checker waiting
shootdown: PID 273 stopped on hart(s) 0b10 before any of its frames is freed
[!] Terminating process with PID 273
[smp-evict] ok: the checker's 512 pages, B's freed frames among them, stayed zero (Some(0) words written)
[smp-evict] ok: the writer was killed with B
PROGRAM HALT: CPU Exception on PID 415: Load page fault of 0x60000004 at 0x0001986a
Current thread 1:
Thread 1:
PC:0001986a   SP:0ffffee0   RA:00019846
GP:00000000   TP:00000000
T0:00000000   T1:0001b32c   T2:00000000
T3:00000000   T4:00000000   T5:00000000   T6:00000000
S0:60000000   S1:ffffffff   S2:00000001   S3:00000003
S4:00005a5a   S5:000000ff   S6:00000000   S7:00000000
S8:00000000   S9:00000000  S10:00000000  S11:00000000
A0:00000002   A1:00000002   A2:00000000   A3:0fffffc4
A4:0fffffc4   A5:00000024   A6:0ffffddc   A7:00000000
Memory Maps for satp 0xe7c80448:
    0000000000010000 -> 008044c000 (PteFlags(VALID | R | USER | A | D))
    0000000000011000 -> 008044d000 (PteFlags(VALID | R | USER | A | D))
    0000000000012000 -> 008044e000 (PteFlags(VALID | R | X | USER | A | D))
    0000000000013000 -> 008044f000 (PteFlags(VALID | R | X | USER | A | D))
    0000000000014000 -> 0080450000 (PteFlags(VALID | R | X | USER | A | D))
    0000000000015000 -> 0080451000 (PteFlags(VALID | R | X | USER | A | D))
    0000000000016000 -> 0080452000 (PteFlags(VALID | R | X | USER | A | D))
    0000000000017000 -> 0080453000 (PteFlags(VALID | R | X | USER | A | D))
    0000000000018000 -> 0080454000 (PteFlags(VALID | R | X | USER | A | D))
    0000000000019000 -> 0080455000 (PteFlags(VALID | R | X | USER | A | D))
    000000000001a000 -> 0080456000 (PteFlags(VALID | R | X | USER | A | D))
    000000000001b000 -> 0080457000 (PteFlags(VALID | R | X | USER | A | D))
    000000000001c000 -> 0080458000 (PteFlags(VALID | R | W | USER | A | D))
    000000000fff8000 -> 008045a000 (PteFlags(VALID | R | W | USER | A | D))
    000000000fff9000 -> 008045b000 (PteFlags(VALID | R | W | USER | A | D))
    000000000fffa000 -> 008045c000 (PteFlags(VALID | R | W | USER | A | D))
    000000000fffb000 -> 008045d000 (PteFlags(VALID | R | W | USER | A | D))
    000000000fffc000 -> 008045e000 (PteFlags(VALID | R | W | USER | A | D))
    000000000fffd000 -> 008045f000 (PteFlags(VALID | R | W | USER | A | D))
    000000000fffe000 -> 0080460000 (PteFlags(VALID | R | W | USER | A | D))
    000000000ffff000 -> 0080461000 (PteFlags(VALID | R | W | USER | A | D))
End of map
terminate_process: 415
[!] Terminating process with PID 415
[smp-evict] ok: P's read of its page unmapped on another hart faulted
[smp-evict] ok: Q's page, P's old frame or not, kept what Q wrote
SMP-EVICT TEST PASSED
system_reset: PowerOff asked for by PID 2
harts: all 2 in the tree ran user code
kernel lock: most waited 1 section(s), 2 hart(s)
