PASS  all-together [rv64, smp=1]         1.9s
PASS  all-together [rv64, smp=2]         1.9s
PASS  bench-attack-forgery [rv64, smp=1]   0.1s
PASS  bench-bundle-file [rv64, smp=1]    0.1s
PASS  bench-cbo-self-unrefused [rv64, smp=1]   0.1s
PASS  bench-cbo-self-unrefused [rv32, smp=1]   0.3s
PASS  bench-console-after-expect [rv64, smp=1]   0.1s
PASS  bench-debug-assertions-off [rv64, smp=1]   0.2s
PASS  bench-debug-assertions [rv64, smp=1]   1.1s
PASS  bench-debug-assertions [rv32, smp=1]   1.2s
PASS  bench-net-peer-count [rv64, smp=1]   0.3s
PASS  bench-net-peer-pcap-empty [rv64, smp=1]   0.3s
PASS  bench-net-peer-twice [rv64, smp=1]   0.3s
PASS  bench-net-peer [rv64, smp=1]       0.3s
PASS  bench-net-self-unrefused [rv64, smp=1]   0.4s
PASS  bench-poweroff-missing [rv64, smp=1]   3.0s
PASS  bench-qemu-early-exit [rv64, smp=1]   0.0s
PASS  bench-reporter-mismatch [rv64, smp=1]   0.1s
PASS  bench-ssh-guest [rv64, smp=1]      1.2s
PASS  bench-ssh-loopback-aborted-text    0.1s
PASS  bench-ssh-loopback-deadlock        0.2s
PASS  bench-ssh-loopback-exit            0.1s
PASS  bench-ssh-loopback-forbid          0.2s
PASS  bench-ssh-loopback-host-key        0.1s
SKIP  bench-ssh-loopback-openssh              the reference sshd's container: podman is not installed
PASS  bench-ssh-loopback                 0.1s
PASS  bench-virtio-devices [rv64, smp=1]   0.1s
PASS  bench-virtio-legacy-off [rv64, smp=1]   0.1s
PASS  blkd-build [rv64]                  0.0s
PASS  blkd-build [rv32]                  0.0s
PASS  blkd-host-tests                    3.5s
PASS  boot-stack-reservation [rv64, smp=1]   0.1s
PASS  boot-stack-reservation [rv32, smp=1]   0.2s
PASS  bootfsd-build [rv64]               0.0s
PASS  bootfsd-build [rv32]               0.0s
PASS  budget-carve-attack [rv64, smp=1]   0.2s
PASS  budget-carve-attack [rv32, smp=1]   0.3s
PASS  budget-deadline [rv64, smp=1]      0.2s
PASS  budget-deadline [rv32, smp=1]      0.4s
PASS  budget-destroy-attack [rv64, smp=1]   0.2s
PASS  budget-destroy-attack [rv32, smp=1]   0.3s
PASS  budget-destroy-growth [rv64, smp=1]   0.4s
PASS  budget-destroy-growth [rv32, smp=1]   0.6s
PASS  budget-destroy-kills [rv64, smp=1]   0.2s
PASS  budget-destroy-kills [rv32, smp=1]   0.3s
PASS  budget-forge-attack [rv64, smp=1]   0.1s
PASS  budget-forge-attack [rv32, smp=1]   0.3s
PASS  budget-mem-churn [rv64, smp=1]     0.2s
PASS  budget-mem-churn [rv64, smp=2]     0.2s
PASS  budget-mem-churn [rv32, smp=1]     0.3s
PASS  budget-mem-churn [rv32, smp=2]     0.4s
PASS  budget-syscall-attack [rv64, smp=1]   0.2s
PASS  budget-syscall-attack [rv32, smp=1]   0.3s
PASS  budget-table-attack [rv64, smp=1]   0.7s
PASS  budget-table-attack [rv32, smp=1]   0.7s
PASS  budget [rv64, smp=1]               1.5s
PASS  budget [rv32, smp=1]               1.7s
PASS  cbo-user-fault [rv64, smp=1]       0.1s
PASS  cbo-user-fault [rv32, smp=1]       0.3s
PASS  client-build [rv64]                0.0s
PASS  client-build [rv32]                0.0s
PASS  client-host-tests                  3.1s
PASS  consoled-build [rv64]              0.0s
PASS  consoled-build [rv32]              0.0s
PASS  deadline-flood-billed [rv64, smp=1]   0.8s
PASS  deadline-flood-billed [rv32, smp=1]   0.8s
PASS  destroy-keeps-notices-creator [rv64, smp=1]   1.3s
PASS  destroy-keeps-notices-creator [rv32, smp=1]   1.4s
PASS  destroy-keeps-notices [rv64, smp=1]   0.3s
PASS  destroy-keeps-notices [rv32, smp=1]   0.4s
PASS  device-exec-refused [rv64, smp=1]   0.1s
PASS  device-exec-refused [rv32, smp=1]   0.3s
PASS  device [rv64, smp=1]               0.1s
PASS  device [rv32, smp=1]               0.2s
PASS  dma-destroy-quarantine [rv64, smp=1]   0.2s
PASS  dma-destroy-quarantine [rv32, smp=1]   0.3s
PASS  dma-reset-quarantine [rv64, smp=1]   2.0s
PASS  dma-reset-quarantine [rv32, smp=1]   2.0s
PASS  dma-reset-reuse [rv64, smp=1]      0.2s
PASS  dma-reset-reuse [rv32, smp=1]      0.3s
PASS  dma-rules [rv64, smp=1]            0.1s
PASS  dma-rules [rv32, smp=1]            0.3s
PASS  docs                               0.9s
PASS  ending-pumps-once [rv64, smp=1]    0.6s
PASS  ending-pumps-once [rv32, smp=1]    0.7s
      qemu seed 3 (TESTBENCH_QEMU_SEED=3 replays it)
      sched_oracle: 1801 records, 351 picks in rank order, every wake at or above the floor, no pass falling but by a weight change; 1 lifts by the rule (0 with a leading parent and work to move); 5 weight changes by the rule; R10 1 destructions over up to 12925 object frames, µs p50/p99/max 11082/11082/11082, their threads' ending 34/34/34, no audit inside one; 3 audits, 25485 µs
PASS  endpoint-destroy-full [rv64, smp=1]   1.5s
      qemu seed 3 (TESTBENCH_QEMU_SEED=3 replays it)
      sched_oracle: 1946 records, 380 picks in rank order, every wake at or above the floor, no pass falling but by a weight change; 1 lifts by the rule (0 with a leading parent and work to move); 5 weight changes by the rule; R10 1 destructions over up to 12922 object frames, µs p50/p99/max 11104/11104/11104, their threads' ending 37/37/37, no audit inside one; 3 audits, 24060 µs
PASS  endpoint-destroy-full [rv32, smp=1]   1.7s
PASS  endpoint-destroy-open-calls [rv64, smp=1]   0.3s
PASS  endpoint-destroy-open-calls [rv32, smp=1]   0.4s
PASS  formatting                         8.2s
PASS  handle-chain-attack [rv64, smp=1]   0.3s
PASS  handle-chain-attack [rv32, smp=1]   0.4s
PASS  handle-chain-fault [rv64, smp=1]   0.3s
PASS  handle-chain-fault [rv32, smp=1]   0.4s
PASS  host-tests                         4.1s
PASS  ipc-fair-label-sets [rv64, smp=1]   0.2s
PASS  ipc-fair-label-sets [rv32, smp=1]   0.3s
PASS  ipc-outcomes [rv64, smp=1]         1.4s
PASS  ipc-outcomes [rv32, smp=1]         1.6s
PASS  ipc [rv64, smp=1]                  1.7s
PASS  ipc [rv64, smp=4]                  1.8s
PASS  ipc [rv32, smp=1]                  2.0s
PASS  ipc [rv32, smp=4]                  2.0s
PASS  ipd-build [rv64]                   0.0s
PASS  ipd-build [rv32]                   0.0s
PASS  ipd-host-tests                     3.3s
PASS  irq-attack [rv64, smp=1]           1.1s
PASS  irq-attack [rv32, smp=1]           1.3s
PASS  irq-first-receive [rv64, smp=1]    0.6s
PASS  irq-first-receive [rv32, smp=1]    0.7s
PASS  kernel-half-attack [rv64, smp=1]   0.2s
PASS  kernel-half-attack [rv32, smp=1]   0.3s
PASS  kernel-wx [rv64, smp=1]            0.2s
PASS  kernel-wx [rv32, smp=1]            0.3s
PASS  keyd-build [rv64]                  0.0s
PASS  keyd-build [rv32]                  0.0s
PASS  legacy-gone [rv64, smp=1]          2.2s
PASS  legacy-gone [rv32, smp=1]          2.3s
PASS  lend-untouched-page [rv64, smp=1]   0.2s
PASS  lend-untouched-page [rv64, smp=4]   0.2s
PASS  lend-untouched-page [rv32, smp=1]   0.3s
PASS  lend-untouched-page [rv32, smp=4]   0.4s
PASS  lender-touches-lent [rv64, smp=1]   0.2s
PASS  lender-touches-lent [rv32, smp=1]   0.3s
PASS  littlefs-host-tests               18.1s
PASS  loader-rejects-grants [rv64, smp=1]   0.1s
PASS  loader-rejects-grants [rv32, smp=1]   0.2s
PASS  loader-rejects-kernel-address [rv64, smp=1]   0.1s
PASS  loader-rejects-kernel-address [rv32, smp=1]   0.2s
PASS  loader-rejects-kernel-entry [rv64, smp=1]   0.1s
PASS  loader-rejects-kernel-entry [rv32, smp=1]   0.2s
PASS  loader-rejects-truncated-elf [rv64, smp=1]   0.1s
PASS  logsrv-badge-forgery [rv64, smp=1]   0.1s
PASS  logsrv-badge-forgery [rv32, smp=1]   0.3s
PASS  map-anon-placement [rv64, smp=1]   0.2s
PASS  map-anon-placement [rv32, smp=1]   0.3s
PASS  map-anon-search-bound [rv64, smp=1]  26.0s
PASS  map-anon-search-bound [rv32, smp=1]  26.4s
PASS  map-fixed-attack [rv64, smp=1]     1.0s
PASS  map-fixed-attack [rv32, smp=1]     1.1s
PASS  map-fixed-tables-rv32 [rv32, smp=1]   0.9s
PASS  map-fixed-tables [rv64, smp=1]     2.3s
PASS  mem-attack [rv64, smp=1]           0.2s
PASS  mem-attack [rv32, smp=1]           0.3s
PASS  model-host-tests                 418.5s
PASS  move-borrowed-page [rv64, smp=1]   0.2s
PASS  move-borrowed-page [rv32, smp=1]   0.3s
PASS  net-attacks [rv64, smp=1]          0.4s
PASS  net-host-tests                     0.1s
PASS  net-pinned [rv64, smp=1]           0.4s
PASS  net-tcp [rv64, smp=1]              0.3s
PASS  netd-build [rv64]                  0.0s
PASS  netd-build [rv32]                  0.0s
PASS  netd-host-tests                    0.5s
PASS  ninep-newconn-discard [rv64, smp=1]   0.4s
PASS  ninep-newconn-discard [rv32, smp=1]   0.5s
PASS  no-cruft                        
PASS  page-table-reclaim [rv64, smp=1]   2.1s
PASS  page-table-reclaim [rv32, smp=1]   3.0s
PASS  pages-exhaustion [rv64, smp=1]     0.4s
PASS  pages-exhaustion [rv32, smp=1]     0.5s
PASS  panic-in-print [rv64, smp=1]       0.1s
PASS  panic-in-print [rv32, smp=1]       0.2s
PASS  pid-pinning-attack [rv64, smp=1]   0.1s
PASS  pid-pinning-attack [rv32, smp=1]   0.3s
PASS  pid-reuse-authority [rv64, smp=1]   0.4s
PASS  pid-reuse-authority [rv32, smp=1]   1.5s
PASS  process-attack [rv64, smp=1]       0.6s
PASS  process-attack [rv32, smp=1]       0.7s
PASS  process-chain-fault [rv64, smp=1]   0.3s
PASS  process-chain-fault [rv32, smp=1]   0.4s
PASS  process-lifecycle [rv64, smp=1]    0.8s
PASS  process-lifecycle [rv32, smp=1]    1.0s
PASS  process-map-untouched-attack [rv64, smp=1]   1.0s
PASS  process-map-untouched-attack [rv32, smp=1]   1.1s
PASS  process-review [rv64, smp=1]       0.3s
PASS  process-review [rv32, smp=1]       0.4s
PASS  process [rv64, smp=1]              0.7s
PASS  process [rv32, smp=1]              0.8s
PASS  r4-host-tests                      0.8s
PASS  receive-bad-record [rv64, smp=1]   0.4s
PASS  receive-bad-record [rv32, smp=1]   0.5s
PASS  redoubt-dead [rv64, smp=1]         1.2s
PASS  redoubt-dead [rv32, smp=1]         1.3s
PASS  redoubt-ipc-attack [rv64, smp=1]   0.4s
PASS  redoubt-ipc-attack [rv32, smp=1]   0.6s
PASS  redoubt-ipc [rv64, smp=1]          2.2s
PASS  redoubt-ipc [rv32, smp=1]          2.3s
PASS  redoubt-revoke [rv64, smp=1]       1.3s
PASS  redoubt-revoke [rv32, smp=1]       1.4s
PASS  redoubt-tight [rv64, smp=1]        1.2s
PASS  redoubt-tight [rv32, smp=1]        1.3s
PASS  return-lent-unmapped [rv64, smp=1]   0.2s
PASS  return-lent-unmapped [rv64, smp=4]   0.2s
PASS  return-lent-unmapped [rv32, smp=1]   0.3s
PASS  return-lent-unmapped [rv32, smp=4]   0.4s
PASS  rng [rv64, smp=1]                  0.3s
PASS  rng [rv32, smp=1]                  0.6s
PASS  rt-build [rv64]                    0.0s
PASS  rt-build [rv32]                    0.0s
PASS  rt-host-tests                      1.6s
PASS  rt-miri                           34.5s
PASS  rustsbi-boot [rv32, smp=1]         0.8s
PASS  rustsbi-boot [rv64, smp=1]         0.7s
PASS  scan-bounds [rv64, smp=1]          5.1s
      sched_oracle: 8378 records, 902 picks in rank order, every wake at or above the floor, no pass falling but by a weight change; 99 lifts by the rule (9 with a leading parent and work to move); 297 weight changes by the rule; R10 97 destructions over up to 8848 object frames, µs p50/p99/max 975/2864/2864, their threads' ending 0/32/32, no audit inside one; 160 audits, 1692667 µs
      share blocking: net 948, gross 936 of 1000, audits 25206 µs: target met (450 <= share <= 1000)
      share spinning-parent: net 494, gross 403 of 1000, audits 369215 µs: target met (450 <= share <= 1000)
      share deadline: net 982, gross 973 of 1000, audits 18615 µs: target met (450 <= share <= 1000)
      share fresh-intermediates: net 947, gross 935 of 1000, audits 25374 µs: target met (450 <= share <= 1000)
      share shell: net 500, gross 264 of 1000, audits 942448 µs: target met (450 <= share <= 550)
PASS  sched-budget-churn [rv64, smp=1]   2.7s
      sched_oracle: 8067 records, 928 picks in rank order, every wake at or above the floor, no pass falling but by a weight change; 88 lifts by the rule (8 with a leading parent and work to move); 264 weight changes by the rule; R10 86 destructions over up to 8843 object frames, µs p50/p99/max 1067/2980/2980, their threads' ending 0/35/35, no audit inside one; 147 audits, 1462928 µs
      share blocking: net 947, gross 935 of 1000, audits 23952 µs: target met (450 <= share <= 1000)
      share spinning-parent: net 495, gross 416 of 1000, audits 317046 µs: target met (450 <= share <= 1000)
      share deadline: net 981, gross 972 of 1000, audits 17907 µs: target met (450 <= share <= 1000)
      share fresh-intermediates: net 945, gross 934 of 1000, audits 24132 µs: target met (450 <= share <= 1000)
      share shell: net 499, gross 293 of 1000, audits 826101 µs: target met (450 <= share <= 550)
PASS  sched-budget-churn [rv32, smp=1]   2.4s
PASS  sched-carve-inflation [rv64, smp=1]   0.7s
PASS  sched-carve-inflation [rv32, smp=1]   0.6s
      sched_oracle: 1145 records, 217 picks in rank order, every wake at or above the floor, no pass falling but by a weight change; 1 lifts by the rule (0 with a leading parent and work to move); 7 weight changes by the rule; R10 1 destructions over up to 8806 object frames, µs p50/p99/max 951/951/951, their threads' ending 0/0/0, no audit inside one; 3 audits, 21731 µs
      share u-after-return: net 496, gross 496 of 1000, audits 0 µs: target met (450 <= share <= 1000)
PASS  sched-carve-return [rv64, smp=1]   1.0s
      sched_oracle: 1142 records, 216 picks in rank order, every wake at or above the floor, no pass falling but by a weight change; 1 lifts by the rule (0 with a leading parent and work to move); 7 weight changes by the rule; R10 1 destructions over up to 8803 object frames, µs p50/p99/max 1041/1041/1041, their threads' ending 0/0/0, no audit inside one; 4 audits, 23775 µs
      share u-after-return: net 497, gross 497 of 1000, audits 0 µs: target met (450 <= share <= 1000)
PASS  sched-carve-return [rv32, smp=1]   1.1s
PASS  sched-debt-lift [rv64, smp=1]      0.6s
PASS  sched-debt-lift [rv32, smp=1]      0.6s
PASS  sched-destroy-billing [rv64, smp=1]   0.3s
PASS  sched-destroy-billing [rv32, smp=1]   0.4s
      sched_oracle: 3552 records, 596 picks in rank order, every wake at or above the floor, no pass falling but by a weight change; 6 lifts by the rule (1 with a leading parent and work to move); 20 weight changes by the rule; R10 6 destructions over up to 8833 object frames, µs p50/p99/max 692/2843/2843, their threads' ending 0/34/34, no audit inside one; 102 audits, 406411 µs
      share threads-exit: net 492, gross 492 of 1000, audits 0 µs: target met (450 <= share <= 1000)
      share processes-exit: net 495, gross 459 of 1000, audits 143530 µs: target met (450 <= share <= 1000)
      share processes-fault: net 497, gross 464 of 1000, audits 129903 µs: target met (450 <= share <= 1000)
PASS  sched-exit-churn [rv64, smp=1]     1.9s
      sched_oracle: 3444 records, 593 picks in rank order, every wake at or above the floor, no pass falling but by a weight change; 6 lifts by the rule (1 with a leading parent and work to move); 20 weight changes by the rule; R10 6 destructions over up to 8835 object frames, µs p50/p99/max 767/2746/2746, their threads' ending 0/37/37, no audit inside one; 102 audits, 377828 µs
      share threads-exit: net 494, gross 494 of 1000, audits 0 µs: target met (450 <= share <= 1000)
      share processes-exit: net 492, gross 459 of 1000, audits 135114 µs: target met (450 <= share <= 1000)
      share processes-fault: net 494, gross 464 of 1000, audits 119465 µs: target met (450 <= share <= 1000)
PASS  sched-exit-churn [rv32, smp=1]     2.4s
PASS  sched-idle-gap [rv64, smp=1]       0.6s
PASS  sched-idle-gap [rv32, smp=1]       0.5s
PASS  sched-large-weight [rv64, smp=1]   0.4s
PASS  sched-large-weight [rv32, smp=1]   0.5s
      sched_oracle: 50528 records, 7863 picks in rank order, every wake at or above the floor, no pass falling but by a weight change; 313 lifts by the rule (49 with a leading parent and work to move); 941 weight changes by the rule; R10 313 destructions over up to 9554 object frames, µs p50/p99/max 568/1001/2095, their threads' ending 7/13/78, no audit inside one; 801 audits, 701385 µs
      N=1 driver_wake (200): net p50/p99/max 7822/8393/22945 µs, gross 7822/8393/23328, audits 383 µs: no target
      N=16 driver_wake (200): net p50/p99/max 8135/28454/120587 µs, gross 8135/28454/120587, audits 0 µs: no target
      N=4 driver_wake (200): net p50/p99/max 7902/8866/29896 µs, gross 7902/8866/29896, audits 391 µs: no target
      N=1 timer_wake (200): net p50/p99/max 6812/7368/7393 µs, gross 6812/7368/7393, audits 0 µs: no target
      N=16 timer_wake (200): net p50/p99/max 7132/47788/98620 µs, gross 7132/47788/98620, audits 0 µs: no target
      N=4 timer_wake (200): net p50/p99/max 6884/7408/17601 µs, gross 6884/7408/17601, audits 0 µs: no target
      N=1 decision_wake (50): net p50/p99/max 5178/7579/7579 µs, gross 5178/7579/7579, audits 0 µs: no target
      N=16 decision_wake (50): net p50/p99/max 5402/107563/107563 µs, gross 5402/107563/107563, audits 0 µs: no target
      N=4 decision_wake (50): net p50/p99/max 5203/38024/38024 µs, gross 5203/38024/38024, audits 0 µs: no target
      N=1 deadline_notice (43): net p50/p99/max 721/888/888 µs, gross 1995/2171/2171, audits 54711 µs: no target
      N=16 deadline_notice (43): net p50/p99/max 1187/1387/1387 µs, gross 3447/3661/3661, audits 94624 µs: no target
      N=4 deadline_notice (43): net p50/p99/max 842/1035/1035 µs, gross 2337/2535/2535, audits 64329 µs: no target
PASS  sched-latency-tcg [rv64, smp=1]   54.2s
      sched_oracle: 53934 records, 8413 picks in rank order, every wake at or above the floor, no pass falling but by a weight change; 331 lifts by the rule (41 with a leading parent and work to move); 995 weight changes by the rule; R10 331 destructions over up to 9409 object frames, µs p50/p99/max 664/12599/12942, their threads' ending 9/118/1164, no audit inside one; 837 audits, 1725989 µs
      N=1 driver_wake (200): net p50/p99/max 7809/8343/23709 µs, gross 7809/8343/24075, audits 366 µs: no target
      N=16 driver_wake (200): net p50/p99/max 8275/25789/153122 µs, gross 8275/26246/153122, audits 457 µs: no target
      N=4 driver_wake (200): net p50/p99/max 7934/13037/23438 µs, gross 7934/13037/23844, audits 1408 µs: no target
      N=1 timer_wake (200): net p50/p99/max 6802/7299/7480 µs, gross 6802/7299/7480, audits 0 µs: no target
      N=16 timer_wake (200): net p50/p99/max 7230/18304/140848 µs, gross 7230/18304/140848, audits 0 µs: no target
      N=4 timer_wake (200): net p50/p99/max 6948/9222/12605 µs, gross 6948/9222/12605, audits 0 µs: no target
      N=1 decision_wake (50): net p50/p99/max 5258/8511/8511 µs, gross 5258/8511/8511, audits 0 µs: no target
      N=16 decision_wake (50): net p50/p99/max 5408/46406/46406 µs, gross 5408/46406/46406, audits 0 µs: no target
      N=4 decision_wake (50): net p50/p99/max 5295/18790/18790 µs, gross 5295/18790/18790, audits 0 µs: no target
      N=1 deadline_notice (50): net p50/p99/max 812/12680/12680 µs, gross 2081/28932/28932, audits 151818 µs: no target
      N=16 deadline_notice (50): net p50/p99/max 1303/23332/23332 µs, gross 3515/52173/52173, audits 315454 µs: no target
      N=4 deadline_notice (50): net p50/p99/max 949/13082/13082 µs, gross 2403/31957/31957, audits 227359 µs: no target
PASS  sched-latency-tcg [rv32, smp=1]   63.9s
      qemu seed 3 (TESTBENCH_QEMU_SEED=3 replays it)
      sched_oracle: 53869 records, 8603 picks in rank order, every wake at or above the floor, no pass falling but by a weight change; 313 lifts by the rule (37 with a leading parent and work to move); 941 weight changes by the rule; R10 313 destructions over up to 9527 object frames, µs p50/p99/max 3626/6385/6386, their threads' ending 31/32/34, no audit inside one; 801 audits, 7206332 µs; lease end p99, net decision wake 39447 + R10 6385 = 45832 µs: target met (<= 125000)
      N=1 driver_wake (200): net p50/p99/max 9139/9632/25144 µs, gross 9139/9632/28499, audits 3355 µs: target met (p50 <= 15000, p99 <= 50000)
      N=16 driver_wake (200): net p50/p99/max 11353/32739/43646 µs, gross 11353/32739/43646, audits 0 µs: target met (p50 <= 15000, p99 <= 50000)
      N=4 driver_wake (200): net p50/p99/max 9839/10817/29535 µs, gross 9839/10817/29535, audits 0 µs: target met (p50 <= 15000, p99 <= 50000)
      N=1 timer_wake (200): net p50/p99/max 8049/8543/8551 µs, gross 8049/8543/8551, audits 0 µs: target met (p50 <= 15000, p99 <= 50000)
      N=16 timer_wake (200): net p50/p99/max 10081/31989/42652 µs, gross 10081/31989/42652, audits 0 µs: target met (p50 <= 15000, p99 <= 50000)
      N=4 timer_wake (200): net p50/p99/max 8109/9674/30059 µs, gross 8109/9674/30059, audits 0 µs: target met (p50 <= 15000, p99 <= 50000)
      N=1 decision_wake (50): net p50/p99/max 5931/5931/5931 µs, gross 5931/5931/5931, audits 0 µs: target met (p50 <= 25000, p99 <= 95000)
      N=16 decision_wake (50): net p50/p99/max 7155/39447/39447 µs, gross 7155/39447/39447, audits 0 µs: target met (p50 <= 25000, p99 <= 95000)
      N=4 decision_wake (50): net p50/p99/max 6143/6143/6143 µs, gross 6143/6143/6143, audits 0 µs: target met (p50 <= 25000, p99 <= 95000)
      N=1 deadline_notice (43): net p50/p99/max 4231/4232/4232 µs, gross 19809/19825/19825, audits 666622 µs: target met (p99 <= 40000)
      N=16 deadline_notice (43): net p50/p99/max 5356/12893/12893 µs, gross 22520/30501/30501, audits 807125 µs: target met (p99 <= 40000)
      N=4 deadline_notice (43): net p50/p99/max 4857/4859/4859 µs, gross 21854/21871/21871, audits 712230 µs: target met (p99 <= 40000)
PASS  sched-latency [rv64, smp=1]       19.4s
      qemu seed 3 (TESTBENCH_QEMU_SEED=3 replays it)
      sched_oracle: 57368 records, 9188 picks in rank order, every wake at or above the floor, no pass falling but by a weight change; 331 lifts by the rule (47 with a leading parent and work to move); 995 weight changes by the rule; R10 331 destructions over up to 9409 object frames, µs p50/p99/max 3660/6577/6730, their threads' ending 35/36/36, no audit inside one; 837 audits, 7254458 µs; lease end p99, net decision wake 40425 + R10 6577 = 47002 µs: target met (<= 125000)
      N=1 driver_wake (200): net p50/p99/max 9556/10045/25862 µs, gross 9556/10045/28946, audits 3084 µs: target met (p50 <= 15000, p99 <= 50000)
      N=16 driver_wake (200): net p50/p99/max 12178/33938/34371 µs, gross 12178/33938/34371, audits 0 µs: target met (p50 <= 15000, p99 <= 50000)
      N=4 driver_wake (200): net p50/p99/max 10515/11482/30003 µs, gross 10515/11482/30003, audits 0 µs: target met (p50 <= 15000, p99 <= 50000)
      N=1 timer_wake (200): net p50/p99/max 8425/8917/8928 µs, gross 8425/8917/8928, audits 0 µs: target met (p50 <= 15000, p99 <= 50000)
      N=16 timer_wake (200): net p50/p99/max 10968/32833/43422 µs, gross 10968/32833/43422, audits 0 µs: target met (p50 <= 15000, p99 <= 50000)
      N=4 timer_wake (200): net p50/p99/max 8368/10272/30845 µs, gross 8368/10272/30845, audits 0 µs: target met (p50 <= 15000, p99 <= 50000)
      N=1 decision_wake (50): net p50/p99/max 6167/6169/6169 µs, gross 6167/6169/6169, audits 0 µs: target met (p50 <= 25000, p99 <= 95000)
      N=16 decision_wake (50): net p50/p99/max 7612/40425/40425 µs, gross 7612/40425/40425, audits 0 µs: target met (p50 <= 25000, p99 <= 95000)
      N=4 decision_wake (50): net p50/p99/max 6407/6409/6409 µs, gross 6407/6409/6409, audits 0 µs: target met (p50 <= 25000, p99 <= 95000)
      N=1 deadline_notice (50): net p50/p99/max 4427/4435/4435 µs, gross 19517/19525/19525, audits 748522 µs: target met (p99 <= 40000)
      N=16 deadline_notice (50): net p50/p99/max 5610/9040/9040 µs, gross 22322/30426/30426, audits 894209 µs: target met (p99 <= 40000)
      N=4 deadline_notice (50): net p50/p99/max 5135/5144/5144 µs, gross 21709/21718/21718, audits 799401 µs: target met (p99 <= 40000)
PASS  sched-latency [rv32, smp=1]       15.2s
PASS  sched-server-busy [rv64, smp=1]    0.6s
PASS  sched-server-busy [rv32, smp=1]    0.7s
PASS  sched-share [rv64, smp=1]          0.4s
PASS  sched-share [rv32, smp=1]          0.4s
PASS  sched-sleep-gaming [rv64, smp=1]   0.9s
PASS  sched-sleep-gaming [rv32, smp=1]   0.8s
      sched_oracle: 545 records, 86 picks in rank order, every wake at or above the floor, no pass falling but by a weight change; 1 lifts by the rule (0 with a leading parent and work to move); 12 weight changes by the rule; R10 1 destructions over up to 8989 object frames, µs p50/p99/max 2174/2174/2174, their threads' ending 0/0/0, no audit inside one; 15 audits, 64890 µs
PASS  sched-ties [rv64, smp=1]           0.9s
      sched_oracle: 535 records, 84 picks in rank order, every wake at or above the floor, no pass falling but by a weight change; 1 lifts by the rule (0 with a leading parent and work to move); 12 weight changes by the rule; R10 1 destructions over up to 8974 object frames, µs p50/p99/max 2345/2345/2345, their threads' ending 0/0/0, no audit inside one; 15 audits, 60709 µs
PASS  sched-ties [rv32, smp=1]           1.1s
      sched_oracle: 5118 records, 533 picks in rank order, every wake at or above the floor, no pass falling but by a weight change; 68 lifts by the rule (1 with a leading parent and work to move); 206 weight changes by the rule; R10 68 destructions over up to 8901 object frames, µs p50/p99/max 902/1688/1688, their threads' ending 0/0/0, no audit inside one; 76 audits, 1041514 µs
      share sleepers: net 469, gross 469 of 1000, audits 0 µs: target met (450 <= share <= 1000)
      share sleepers-and-deadlines: net 472, gross 464 of 1000, audits 30633 µs: target met (450 <= share <= 1000)
PASS  sched-timer-flood [rv64, smp=1]    1.9s
      sched_oracle: 4838 records, 487 picks in rank order, every wake at or above the floor, no pass falling but by a weight change; 68 lifts by the rule (1 with a leading parent and work to move); 206 weight changes by the rule; R10 68 destructions over up to 8895 object frames, µs p50/p99/max 973/1810/1810, their threads' ending 0/0/0, no audit inside one; 76 audits, 1007922 µs
      share sleepers: net 468, gross 468 of 1000, audits 0 µs: target met (450 <= share <= 1000)
      share sleepers-and-deadlines: net 471, gross 468 of 1000, audits 14870 µs: target met (450 <= share <= 1000)
PASS  sched-timer-flood [rv32, smp=1]    2.2s
PASS  sched-wake-no-preempt [rv64, smp=1]   0.2s
PASS  sched-wake-no-preempt [rv32, smp=1]   0.3s
PASS  size-budget                     
      kernel: 7741 of 7752 lines
      loader: 841 of 841 lines
      stub: 361 of 361 lines
      libs/sys: 966 of 966 lines
      libs/layout: 60 of 60 lines
      libs/paging: 158 of 158 lines
      libs/stride: 328 of 328 lines
      libs/signing: 11 of 11 lines
      libs/client: 626 of 626 lines
      libs/rt: 2824 of 2824 lines
      libs/wire: 3067 of 3067 lines
      libs/steward: 3160 of 3160 lines
      libs/littlefs: 1941 of 1941 lines
      model: 10158 of 10158 lines
      servers/keyd: 556 of 556 lines
      servers/sshd: 388 of 388 lines
      servers/bootfsd: 242 of 242 lines
      servers/consoled: 254 of 254 lines
      servers/blkd: 1579 of 1579 lines
      servers/netd: 1552 of 1552 lines
      servers/ipd: 2883 of 2883 lines
PASS  smp-spike [rv64, smp=2]            1.1s
PASS  smp-spike [rv32, smp=2]            1.2s
PASS  sshd-build [rv64]                  0.0s
PASS  sshd-build [rv32]                  0.0s
PASS  sshd-host-tests                    0.2s
PASS  sshd-loopback-env-refused          0.1s
PASS  sshd-loopback-independent          0.4s
PASS  sshd-loopback-interrupt            0.1s
PASS  sshd-loopback-logins               0.1s
PASS  sshd-loopback-r67                  0.1s
PASS  sshd-loopback-window-change-zero   0.1s
PASS  sshd-loopback-window-change        0.1s
PASS  steward-host-tests                 0.1s
PASS  stride-host-tests                  4.4s
PASS  stub-launch [rv64, smp=1]          0.3s
PASS  stub-launch [rv32, smp=1]          0.5s
PASS  sum-clear [rv64, smp=1]            1.3s
PASS  sum-clear [rv32, smp=1]            1.3s
PASS  syscall-attack [rv64, smp=1]       0.2s
PASS  syscall-attack [rv32, smp=1]       0.3s
PASS  thread-limit [rv64, smp=1]         1.1s
PASS  thread-limit [rv32, smp=1]         1.3s
PASS  timeouts-tcg [rv64, smp=1]         6.4s
PASS  timeouts-tcg [rv32, smp=1]         6.8s
PASS  timeouts [rv64, smp=1]             1.8s
PASS  timeouts [rv32, smp=1]             2.8s
PASS  touch-beyond-ram [rv64, smp=1]     0.2s
PASS  touch-beyond-ram [rv32, smp=1]     0.4s
PASS  uaf-lent-page [rv64, smp=1]        0.1s
PASS  uart-irq [rv64, smp=1]             1.2s
PASS  uart-irq [rv32, smp=1]             1.2s
PASS  unsafe-budget                   
      paging crate (Sv32/Sv39 page tables): 12 unsafe, 0 undocumented
      redoubt-stride (scheduler rules): 0 unsafe, 0 undocumented
      loader: 18 unsafe, 0 undocumented
      redoubt-signing (signature preimages): 0 unsafe, 0 undocumented
      kernel: Sv39, SBI and PLIC backends: 13 unsafe, 0 undocumented
      kernel: RISC-V arch (shared with rv32): 13 unsafe, 0 undocumented
      kernel: core: 19 unsafe, 0 undocumented
      redoubt-sys (system call ABI): the ecall stub: 1 unsafe, 0 undocumented
      redoubt-client (the userland client API): 0 unsafe, 0 undocumented
      redoubt-rt (native runtime): the heap's free lists, page buffers and lends, the startup page: 11 unsafe, 0 undocumented
      keyd (holds every private key; signs, never exports): 0 unsafe, 0 undocumented
      sshd (the network's first parser; carries every channel): 0 unsafe, 0 undocumented
      blkd (virtio-blk driver; DMA, so TCB): 4 unsafe, 0 undocumented
      netd (virtio-net driver; DMA, so TCB): 7 unsafe, 0 undocumented
      ipd (the TCP/IP stack; /net over 9P): 0 unsafe, 0 undocumented
      bootfsd and consoled (the first two 9P servers): 0 unsafe, 0 undocumented
      redoubt-wire (protocol codecs): 0 unsafe, 0 undocumented
      redoubt-steward (the steward's policy core): 0 unsafe, 0 undocumented
      redoubt-layout (kernel-half map): 0 unsafe, 0 undocumented
      stub (the loader stub): 7 unsafe, 0 undocumented
      redoubt-littlefs: 0 unsafe, 0 undocumented
PASS  vendor-build [rv64]                0.0s
PASS  vendor-build [rv32]                0.0s
PASS  vendor-check                       1.5s
PASS  verified-boot-rejects-bare-archive [rv64, smp=1]   0.1s
PASS  verified-boot-rejects-tamper [rv64, smp=1]   0.1s
PASS  wire-host-tests                    0.2s
PASS  write-only-attack [rv64, smp=1]    0.1s
PASS  write-only-attack [rv32, smp=1]    0.3s
PASS  wx [rv64, smp=1]                   0.1s
PASS  wx [rv32, smp=1]                   0.3s
