PASS  aio-many-reads-two [rv32, smp=1]   1.6s
PASS  aio-many-reads [rv32, smp=1]       1.4s
PASS  asid-cost-host [rv32, smp=1]       9.4s
PASS  asid-cost [rv32, smp=1]           12.0s
PASS  asid-reuse-stale [rv32, smp=1]     0.5s
PASS  beamlet-boot [rv32, smp=1]         0.9s
PASS  beamlet-budget-flood [rv32, smp=1]   1.3s
PASS  beamlet-console [rv32, smp=1]      1.5s
PASS  beamlet-heap-flood [rv32, smp=1]   1.5s
PASS  bench-bundle-file [rv32, smp=1]    0.2s
PASS  bench-cbo-self-unrefused [rv32, smp=1]   0.5s
PASS  bench-debug-assertions [rv32, smp=1]   1.5s
PASS  bench-elixir-oracles-broken-guard   1.6s
PASS  bench-net-peer-count [rv32, smp=1]   0.7s
PASS  bench-net-peer-pcap-empty [rv32, smp=1]   0.6s
PASS  bench-net-peer-twice [rv32, smp=1]   0.7s
PASS  bench-net-peer [rv32, smp=1]       0.6s
PASS  bench-net-self-unrefused [rv32, smp=1]   0.8s
PASS  bench-ssh-loopback-aborted-text    0.1s
PASS  bench-ssh-loopback-deadlock        0.2s
PASS  bench-ssh-loopback-exit            0.1s
PASS  bench-ssh-loopback-forbid          0.2s
PASS  bench-ssh-loopback-host-key        0.1s
PASS  bench-ssh-loopback-openssh         3.6s
PASS  bench-ssh-loopback                 0.1s
PASS  bench-virtio-legacy-off [rv32, smp=1]   0.2s
PASS  blkd-build [rv32]                  0.0s
PASS  blkd-host-tests                    3.4s
PASS  boot-stack-reservation [rv32, smp=1]   0.5s
PASS  bootfsd-build [rv32]               0.0s
PASS  budget-carve-attack [rv32, smp=1]   0.3s
PASS  budget-deadline [rv32, smp=1]      0.7s
PASS  budget-destroy-attack [rv32, smp=1]   0.3s
PASS  budget-destroy-growth [rv32, smp=1]   0.5s
PASS  budget-destroy-kills [rv32, smp=1]   0.3s
PASS  budget-forge-attack [rv32, smp=1]   0.3s
PASS  budget-mem-churn [rv32, smp=1]     0.3s
PASS  budget-mem-churn [rv32, smp=2]     0.3s
PASS  budget-syscall-attack [rv32, smp=1]   0.6s
PASS  budget-table-attack [rv32, smp=1]   0.7s
PASS  budget [rv32, smp=1]               2.1s
PASS  bundle-mapped [rv32, smp=1]        0.3s
PASS  cbo-user-fault [rv32, smp=1]       0.5s
PASS  client-build [rv32]                0.0s
PASS  client-host-tests                  4.2s
PASS  consoled-build [rv32]              0.0s
PASS  deadline-flood-billed [rv32, smp=1]   0.7s
PASS  destroy-keeps-notices-creator [rv32, smp=1]   1.7s
PASS  destroy-keeps-notices [rv32, smp=1]   0.7s
PASS  device-exec-refused [rv32, smp=1]   0.5s
PASS  device-info-attack [rv32, smp=1]   0.5s
PASS  device [rv32, smp=1]               0.5s
PASS  dma-destroy-quarantine [rv32, smp=1]   0.5s
PASS  dma-reset-quarantine [rv32, smp=1]   0.6s
PASS  dma-reset-reuse [rv32, smp=1]      0.5s
PASS  dma-rules [rv32, smp=1]            0.5s
PASS  docs                               1.0s
PASS  elixir-oracles                     2.3s
PASS  ending-pumps-once [rv32, smp=1]    1.5s
      qemu seed 3 (TESTBENCH_QEMU_SEED=3 replays it)
      sched_oracle: 1910 records, 188 picks in rank order, every wake at or above the floor, no pass falling but by a weight change; 1 lifts by the rule (0 with a leading parent and work to move); 5 weight changes by the rule; R10 1 destructions over up to 4737 object frames, µs p50/p99/max 12674/12674/12674, their threads' ending 50/50/50, no audit inside one; 189 audits, 32551 µs; 184 timer interrupts billed by the rule (0 expiring, 0 finding a wait ended early, 0 ticks after expiry to the budget billed last; 184 ending a slice, 0 nobody's)
PASS  endpoint-destroy-full [rv32, smp=1]   1.7s
PASS  endpoint-destroy-open-calls [rv32, smp=1]   0.7s
PASS  formatting                        10.5s
PASS  fsd-boot [rv32, smp=1]             1.0s
PASS  fsd-build [rv32]                   0.0s
PASS  fsd-confined-labelled [rv32, smp=1]   0.7s
PASS  fsd-corrupt-volume [rv32, smp=1]   0.5s
PASS  fsd-host-tests                    15.1s
PASS  fsd-label-check [rv32, smp=1]      0.8s
PASS  fsd-large-directory [rv32, smp=1]   1.9s
PASS  fsd-one-volume [rv32, smp=1]       0.9s
PASS  fsd-quota [rv32, smp=1]            2.6s
PASS  fsd-reboot [rv32, smp=1]           2.7s
PASS  fsd-restart [rv32, smp=1]          0.7s
PASS  handle-chain-attack [rv32, smp=1]   0.7s
PASS  handle-chain-fault [rv32, smp=1]   0.7s
PASS  host-tests                         4.2s
PASS  image-disk [rv32, smp=1]           6.0s
PASS  init-boot [rv32, smp=1]            5.6s
PASS  init-build [rv32]                  0.0s
PASS  init-console-forgery [rv32, smp=1]   0.5s
PASS  init-driver-restart [rv32, smp=1]   1.7s
PASS  init-handed-revoked [rv32, smp=1]   1.7s
PASS  init-host-tests                    0.1s
PASS  init-quarantine-reboot [rv32, smp=1]   1.7s
PASS  init-reboot [rv32, smp=1]          0.6s
PASS  init-refuses-bound [rv32, smp=1]   0.3s
PASS  init-refuses-budget-handle [rv32, smp=1]   0.3s
PASS  init-refuses-confined-server [rv32, smp=1]   0.3s
PASS  init-refuses-consoled-handed [rv32, smp=1]   0.3s
PASS  init-refuses-device-dma [rv32, smp=1]   0.3s
PASS  init-refuses-device-unmatched [rv32, smp=1]   0.3s
PASS  init-refuses-held-bundle-key [rv32, smp=1]   0.4s
PASS  init-refuses-held-login-key [rv32, smp=1]   0.4s
PASS  init-refuses-public-manifest [rv32, smp=1]   0.3s
PASS  init-refuses-second-keyd [rv32, smp=1]   0.3s
PASS  init-refuses-system-fit [rv32, smp=1]   0.3s
PASS  init-restart [rv32, smp=1]         1.7s
PASS  init-rollback [rv32, smp=1]        2.0s
PASS  init-servers [rv32, smp=1]         0.5s
PASS  ipc-fair-label-sets [rv32, smp=1]   0.7s
PASS  ipc-outcomes [rv32, smp=1]         1.8s
PASS  ipc [rv32, smp=1]                  2.2s
PASS  ipc [rv32, smp=4]                  2.2s
PASS  ipd-build [rv32]                   0.0s
PASS  ipd-host-tests                     3.3s
PASS  irq-attack [rv32, smp=1]           1.7s
PASS  irq-first-receive [rv32, smp=1]    0.7s
      qemu seed 13 (TESTBENCH_QEMU_SEED=13 replays it)
      sched_oracle: 623859 records, 56619 picks in rank order, every wake at or above the floor, no pass falling but by a weight change; 36 lifts by the rule (17 with a leading parent and work to move); 97 weight changes by the rule; R10 18 destructions over up to 9320 object frames, µs p50/p99/max 21639/26171/26171, their threads' ending 3638/4576/4576, no audit inside one; 49738 audits, 5508519 µs; 55494 timer interrupts billed by the rule (6225 expiring, 54 finding a wait ended early, 12434370 ticks after expiry to the budget billed last; 49215 ending a slice, 0 nobody's); lease end p99, net decision wake 7915 + R10 26171 = 34086 µs: target met (<= 125000)
      gate driver_wake (200): net p50/p99/max 8727/11079/21568 µs, gross 8776/11547/22400, audits 12000 µs: target met (p50 <= 15000, p99 <= 50000)
      gate timer_wake (64): net p50/p99/max 7868/9023/9023 µs, gross 7917/9066/9066, audits 3058 µs: target met (p50 <= 15000, p99 <= 50000)
      gate decision_wake (9): net p50/p99/max 7912/7915/7915 µs, gross 7967/7970/7970, audits 498 µs: target met (p50 <= 25000, p99 <= 95000)
      gate deadline_notice (18): net p50/p99/max 27205/29894/29894 µs, gross 97960/109687/109687, audits 1354820 µs: target met (p99 <= 40000)
PASS  kernel-containment [rv32, smp=1]  91.7s
PASS  kernel-half-attack [rv32, smp=1]   0.6s
PASS  kernel-wx [rv32, smp=1]            0.3s
PASS  keyd-build [rv32]                  0.0s
PASS  launcher-orphan [rv32, smp=1]      0.6s
PASS  legacy-gone [rv32, smp=1]          2.5s
PASS  lend-untouched-page [rv32, smp=1]   0.6s
PASS  lend-untouched-page [rv32, smp=4]   0.6s
PASS  lender-touches-lent [rv32, smp=1]   0.6s
PASS  littlefs-host-tests               17.6s
PASS  loader-rejects-kernel-address [rv32, smp=1]   0.2s
PASS  loader-rejects-kernel-entry [rv32, smp=1]   0.2s
PASS  logsrv-badge-forgery [rv32, smp=1]   0.5s
PASS  map-anon-placement [rv32, smp=1]   0.5s
PASS  map-anon-search-bound [rv32, smp=1]   6.1s
PASS  map-fixed-attack [rv32, smp=1]     0.6s
PASS  map-fixed-tables-rv32 [rv32, smp=1]   1.0s
PASS  mem-attack [rv32, smp=1]           0.4s
PASS  model-host-tests                 382.6s
PASS  move-borrowed-page [rv32, smp=1]   0.3s
PASS  net-attacks [rv32, smp=1]          0.7s
PASS  net-host-tests                     0.2s
PASS  net-pinned [rv32, smp=1]           0.7s
PASS  net-tcp [rv32, smp=1]              0.6s
PASS  netd-build [rv32]                  0.0s
PASS  netd-host-tests                    0.5s
PASS  netd-restart [rv32, smp=1]         0.6s
PASS  ninep-newconn-discard [rv32, smp=1]   0.8s
PASS  no-cruft                        
PASS  page-table-reclaim [rv32, smp=1]   3.1s
PASS  pages-exhaustion [rv32, smp=1]     0.7s
PASS  panic-in-print [rv32, smp=1]       0.4s
PASS  pid-pinning-attack [rv32, smp=1]   0.5s
PASS  pid-reuse-authority [rv32, smp=1]  10.3s
PASS  process-attack [rv32, smp=1]       1.0s
PASS  process-chain-fault [rv32, smp=1]   0.7s
PASS  process-fill [rv32, smp=1]         4.1s
PASS  process-lifecycle [rv32, smp=1]    2.0s
PASS  process-map-untouched-attack [rv32, smp=1]   0.5s
PASS  process-review [rv32, smp=1]       0.6s
PASS  process [rv32, smp=1]              1.1s
PASS  programs-unknown-budget-attack [rv32, smp=1]   0.2s
PASS  programs-unknown-program-attack [rv32, smp=1]   0.2s
PASS  r4-host-tests                      0.8s
PASS  receive-bad-record [rv32, smp=1]   0.8s
PASS  redoubt-dead [rv32, smp=1]         1.6s
PASS  redoubt-ipc-attack [rv32, smp=1]   0.8s
PASS  redoubt-ipc [rv32, smp=1]          8.1s
PASS  redoubt-revoke [rv32, smp=1]       1.7s
PASS  redoubt-tight [rv32, smp=1]        1.6s
PASS  return-lent-unmapped [rv32, smp=1]   0.4s
PASS  return-lent-unmapped [rv32, smp=4]   0.4s
PASS  rng [rv32, smp=1]                  0.6s
PASS  rt-build [rv32]                    0.0s
PASS  rt-host-tests                      7.7s
PASS  rt-miri                           92.1s
PASS  rustsbi-boot [rv32, smp=1]         0.8s
PASS  scan-bounds [rv32, smp=1]          1.4s
      sched_oracle: 12550 records, 865 picks in rank order, every wake at or above the floor, no pass falling but by a weight change; 95 lifts by the rule (12 with a leading parent and work to move); 285 weight changes by the rule; R10 93 destructions over up to 656 object frames, µs p50/p99/max 939/2736/2736, their threads' ending 0/46/46, no audit inside one; 1013 audits, 2114386 µs; 815 timer interrupts billed by the rule (12 expiring, 0 finding a wait ended early, 11863 ticks after expiry to the budget billed last; 803 ending a slice, 0 nobody's)
      share blocking: net 963, gross 948 of 1000, audits 31218 µs, 0 timer interrupts nobody's, 0 finding another budget's wait ended early: target met (450 <= share <= 1000)
      share spinning-parent: net 495, gross 367 of 1000, audits 517311 µs, 0 timer interrupts nobody's, 0 finding another budget's wait ended early: target met (450 <= share <= 1000)
      share deadline: net 986, gross 972 of 1000, audits 28130 µs, 0 timer interrupts nobody's, 0 finding another budget's wait ended early: target met (450 <= share <= 1000)
      share fresh-intermediates: net 962, gross 947 of 1000, audits 31392 µs, 0 timer interrupts nobody's, 0 finding another budget's wait ended early: target met (450 <= share <= 1000)
      share shell: net 498, gross 212 of 1000, audits 1147545 µs, 0 timer interrupts nobody's, 0 finding another budget's wait ended early: target met (450 <= share <= 1000)
PASS  sched-budget-churn [rv32, smp=1]   2.9s
PASS  sched-carve-inflation [rv32, smp=1]   1.0s
      sched_oracle: 2283 records, 216 picks in rank order, every wake at or above the floor, no pass falling but by a weight change; 1 lifts by the rule (0 with a leading parent and work to move); 7 weight changes by the rule; R10 1 destructions over up to 615 object frames, µs p50/p99/max 902/902/902, their threads' ending 0/0/0, no audit inside one; 214 audits, 31304 µs; 205 timer interrupts billed by the rule (1 expiring, 0 finding a wait ended early, 892 ticks after expiry to the budget billed last; 204 ending a slice, 0 nobody's)
      share u-after-return: net 497, gross 495 of 1000, audits 6949 µs, 0 timer interrupts nobody's, 0 finding another budget's wait ended early: target met (450 <= share <= 1000)
PASS  sched-carve-return [rv32, smp=1]   1.4s
PASS  sched-debt-lift [rv32, smp=1]      1.0s
PASS  sched-destroy-billing [rv32, smp=1]   0.8s
      sched_oracle: 7158 records, 608 picks in rank order, every wake at or above the floor, no pass falling but by a weight change; 6 lifts by the rule (2 with a leading parent and work to move); 20 weight changes by the rule; R10 6 destructions over up to 648 object frames, µs p50/p99/max 541/2313/2313, their threads' ending 0/50/50, no audit inside one; 645 audits, 213795 µs; 465 timer interrupts billed by the rule (99 expiring, 0 finding a wait ended early, 98144 ticks after expiry to the budget billed last; 366 ending a slice, 0 nobody's)
      share threads-exit: net 491, gross 489 of 1000, audits 6050 µs, 0 timer interrupts nobody's, 0 finding another budget's wait ended early: target met (450 <= share <= 1000)
      share processes-exit: net 493, gross 484 of 1000, audits 39471 µs, 0 timer interrupts nobody's, 0 finding another budget's wait ended early: target met (450 <= share <= 1000)
      share processes-fault: net 497, gross 489 of 1000, audits 33095 µs, 0 timer interrupts nobody's, 0 finding another budget's wait ended early: target met (450 <= share <= 1000)
PASS  sched-exit-churn [rv32, smp=1]     2.3s
PASS  sched-idle-gap [rv32, smp=1]       0.9s
PASS  sched-large-weight [rv32, smp=1]   0.8s
      sched_oracle: 91741 records, 8506 picks in rank order, every wake at or above the floor, no pass falling but by a weight change; 331 lifts by the rule (43 with a leading parent and work to move); 996 weight changes by the rule; R10 331 destructions over up to 1270 object frames, µs p50/p99/max 683/1546/3025, their threads' ending 10/21/85, no audit inside one; 6165 audits, 670714 µs; 6214 timer interrupts billed by the rule (898 expiring, 111 finding a wait ended early, 326092 ticks after expiry to the budget billed last; 5205 ending a slice, 0 nobody's)
      N=1 driver_wake (200): net p50/p99/max 7836/8442/28365 µs, gross 7848/8454/28499, audits 2557 µs: no target
      N=16 driver_wake (200): net p50/p99/max 8144/38906/121797 µs, gross 8172/39019/122142, audits 6666 µs: no target
      N=4 driver_wake (200): net p50/p99/max 7885/8437/19602 µs, gross 7900/8451/19642, audits 3057 µs: no target
      N=1 timer_wake (200): net p50/p99/max 6823/7396/7734 µs, gross 6835/7407/7749, audits 2435 µs: no target
      N=16 timer_wake (200): net p50/p99/max 7203/27822/109858 µs, gross 7232/27907/110175, audits 6897 µs: no target
      N=4 timer_wake (200): net p50/p99/max 6906/16762/18025 µs, gross 6921/16791/18065, audits 3088 µs: no target
      N=1 decision_wake (50): net p50/p99/max 5225/8457/8457 µs, gross 5243/8507/8507, audits 747 µs: no target
      N=16 decision_wake (50): net p50/p99/max 5443/97680/97680 µs, gross 5475/97978/97978, audits 3398 µs: no target
      N=4 decision_wake (50): net p50/p99/max 5234/15874/15874 µs, gross 5250/15905/15905, audits 868 µs: no target
      N=1 deadline_notice (50): net p50/p99/max 894/1093/1093 µs, gross 2145/2357/2357, audits 61754 µs: no target
      N=16 deadline_notice (50): net p50/p99/max 1505/1659/1659 µs, gross 3790/4045/4045, audits 106364 µs: no target
      N=4 deadline_notice (50): net p50/p99/max 986/2301/2301 µs, gross 2421/5899/5899, audits 72680 µs: no target
PASS  sched-latency-tcg [rv32, smp=1]   62.9s
      qemu seed 3 (TESTBENCH_QEMU_SEED=3 replays it)
      sched_oracle: 95158 records, 8817 picks in rank order, every wake at or above the floor, no pass falling but by a weight change; 331 lifts by the rule (32 with a leading parent and work to move); 996 weight changes by the rule; R10 331 destructions over up to 1270 object frames, µs p50/p99/max 3922/8207/8399, their threads' ending 45/46/46, no audit inside one; 6931 audits, 9916629 µs; 6547 timer interrupts billed by the rule (901 expiring, 116 finding a wait ended early, 1505882 ticks after expiry to the budget billed last; 5530 ending a slice, 0 nobody's); lease end p99, net decision wake 49934 + R10 8207 = 58141 µs: target met (<= 125000)
      N=1 driver_wake (200): net p50/p99/max 8917/9922/9932 µs, gross 8966/9971/9980, audits 9767 µs: target met (p50 <= 15000, p99 <= 50000)
      N=16 driver_wake (200): net p50/p99/max 10989/22100/32375 µs, gross 11199/22523/33010, audits 45570 µs: target met (p50 <= 15000, p99 <= 50000)
      N=4 driver_wake (200): net p50/p99/max 9310/10445/19387 µs, gross 9385/10521/19540, audits 15281 µs: target met (p50 <= 15000, p99 <= 50000)
      N=1 timer_wake (200): net p50/p99/max 7860/8935/13894 µs, gross 7909/8985/13943, audits 9767 µs: target met (p50 <= 15000, p99 <= 50000)
      N=16 timer_wake (200): net p50/p99/max 9955/31279/31659 µs, gross 10167/31908/32293, audits 49886 µs: target met (p50 <= 15000, p99 <= 50000)
      N=4 timer_wake (200): net p50/p99/max 8270/15353/19141 µs, gross 8345/15427/19293, audits 15358 µs: target met (p50 <= 15000, p99 <= 50000)
      N=1 decision_wake (50): net p50/p99/max 5812/5816/5816 µs, gross 5863/5869/5869, audits 2575 µs: target met (p50 <= 25000, p99 <= 95000)
      N=16 decision_wake (50): net p50/p99/max 7025/49934/49934 µs, gross 7239/51010/51010, audits 18786 µs: target met (p50 <= 25000, p99 <= 95000)
      N=4 decision_wake (50): net p50/p99/max 6037/16410/16410 µs, gross 6115/16569/16569, audits 4454 µs: target met (p50 <= 25000, p99 <= 95000)
      N=1 deadline_notice (50): net p50/p99/max 4516/4521/4521 µs, gross 29477/29485/29485, audits 1241431 µs: target met (p99 <= 40000)
      N=16 deadline_notice (50): net p50/p99/max 6197/9746/9746 µs, gross 33365/43591/43591, audits 1465226 µs: target met (p99 <= 40000)
      N=4 deadline_notice (50): net p50/p99/max 5409/5419/5419 µs, gross 32150/32161/32161, audits 1307386 µs: target met (p99 <= 40000)
PASS  sched-latency [rv32, smp=1]       14.6s
PASS  sched-server-busy [rv32, smp=1]    1.0s
PASS  sched-share [rv32, smp=1]          0.8s
PASS  sched-sleep-gaming [rv32, smp=1]   1.2s
      sched_oracle: 819 records, 83 picks in rank order, every wake at or above the floor, no pass falling but by a weight change; 1 lifts by the rule (0 with a leading parent and work to move); 12 weight changes by the rule; R10 1 destructions over up to 792 object frames, µs p50/p99/max 2417/2417/2417, their threads' ending 0/0/0, no audit inside one; 70 audits, 34472 µs; 49 timer interrupts billed by the rule (2 expiring, 0 finding a wait ended early, 3569 ticks after expiry to the budget billed last; 47 ending a slice, 0 nobody's)
PASS  sched-ties [rv32, smp=1]           1.4s
      sched_oracle: 11637 records, 893 picks in rank order, every wake at or above the floor, no pass falling but by a weight change; 70 lifts by the rule (2 with a leading parent and work to move); 212 weight changes by the rule; R10 70 destructions over up to 709 object frames, µs p50/p99/max 812/2092/2092, their threads' ending 0/0/0, no audit inside one; 718 audits, 1549905 µs; 699 timer interrupts billed by the rule (69 expiring, 72 finding a wait ended early, 92359 ticks after expiry to the budget billed last; 558 ending a slice, 0 nobody's)
      share sleepers: net 491, gross 489 of 1000, audits 7489 µs, 0 timer interrupts nobody's, 0 finding another budget's wait ended early: target met (450 <= share <= 1000)
      share sleepers-and-deadlines: net 490, gross 466 of 1000, audits 95690 µs, 0 timer interrupts nobody's, 0 finding another budget's wait ended early: target met (450 <= share <= 1000)
      share cancelled-waits: net 491, gross 490 of 1000, audits 6325 µs, 0 timer interrupts nobody's, 48 finding another budget's wait ended early: target met (450 <= share <= 1000)
PASS  sched-timer-flood [rv32, smp=1]    2.9s
PASS  sched-wake-no-preempt [rv32, smp=1]   0.7s
PASS  size-budget                     
      kernel: 8361 of 8361 lines
      loader: 868 of 868 lines
      stub: 361 of 361 lines
      libs/sys: 1017 of 1017 lines
      libs/layout: 83 of 83 lines
      libs/paging: 257 of 257 lines
      libs/stride: 522 of 522 lines
      libs/signing: 15 of 15 lines
      libs/client: 965 of 966 lines
      libs/rt: 3434 of 3434 lines
      libs/wire: 3073 of 3073 lines
      libs/steward: 3160 of 3160 lines
      libs/littlefs: 2033 of 2033 lines
      model: 10240 of 10240 lines
      servers/keyd: 541 of 541 lines
      servers/sshd: 388 of 388 lines
      servers/bootfsd: 228 of 229 lines
      servers/consoled: 338 of 338 lines
      servers/blkd: 1627 of 1627 lines
      servers/netd: 1590 of 1590 lines
      servers/ipd: 2928 of 2928 lines
      servers/init: 1949 of 1952 lines
      servers/fsd: 1405 of 1405 lines
PASS  smp-spike [rv32, smp=2]            1.5s
PASS  sshd-build [rv32]                  0.1s
PASS  sshd-host-tests                    0.2s
PASS  sshd-loopback-env-refused          0.1s
PASS  sshd-loopback-independent          0.4s
PASS  sshd-loopback-interrupt            0.1s
PASS  sshd-loopback-logins               0.1s
PASS  sshd-loopback-r67                  0.1s
PASS  sshd-loopback-window-change-zero   0.1s
PASS  sshd-loopback-window-change        0.1s
PASS  steward-host-tests                 0.2s
PASS  stride-host-tests                  3.0s
PASS  stub-launch [rv32, smp=1]          0.7s
PASS  sum-clear [rv32, smp=1]            1.5s
PASS  syscall-attack [rv32, smp=1]       0.3s
PASS  thread-limit [rv32, smp=1]         1.6s
PASS  timeouts-tcg [rv32, smp=1]         6.3s
PASS  timeouts [rv32, smp=1]             2.1s
PASS  touch-beyond-ram [rv32, smp=1]     0.3s
PASS  uart-irq [rv32, smp=1]             1.5s
PASS  unsafe-budget                   
      paging crate (Sv32/Sv39 page tables): 12 unsafe, 0 undocumented
      redoubt-stride (scheduler rules): 0 unsafe, 0 undocumented
      loader: 18 unsafe, 0 undocumented
      redoubt-signing (signature preimages): 0 unsafe, 0 undocumented
      kernel: Sv39, SBI and PLIC backends: 13 unsafe, 0 undocumented
      kernel: RISC-V arch (shared with rv32): 13 unsafe, 0 undocumented
      kernel: core: 18 unsafe, 0 undocumented
      redoubt-sys (system call ABI): the ecall stub: 3 unsafe, 0 undocumented
      redoubt-client (the userland client API): 0 unsafe, 0 undocumented
      redoubt-rt (native runtime): the allocator's trait, the heap's two words of a free block, a page buffer's two views, the device registers' read and write, the pages mapped before the first instruction, a spawned thread's closure taken back in its entry: 11 unsafe, 0 undocumented
      keyd (holds every private key; signs, never exports): 0 unsafe, 0 undocumented
      sshd (the network's first parser; carries every channel): 0 unsafe, 0 undocumented
      blkd (virtio-blk driver; DMA, so TCB): 4 unsafe, 0 undocumented
      netd (virtio-net driver; DMA, so TCB): 8 unsafe, 0 undocumented
      ipd (the TCP/IP stack; /net over 9P): 0 unsafe, 0 undocumented
      fsd (the file server; parses one volume's medium): 0 unsafe, 0 undocumented
      bootfsd and consoled (the first two 9P servers): 0 unsafe, 0 undocumented
      redoubt-wire (protocol codecs): 0 unsafe, 0 undocumented
      redoubt-steward (the steward's policy core): 0 unsafe, 0 undocumented
      redoubt-init (init): 0 unsafe, 0 undocumented
      redoubt-layout (kernel-half map): 0 unsafe, 0 undocumented
      stub (the loader stub): 7 unsafe, 0 undocumented
      redoubt-littlefs: 0 unsafe, 0 undocumented
PASS  userland-bad-start [rv32, smp=1]   7.3s
PASS  userland-boot [rv32, smp=1]      158.4s
PASS  userland-read-only [rv32, smp=1] 155.9s
PASS  vendor-build [rv32]                0.1s
PASS  vendor-check                       1.4s
PASS  wire-host-tests                    0.2s
PASS  write-only-attack [rv32, smp=1]    0.5s
PASS  wx [rv32, smp=1]                   0.5s
exit=0
