time="2026-10-05T01:40:35Z" level=info msg="podman filtering at log level debug"
time="2026-10-05T01:40:35Z" level=debug msg="Called unshare.PersistentPreRunE(podman --log-level=debug --cgroup-manager=cgroupfs unshare cat /proc/self/uid_map /proc/self/gid_map)"
time="2026-10-05T01:40:35Z" level=debug msg="Using conmon: \"/usr/bin/conmon\""
time="2026-10-05T01:40:35Z" level=info msg="Using sqlite as database backend"
time="2026-10-05T01:40:35Z" level=debug msg="systemd-logind: dial unix /var/run/dbus/system_bus_socket: connect: no such file or directory"
time="2026-10-05T01:40:35Z" level=debug msg="Using graph driver vfs"
time="2026-10-05T01:40:35Z" level=debug msg="Using graph root /home/dev/.local/share/containers/storage"
time="2026-10-05T01:40:35Z" level=debug msg="Using run root /tmp/bench-env-runtime/containers"
time="2026-10-05T01:40:35Z" level=debug msg="Using static dir /home/dev/.local/share/containers/storage/libpod"
time="2026-10-05T01:40:35Z" level=debug msg="Using tmp dir /tmp/bench-env-runtime/libpod/tmp"
time="2026-10-05T01:40:35Z" level=debug msg="Using volume path /home/dev/.local/share/containers/storage/volumes"
time="2026-10-05T01:40:35Z" level=debug msg="Using transient store: false"
time="2026-10-05T01:40:35Z" level=debug msg="Not configuring container store"
time="2026-10-05T01:40:35Z" level=debug msg="Initializing event backend file"
time="2026-10-05T01:40:35Z" level=debug msg="Configured OCI runtime runc initialization failed: no valid executable found for OCI runtime runc: invalid argument"
time="2026-10-05T01:40:35Z" level=debug msg="Configured OCI runtime kata initialization failed: no valid executable found for OCI runtime kata: invalid argument"
time="2026-10-05T01:40:35Z" level=debug msg="Configured OCI runtime runsc initialization failed: no valid executable found for OCI runtime runsc: invalid argument"
time="2026-10-05T01:40:35Z" level=debug msg="Configured OCI runtime youki initialization failed: no valid executable found for OCI runtime youki: invalid argument"
time="2026-10-05T01:40:35Z" level=debug msg="Configured OCI runtime ocijail initialization failed: no valid executable found for OCI runtime ocijail: invalid argument"
time="2026-10-05T01:40:35Z" level=debug msg="Configured OCI runtime crun-vm initialization failed: no valid executable found for OCI runtime crun-vm: invalid argument"
time="2026-10-05T01:40:35Z" level=debug msg="Configured OCI runtime runj initialization failed: no valid executable found for OCI runtime runj: invalid argument"
time="2026-10-05T01:40:35Z" level=debug msg="Configured OCI runtime krun initialization failed: no valid executable found for OCI runtime krun: invalid argument"
time="2026-10-05T01:40:35Z" level=debug msg="Using OCI runtime \"/usr/bin/crun\""
time="2026-10-05T01:40:35Z" level=warning msg="\"/\" is not a shared mount, this could cause issues or missing mounts with rootless containers"
time="2026-10-05T01:40:35Z" level=error msg="running `/usr/bin/newuidmap 24 0 1447391350 1 1 3713496320 65536`: newuidmap: write to uid_map failed: Operation not permitted\n"
Error: cannot set up namespace using "/usr/bin/newuidmap": exit status 1
time="2026-10-05T01:40:35Z" level=debug msg="Shutting down engines"
