PASS  aio-many-reads-two [rv64, smp=1]   1.4s
PASS  aio-many-reads [rv64, smp=1]       1.3s
PASS  all-together [rv64, smp=1]         2.5s
PASS  all-together [rv64, smp=2]         2.5s
PASS  asid-cost-host [rv64, smp=1]      11.5s
PASS  asid-cost [rv64, smp=1]           12.0s
PASS  asid-reuse-stale [rv64, smp=1]     3.8s
PASS  beamlet-boot [rv64, smp=1]         0.6s
PASS  beamlet-budget-flood [rv64, smp=1]   1.0s
PASS  beamlet-console [rv64, smp=1]      1.2s
PASS  beamlet-heap-flood [rv64, smp=1]   1.2s
PASS  bench-attack-forgery [rv64, smp=1]   0.1s
PASS  bench-bundle-file [rv64, smp=1]    0.1s
PASS  bench-cbo-self-unrefused [rv64, smp=1]   0.6s
PASS  bench-console-after-expect [rv64, smp=1]   0.1s
PASS  bench-debug-assertions-off [rv64, smp=1]   0.2s
PASS  bench-debug-assertions [rv64, smp=1]   1.5s
PASS  bench-elixir-oracles-broken-guard   3.2s
PASS  bench-init-reporter-forged [rv64, smp=1]   0.3s
PASS  bench-net-peer-count [rv64, smp=1]   0.7s
PASS  bench-net-peer-pcap-empty [rv64, smp=1]   0.5s
PASS  bench-net-peer-twice [rv64, smp=1]   0.4s
PASS  bench-net-peer [rv64, smp=1]       0.4s
PASS  bench-net-self-unrefused [rv64, smp=1]   0.6s
PASS  bench-poweroff-missing [rv64, smp=1]   3.0s
PASS  bench-qemu-early-exit [rv64, smp=1]   0.0s
PASS  bench-reporter-mismatch [rv64, smp=1]   0.1s
PASS  bench-ssh-guest [rv64, smp=1]      1.2s
PASS  bench-ssh-loopback-aborted-text    0.1s
PASS  bench-ssh-loopback-deadlock        0.2s
PASS  bench-ssh-loopback-exit            0.1s
PASS  bench-ssh-loopback-forbid          0.2s
PASS  bench-ssh-loopback-host-key        0.1s
PASS  bench-ssh-loopback-openssh         3.6s
PASS  bench-ssh-loopback                 0.1s
PASS  bench-virtio-devices [rv64, smp=1]   0.1s
PASS  bench-virtio-legacy-off [rv64, smp=1]   0.1s
PASS  blkd-build [rv64]                  0.0s
PASS  blkd-host-tests                    3.6s
PASS  boot-stack-reservation [rv64, smp=1]   0.4s
PASS  bootfsd-build [rv64]               0.0s
PASS  budget-carve-attack [rv64, smp=1]   0.2s
PASS  budget-deadline [rv64, smp=1]      0.8s
PASS  budget-destroy-attack [rv64, smp=1]   0.2s
PASS  budget-destroy-growth [rv64, smp=1]   0.3s
PASS  budget-destroy-kills [rv64, smp=1]   0.2s
PASS  budget-forge-attack [rv64, smp=1]   0.1s
PASS  budget-mem-churn [rv64, smp=1]     0.2s
PASS  budget-mem-churn [rv64, smp=2]     0.2s
PASS  budget-syscall-attack [rv64, smp=1]   0.5s
PASS  budget-table-attack [rv64, smp=1]   0.5s
PASS  budget [rv64, smp=1]               2.1s
PASS  bundle-mapped [rv64, smp=1]        0.2s
PASS  cbo-user-fault [rv64, smp=1]       0.5s
PASS  client-build [rv64]                0.0s
PASS  client-host-tests                  4.3s
PASS  consoled-build [rv64]              0.0s
PASS  deadline-flood-billed [rv64, smp=1]   0.7s
PASS  destroy-keeps-notices-creator [rv64, smp=1]   1.6s
PASS  destroy-keeps-notices [rv64, smp=1]   0.6s
PASS  device-exec-refused [rv64, smp=1]   0.5s
PASS  device-info-attack [rv64, smp=1]   0.4s
PASS  device [rv64, smp=1]               0.4s
PASS  dma-destroy-quarantine [rv64, smp=1]   0.5s
PASS  dma-reset-quarantine [rv64, smp=1]   0.5s
PASS  dma-reset-reuse [rv64, smp=1]      0.5s
PASS  dma-rules [rv64, smp=1]            0.4s
PASS  docs                               1.0s
PASS  elixir-oracles                     2.4s
PASS  ending-pumps-once [rv64, smp=1]    1.5s
      qemu seed 3 (TESTBENCH_QEMU_SEED=3 replays it)
      sched_oracle: 1712 records, 168 picks in rank order, every wake at or above the floor, no pass falling but by a weight change; 1 lifts by the rule (0 with a leading parent and work to move); 5 weight changes by the rule; R10 1 destructions over up to 4738 object frames, µs p50/p99/max 11969/11969/11969, their threads' ending 44/44/44, no audit inside one; 170 audits, 26375 µs; 164 timer interrupts billed by the rule (0 expiring, 0 finding a wait ended early, 0 ticks after expiry to the budget billed last; 164 ending a slice, 0 nobody's)
PASS  endpoint-destroy-full [rv64, smp=1]   1.6s
PASS  endpoint-destroy-open-calls [rv64, smp=1]   0.6s
PASS  formatting                        10.5s
PASS  fsd-boot [rv64, smp=1]             0.8s
PASS  fsd-build [rv64]                   0.0s
PASS  fsd-confined-labelled [rv64, smp=1]   0.5s
PASS  fsd-corrupt-volume [rv64, smp=1]   0.3s
PASS  fsd-host-tests                    15.2s
PASS  fsd-label-check [rv64, smp=1]      0.6s
PASS  fsd-large-directory [rv64, smp=1]   2.0s
PASS  fsd-one-volume [rv64, smp=1]       0.7s
PASS  fsd-quota [rv64, smp=1]            2.4s
PASS  fsd-reboot [rv64, smp=1]           2.8s
PASS  fsd-restart [rv64, smp=1]          0.5s
PASS  handle-chain-attack [rv64, smp=1]   0.6s
PASS  handle-chain-fault [rv64, smp=1]   0.6s
PASS  host-tests                        30.9s
PASS  image-disk [rv64, smp=1]           5.7s
PASS  init-boot [rv64, smp=1]            5.2s
PASS  init-build [rv64]                  0.0s
PASS  init-console-forgery [rv64, smp=1]   0.3s
PASS  init-driver-restart [rv64, smp=1]   1.6s
PASS  init-handed-revoked [rv64, smp=1]   1.6s
PASS  init-host-tests                    0.2s
PASS  init-quarantine-reboot [rv64, smp=1]   1.6s
PASS  init-reboot [rv64, smp=1]          0.3s
PASS  init-refuses-bound [rv64, smp=1]   0.1s
PASS  init-refuses-budget-handle [rv64, smp=1]   0.1s
PASS  init-refuses-confined-server [rv64, smp=1]   0.1s
PASS  init-refuses-consoled-handed [rv64, smp=1]   0.1s
PASS  init-refuses-device-dma [rv64, smp=1]   0.1s
PASS  init-refuses-device-unmatched [rv64, smp=1]   0.1s
PASS  init-refuses-held-bundle-key [rv64, smp=1]   0.2s
PASS  init-refuses-held-login-key [rv64, smp=1]   0.2s
PASS  init-refuses-public-manifest [rv64, smp=1]   0.1s
PASS  init-refuses-second-keyd [rv64, smp=1]   0.1s
PASS  init-refuses-system-fit [rv64, smp=1]   0.1s
PASS  init-restart [rv64, smp=1]         1.6s
PASS  init-rollback [rv64, smp=1]        1.9s
PASS  init-servers [rv64, smp=1]         0.3s
PASS  ipc-fair-label-sets [rv64, smp=1]   0.8s
PASS  ipc-outcomes [rv64, smp=1]         1.7s
PASS  ipc [rv64, smp=1]                  2.2s
PASS  ipc [rv64, smp=4]                  2.2s
PASS  ipd-build [rv64]                   0.0s
PASS  ipd-host-tests                     3.4s
PASS  irq-attack [rv64, smp=1]           1.5s
PASS  irq-first-receive [rv64, smp=1]    0.6s
      qemu seed 13 (TESTBENCH_QEMU_SEED=13 replays it)
      sched_oracle: 561866 records, 50949 picks in rank order, every wake at or above the floor, no pass falling but by a weight change; 36 lifts by the rule (15 with a leading parent and work to move); 97 weight changes by the rule; R10 18 destructions over up to 9335 object frames, µs p50/p99/max 20771/25323/25323, their threads' ending 3528/4337/4337, no audit inside one; 44709 audits, 4108228 µs; 49812 timer interrupts billed by the rule (5583 expiring, 56 finding a wait ended early, 9510405 ticks after expiry to the budget billed last; 44173 ending a slice, 0 nobody's); lease end p99, net decision wake 7758 + R10 25323 = 33081 µs: target met (<= 125000)
      gate driver_wake (200): net p50/p99/max 8631/10885/21114 µs, gross 8662/10925/21897, audits 8122 µs: target met (p50 <= 15000, p99 <= 50000)
      gate timer_wake (64): net p50/p99/max 7770/8850/8850 µs, gross 7801/8859/8859, audits 1924 µs: target met (p50 <= 15000, p99 <= 50000)
      gate decision_wake (9): net p50/p99/max 7724/7758/7758 µs, gross 7759/7793/7793, audits 316 µs: target met (p50 <= 25000, p99 <= 95000)
      gate deadline_notice (18): net p50/p99/max 26104/28818/28818 µs, gross 90356/102096/102096, audits 1237689 µs: target met (p99 <= 40000)
PASS  kernel-containment [rv64, smp=1] 104.2s
PASS  kernel-half-attack [rv64, smp=1]   0.5s
PASS  kernel-wx [rv64, smp=1]            0.2s
PASS  keyd-build [rv64]                  0.0s
PASS  launcher-orphan [rv64, smp=1]      0.5s
PASS  legacy-gone [rv64, smp=1]          2.5s
PASS  lend-untouched-page [rv64, smp=1]   0.5s
PASS  lend-untouched-page [rv64, smp=4]   0.5s
PASS  lender-touches-lent [rv64, smp=1]   0.5s
PASS  littlefs-host-tests               17.5s
PASS  loader-rejects-kernel-address [rv64, smp=1]   0.1s
PASS  loader-rejects-kernel-entry [rv64, smp=1]   0.1s
PASS  loader-rejects-truncated-elf [rv64, smp=1]   0.1s
PASS  logsrv-badge-forgery [rv64, smp=1]   0.4s
PASS  map-anon-placement [rv64, smp=1]   0.4s
PASS  map-anon-search-bound [rv64, smp=1]   6.1s
PASS  map-fixed-attack [rv64, smp=1]     0.5s
PASS  map-fixed-tables [rv64, smp=1]     1.5s
PASS  mem-attack [rv64, smp=1]           0.2s
PASS  model-host-tests                 383.4s
PASS  move-borrowed-page [rv64, smp=1]   0.2s
PASS  net-attacks [rv64, smp=1]          0.5s
PASS  net-host-tests                     0.2s
PASS  net-pinned [rv64, smp=1]           0.5s
PASS  net-tcp [rv64, smp=1]              0.4s
PASS  netd-build [rv64]                  0.0s
PASS  netd-host-tests                    0.5s
PASS  netd-restart [rv64, smp=1]         0.4s
PASS  ninep-newconn-discard [rv64, smp=1]   0.7s
PASS  no-cruft                        
PASS  page-table-reclaim [rv64, smp=1]   2.1s
PASS  pages-exhaustion [rv64, smp=1]     0.6s
PASS  panic-in-print [rv64, smp=1]       0.4s
PASS  pid-pinning-attack [rv64, smp=1]   0.5s
PASS  pid-reuse-authority [rv64, smp=1]   1.5s
PASS  process-attack [rv64, smp=1]       0.9s
PASS  process-chain-fault [rv64, smp=1]   0.6s
PASS  process-fill [rv64, smp=1]         4.2s
PASS  process-lifecycle [rv64, smp=1]    1.9s
PASS  process-map-untouched-attack [rv64, smp=1]   0.5s
PASS  process-review [rv64, smp=1]       0.6s
PASS  process [rv64, smp=1]              1.1s
PASS  programs-unknown-budget-attack [rv64, smp=1]   0.1s
PASS  programs-unknown-program-attack [rv64, smp=1]   0.1s
PASS  r4-host-tests                      0.8s
PASS  receive-bad-record [rv64, smp=1]   0.8s
PASS  redoubt-dead [rv64, smp=1]         1.5s
PASS  redoubt-ipc-attack [rv64, smp=1]   0.7s
PASS  redoubt-ipc [rv64, smp=1]          9.3s
PASS  redoubt-revoke [rv64, smp=1]       1.7s
PASS  redoubt-tight [rv64, smp=1]        1.5s
PASS  return-lent-unmapped [rv64, smp=1]   0.2s
PASS  return-lent-unmapped [rv64, smp=4]   0.2s
PASS  rng [rv64, smp=1]                  0.3s
PASS  rt-build [rv64]                    0.0s
PASS  rt-host-tests                      7.9s
PASS  rt-miri                           91.6s
PASS  rustsbi-boot [rv64, smp=1]         0.7s
PASS  scan-bounds [rv64, smp=1]          1.1s
      sched_oracle: 12931 records, 895 picks in rank order, every wake at or above the floor, no pass falling but by a weight change; 97 lifts by the rule (9 with a leading parent and work to move); 291 weight changes by the rule; R10 95 destructions over up to 655 object frames, µs p50/p99/max 835/2592/2592, their threads' ending 0/41/41, no audit inside one; 1049 audits, 1773200 µs; 845 timer interrupts billed by the rule (12 expiring, 0 finding a wait ended early, 8446 ticks after expiry to the budget billed last; 833 ending a slice, 0 nobody's)
      share blocking: net 965, gross 954 of 1000, audits 24284 µs, 0 timer interrupts nobody's, 0 finding another budget's wait ended early: target met (450 <= share <= 1000)
      share spinning-parent: net 494, gross 380 of 1000, audits 463006 µs, 0 timer interrupts nobody's, 0 finding another budget's wait ended early: target met (450 <= share <= 1000)
      share deadline: net 986, gross 975 of 1000, audits 21789 µs, 0 timer interrupts nobody's, 0 finding another budget's wait ended early: target met (450 <= share <= 1000)
      share fresh-intermediates: net 964, gross 953 of 1000, audits 24466 µs, 0 timer interrupts nobody's, 0 finding another budget's wait ended early: target met (450 <= share <= 1000)
      share shell: net 576, gross 288 of 1000, audits 1000612 µs, 0 timer interrupts nobody's, 0 finding another budget's wait ended early: target met (450 <= share <= 1000)
PASS  sched-budget-churn [rv64, smp=1]   3.3s
PASS  sched-carve-inflation [rv64, smp=1]   1.2s
      sched_oracle: 2384 records, 216 picks in rank order, every wake at or above the floor, no pass falling but by a weight change; 1 lifts by the rule (0 with a leading parent and work to move); 7 weight changes by the rule; R10 1 destructions over up to 617 object frames, µs p50/p99/max 797/797/797, their threads' ending 0/0/0, no audit inside one; 215 audits, 24047 µs; 206 timer interrupts billed by the rule (1 expiring, 0 finding a wait ended early, 701 ticks after expiry to the budget billed last; 205 ending a slice, 0 nobody's)
      share u-after-return: net 498, gross 497 of 1000, audits 4355 µs, 0 timer interrupts nobody's, 0 finding another budget's wait ended early: target met (450 <= share <= 1000)
PASS  sched-carve-return [rv64, smp=1]   1.6s
PASS  sched-debt-lift [rv64, smp=1]      1.1s
PASS  sched-destroy-billing [rv64, smp=1]   0.8s
      sched_oracle: 6947 records, 556 picks in rank order, every wake at or above the floor, no pass falling but by a weight change; 6 lifts by the rule (2 with a leading parent and work to move); 20 weight changes by the rule; R10 6 destructions over up to 640 object frames, µs p50/p99/max 464/2414/2414, their threads' ending 0/44/44, no audit inside one; 687 audits, 183862 µs; 407 timer interrupts billed by the rule (100 expiring, 0 finding a wait ended early, 84097 ticks after expiry to the budget billed last; 307 ending a slice, 0 nobody's)
      share threads-exit: net 494, gross 493 of 1000, audits 4281 µs, 0 timer interrupts nobody's, 0 finding another budget's wait ended early: target met (450 <= share <= 1000)
      share processes-exit: net 493, gross 483 of 1000, audits 38192 µs, 0 timer interrupts nobody's, 0 finding another budget's wait ended early: target met (450 <= share <= 1000)
      share processes-fault: net 497, gross 489 of 1000, audits 31283 µs, 0 timer interrupts nobody's, 0 finding another budget's wait ended early: target met (450 <= share <= 1000)
PASS  sched-exit-churn [rv64, smp=1]     2.5s
PASS  sched-idle-gap [rv64, smp=1]       1.1s
PASS  sched-large-weight [rv64, smp=1]   1.0s
      sched_oracle: 91834 records, 8511 picks in rank order, every wake at or above the floor, no pass falling but by a weight change; 331 lifts by the rule (46 with a leading parent and work to move); 996 weight changes by the rule; R10 331 destructions over up to 1285 object frames, µs p50/p99/max 698/1290/2418, their threads' ending 10/15/69, no audit inside one; 6169 audits, 643578 µs; 6219 timer interrupts billed by the rule (899 expiring, 111 finding a wait ended early, 303813 ticks after expiry to the budget billed last; 5209 ending a slice, 0 nobody's)
      N=1 driver_wake (200): net p50/p99/max 7822/8387/22945 µs, gross 7832/8395/23045, audits 1827 µs: no target
      N=16 driver_wake (200): net p50/p99/max 8089/18683/162459 µs, gross 8112/18729/162820, audits 5082 µs: no target
      N=4 driver_wake (200): net p50/p99/max 7851/8435/18197 µs, gross 7862/8446/18222, audits 2270 µs: no target
      N=1 timer_wake (200): net p50/p99/max 6819/7373/8558 µs, gross 6828/7381/8568, audits 1736 µs: no target
      N=16 timer_wake (200): net p50/p99/max 7095/27573/129832 µs, gross 7117/27640/130127, audits 5262 µs: no target
      N=4 timer_wake (200): net p50/p99/max 6933/16526/17301 µs, gross 6944/16547/17326, audits 2293 µs: no target
      N=1 decision_wake (50): net p50/p99/max 5183/8046/8046 µs, gross 5191/8063/8063, audits 430 µs: no target
      N=16 decision_wake (50): net p50/p99/max 5338/117851/117851 µs, gross 5361/118127/118127, audits 2342 µs: no target
      N=4 decision_wake (50): net p50/p99/max 5211/15595/15595 µs, gross 5223/15621/15621, audits 640 µs: no target
      N=1 deadline_notice (50): net p50/p99/max 882/1177/1177 µs, gross 2113/2403/2403, audits 61578 µs: no target
      N=16 deadline_notice (50): net p50/p99/max 1545/1709/1709 µs, gross 3876/4109/4109, audits 108500 µs: no target
      N=4 deadline_notice (50): net p50/p99/max 1010/1138/1138 µs, gross 2470/2637/2637, audits 72348 µs: no target
PASS  sched-latency-tcg [rv64, smp=1]   63.1s
      qemu seed 3 (TESTBENCH_QEMU_SEED=3 replays it)
      sched_oracle: 96143 records, 8898 picks in rank order, every wake at or above the floor, no pass falling but by a weight change; 331 lifts by the rule (40 with a leading parent and work to move); 996 weight changes by the rule; R10 331 destructions over up to 1285 object frames, µs p50/p99/max 3732/7791/7925, their threads' ending 41/41/41, no audit inside one; 7010 audits, 8371885 µs; 6635 timer interrupts billed by the rule (901 expiring, 124 finding a wait ended early, 1257168 ticks after expiry to the budget billed last; 5610 ending a slice, 0 nobody's); lease end p99, net decision wake 28069 + R10 7791 = 35860 µs: target met (<= 125000)
      N=1 driver_wake (200): net p50/p99/max 8795/9783/9805 µs, gross 8826/9814/9836, audits 6200 µs: target met (p50 <= 15000, p99 <= 50000)
      N=16 driver_wake (200): net p50/p99/max 10701/21590/32037 µs, gross 10862/21913/32520, audits 35301 µs: target met (p50 <= 15000, p99 <= 50000)
      N=4 driver_wake (200): net p50/p99/max 9157/10253/19623 µs, gross 9210/10306/19729, audits 10663 µs: target met (p50 <= 15000, p99 <= 50000)
      N=1 timer_wake (200): net p50/p99/max 7771/8828/13644 µs, gross 7802/8859/13675, audits 6200 µs: target met (p50 <= 15000, p99 <= 50000)
      N=16 timer_wake (200): net p50/p99/max 9622/22672/32519 µs, gross 9783/23000/33002, audits 37342 µs: target met (p50 <= 15000, p99 <= 50000)
      N=4 timer_wake (200): net p50/p99/max 8108/9255/18935 µs, gross 8161/9308/19041, audits 10663 µs: target met (p50 <= 15000, p99 <= 50000)
      N=1 decision_wake (50): net p50/p99/max 5745/5748/5748 µs, gross 5778/5779/5779, audits 1651 µs: target met (p50 <= 25000, p99 <= 95000)
      N=16 decision_wake (50): net p50/p99/max 6826/28069/28069 µs, gross 6988/28556/28556, audits 9590 µs: target met (p50 <= 25000, p99 <= 95000)
      N=4 decision_wake (50): net p50/p99/max 5946/16249/16249 µs, gross 6001/16358/16358, audits 3169 µs: target met (p50 <= 25000, p99 <= 95000)
      N=1 deadline_notice (50): net p50/p99/max 4338/4341/4341 µs, gross 25135/25138/25138, audits 1033994 µs: target met (p99 <= 40000)
      N=16 deadline_notice (50): net p50/p99/max 5895/9092/9092 µs, gross 28795/38251/38251, audits 1261704 µs: target met (p99 <= 40000)
      N=4 deadline_notice (50): net p50/p99/max 5151/5152/5152 µs, gross 27628/27629/27629, audits 1097394 µs: target met (p99 <= 40000)
PASS  sched-latency [rv64, smp=1]       17.1s
PASS  sched-server-busy [rv64, smp=1]    1.1s
PASS  sched-share [rv64, smp=1]          0.9s
PASS  sched-sleep-gaming [rv64, smp=1]   1.4s
      sched_oracle: 804 records, 80 picks in rank order, every wake at or above the floor, no pass falling but by a weight change; 1 lifts by the rule (0 with a leading parent and work to move); 12 weight changes by the rule; R10 1 destructions over up to 792 object frames, µs p50/p99/max 2185/2185/2185, their threads' ending 0/0/0, no audit inside one; 69 audits, 28751 µs; 51 timer interrupts billed by the rule (2 expiring, 0 finding a wait ended early, 2231 ticks after expiry to the budget billed last; 49 ending a slice, 0 nobody's)
PASS  sched-ties [rv64, smp=1]           1.3s
      sched_oracle: 11971 records, 930 picks in rank order, every wake at or above the floor, no pass falling but by a weight change; 70 lifts by the rule (2 with a leading parent and work to move); 212 weight changes by the rule; R10 70 destructions over up to 710 object frames, µs p50/p99/max 733/1935/1935, their threads' ending 0/0/0, no audit inside one; 726 audits, 1267718 µs; 711 timer interrupts billed by the rule (70 expiring, 76 finding a wait ended early, 74378 ticks after expiry to the budget billed last; 565 ending a slice, 0 nobody's)
      share sleepers: net 494, gross 492 of 1000, audits 4602 µs, 0 timer interrupts nobody's, 0 finding another budget's wait ended early: target met (450 <= share <= 1000)
      share sleepers-and-deadlines: net 495, gross 476 of 1000, audits 77247 µs, 0 timer interrupts nobody's, 0 finding another budget's wait ended early: target met (450 <= share <= 1000)
      share cancelled-waits: net 493, gross 492 of 1000, audits 3997 µs, 0 timer interrupts nobody's, 57 finding another budget's wait ended early: target met (450 <= share <= 1000)
PASS  sched-timer-flood [rv64, smp=1]    3.1s
PASS  sched-wake-no-preempt [rv64, smp=1]   0.8s
PASS  size-budget                     
      kernel: 8361 of 8361 lines
      loader: 868 of 868 lines
      stub: 361 of 361 lines
      libs/sys: 1017 of 1017 lines
      libs/layout: 83 of 83 lines
      libs/paging: 257 of 257 lines
      libs/stride: 522 of 522 lines
      libs/signing: 15 of 15 lines
      libs/client: 965 of 966 lines
      libs/rt: 3434 of 3434 lines
      libs/wire: 3073 of 3073 lines
      libs/steward: 3160 of 3160 lines
      libs/littlefs: 2033 of 2033 lines
      model: 10240 of 10240 lines
      servers/keyd: 541 of 541 lines
      servers/sshd: 388 of 388 lines
      servers/bootfsd: 228 of 229 lines
      servers/consoled: 338 of 338 lines
      servers/blkd: 1627 of 1627 lines
      servers/netd: 1590 of 1590 lines
      servers/ipd: 2928 of 2928 lines
      servers/init: 1949 of 1952 lines
      servers/fsd: 1405 of 1405 lines
PASS  smp-spike [rv64, smp=2]            1.4s
PASS  sshd-build [rv64]                  0.1s
PASS  sshd-host-tests                    0.2s
PASS  sshd-loopback-env-refused          0.1s
PASS  sshd-loopback-independent          0.4s
PASS  sshd-loopback-interrupt            0.1s
PASS  sshd-loopback-logins               0.1s
PASS  sshd-loopback-r67                  0.1s
PASS  sshd-loopback-window-change-zero   0.1s
PASS  sshd-loopback-window-change        0.1s
PASS  steward-host-tests                 0.2s
PASS  stride-host-tests                  3.0s
PASS  stub-launch [rv64, smp=1]          0.6s
PASS  sum-clear [rv64, smp=1]            1.4s
PASS  syscall-attack [rv64, smp=1]       0.2s
PASS  thread-limit [rv64, smp=1]         1.5s
PASS  timeouts-tcg [rv64, smp=1]         6.2s
PASS  timeouts [rv64, smp=1]             2.2s
PASS  touch-beyond-ram [rv64, smp=1]     0.2s
PASS  uaf-lent-page [rv64, smp=1]        0.1s
PASS  uart-irq [rv64, smp=1]             1.4s
PASS  unsafe-budget                   
      paging crate (Sv32/Sv39 page tables): 12 unsafe, 0 undocumented
      redoubt-stride (scheduler rules): 0 unsafe, 0 undocumented
      loader: 18 unsafe, 0 undocumented
      redoubt-signing (signature preimages): 0 unsafe, 0 undocumented
      kernel: Sv39, SBI and PLIC backends: 13 unsafe, 0 undocumented
      kernel: RISC-V arch (shared with rv32): 13 unsafe, 0 undocumented
      kernel: core: 18 unsafe, 0 undocumented
      redoubt-sys (system call ABI): the ecall stub: 3 unsafe, 0 undocumented
      redoubt-client (the userland client API): 0 unsafe, 0 undocumented
      redoubt-rt (native runtime): the allocator's trait, the heap's two words of a free block, a page buffer's two views, the device registers' read and write, the pages mapped before the first instruction, a spawned thread's closure taken back in its entry: 11 unsafe, 0 undocumented
      keyd (holds every private key; signs, never exports): 0 unsafe, 0 undocumented
      sshd (the network's first parser; carries every channel): 0 unsafe, 0 undocumented
      blkd (virtio-blk driver; DMA, so TCB): 4 unsafe, 0 undocumented
      netd (virtio-net driver; DMA, so TCB): 8 unsafe, 0 undocumented
      ipd (the TCP/IP stack; /net over 9P): 0 unsafe, 0 undocumented
      fsd (the file server; parses one volume's medium): 0 unsafe, 0 undocumented
      bootfsd and consoled (the first two 9P servers): 0 unsafe, 0 undocumented
      redoubt-wire (protocol codecs): 0 unsafe, 0 undocumented
      redoubt-steward (the steward's policy core): 0 unsafe, 0 undocumented
      redoubt-init (init): 0 unsafe, 0 undocumented
      redoubt-layout (kernel-half map): 0 unsafe, 0 undocumented
      stub (the loader stub): 7 unsafe, 0 undocumented
      redoubt-littlefs: 0 unsafe, 0 undocumented
PASS  userland-bad-start [rv64, smp=1]   6.8s
PASS  userland-boot [rv64, smp=1]      156.5s
PASS  userland-read-only [rv64, smp=1] 161.0s
PASS  vendor-build [rv64]                0.1s
PASS  vendor-check                       1.5s
PASS  verified-boot-rejects-bare-archive [rv64, smp=1]   0.1s
PASS  verified-boot-rejects-tamper [rv64, smp=1]   0.1s
PASS  wire-host-tests                    0.2s
PASS  write-only-attack [rv64, smp=1]    0.4s
PASS  wx [rv64, smp=1]                   0.5s
exit=0
