PASS  all-together [rv64, smp=1]         2.9s
PASS  all-together [rv64, smp=2]         1.9s
PASS  bench-attack-forgery [rv64, smp=1]   0.1s
PASS  bench-bundle-file [rv64, smp=1]    0.1s
PASS  bench-cbo-self-unrefused [rv64, smp=1]   0.1s
PASS  bench-cbo-self-unrefused [rv32, smp=1]   0.3s
PASS  bench-console-after-expect [rv64, smp=1]   0.1s
PASS  bench-debug-assertions-off [rv64, smp=1]   0.2s
PASS  bench-debug-assertions [rv64, smp=1]   1.3s
PASS  bench-debug-assertions [rv32, smp=1]   1.2s
PASS  bench-elixir-oracles-broken-guard   3.1s
PASS  bench-net-peer-count [rv64, smp=1]   0.3s
PASS  bench-net-peer-pcap-empty [rv64, smp=1]   0.3s
PASS  bench-net-peer-twice [rv64, smp=1]   0.3s
PASS  bench-net-peer [rv64, smp=1]       0.3s
PASS  bench-net-self-unrefused [rv64, smp=1]   1.1s
PASS  bench-poweroff-missing [rv64, smp=1]   3.0s
PASS  bench-qemu-early-exit [rv64, smp=1]   0.0s
PASS  bench-reporter-mismatch [rv64, smp=1]   0.1s
PASS  bench-ssh-guest [rv64, smp=1]      1.3s
PASS  bench-ssh-loopback-aborted-text    0.2s
PASS  bench-ssh-loopback-deadlock        0.2s
PASS  bench-ssh-loopback-exit            0.1s
PASS  bench-ssh-loopback-forbid          0.2s
PASS  bench-ssh-loopback-host-key        0.1s
SKIP  bench-ssh-loopback-openssh              the reference sshd's container: podman is not installed
PASS  bench-ssh-loopback                 0.1s
PASS  bench-virtio-devices [rv64, smp=1]   0.1s
PASS  bench-virtio-legacy-off [rv64, smp=1]   0.1s
PASS  blkd-build [rv64]                  0.0s
PASS  blkd-build [rv32]                  0.0s
PASS  blkd-host-tests                    4.6s
PASS  boot-stack-reservation [rv64, smp=1]   0.1s
PASS  boot-stack-reservation [rv32, smp=1]   0.3s
PASS  bootfsd-build [rv64]               0.0s
PASS  bootfsd-build [rv32]               0.0s
PASS  budget-carve-attack [rv64, smp=1]   0.6s
PASS  budget-carve-attack [rv32, smp=1]   0.3s
PASS  budget-deadline [rv64, smp=1]      0.2s
PASS  budget-deadline [rv32, smp=1]      0.8s
PASS  budget-destroy-attack [rv64, smp=1]   0.2s
PASS  budget-destroy-attack [rv32, smp=1]   0.3s
PASS  budget-destroy-growth [rv64, smp=1]   0.4s
PASS  budget-destroy-growth [rv32, smp=1]   0.6s
PASS  budget-destroy-kills [rv64, smp=1]   0.2s
PASS  budget-destroy-kills [rv32, smp=1]   0.3s
PASS  budget-forge-attack [rv64, smp=1]   0.1s
PASS  budget-forge-attack [rv32, smp=1]   0.3s
PASS  budget-mem-churn [rv64, smp=1]     0.2s
PASS  budget-mem-churn [rv64, smp=2]     0.3s
PASS  budget-mem-churn [rv32, smp=1]     0.4s
PASS  budget-mem-churn [rv32, smp=2]     0.4s
PASS  budget-syscall-attack [rv64, smp=1]   0.2s
PASS  budget-syscall-attack [rv32, smp=1]   0.3s
PASS  budget-table-attack [rv64, smp=1]   0.7s
PASS  budget-table-attack [rv32, smp=1]   0.7s
PASS  budget [rv64, smp=1]               2.5s
PASS  budget [rv32, smp=1]               1.7s
PASS  cbo-user-fault [rv64, smp=1]       0.1s
PASS  cbo-user-fault [rv32, smp=1]       0.3s
PASS  client-build [rv64]                0.0s
PASS  client-build [rv32]                0.0s
PASS  client-host-tests                  3.3s
PASS  consoled-build [rv64]              0.0s
PASS  consoled-build [rv32]              0.0s
PASS  deadline-flood-billed [rv64, smp=1]   0.9s
PASS  deadline-flood-billed [rv32, smp=1]   0.8s
PASS  destroy-keeps-notices-creator [rv64, smp=1]   1.3s
PASS  destroy-keeps-notices-creator [rv32, smp=1]   1.4s
PASS  destroy-keeps-notices [rv64, smp=1]   0.3s
PASS  destroy-keeps-notices [rv32, smp=1]   0.5s
PASS  device-exec-refused [rv64, smp=1]   0.1s
PASS  device-exec-refused [rv32, smp=1]   0.3s
PASS  device [rv64, smp=1]               0.1s
PASS  device [rv32, smp=1]               0.2s
PASS  dma-destroy-quarantine [rv64, smp=1]   0.2s
PASS  dma-destroy-quarantine [rv32, smp=1]   0.3s
PASS  dma-reset-quarantine [rv64, smp=1]   2.8s
PASS  dma-reset-quarantine [rv32, smp=1]   2.0s
PASS  dma-reset-reuse [rv64, smp=1]      0.2s
PASS  dma-reset-reuse [rv32, smp=1]      0.3s
PASS  dma-rules [rv64, smp=1]            0.1s
PASS  dma-rules [rv32, smp=1]            0.3s
PASS  docs                               0.9s
PASS  elixir-oracles                     2.5s
PASS  ending-pumps-once [rv64, smp=1]    0.6s
PASS  ending-pumps-once [rv32, smp=1]    0.7s
      qemu seed 3 (TESTBENCH_QEMU_SEED=3 replays it)
      sched_oracle: 1817 records, 222 picks in rank order, every wake at or above the floor, no pass falling but by a weight change; 1 lifts by the rule (0 with a leading parent and work to move); 5 weight changes by the rule; R10 1 destructions over up to 4737 object frames, µs p50/p99/max 11087/11087/11087, their threads' ending 34/34/34, no audit inside one; 3 audits, 13432 µs; 219 timer interrupts billed by the rule (0 expiring, 0 finding a wait ended early, 0 ticks after expiry to the budget billed last; 219 ending a slice, 0 nobody's)
PASS  endpoint-destroy-full [rv64, smp=1]   2.2s
      qemu seed 3 (TESTBENCH_QEMU_SEED=3 replays it)
      sched_oracle: 2042 records, 251 picks in rank order, every wake at or above the floor, no pass falling but by a weight change; 1 lifts by the rule (0 with a leading parent and work to move); 5 weight changes by the rule; R10 1 destructions over up to 4734 object frames, µs p50/p99/max 11105/11105/11105, their threads' ending 37/37/37, no audit inside one; 3 audits, 13060 µs; 247 timer interrupts billed by the rule (0 expiring, 0 finding a wait ended early, 0 ticks after expiry to the budget billed last; 247 ending a slice, 0 nobody's)
PASS  endpoint-destroy-full [rv32, smp=1]   2.5s
PASS  endpoint-destroy-open-calls [rv64, smp=1]   0.3s
PASS  endpoint-destroy-open-calls [rv32, smp=1]   0.4s
PASS  formatting                         8.4s
PASS  handle-chain-attack [rv64, smp=1]   0.3s
PASS  handle-chain-attack [rv32, smp=1]   0.4s
PASS  handle-chain-fault [rv64, smp=1]   0.3s
PASS  handle-chain-fault [rv32, smp=1]   0.4s
PASS  host-tests                         4.1s
PASS  ipc-fair-label-sets [rv64, smp=1]   0.2s
PASS  ipc-fair-label-sets [rv32, smp=1]   0.4s
PASS  ipc-outcomes [rv64, smp=1]         1.4s
PASS  ipc-outcomes [rv32, smp=1]         1.6s
PASS  ipc [rv64, smp=1]                  1.7s
PASS  ipc [rv64, smp=4]                  1.7s
PASS  ipc [rv32, smp=1]                  1.9s
PASS  ipc [rv32, smp=4]                  1.9s
PASS  ipd-build [rv64]                   0.0s
PASS  ipd-build [rv32]                   0.0s
PASS  ipd-host-tests                     3.3s
PASS  irq-attack [rv64, smp=1]           1.1s
PASS  irq-attack [rv32, smp=1]           1.3s
PASS  irq-first-receive [rv64, smp=1]    0.6s
PASS  irq-first-receive [rv32, smp=1]    0.8s
      qemu seed 13 (TESTBENCH_QEMU_SEED=13 replays it)
      sched_oracle: 650018 records, 69135 picks in rank order, every wake at or above the floor, no pass falling but by a weight change; 36 lifts by the rule (16 with a leading parent and work to move); 97 weight changes by the rule; R10 18 destructions over up to 9341 object frames, µs p50/p99/max 18648/22376/22376, their threads' ending 2902/3539/3539, no audit inside one; 230 audits, 1817147 µs; 68010 timer interrupts billed by the rule (8834 expiring, 56 finding a wait ended early, 18432254 ticks after expiry to the budget billed last; 59120 ending a slice, 0 nobody's); lease end p99, net decision wake 7956 + R10 22376 = 30332 µs: target met (<= 125000)
      gate driver_wake (200): net p50/p99/max 8888/12231/21952 µs, gross 8888/12231/22434, audits 889 µs: target met (p50 <= 15000, p99 <= 50000)
      gate timer_wake (64): net p50/p99/max 8102/10533/10533 µs, gross 8102/10533/10533, audits 0 µs: target met (p50 <= 15000, p99 <= 50000)
      gate decision_wake (9): net p50/p99/max 7914/7956/7956 µs, gross 7914/7956/7956, audits 0 µs: target met (p50 <= 25000, p99 <= 95000)
      gate deadline_notice (18): net p50/p99/max 23140/25829/25829 µs, gross 76014/86570/86570, audits 1022450 µs: target met (p99 <= 40000)
PASS  kernel-containment [rv64, smp=1] 132.1s
      qemu seed 13 (TESTBENCH_QEMU_SEED=13 replays it)
      sched_oracle: 726672 records, 77440 picks in rank order, every wake at or above the floor, no pass falling but by a weight change; 36 lifts by the rule (18 with a leading parent and work to move); 97 weight changes by the rule; R10 18 destructions over up to 9317 object frames, µs p50/p99/max 18708/22368/22368, their threads' ending 3004/3673/3673, no audit inside one; 230 audits, 1810409 µs; 76316 timer interrupts billed by the rule (9763 expiring, 57 finding a wait ended early, 25540930 ticks after expiry to the budget billed last; 66496 ending a slice, 0 nobody's); lease end p99, net decision wake 8415 + R10 22368 = 30783 µs: target met (<= 125000)
      gate driver_wake (200): net p50/p99/max 9150/12838/20519 µs, gross 9150/13234/20982, audits 859 µs: target met (p50 <= 15000, p99 <= 50000)
      gate timer_wake (64): net p50/p99/max 8496/10359/10359 µs, gross 8496/10359/10359, audits 0 µs: target met (p50 <= 15000, p99 <= 50000)
      gate decision_wake (9): net p50/p99/max 8331/8415/8415 µs, gross 8331/8415/8415, audits 0 µs: target met (p50 <= 25000, p99 <= 95000)
      gate deadline_notice (18): net p50/p99/max 23391/26195/26195 µs, gross 78765/89424/89424, audits 1067848 µs: target met (p99 <= 40000)
PASS  kernel-containment [rv32, smp=1] 116.0s
PASS  kernel-half-attack [rv64, smp=1]   0.2s
PASS  kernel-half-attack [rv32, smp=1]   0.3s
PASS  kernel-wx [rv64, smp=1]            0.2s
PASS  kernel-wx [rv32, smp=1]            0.3s
PASS  keyd-build [rv64]                  0.0s
PASS  keyd-build [rv32]                  0.0s
PASS  legacy-gone [rv64, smp=1]          2.2s
PASS  legacy-gone [rv32, smp=1]          2.3s
PASS  lend-untouched-page [rv64, smp=1]   0.2s
PASS  lend-untouched-page [rv64, smp=4]   0.2s
PASS  lend-untouched-page [rv32, smp=1]   0.3s
PASS  lend-untouched-page [rv32, smp=4]   0.4s
PASS  lender-touches-lent [rv64, smp=1]   0.2s
PASS  lender-touches-lent [rv32, smp=1]   0.3s
PASS  littlefs-host-tests               17.9s
PASS  loader-rejects-grants [rv64, smp=1]   0.1s
PASS  loader-rejects-grants [rv32, smp=1]   0.2s
PASS  loader-rejects-kernel-address [rv64, smp=1]   0.1s
PASS  loader-rejects-kernel-address [rv32, smp=1]   0.2s
PASS  loader-rejects-kernel-entry [rv64, smp=1]   0.1s
PASS  loader-rejects-kernel-entry [rv32, smp=1]   0.2s
PASS  loader-rejects-truncated-elf [rv64, smp=1]   0.1s
PASS  logsrv-badge-forgery [rv64, smp=1]   0.1s
PASS  logsrv-badge-forgery [rv32, smp=1]   0.3s
PASS  map-anon-placement [rv64, smp=1]   0.2s
PASS  map-anon-placement [rv32, smp=1]   0.3s
PASS  map-anon-search-bound [rv64, smp=1]  26.0s
PASS  map-anon-search-bound [rv32, smp=1]  26.2s
PASS  map-fixed-attack [rv64, smp=1]     1.0s
PASS  map-fixed-attack [rv32, smp=1]     1.1s
PASS  map-fixed-tables-rv32 [rv32, smp=1]   0.9s
PASS  map-fixed-tables [rv64, smp=1]     2.2s
PASS  mem-attack [rv64, smp=1]           0.2s
PASS  mem-attack [rv32, smp=1]           0.3s
PASS  model-host-tests                 400.1s
PASS  move-borrowed-page [rv64, smp=1]   0.2s
PASS  move-borrowed-page [rv32, smp=1]   0.3s
PASS  net-attacks [rv64, smp=1]          0.4s
PASS  net-host-tests                     0.1s
PASS  net-pinned [rv64, smp=1]           0.4s
PASS  net-tcp [rv64, smp=1]              0.3s
PASS  netd-build [rv64]                  0.0s
PASS  netd-build [rv32]                  0.0s
PASS  netd-host-tests                    0.5s
PASS  ninep-newconn-discard [rv64, smp=1]   0.4s
PASS  ninep-newconn-discard [rv32, smp=1]   0.6s
PASS  no-cruft                        
PASS  page-table-reclaim [rv64, smp=1]   2.0s
PASS  page-table-reclaim [rv32, smp=1]   3.1s
PASS  pages-exhaustion [rv64, smp=1]     0.4s
PASS  pages-exhaustion [rv32, smp=1]     0.5s
PASS  panic-in-print [rv64, smp=1]       0.1s
PASS  panic-in-print [rv32, smp=1]       0.2s
PASS  pid-pinning-attack [rv64, smp=1]   0.1s
PASS  pid-pinning-attack [rv32, smp=1]   0.3s
PASS  pid-reuse-authority [rv64, smp=1]   1.3s
PASS  pid-reuse-authority [rv32, smp=1]   0.4s
PASS  process-attack [rv64, smp=1]       0.6s
PASS  process-attack [rv32, smp=1]       0.7s
PASS  process-chain-fault [rv64, smp=1]   0.3s
PASS  process-chain-fault [rv32, smp=1]   0.4s
PASS  process-lifecycle [rv64, smp=1]    0.8s
PASS  process-lifecycle [rv32, smp=1]    1.0s
PASS  process-map-untouched-attack [rv64, smp=1]   1.1s
PASS  process-map-untouched-attack [rv32, smp=1]   1.1s
PASS  process-review [rv64, smp=1]       0.3s
PASS  process-review [rv32, smp=1]       0.4s
PASS  process [rv64, smp=1]              0.7s
PASS  process [rv32, smp=1]              0.8s
PASS  r4-host-tests                      0.8s
PASS  receive-bad-record [rv64, smp=1]   0.4s
PASS  receive-bad-record [rv32, smp=1]   0.6s
PASS  redoubt-dead [rv64, smp=1]         1.2s
PASS  redoubt-dead [rv32, smp=1]         1.3s
PASS  redoubt-ipc-attack [rv64, smp=1]   0.3s
PASS  redoubt-ipc-attack [rv32, smp=1]   0.5s
PASS  redoubt-ipc [rv64, smp=1]          2.2s
PASS  redoubt-ipc [rv32, smp=1]          2.3s
PASS  redoubt-revoke [rv64, smp=1]       1.3s
PASS  redoubt-revoke [rv32, smp=1]       1.5s
PASS  redoubt-tight [rv64, smp=1]        1.2s
PASS  redoubt-tight [rv32, smp=1]        1.3s
PASS  return-lent-unmapped [rv64, smp=1]   0.2s
PASS  return-lent-unmapped [rv64, smp=4]   0.2s
PASS  return-lent-unmapped [rv32, smp=1]   0.3s
PASS  return-lent-unmapped [rv32, smp=4]   0.4s
PASS  rng [rv64, smp=1]                  0.3s
PASS  rng [rv32, smp=1]                  0.6s
PASS  rt-build [rv64]                    0.0s
PASS  rt-build [rv32]                    0.0s
PASS  rt-host-tests                      1.6s
PASS  rt-miri                           34.5s
PASS  rustsbi-boot [rv32, smp=1]         0.8s
PASS  rustsbi-boot [rv64, smp=1]         0.6s
PASS  scan-bounds [rv64, smp=1]          5.0s
      sched_oracle: 12608 records, 937 picks in rank order, every wake at or above the floor, no pass falling but by a weight change; 124 lifts by the rule (13 with a leading parent and work to move); 372 weight changes by the rule; R10 122 destructions over up to 657 object frames, µs p50/p99/max 976/2864/2864, their threads' ending 0/32/34, no audit inside one; 205 audits, 1159046 µs; 888 timer interrupts billed by the rule (17 expiring, 0 finding a wait ended early, 18212 ticks after expiry to the budget billed last; 871 ending a slice, 0 nobody's)
      share blocking: net 962, gross 957 of 1000, audits 10136 µs, 0 timer interrupts nobody's, 0 finding another budget's wait ended early: target met (450 <= share <= 1000)
      share spinning-parent: net 497, gross 433 of 1000, audits 256638 µs, 0 timer interrupts nobody's, 0 finding another budget's wait ended early: target met (450 <= share <= 1000)
      share deadline: net 983, gross 978 of 1000, audits 9572 µs, 0 timer interrupts nobody's, 0 finding another budget's wait ended early: target met (450 <= share <= 1000)
      share fresh-intermediates: net 961, gross 956 of 1000, audits 10356 µs, 0 timer interrupts nobody's, 0 finding another budget's wait ended early: target met (450 <= share <= 1000)
      share shell: net 504, gross 319 of 1000, audits 734846 µs, 0 timer interrupts nobody's, 0 finding another budget's wait ended early: target met (450 <= share <= 550)
PASS  sched-budget-churn [rv64, smp=1]   3.8s
      sched_oracle: 12498 records, 926 picks in rank order, every wake at or above the floor, no pass falling but by a weight change; 123 lifts by the rule (10 with a leading parent and work to move); 369 weight changes by the rule; R10 121 destructions over up to 654 object frames, µs p50/p99/max 1067/2980/2980, their threads' ending 0/35/35, no audit inside one; 202 audits, 1157528 µs; 875 timer interrupts billed by the rule (16 expiring, 0 finding a wait ended early, 23487 ticks after expiry to the budget billed last; 859 ending a slice, 0 nobody's)
      share blocking: net 958, gross 953 of 1000, audits 10198 µs, 0 timer interrupts nobody's, 0 finding another budget's wait ended early: target met (450 <= share <= 1000)
      share spinning-parent: net 493, gross 431 of 1000, audits 248573 µs, 0 timer interrupts nobody's, 0 finding another budget's wait ended early: target met (450 <= share <= 1000)
      share deadline: net 982, gross 977 of 1000, audits 9653 µs, 0 timer interrupts nobody's, 0 finding another budget's wait ended early: target met (450 <= share <= 1000)
      share fresh-intermediates: net 957, gross 952 of 1000, audits 10382 µs, 0 timer interrupts nobody's, 0 finding another budget's wait ended early: target met (450 <= share <= 1000)
      share shell: net 498, gross 318 of 1000, audits 723303 µs, 0 timer interrupts nobody's, 0 finding another budget's wait ended early: target met (450 <= share <= 550)
PASS  sched-budget-churn [rv32, smp=1]   3.5s
PASS  sched-carve-inflation [rv64, smp=1]   0.6s
PASS  sched-carve-inflation [rv32, smp=1]   0.6s
      sched_oracle: 1873 records, 217 picks in rank order, every wake at or above the floor, no pass falling but by a weight change; 1 lifts by the rule (0 with a leading parent and work to move); 7 weight changes by the rule; R10 1 destructions over up to 616 object frames, µs p50/p99/max 951/951/951, their threads' ending 0/0/0, no audit inside one; 5 audits, 10232 µs; 206 timer interrupts billed by the rule (1 expiring, 0 finding a wait ended early, 1219 ticks after expiry to the budget billed last; 205 ending a slice, 0 nobody's)
      share u-after-return: net 497, gross 497 of 1000, audits 0 µs, 0 timer interrupts nobody's, 0 finding another budget's wait ended early: target met (450 <= share <= 1000)
PASS  sched-carve-return [rv64, smp=1]   2.0s
      sched_oracle: 1847 records, 214 picks in rank order, every wake at or above the floor, no pass falling but by a weight change; 1 lifts by the rule (0 with a leading parent and work to move); 7 weight changes by the rule; R10 1 destructions over up to 611 object frames, µs p50/p99/max 1042/1042/1042, their threads' ending 0/0/0, no audit inside one; 4 audits, 10018 µs; 204 timer interrupts billed by the rule (1 expiring, 0 finding a wait ended early, 1664 ticks after expiry to the budget billed last; 203 ending a slice, 0 nobody's)
      share u-after-return: net 496, gross 496 of 1000, audits 0 µs, 0 timer interrupts nobody's, 0 finding another budget's wait ended early: target met (450 <= share <= 1000)
PASS  sched-carve-return [rv32, smp=1]   2.1s
PASS  sched-debt-lift [rv64, smp=1]      0.6s
PASS  sched-debt-lift [rv32, smp=1]      0.6s
PASS  sched-destroy-billing [rv64, smp=1]   0.3s
PASS  sched-destroy-billing [rv32, smp=1]   0.4s
      sched_oracle: 6166 records, 588 picks in rank order, every wake at or above the floor, no pass falling but by a weight change; 6 lifts by the rule (2 with a leading parent and work to move); 20 weight changes by the rule; R10 6 destructions over up to 641 object frames, µs p50/p99/max 691/3005/3005, their threads' ending 0/34/34, no audit inside one; 140 audits, 94084 µs; 472 timer interrupts billed by the rule (101 expiring, 0 finding a wait ended early, 111230 ticks after expiry to the budget billed last; 371 ending a slice, 0 nobody's)
      share threads-exit: net 492, gross 492 of 1000, audits 0 µs, 0 timer interrupts nobody's, 0 finding another budget's wait ended early: target met (450 <= share <= 1000)
      share processes-exit: net 493, gross 488 of 1000, audits 21987 µs, 0 timer interrupts nobody's, 0 finding another budget's wait ended early: target met (450 <= share <= 1000)
      share processes-fault: net 494, gross 489 of 1000, audits 17390 µs, 0 timer interrupts nobody's, 0 finding another budget's wait ended early: target met (450 <= share <= 1000)
PASS  sched-exit-churn [rv64, smp=1]     3.0s
      sched_oracle: 6100 records, 601 picks in rank order, every wake at or above the floor, no pass falling but by a weight change; 6 lifts by the rule (2 with a leading parent and work to move); 20 weight changes by the rule; R10 6 destructions over up to 646 object frames, µs p50/p99/max 768/2743/2743, their threads' ending 0/38/38, no audit inside one; 132 audits, 90180 µs; 462 timer interrupts billed by the rule (97 expiring, 0 finding a wait ended early, 147095 ticks after expiry to the budget billed last; 365 ending a slice, 0 nobody's)
      share threads-exit: net 490, gross 490 of 1000, audits 0 µs, 0 timer interrupts nobody's, 0 finding another budget's wait ended early: target met (450 <= share <= 1000)
      share processes-exit: net 493, gross 488 of 1000, audits 19800 µs, 0 timer interrupts nobody's, 0 finding another budget's wait ended early: target met (450 <= share <= 1000)
      share processes-fault: net 492, gross 488 of 1000, audits 15892 µs, 0 timer interrupts nobody's, 0 finding another budget's wait ended early: target met (450 <= share <= 1000)
PASS  sched-exit-churn [rv32, smp=1]     2.9s
PASS  sched-idle-gap [rv64, smp=1]       0.6s
PASS  sched-idle-gap [rv32, smp=1]       0.5s
PASS  sched-large-weight [rv64, smp=1]   0.4s
PASS  sched-large-weight [rv32, smp=1]   0.7s
      sched_oracle: 81046 records, 8486 picks in rank order, every wake at or above the floor, no pass falling but by a weight change; 331 lifts by the rule (50 with a leading parent and work to move); 995 weight changes by the rule; R10 331 destructions over up to 1252 object frames, µs p50/p99/max 560/962/2081, their threads' ending 8/14/80, no audit inside one; 837 audits, 347113 µs; 6191 timer interrupts billed by the rule (900 expiring, 110 finding a wait ended early, 290747 ticks after expiry to the budget billed last; 5181 ending a slice, 0 nobody's)
      N=1 driver_wake (200): net p50/p99/max 7856/8415/22676 µs, gross 7856/8415/22735, audits 59 µs: no target
      N=16 driver_wake (200): net p50/p99/max 8075/28099/151962 µs, gross 8075/28099/151962, audits 0 µs: no target
      N=4 driver_wake (200): net p50/p99/max 7895/8348/29540 µs, gross 7895/8348/29540, audits 0 µs: no target
      N=1 timer_wake (200): net p50/p99/max 6841/7364/7573 µs, gross 6841/7364/7573, audits 0 µs: no target
      N=16 timer_wake (200): net p50/p99/max 7065/27241/129939 µs, gross 7065/27241/129939, audits 0 µs: no target
      N=4 timer_wake (200): net p50/p99/max 6868/9275/17596 µs, gross 6868/9275/17596, audits 0 µs: no target
      N=1 decision_wake (50): net p50/p99/max 5182/7668/7668 µs, gross 5182/7668/7668, audits 0 µs: no target
      N=16 decision_wake (50): net p50/p99/max 5417/86891/86891 µs, gross 5417/86891/86891, audits 0 µs: no target
      N=4 decision_wake (50): net p50/p99/max 5202/26119/26119 µs, gross 5202/26119/26119, audits 0 µs: no target
      N=1 deadline_notice (50): net p50/p99/max 732/1013/1013 µs, gross 1350/1639/1639, audits 30629 µs: no target
      N=16 deadline_notice (50): net p50/p99/max 1223/1339/1339 µs, gross 2813/2942/2942, audits 72535 µs: no target
      N=4 deadline_notice (50): net p50/p99/max 853/977/977 µs, gross 1663/1812/1812, audits 39455 µs: no target
PASS  sched-latency-tcg [rv64, smp=1]   61.6s
      sched_oracle: 81267 records, 8508 picks in rank order, every wake at or above the floor, no pass falling but by a weight change; 331 lifts by the rule (47 with a leading parent and work to move); 995 weight changes by the rule; R10 331 destructions over up to 1217 object frames, µs p50/p99/max 562/947/2733, their threads' ending 7/13/97, no audit inside one; 837 audits, 334380 µs; 6217 timer interrupts billed by the rule (900 expiring, 112 finding a wait ended early, 320134 ticks after expiry to the budget billed last; 5205 ending a slice, 0 nobody's)
      N=1 driver_wake (200): net p50/p99/max 7854/8454/27474 µs, gross 7854/8454/27531, audits 57 µs: no target
      N=16 driver_wake (200): net p50/p99/max 8164/28630/152379 µs, gross 8164/28630/152379, audits 0 µs: no target
      N=4 driver_wake (200): net p50/p99/max 7861/18483/25513 µs, gross 7861/18483/25585, audits 72 µs: no target
      N=1 timer_wake (200): net p50/p99/max 6850/7338/7824 µs, gross 6850/7338/7824, audits 0 µs: no target
      N=16 timer_wake (200): net p50/p99/max 7193/37773/140404 µs, gross 7193/37773/140404, audits 0 µs: no target
      N=4 timer_wake (200): net p50/p99/max 6874/7438/16810 µs, gross 6874/7438/16810, audits 0 µs: no target
      N=1 decision_wake (50): net p50/p99/max 5256/8545/8545 µs, gross 5256/8545/8545, audits 0 µs: no target
      N=16 decision_wake (50): net p50/p99/max 5355/66889/66889 µs, gross 5355/66889/66889, audits 0 µs: no target
      N=4 decision_wake (50): net p50/p99/max 5220/28920/28920 µs, gross 5220/28920/28920, audits 0 µs: no target
      N=1 deadline_notice (50): net p50/p99/max 759/1063/1063 µs, gross 1360/1673/1673, audits 29488 µs: no target
      N=16 deadline_notice (50): net p50/p99/max 1213/1366/1366 µs, gross 2738/2925/2925, audits 69461 µs: no target
      N=4 deadline_notice (50): net p50/p99/max 848/995/995 µs, gross 1633/1799/1799, audits 38173 µs: no target
PASS  sched-latency-tcg [rv32, smp=1]   61.8s
      qemu seed 3 (TESTBENCH_QEMU_SEED=3 replays it)
      sched_oracle: 83249 records, 8813 picks in rank order, every wake at or above the floor, no pass falling but by a weight change; 331 lifts by the rule (42 with a leading parent and work to move); 995 weight changes by the rule; R10 331 destructions over up to 1252 object frames, µs p50/p99/max 3630/6497/6498, their threads' ending 31/32/32, no audit inside one; 837 audits, 4057151 µs; 6553 timer interrupts billed by the rule (884 expiring, 124 finding a wait ended early, 1786302 ticks after expiry to the budget billed last; 5545 ending a slice, 0 nobody's); lease end p99, net decision wake 39543 + R10 6497 = 46040 µs: target met (<= 125000)
      N=1 driver_wake (200): net p50/p99/max 9171/10335/10357 µs, gross 9171/10335/10357, audits 0 µs: target met (p50 <= 15000, p99 <= 50000)
      N=16 driver_wake (200): net p50/p99/max 11413/32915/54914 µs, gross 11413/32915/54914, audits 0 µs: target met (p50 <= 15000, p99 <= 50000)
      N=4 driver_wake (200): net p50/p99/max 9582/10822/30459 µs, gross 9582/10822/30459, audits 0 µs: target met (p50 <= 15000, p99 <= 50000)
      N=1 timer_wake (200): net p50/p99/max 8098/9279/14585 µs, gross 8098/9279/14585, audits 0 µs: target met (p50 <= 15000, p99 <= 50000)
      N=16 timer_wake (200): net p50/p99/max 10338/42259/53280 µs, gross 10338/42259/53280, audits 0 µs: target met (p50 <= 15000, p99 <= 50000)
      N=4 timer_wake (200): net p50/p99/max 8489/15378/29358 µs, gross 8489/15378/29358, audits 0 µs: target met (p50 <= 15000, p99 <= 50000)
      N=1 decision_wake (50): net p50/p99/max 5966/5967/5967 µs, gross 5966/5967/5967, audits 0 µs: target met (p50 <= 25000, p99 <= 95000)
      N=16 decision_wake (50): net p50/p99/max 7235/39543/39543 µs, gross 7235/39543/39543, audits 0 µs: target met (p50 <= 25000, p99 <= 95000)
      N=4 decision_wake (50): net p50/p99/max 6186/16578/16578 µs, gross 6186/16578/16578, audits 0 µs: target met (p50 <= 25000, p99 <= 95000)
      N=1 deadline_notice (50): net p50/p99/max 4314/4319/4319 µs, gross 13806/13807/13807, audits 470481 µs: target met (p99 <= 40000)
      N=16 deadline_notice (50): net p50/p99/max 5404/7838/7838 µs, gross 16474/24203/24203, audits 664711 µs: target met (p99 <= 40000)
      N=4 deadline_notice (50): net p50/p99/max 4994/4995/4995 µs, gross 15908/15909/15909, audits 526603 µs: target met (p99 <= 40000)
PASS  sched-latency [rv64, smp=1]       16.4s
      qemu seed 3 (TESTBENCH_QEMU_SEED=3 replays it)
      sched_oracle: 83155 records, 8826 picks in rank order, every wake at or above the floor, no pass falling but by a weight change; 331 lifts by the rule (33 with a leading parent and work to move); 995 weight changes by the rule; R10 331 destructions over up to 1217 object frames, µs p50/p99/max 3663/6593/6597, their threads' ending 35/36/36, no audit inside one; 837 audits, 4094088 µs; 6564 timer interrupts billed by the rule (898 expiring, 122 finding a wait ended early, 2284614 ticks after expiry to the budget billed last; 5544 ending a slice, 0 nobody's); lease end p99, net decision wake 40546 + R10 6593 = 47139 µs: target met (<= 125000)
      N=1 driver_wake (200): net p50/p99/max 9613/10949/10962 µs, gross 9613/10949/10962, audits 0 µs: target met (p50 <= 15000, p99 <= 50000)
      N=16 driver_wake (200): net p50/p99/max 12179/44913/45481 µs, gross 12179/44913/45481, audits 0 µs: target met (p50 <= 15000, p99 <= 50000)
      N=4 driver_wake (200): net p50/p99/max 10081/10726/31160 µs, gross 10081/10726/31160, audits 0 µs: target met (p50 <= 15000, p99 <= 50000)
      N=1 timer_wake (200): net p50/p99/max 8483/9798/15303 µs, gross 8483/9798/15303, audits 0 µs: target met (p50 <= 15000, p99 <= 50000)
      N=16 timer_wake (200): net p50/p99/max 11083/44162/54310 µs, gross 11083/44162/54310, audits 0 µs: target met (p50 <= 15000, p99 <= 50000)
      N=4 timer_wake (200): net p50/p99/max 8936/9613/30013 µs, gross 8936/9613/30013, audits 0 µs: target met (p50 <= 15000, p99 <= 50000)
      N=1 decision_wake (50): net p50/p99/max 6210/6212/6212 µs, gross 6210/6212/6212, audits 0 µs: target met (p50 <= 25000, p99 <= 95000)
      N=16 decision_wake (50): net p50/p99/max 7707/40546/40546 µs, gross 7707/40546/40546, audits 0 µs: target met (p50 <= 25000, p99 <= 95000)
      N=4 decision_wake (50): net p50/p99/max 6459/16961/16961 µs, gross 6459/16961/16961, audits 0 µs: target met (p50 <= 25000, p99 <= 95000)
      N=1 deadline_notice (50): net p50/p99/max 4524/4531/4531 µs, gross 14109/14116/14116, audits 474602 µs: target met (p99 <= 40000)
      N=16 deadline_notice (50): net p50/p99/max 5674/12905/12905 µs, gross 16882/27447/27447, audits 663763 µs: target met (p99 <= 40000)
      N=4 deadline_notice (50): net p50/p99/max 5259/5266/5266 µs, gross 16328/16337/16337, audits 532153 µs: target met (p99 <= 40000)
PASS  sched-latency [rv32, smp=1]       13.8s
PASS  sched-server-busy [rv64, smp=1]    0.6s
PASS  sched-server-busy [rv32, smp=1]    0.6s
PASS  sched-share [rv64, smp=1]          0.4s
PASS  sched-share [rv32, smp=1]          0.4s
PASS  sched-sleep-gaming [rv64, smp=1]   0.9s
PASS  sched-sleep-gaming [rv32, smp=1]   0.7s
      sched_oracle: 674 records, 79 picks in rank order, every wake at or above the floor, no pass falling but by a weight change; 1 lifts by the rule (0 with a leading parent and work to move); 12 weight changes by the rule; R10 1 destructions over up to 797 object frames, µs p50/p99/max 2175/2175/2175, their threads' ending 0/0/0, no audit inside one; 15 audits, 16674 µs; 50 timer interrupts billed by the rule (1 expiring, 0 finding a wait ended early, 1224 ticks after expiry to the budget billed last; 49 ending a slice, 0 nobody's)
PASS  sched-ties [rv64, smp=1]           1.8s
      sched_oracle: 668 records, 78 picks in rank order, every wake at or above the floor, no pass falling but by a weight change; 1 lifts by the rule (0 with a leading parent and work to move); 12 weight changes by the rule; R10 1 destructions over up to 783 object frames, µs p50/p99/max 2344/2344/2344, their threads' ending 0/0/0, no audit inside one; 14 audits, 16377 µs; 50 timer interrupts billed by the rule (1 expiring, 0 finding a wait ended early, 1680 ticks after expiry to the budget billed last; 49 ending a slice, 0 nobody's)
PASS  sched-ties [rv32, smp=1]           1.9s
      sched_oracle: 11111 records, 988 picks in rank order, every wake at or above the floor, no pass falling but by a weight change; 70 lifts by the rule (2 with a leading parent and work to move); 212 weight changes by the rule; R10 70 destructions over up to 710 object frames, µs p50/p99/max 904/1714/1714, their threads' ending 0/0/0, no audit inside one; 82 audits, 627620 µs; 706 timer interrupts billed by the rule (79 expiring, 74 finding a wait ended early, 115687 ticks after expiry to the budget billed last; 553 ending a slice, 0 nobody's)
      share sleepers: net 494, gross 494 of 1000, audits 0 µs, 0 timer interrupts nobody's, 0 finding another budget's wait ended early: target met (450 <= share <= 1000)
      share sleepers-and-deadlines: net 494, gross 483 of 1000, audits 46482 µs, 0 timer interrupts nobody's, 0 finding another budget's wait ended early: target met (450 <= share <= 1000)
      share cancelled-waits: net 493, gross 493 of 1000, audits 0 µs, 0 timer interrupts nobody's, 50 finding another budget's wait ended early: target met (450 <= share <= 1000)
PASS  sched-timer-flood [rv64, smp=1]    3.4s
      sched_oracle: 10636 records, 931 picks in rank order, every wake at or above the floor, no pass falling but by a weight change; 70 lifts by the rule (2 with a leading parent and work to move); 212 weight changes by the rule; R10 70 destructions over up to 707 object frames, µs p50/p99/max 977/1832/1832, their threads' ending 0/0/0, no audit inside one; 82 audits, 630597 µs; 696 timer interrupts billed by the rule (83 expiring, 61 finding a wait ended early, 141732 ticks after expiry to the budget billed last; 552 ending a slice, 0 nobody's)
      share sleepers: net 489, gross 489 of 1000, audits 0 µs, 0 timer interrupts nobody's, 0 finding another budget's wait ended early: target met (450 <= share <= 1000)
      share sleepers-and-deadlines: net 490, gross 481 of 1000, audits 37518 µs, 0 timer interrupts nobody's, 0 finding another budget's wait ended early: target met (450 <= share <= 1000)
      share cancelled-waits: net 492, gross 492 of 1000, audits 0 µs, 0 timer interrupts nobody's, 49 finding another budget's wait ended early: target met (450 <= share <= 1000)
PASS  sched-timer-flood [rv32, smp=1]    3.4s
PASS  sched-wake-no-preempt [rv64, smp=1]   0.2s
PASS  sched-wake-no-preempt [rv32, smp=1]   0.3s
FAIL  size-budget                             kernel: 7853 lines, ceiling is 7852
      kernel: 7853 of 7852 lines
      loader: 841 of 841 lines
      stub: 361 of 361 lines
      libs/sys: 966 of 966 lines
      libs/layout: 60 of 60 lines
      libs/paging: 158 of 158 lines
      libs/stride: 328 of 328 lines
      libs/signing: 11 of 11 lines
      libs/client: 626 of 626 lines
      libs/rt: 2824 of 2824 lines
      libs/wire: 3067 of 3067 lines
      libs/steward: 3160 of 3160 lines
      libs/littlefs: 1941 of 1941 lines
      model: 10179 of 10179 lines
      servers/keyd: 556 of 556 lines
      servers/sshd: 388 of 388 lines
      servers/bootfsd: 242 of 242 lines
      servers/consoled: 254 of 254 lines
      servers/blkd: 1579 of 1579 lines
      servers/netd: 1552 of 1552 lines
      servers/ipd: 2883 of 2883 lines
PASS  smp-spike [rv64, smp=2]            1.1s
PASS  smp-spike [rv32, smp=2]            1.2s
PASS  sshd-build [rv64]                  0.1s
PASS  sshd-build [rv32]                  0.1s
PASS  sshd-host-tests                    0.2s
PASS  sshd-loopback-env-refused          0.1s
PASS  sshd-loopback-independent          0.4s
PASS  sshd-loopback-interrupt            0.1s
PASS  sshd-loopback-logins               0.1s
PASS  sshd-loopback-r67                  0.1s
PASS  sshd-loopback-window-change-zero   0.1s
PASS  sshd-loopback-window-change        0.1s
PASS  steward-host-tests                 0.2s
PASS  stride-host-tests                  4.3s
PASS  stub-launch [rv64, smp=1]          0.3s
PASS  stub-launch [rv32, smp=1]          0.5s
PASS  sum-clear [rv64, smp=1]            1.1s
PASS  sum-clear [rv32, smp=1]            1.2s
PASS  syscall-attack [rv64, smp=1]       0.2s
PASS  syscall-attack [rv32, smp=1]       0.3s
PASS  thread-limit [rv64, smp=1]         1.1s
PASS  thread-limit [rv32, smp=1]         1.2s
PASS  timeouts-tcg [rv64, smp=1]         5.9s
PASS  timeouts-tcg [rv32, smp=1]         5.9s
PASS  timeouts [rv64, smp=1]             1.7s
PASS  timeouts [rv32, smp=1]             1.8s
PASS  touch-beyond-ram [rv64, smp=1]     0.2s
PASS  touch-beyond-ram [rv32, smp=1]     0.3s
PASS  uaf-lent-page [rv64, smp=1]        0.1s
PASS  uart-irq [rv64, smp=1]             1.1s
PASS  uart-irq [rv32, smp=1]             1.2s
PASS  unsafe-budget                   
      paging crate (Sv32/Sv39 page tables): 12 unsafe, 0 undocumented
      redoubt-stride (scheduler rules): 0 unsafe, 0 undocumented
      loader: 18 unsafe, 0 undocumented
      redoubt-signing (signature preimages): 0 unsafe, 0 undocumented
      kernel: Sv39, SBI and PLIC backends: 13 unsafe, 0 undocumented
      kernel: RISC-V arch (shared with rv32): 13 unsafe, 0 undocumented
      kernel: core: 19 unsafe, 0 undocumented
      redoubt-sys (system call ABI): the ecall stub: 1 unsafe, 0 undocumented
      redoubt-client (the userland client API): 0 unsafe, 0 undocumented
      redoubt-rt (native runtime): the heap's free lists, page buffers and lends, the startup page: 11 unsafe, 0 undocumented
      keyd (holds every private key; signs, never exports): 0 unsafe, 0 undocumented
      sshd (the network's first parser; carries every channel): 0 unsafe, 0 undocumented
      blkd (virtio-blk driver; DMA, so TCB): 4 unsafe, 0 undocumented
      netd (virtio-net driver; DMA, so TCB): 7 unsafe, 0 undocumented
      ipd (the TCP/IP stack; /net over 9P): 0 unsafe, 0 undocumented
      bootfsd and consoled (the first two 9P servers): 0 unsafe, 0 undocumented
      redoubt-wire (protocol codecs): 0 unsafe, 0 undocumented
      redoubt-steward (the steward's policy core): 0 unsafe, 0 undocumented
      redoubt-layout (kernel-half map): 0 unsafe, 0 undocumented
      stub (the loader stub): 7 unsafe, 0 undocumented
      redoubt-littlefs: 0 unsafe, 0 undocumented
PASS  vendor-build [rv64]                0.1s
PASS  vendor-build [rv32]                0.1s
PASS  vendor-check                       1.5s
PASS  verified-boot-rejects-bare-archive [rv64, smp=1]   0.1s
PASS  verified-boot-rejects-tamper [rv64, smp=1]   0.1s
PASS  wire-host-tests                    0.2s
PASS  write-only-attack [rv64, smp=1]    0.1s
PASS  write-only-attack [rv32, smp=1]    0.2s
PASS  wx [rv64, smp=1]                   0.1s
PASS  wx [rv32, smp=1]                   0.2s
Error: 1 test(s) failed; console logs are in /work/.worktrees/gate1/target/testbench
