PASS  docs                               1.0s
PASS  size-budget                     
      kernel: 8115 of 8115 lines
      loader: 868 of 868 lines
      stub: 361 of 361 lines
      libs/sys: 1009 of 1009 lines
      libs/layout: 59 of 61 lines
      libs/paging: 151 of 158 lines
      libs/stride: 332 of 332 lines
      libs/signing: 15 of 15 lines
      libs/client: 632 of 632 lines
      libs/rt: 2955 of 2955 lines
      libs/wire: 3073 of 3073 lines
      libs/steward: 3160 of 3160 lines
      libs/littlefs: 2033 of 2033 lines
      model: 10240 of 10240 lines
      servers/keyd: 539 of 539 lines
      servers/sshd: 388 of 388 lines
      servers/bootfsd: 227 of 227 lines
      servers/consoled: 339 of 339 lines
      servers/blkd: 1606 of 1606 lines
      servers/netd: 1590 of 1590 lines
      servers/ipd: 2887 of 2887 lines
      servers/init: 1917 of 1917 lines
      servers/fsd: 1343 of 1343 lines
PASS  unsafe-budget                   
      paging crate (Sv32/Sv39 page tables): 12 unsafe, 0 undocumented
      redoubt-stride (scheduler rules): 0 unsafe, 0 undocumented
      loader: 18 unsafe, 0 undocumented
      redoubt-signing (signature preimages): 0 unsafe, 0 undocumented
      kernel: Sv39, SBI and PLIC backends: 13 unsafe, 0 undocumented
      kernel: RISC-V arch (shared with rv32): 13 unsafe, 0 undocumented
      kernel: core: 18 unsafe, 0 undocumented
      redoubt-sys (system call ABI): the ecall stub: 1 unsafe, 0 undocumented
      redoubt-client (the userland client API): 0 unsafe, 0 undocumented
      redoubt-rt (native runtime): the allocator's trait, the heap's two words of a free block, a page buffer's two views, the device registers' read and write, the pages mapped before the first instruction, a spawned thread's closure taken back in its entry: 11 unsafe, 0 undocumented
      keyd (holds every private key; signs, never exports): 0 unsafe, 0 undocumented
      sshd (the network's first parser; carries every channel): 0 unsafe, 0 undocumented
      blkd (virtio-blk driver; DMA, so TCB): 4 unsafe, 0 undocumented
      netd (virtio-net driver; DMA, so TCB): 8 unsafe, 0 undocumented
      ipd (the TCP/IP stack; /net over 9P): 0 unsafe, 0 undocumented
      fsd (the file server; parses one volume's medium): 0 unsafe, 0 undocumented
      bootfsd and consoled (the first two 9P servers): 0 unsafe, 0 undocumented
      redoubt-wire (protocol codecs): 0 unsafe, 0 undocumented
      redoubt-steward (the steward's policy core): 0 unsafe, 0 undocumented
      redoubt-init (init): 0 unsafe, 0 undocumented
      redoubt-layout (kernel-half map): 0 unsafe, 0 undocumented
      stub (the loader stub): 7 unsafe, 0 undocumented
      redoubt-littlefs: 0 unsafe, 0 undocumented
PASS  formatting                        10.1s
PASS  blkd-host-tests                    3.8s
PASS  client-host-tests                  3.3s
PASS  fsd-host-tests                     1.8s
PASS  host-tests                         7.0s
PASS  init-host-tests                    0.7s
PASS  ipd-host-tests                     3.5s
PASS  littlefs-host-tests               17.8s
PASS  model-host-tests                 513.7s
PASS  net-host-tests                     0.8s
PASS  netd-host-tests                    0.6s
PASS  r4-host-tests                      1.0s
PASS  rt-host-tests                      2.7s
PASS  sshd-host-tests                    0.3s
PASS  steward-host-tests                 0.4s
PASS  stride-host-tests                  3.3s
PASS  wire-host-tests                    0.2s
