PASS  all-together [rv64, smp=1]         2.2s
PASS  all-together [rv64, smp=2]         3.1s
PASS  beamlet-boot [rv64, smp=1]         0.4s
PASS  beamlet-boot [rv32, smp=1]         0.8s
PASS  beamlet-budget-flood [rv64, smp=1]   0.7s
PASS  beamlet-budget-flood [rv32, smp=1]   2.0s
PASS  beamlet-console [rv64, smp=1]      0.8s
PASS  beamlet-console [rv32, smp=1]      1.1s
PASS  beamlet-heap-flood [rv64, smp=1]   0.7s
PASS  beamlet-heap-flood [rv32, smp=1]   1.2s
PASS  bench-attack-forgery [rv64, smp=1]   0.1s
PASS  bench-bundle-file [rv64, smp=1]    0.1s
PASS  bench-bundle-file [rv32, smp=1]    1.8s
PASS  bench-cbo-self-unrefused [rv64, smp=1]   0.1s
PASS  bench-cbo-self-unrefused [rv32, smp=1]   0.3s
PASS  bench-console-after-expect [rv64, smp=1]   0.1s
PASS  bench-debug-assertions-off [rv64, smp=1]   0.1s
PASS  bench-debug-assertions [rv64, smp=1]   1.1s
PASS  bench-debug-assertions [rv32, smp=1]   1.2s
PASS  bench-elixir-oracles-broken-guard   2.8s
PASS  bench-init-reporter-forged [rv64, smp=1]   0.2s
PASS  bench-net-peer-count [rv64, smp=1]   0.4s
PASS  bench-net-peer-count [rv32, smp=1]   7.0s
PASS  bench-net-peer-pcap-empty [rv64, smp=1]   0.4s
PASS  bench-net-peer-pcap-empty [rv32, smp=1]   0.8s
PASS  bench-net-peer-twice [rv64, smp=1]   0.4s
PASS  bench-net-peer-twice [rv32, smp=1]   0.7s
PASS  bench-net-peer [rv64, smp=1]       0.4s
PASS  bench-net-peer [rv32, smp=1]       0.7s
PASS  bench-net-self-unrefused [rv64, smp=1]   0.7s
PASS  bench-net-self-unrefused [rv32, smp=1]   0.9s
PASS  bench-poweroff-missing [rv64, smp=1]   3.0s
PASS  bench-qemu-early-exit [rv64, smp=1]   0.0s
PASS  bench-reporter-mismatch [rv64, smp=1]   0.1s
PASS  bench-ssh-guest [rv64, smp=1]      1.2s
PASS  bench-ssh-loopback-aborted-text    1.2s
PASS  bench-ssh-loopback-deadlock        0.2s
PASS  bench-ssh-loopback-exit            0.1s
PASS  bench-ssh-loopback-forbid          0.2s
PASS  bench-ssh-loopback-host-key        0.1s
SKIP  bench-ssh-loopback-openssh              the reference sshd's container: podman is not installed
PASS  bench-ssh-loopback                 0.1s
PASS  bench-virtio-devices [rv64, smp=1]   0.1s
PASS  bench-virtio-legacy-off [rv64, smp=1]   0.1s
PASS  bench-virtio-legacy-off [rv32, smp=1]   0.2s
PASS  blkd-build [rv64]                  0.0s
PASS  blkd-build [rv32]                  0.7s
PASS  blkd-host-tests                    4.7s
PASS  boot-stack-reservation [rv64, smp=1]   0.1s
PASS  boot-stack-reservation [rv32, smp=1]   0.2s
PASS  bootfsd-build [rv64]               0.0s
PASS  bootfsd-build [rv32]               0.0s
PASS  budget-carve-attack [rv64, smp=1]   0.3s
PASS  budget-carve-attack [rv32, smp=1]   0.3s
PASS  budget-deadline [rv64, smp=1]      0.2s
PASS  budget-deadline [rv32, smp=1]      0.3s
PASS  budget-destroy-attack [rv64, smp=1]   0.2s
PASS  budget-destroy-attack [rv32, smp=1]   0.3s
PASS  budget-destroy-growth [rv64, smp=1]   0.3s
PASS  budget-destroy-growth [rv32, smp=1]   0.5s
PASS  budget-destroy-kills [rv64, smp=1]   0.2s
PASS  budget-destroy-kills [rv32, smp=1]   0.3s
PASS  budget-forge-attack [rv64, smp=1]   0.1s
PASS  budget-forge-attack [rv32, smp=1]   0.3s
PASS  budget-mem-churn [rv64, smp=1]     0.2s
PASS  budget-mem-churn [rv64, smp=2]     0.2s
PASS  budget-mem-churn [rv32, smp=1]     0.3s
PASS  budget-mem-churn [rv32, smp=2]     0.4s
PASS  budget-syscall-attack [rv64, smp=1]   0.2s
PASS  budget-syscall-attack [rv32, smp=1]   0.3s
PASS  budget-table-attack [rv64, smp=1]   0.6s
PASS  budget-table-attack [rv32, smp=1]   1.6s
PASS  budget [rv64, smp=1]               1.9s
PASS  budget [rv32, smp=1]               2.0s
PASS  bundle-mapped [rv64, smp=1]        0.2s
PASS  bundle-mapped [rv32, smp=1]        0.3s
PASS  cbo-user-fault [rv64, smp=1]       0.1s
PASS  cbo-user-fault [rv32, smp=1]       0.3s
PASS  client-build [rv64]                0.0s
PASS  client-build [rv32]                0.0s
PASS  client-host-tests                  3.3s
PASS  consoled-build [rv64]              0.0s
PASS  consoled-build [rv32]              0.0s
PASS  deadline-flood-billed [rv64, smp=1]   0.7s
PASS  deadline-flood-billed [rv32, smp=1]   0.8s
PASS  destroy-keeps-notices-creator [rv64, smp=1]   2.1s
PASS  destroy-keeps-notices-creator [rv32, smp=1]   1.4s
PASS  destroy-keeps-notices [rv64, smp=1]   0.3s
PASS  destroy-keeps-notices [rv32, smp=1]   0.4s
PASS  device-exec-refused [rv64, smp=1]   0.2s
PASS  device-exec-refused [rv32, smp=1]   0.3s
PASS  device-info-attack [rv64, smp=1]   0.1s
PASS  device-info-attack [rv32, smp=1]   0.2s
PASS  device [rv64, smp=1]               0.1s
PASS  device [rv32, smp=1]               0.2s
PASS  dma-destroy-quarantine [rv64, smp=1]   0.2s
PASS  dma-destroy-quarantine [rv32, smp=1]   0.3s
PASS  dma-reset-quarantine [rv64, smp=1]   0.2s
PASS  dma-reset-quarantine [rv32, smp=1]   0.3s
PASS  dma-reset-reuse [rv64, smp=1]      0.4s
PASS  dma-reset-reuse [rv32, smp=1]      0.3s
PASS  dma-rules [rv64, smp=1]            0.1s
PASS  dma-rules [rv32, smp=1]            0.3s
PASS  docs                               1.3s
PASS  elixir-oracles                     4.4s
PASS  ending-pumps-once [rv64, smp=1]    1.2s
PASS  ending-pumps-once [rv32, smp=1]    1.4s
      qemu seed 3 (TESTBENCH_QEMU_SEED=3 replays it)
      sched_oracle: 1386 records, 169 picks in rank order, every wake at or above the floor, no pass falling but by a weight change; 1 lifts by the rule (0 with a leading parent and work to move); 5 weight changes by the rule; R10 1 destructions over up to 4738 object frames, µs p50/p99/max 11967/11967/11967, their threads' ending 45/45/45, no audit inside one; 3 audits, 23758 µs; 165 timer interrupts billed by the rule (0 expiring, 0 finding a wait ended early, 0 ticks after expiry to the budget billed last; 165 ending a slice, 0 nobody's)
PASS  endpoint-destroy-full [rv64, smp=1]   1.2s
      qemu seed 3 (TESTBENCH_QEMU_SEED=3 replays it)
      sched_oracle: 1545 records, 188 picks in rank order, every wake at or above the floor, no pass falling but by a weight change; 1 lifts by the rule (0 with a leading parent and work to move); 5 weight changes by the rule; R10 1 destructions over up to 4737 object frames, µs p50/p99/max 12677/12677/12677, their threads' ending 50/50/50, no audit inside one; 3 audits, 27280 µs; 185 timer interrupts billed by the rule (0 expiring, 0 finding a wait ended early, 0 ticks after expiry to the budget billed last; 185 ending a slice, 0 nobody's)
PASS  endpoint-destroy-full [rv32, smp=1]   1.4s
PASS  endpoint-destroy-open-calls [rv64, smp=1]   0.3s
PASS  endpoint-destroy-open-calls [rv32, smp=1]   1.0s
PASS  formatting                        13.1s
PASS  fsd-boot [rv64, smp=1]             1.0s
PASS  fsd-boot [rv32, smp=1]             1.2s
PASS  fsd-build [rv64]                   0.3s
PASS  fsd-build [rv32]                   0.3s
PASS  fsd-confined-labelled [rv64, smp=1]   0.6s
PASS  fsd-confined-labelled [rv32, smp=1]   0.8s
PASS  fsd-corrupt-volume [rv64, smp=1]   0.3s
PASS  fsd-corrupt-volume [rv32, smp=1]   0.6s
PASS  fsd-host-tests                     3.1s
PASS  fsd-label-check [rv64, smp=1]      0.8s
PASS  fsd-label-check [rv32, smp=1]      0.9s
PASS  fsd-one-volume [rv64, smp=1]       1.0s
PASS  fsd-one-volume [rv32, smp=1]       1.0s
PASS  fsd-quota [rv64, smp=1]            4.9s
PASS  fsd-quota [rv32, smp=1]            5.2s
PASS  fsd-reboot [rv64, smp=1]           4.4s
PASS  fsd-reboot [rv32, smp=1]           9.1s
PASS  fsd-restart [rv64, smp=1]          0.7s
PASS  fsd-restart [rv32, smp=1]          0.8s
PASS  handle-chain-attack [rv64, smp=1]   0.3s
PASS  handle-chain-attack [rv32, smp=1]   0.5s
PASS  handle-chain-fault [rv64, smp=1]   0.3s
PASS  handle-chain-fault [rv32, smp=1]   0.4s
PASS  host-tests                         4.1s
PASS  image-disk [rv64, smp=1]           0.6s
PASS  image-disk [rv32, smp=1]           0.9s
PASS  init-boot [rv64, smp=1]            0.4s
PASS  init-boot [rv32, smp=1]            0.6s
PASS  init-build [rv64]                  0.0s
PASS  init-build [rv32]                  0.0s
PASS  init-console-forgery [rv64, smp=1]   0.3s
PASS  init-console-forgery [rv32, smp=1]   0.6s
PASS  init-driver-restart [rv64, smp=1]   1.3s
PASS  init-driver-restart [rv32, smp=1]   1.5s
PASS  init-handed-revoked [rv64, smp=1]   1.3s
PASS  init-handed-revoked [rv32, smp=1]   1.5s
PASS  init-host-tests                    0.1s
PASS  init-quarantine-reboot [rv64, smp=1]   1.3s
PASS  init-quarantine-reboot [rv32, smp=1]   1.5s
PASS  init-reboot [rv64, smp=1]          0.3s
PASS  init-reboot [rv32, smp=1]          0.6s
PASS  init-refuses-bound [rv64, smp=1]   0.1s
PASS  init-refuses-bound [rv32, smp=1]   0.3s
PASS  init-refuses-budget-handle [rv64, smp=1]   0.1s
PASS  init-refuses-budget-handle [rv32, smp=1]   0.3s
PASS  init-refuses-confined-server [rv64, smp=1]   0.2s
PASS  init-refuses-confined-server [rv32, smp=1]   0.3s
PASS  init-refuses-consoled-handed [rv64, smp=1]   0.1s
PASS  init-refuses-consoled-handed [rv32, smp=1]   0.3s
PASS  init-refuses-device-dma [rv64, smp=1]   0.1s
PASS  init-refuses-device-dma [rv32, smp=1]   0.3s
PASS  init-refuses-device-unmatched [rv64, smp=1]   0.2s
PASS  init-refuses-device-unmatched [rv32, smp=1]   0.3s
PASS  init-refuses-held-bundle-key [rv64, smp=1]   0.1s
PASS  init-refuses-held-bundle-key [rv32, smp=1]   0.4s
PASS  init-refuses-held-login-key [rv64, smp=1]   0.1s
PASS  init-refuses-held-login-key [rv32, smp=1]   0.4s
PASS  init-refuses-public-manifest [rv64, smp=1]   0.1s
PASS  init-refuses-public-manifest [rv32, smp=1]   0.3s
PASS  init-refuses-second-keyd [rv64, smp=1]   0.1s
PASS  init-refuses-second-keyd [rv32, smp=1]   0.3s
PASS  init-refuses-system-fit [rv64, smp=1]   0.1s
PASS  init-refuses-system-fit [rv32, smp=1]   0.3s
PASS  init-restart [rv64, smp=1]         1.3s
PASS  init-restart [rv32, smp=1]         1.5s
PASS  init-rollback [rv64, smp=1]        1.6s
PASS  init-rollback [rv32, smp=1]        1.8s
PASS  init-servers [rv64, smp=1]         0.3s
PASS  init-servers [rv32, smp=1]         0.5s
PASS  ipc-fair-label-sets [rv64, smp=1]   0.2s
PASS  ipc-fair-label-sets [rv32, smp=1]   0.3s
PASS  ipc-outcomes [rv64, smp=1]         1.4s
PASS  ipc-outcomes [rv32, smp=1]         1.5s
PASS  ipc [rv64, smp=1]                  1.8s
PASS  ipc [rv64, smp=4]                  1.8s
PASS  ipc [rv32, smp=1]                  2.0s
PASS  ipc [rv32, smp=4]                  2.0s
PASS  ipd-build [rv64]                   0.0s
PASS  ipd-build [rv32]                   0.0s
PASS  ipd-host-tests                     3.3s
PASS  irq-attack [rv64, smp=1]           1.2s
PASS  irq-attack [rv32, smp=1]           1.3s
PASS  irq-first-receive [rv64, smp=1]    0.6s
PASS  irq-first-receive [rv32, smp=1]    0.8s
      qemu seed 13 (TESTBENCH_QEMU_SEED=13 replays it)
      sched_oracle: 482866 records, 51796 picks in rank order, every wake at or above the floor, no pass falling but by a weight change; 36 lifts by the rule (17 with a leading parent and work to move); 97 weight changes by the rule; R10 18 destructions over up to 9335 object frames, µs p50/p99/max 20740/25253/25253, their threads' ending 3504/4313/4313, no audit inside one; 230 audits, 2237117 µs; 50705 timer interrupts billed by the rule (5710 expiring, 55 finding a wait ended early, 9821405 ticks after expiry to the budget billed last; 44940 ending a slice, 0 nobody's); lease end p99, net decision wake 7708 + R10 25253 = 32961 µs: target met (<= 125000)
      gate driver_wake (200): net p50/p99/max 8635/11103/21032 µs, gross 8635/11103/21032, audits 606 µs: target met (p50 <= 15000, p99 <= 50000)
      gate timer_wake (64): net p50/p99/max 7760/8817/8817 µs, gross 7760/8817/8817, audits 0 µs: target met (p50 <= 15000, p99 <= 50000)
      gate decision_wake (9): net p50/p99/max 7691/7708/7708 µs, gross 7691/7708/7708, audits 0 µs: target met (p50 <= 25000, p99 <= 95000)
      gate deadline_notice (18): net p50/p99/max 25998/28680/28680 µs, gross 90210/101919/101919, audits 1236958 µs: target met (p99 <= 40000)
PASS  kernel-containment [rv64, smp=1] 221.8s
      qemu seed 13 (TESTBENCH_QEMU_SEED=13 replays it)
      sched_oracle: 540687 records, 58181 picks in rank order, every wake at or above the floor, no pass falling but by a weight change; 36 lifts by the rule (17 with a leading parent and work to move); 97 weight changes by the rule; R10 18 destructions over up to 9320 object frames, µs p50/p99/max 21673/26273/26273, their threads' ending 3676/4531/4531, no audit inside one; 230 audits, 2311271 µs; 57058 timer interrupts billed by the rule (6438 expiring, 52 finding a wait ended early, 13419264 ticks after expiry to the budget billed last; 50568 ending a slice, 0 nobody's); lease end p99, net decision wake 8026 + R10 26273 = 34299 µs: target met (<= 125000)
      gate driver_wake (200): net p50/p99/max 8772/11157/20950 µs, gross 8772/11781/21193, audits 867 µs: target met (p50 <= 15000, p99 <= 50000)
      gate timer_wake (64): net p50/p99/max 7933/9074/9074 µs, gross 7933/9074/9074, audits 0 µs: target met (p50 <= 15000, p99 <= 50000)
      gate decision_wake (9): net p50/p99/max 7964/8026/8026 µs, gross 7964/8026/8026, audits 0 µs: target met (p50 <= 25000, p99 <= 95000)
      gate deadline_notice (18): net p50/p99/max 27275/30059/30059 µs, gross 97971/109793/109793, audits 1353744 µs: target met (p99 <= 40000)
PASS  kernel-containment [rv32, smp=1]  92.4s
PASS  kernel-half-attack [rv64, smp=1]   0.2s
PASS  kernel-half-attack [rv32, smp=1]   0.3s
PASS  kernel-wx [rv64, smp=1]            0.2s
PASS  kernel-wx [rv32, smp=1]            0.3s
PASS  keyd-build [rv64]                  0.0s
PASS  keyd-build [rv32]                  0.0s
PASS  launcher-orphan [rv64, smp=1]      0.2s
PASS  launcher-orphan [rv32, smp=1]      0.3s
PASS  legacy-gone [rv64, smp=1]          2.2s
PASS  legacy-gone [rv32, smp=1]          2.3s
PASS  lend-untouched-page [rv64, smp=1]   0.2s
PASS  lend-untouched-page [rv64, smp=4]   0.2s
PASS  lend-untouched-page [rv32, smp=1]   0.3s
PASS  lend-untouched-page [rv32, smp=4]   0.4s
PASS  lender-touches-lent [rv64, smp=1]   0.2s
PASS  lender-touches-lent [rv32, smp=1]   0.3s
PASS  littlefs-host-tests               17.9s
PASS  loader-rejects-kernel-address [rv64, smp=1]   0.1s
PASS  loader-rejects-kernel-address [rv32, smp=1]   0.2s
PASS  loader-rejects-kernel-entry [rv64, smp=1]   0.1s
PASS  loader-rejects-kernel-entry [rv32, smp=1]   0.2s
PASS  loader-rejects-truncated-elf [rv64, smp=1]   0.1s
PASS  logsrv-badge-forgery [rv64, smp=1]   0.1s
PASS  logsrv-badge-forgery [rv32, smp=1]   0.3s
PASS  map-anon-placement [rv64, smp=1]   0.1s
PASS  map-anon-placement [rv32, smp=1]   0.2s
PASS  map-anon-search-bound [rv64, smp=1]   5.7s
PASS  map-anon-search-bound [rv32, smp=1]   6.1s
PASS  map-fixed-attack [rv64, smp=1]     0.2s
PASS  map-fixed-attack [rv32, smp=1]     0.3s
PASS  map-fixed-tables-rv32 [rv32, smp=1]   0.8s
PASS  map-fixed-tables [rv64, smp=1]     1.2s
PASS  mem-attack [rv64, smp=1]           0.2s
PASS  mem-attack [rv32, smp=1]           0.4s
PASS  model-host-tests                 616.3s
PASS  move-borrowed-page [rv64, smp=1]   0.2s
PASS  move-borrowed-page [rv32, smp=1]   0.3s
PASS  net-attacks [rv64, smp=1]          0.6s
PASS  net-attacks [rv32, smp=1]          0.8s
PASS  net-host-tests                     0.2s
PASS  net-pinned [rv64, smp=1]           0.6s
PASS  net-pinned [rv32, smp=1]           0.8s
PASS  net-tcp [rv64, smp=1]              0.4s
PASS  net-tcp [rv32, smp=1]              0.7s
PASS  netd-build [rv64]                  0.0s
PASS  netd-build [rv32]                  0.0s
PASS  netd-host-tests                    0.8s
PASS  netd-restart [rv64, smp=1]         0.4s
PASS  netd-restart [rv32, smp=1]         0.7s
PASS  ninep-newconn-discard [rv64, smp=1]   0.4s
PASS  ninep-newconn-discard [rv32, smp=1]   0.6s
PASS  no-cruft                        
PASS  page-table-reclaim [rv64, smp=1]   2.9s
PASS  page-table-reclaim [rv32, smp=1]   4.3s
PASS  pages-exhaustion [rv64, smp=1]     0.3s
PASS  pages-exhaustion [rv32, smp=1]     0.5s
PASS  panic-in-print [rv64, smp=1]       0.1s
PASS  panic-in-print [rv32, smp=1]       0.2s
PASS  pid-pinning-attack [rv64, smp=1]   0.1s
PASS  pid-pinning-attack [rv32, smp=1]   0.3s
PASS  pid-reuse-authority [rv64, smp=1]  14.5s
PASS  pid-reuse-authority [rv32, smp=1]   6.9s
PASS  process-attack [rv64, smp=1]       0.6s
PASS  process-attack [rv32, smp=1]       0.7s
PASS  process-chain-fault [rv64, smp=1]   0.3s
PASS  process-chain-fault [rv32, smp=1]   0.4s
PASS  process-fill [rv64, smp=1]         4.0s
PASS  process-fill [rv32, smp=1]         4.2s
PASS  process-lifecycle [rv64, smp=1]    1.6s
PASS  process-lifecycle [rv32, smp=1]    1.8s
PASS  process-map-untouched-attack [rv64, smp=1]   0.2s
PASS  process-map-untouched-attack [rv32, smp=1]   0.3s
PASS  process-review [rv64, smp=1]       0.3s
PASS  process-review [rv32, smp=1]       0.4s
PASS  process [rv64, smp=1]              0.7s
PASS  process [rv32, smp=1]              0.9s
PASS  programs-unknown-budget-attack [rv64, smp=1]   0.1s
PASS  programs-unknown-budget-attack [rv32, smp=1]   0.2s
PASS  programs-unknown-program-attack [rv64, smp=1]   0.1s
PASS  programs-unknown-program-attack [rv32, smp=1]   0.2s
PASS  r4-host-tests                      0.9s
PASS  receive-bad-record [rv64, smp=1]   0.4s
PASS  receive-bad-record [rv32, smp=1]   0.5s
PASS  redoubt-dead [rv64, smp=1]         1.2s
PASS  redoubt-dead [rv32, smp=1]         1.3s
PASS  redoubt-ipc-attack [rv64, smp=1]   0.4s
PASS  redoubt-ipc-attack [rv32, smp=1]   0.5s
PASS  redoubt-ipc [rv64, smp=1]          8.5s
PASS  redoubt-ipc [rv32, smp=1]          8.1s
PASS  redoubt-revoke [rv64, smp=1]       1.3s
PASS  redoubt-revoke [rv32, smp=1]       1.5s
PASS  redoubt-tight [rv64, smp=1]        1.2s
PASS  redoubt-tight [rv32, smp=1]        1.3s
PASS  return-lent-unmapped [rv64, smp=1]   0.2s
PASS  return-lent-unmapped [rv64, smp=4]   0.8s
PASS  return-lent-unmapped [rv32, smp=1]   0.4s
PASS  return-lent-unmapped [rv32, smp=4]   0.4s
PASS  rng [rv64, smp=1]                  0.4s
PASS  rng [rv32, smp=1]                  0.7s
PASS  rt-build [rv64]                    0.6s
PASS  rt-build [rv32]                    0.7s
PASS  rt-host-tests                      3.3s
PASS  rt-miri                          112.4s
PASS  rustsbi-boot [rv32, smp=1]         0.9s
PASS  rustsbi-boot [rv64, smp=1]         0.7s
PASS  scan-bounds [rv64, smp=1]          1.3s
PASS  scan-bounds [rv32, smp=1]          1.5s
      sched_oracle: 11217 records, 898 picks in rank order, every wake at or above the floor, no pass falling but by a weight change; 97 lifts by the rule (10 with a leading parent and work to move); 291 weight changes by the rule; R10 95 destructions over up to 655 object frames, µs p50/p99/max 834/2590/2590, their threads' ending 0/41/41, no audit inside one; 174 audits, 1753429 µs; 848 timer interrupts billed by the rule (12 expiring, 0 finding a wait ended early, 6760 ticks after expiry to the budget billed last; 836 ending a slice, 0 nobody's)
      share blocking: net 963, gross 954 of 1000, audits 19553 µs, 0 timer interrupts nobody's, 0 finding another budget's wait ended early: target met (450 <= share <= 1000)
      share spinning-parent: net 492, gross 379 of 1000, audits 458903 µs, 0 timer interrupts nobody's, 0 finding another budget's wait ended early: target met (450 <= share <= 1000)
      share deadline: net 985, gross 976 of 1000, audits 18637 µs, 0 timer interrupts nobody's, 0 finding another budget's wait ended early: target met (450 <= share <= 1000)
      share fresh-intermediates: net 963, gross 953 of 1000, audits 19739 µs, 0 timer interrupts nobody's, 0 finding another budget's wait ended early: target met (450 <= share <= 1000)
      share shell: net 580, gross 290 of 1000, audits 998325 µs, 0 timer interrupts nobody's, 0 finding another budget's wait ended early: target met (450 <= share <= 1000)
PASS  sched-budget-churn [rv64, smp=1]   3.8s
      sched_oracle: 10886 records, 868 picks in rank order, every wake at or above the floor, no pass falling but by a weight change; 95 lifts by the rule (11 with a leading parent and work to move); 285 weight changes by the rule; R10 93 destructions over up to 656 object frames, µs p50/p99/max 939/2732/2732, their threads' ending 0/46/46, no audit inside one; 168 audits, 2083050 µs; 818 timer interrupts billed by the rule (12 expiring, 0 finding a wait ended early, 9271 ticks after expiry to the budget billed last; 806 ending a slice, 0 nobody's)
      share blocking: net 959, gross 948 of 1000, audits 23549 µs, 0 timer interrupts nobody's, 0 finding another budget's wait ended early: target met (450 <= share <= 1000)
      share spinning-parent: net 491, gross 365 of 1000, audits 515301 µs, 0 timer interrupts nobody's, 0 finding another budget's wait ended early: target met (450 <= share <= 1000)
      share deadline: net 984, gross 973 of 1000, audits 22599 µs, 0 timer interrupts nobody's, 0 finding another budget's wait ended early: target met (450 <= share <= 1000)
      share fresh-intermediates: net 959, gross 947 of 1000, audits 23751 µs, 0 timer interrupts nobody's, 0 finding another budget's wait ended early: target met (450 <= share <= 1000)
      share shell: net 496, gross 211 of 1000, audits 1147563 µs, 0 timer interrupts nobody's, 0 finding another budget's wait ended early: target met (450 <= share <= 1000)
PASS  sched-budget-churn [rv32, smp=1]   2.5s
PASS  sched-carve-inflation [rv64, smp=1]   0.6s
PASS  sched-carve-inflation [rv32, smp=1]   0.6s
      sched_oracle: 1972 records, 217 picks in rank order, every wake at or above the floor, no pass falling but by a weight change; 1 lifts by the rule (0 with a leading parent and work to move); 7 weight changes by the rule; R10 1 destructions over up to 617 object frames, µs p50/p99/max 798/798/798, their threads' ending 0/0/0, no audit inside one; 4 audits, 19343 µs; 207 timer interrupts billed by the rule (1 expiring, 0 finding a wait ended early, 636 ticks after expiry to the budget billed last; 206 ending a slice, 0 nobody's)
      share u-after-return: net 497, gross 497 of 1000, audits 0 µs, 0 timer interrupts nobody's, 0 finding another budget's wait ended early: target met (450 <= share <= 1000)
PASS  sched-carve-return [rv64, smp=1]   1.0s
      sched_oracle: 1955 records, 215 picks in rank order, every wake at or above the floor, no pass falling but by a weight change; 1 lifts by the rule (0 with a leading parent and work to move); 7 weight changes by the rule; R10 1 destructions over up to 615 object frames, µs p50/p99/max 900/900/900, their threads' ending 0/0/0, no audit inside one; 3 audits, 22855 µs; 206 timer interrupts billed by the rule (1 expiring, 0 finding a wait ended early, 832 ticks after expiry to the budget billed last; 205 ending a slice, 0 nobody's)
      share u-after-return: net 495, gross 495 of 1000, audits 0 µs, 0 timer interrupts nobody's, 0 finding another budget's wait ended early: target met (450 <= share <= 1000)
PASS  sched-carve-return [rv32, smp=1]   1.0s
PASS  sched-debt-lift [rv64, smp=1]      0.6s
PASS  sched-debt-lift [rv32, smp=1]      0.6s
PASS  sched-destroy-billing [rv64, smp=1]   0.3s
PASS  sched-destroy-billing [rv32, smp=1]   0.4s
      sched_oracle: 5897 records, 561 picks in rank order, every wake at or above the floor, no pass falling but by a weight change; 6 lifts by the rule (2 with a leading parent and work to move); 20 weight changes by the rule; R10 6 destructions over up to 640 object frames, µs p50/p99/max 465/2411/2411, their threads' ending 0/45/45, no audit inside one; 144 audits, 172533 µs; 410 timer interrupts billed by the rule (101 expiring, 0 finding a wait ended early, 61997 ticks after expiry to the budget billed last; 309 ending a slice, 0 nobody's)
      share threads-exit: net 492, gross 492 of 1000, audits 0 µs, 0 timer interrupts nobody's, 0 finding another budget's wait ended early: target met (450 <= share <= 1000)
      share processes-exit: net 496, gross 487 of 1000, audits 34277 µs, 0 timer interrupts nobody's, 0 finding another budget's wait ended early: target met (450 <= share <= 1000)
      share processes-fault: net 497, gross 490 of 1000, audits 28138 µs, 0 timer interrupts nobody's, 0 finding another budget's wait ended early: target met (450 <= share <= 1000)
PASS  sched-exit-churn [rv64, smp=1]     2.0s
      sched_oracle: 6178 records, 608 picks in rank order, every wake at or above the floor, no pass falling but by a weight change; 6 lifts by the rule (2 with a leading parent and work to move); 20 weight changes by the rule; R10 6 destructions over up to 648 object frames, µs p50/p99/max 540/2551/2551, their threads' ending 0/49/49, no audit inside one; 136 audits, 196361 µs; 466 timer interrupts billed by the rule (99 expiring, 0 finding a wait ended early, 76230 ticks after expiry to the budget billed last; 367 ending a slice, 0 nobody's)
      share threads-exit: net 491, gross 491 of 1000, audits 0 µs, 0 timer interrupts nobody's, 0 finding another budget's wait ended early: target met (450 <= share <= 1000)
      share processes-exit: net 493, gross 484 of 1000, audits 34763 µs, 0 timer interrupts nobody's, 0 finding another budget's wait ended early: target met (450 <= share <= 1000)
      share processes-fault: net 495, gross 488 of 1000, audits 27402 µs, 0 timer interrupts nobody's, 0 finding another budget's wait ended early: target met (450 <= share <= 1000)
PASS  sched-exit-churn [rv32, smp=1]     2.9s
PASS  sched-idle-gap [rv64, smp=1]       0.6s
PASS  sched-idle-gap [rv32, smp=1]       0.5s
PASS  sched-large-weight [rv64, smp=1]   0.4s
PASS  sched-large-weight [rv32, smp=1]   0.5s
      sched_oracle: 80620 records, 8461 picks in rank order, every wake at or above the floor, no pass falling but by a weight change; 331 lifts by the rule (45 with a leading parent and work to move); 996 weight changes by the rule; R10 331 destructions over up to 1285 object frames, µs p50/p99/max 849/18027/34061, their threads' ending 12/171/988, no audit inside one; 838 audits, 1594197 µs; 6161 timer interrupts billed by the rule (898 expiring, 106 finding a wait ended early, 492164 ticks after expiry to the budget billed last; 5157 ending a slice, 0 nobody's)
      N=1 driver_wake (200): net p50/p99/max 7887/12123/12186 µs, gross 7887/12123/12186, audits 0 µs: no target
      N=16 driver_wake (200): net p50/p99/max 8260/38906/171712 µs, gross 8260/38906/171712, audits 0 µs: no target
      N=4 driver_wake (200): net p50/p99/max 7918/8813/31476 µs, gross 7918/8813/31476, audits 0 µs: no target
      N=1 timer_wake (200): net p50/p99/max 6866/11063/20491 µs, gross 6866/11063/20491, audits 0 µs: no target
      N=16 timer_wake (200): net p50/p99/max 7243/38388/159739 µs, gross 7243/38388/159739, audits 0 µs: no target
      N=4 timer_wake (200): net p50/p99/max 6924/9364/40592 µs, gross 6924/9364/40592, audits 0 µs: no target
      N=1 decision_wake (50): net p50/p99/max 5227/7848/7848 µs, gross 5227/7848/7848, audits 0 µs: no target
      N=16 decision_wake (50): net p50/p99/max 5425/67217/67217 µs, gross 5425/67217/67217, audits 0 µs: no target
      N=4 decision_wake (50): net p50/p99/max 5239/6444/6444 µs, gross 5239/6444/6444, audits 0 µs: no target
      N=1 deadline_notice (50): net p50/p99/max 1030/22318/22318 µs, gross 2412/44747/44747, audits 219963 µs: no target
      N=16 deadline_notice (50): net p50/p99/max 1814/33392/33392 µs, gross 4457/66268/66268, audits 362493 µs: no target
      N=4 deadline_notice (50): net p50/p99/max 1172/24407/24407 µs, gross 2782/44885/44885, audits 300117 µs: no target
PASS  sched-latency-tcg [rv64, smp=1]   70.1s
      sched_oracle: 79709 records, 8381 picks in rank order, every wake at or above the floor, no pass falling but by a weight change; 331 lifts by the rule (42 with a leading parent and work to move); 996 weight changes by the rule; R10 331 destructions over up to 1270 object frames, µs p50/p99/max 966/15959/20525, their threads' ending 12/166/173, no audit inside one; 838 audits, 2228529 µs; 6071 timer interrupts billed by the rule (887 expiring, 105 finding a wait ended early, 1259729 ticks after expiry to the budget billed last; 5079 ending a slice, 0 nobody's)
      N=1 driver_wake (200): net p50/p99/max 8123/15644/203764 µs, gross 8123/15644/203764, audits 0 µs: no target
      N=16 driver_wake (200): net p50/p99/max 8603/75862/105147 µs, gross 8603/75862/105147, audits 0 µs: no target
      N=4 driver_wake (200): net p50/p99/max 8000/11558/13475 µs, gross 8000/11558/13475, audits 0 µs: no target
      N=1 timer_wake (200): net p50/p99/max 7235/15640/202426 µs, gross 7235/15640/202426, audits 0 µs: no target
      N=16 timer_wake (200): net p50/p99/max 7607/80538/110614 µs, gross 7607/80538/110614, audits 0 µs: no target
      N=4 timer_wake (200): net p50/p99/max 7026/16816/18382 µs, gross 7026/16816/18382, audits 0 µs: no target
      N=1 decision_wake (50): net p50/p99/max 5257/7823/7823 µs, gross 5257/7823/7823, audits 0 µs: no target
      N=16 decision_wake (50): net p50/p99/max 5603/46425/46425 µs, gross 5603/46425/46425, audits 0 µs: no target
      N=4 decision_wake (50): net p50/p99/max 5305/8895/8895 µs, gross 5305/8895/8895, audits 0 µs: no target
      N=1 deadline_notice (50): net p50/p99/max 1160/28987/28987 µs, gross 3853/63297/63297, audits 433256 µs: no target
      N=16 deadline_notice (50): net p50/p99/max 1961/42668/42668 µs, gross 6156/78671/78671, audits 403674 µs: no target
      N=4 deadline_notice (50): net p50/p99/max 1297/35259/35259 µs, gross 4345/65527/65527, audits 455697 µs: no target
PASS  sched-latency-tcg [rv32, smp=1]   69.7s
      qemu seed 3 (TESTBENCH_QEMU_SEED=3 replays it)
      sched_oracle: 83742 records, 8905 picks in rank order, every wake at or above the floor, no pass falling but by a weight change; 331 lifts by the rule (40 with a leading parent and work to move); 996 weight changes by the rule; R10 331 destructions over up to 1285 object frames, µs p50/p99/max 3716/7767/7775, their threads' ending 41/41/41, no audit inside one; 838 audits, 8024069 µs; 6641 timer interrupts billed by the rule (898 expiring, 124 finding a wait ended early, 1425561 ticks after expiry to the budget billed last; 5619 ending a slice, 0 nobody's); lease end p99, net decision wake 50042 + R10 7767 = 57809 µs: target met (<= 125000)
      N=1 driver_wake (200): net p50/p99/max 8798/9783/9805 µs, gross 8798/9783/9805, audits 0 µs: target met (p50 <= 15000, p99 <= 50000)
      N=16 driver_wake (200): net p50/p99/max 11239/22271/22325 µs, gross 11239/22271/22325, audits 0 µs: target met (p50 <= 15000, p99 <= 50000)
      N=4 driver_wake (200): net p50/p99/max 9226/10359/19645 µs, gross 9226/10359/19645, audits 0 µs: target met (p50 <= 15000, p99 <= 50000)
      N=1 timer_wake (200): net p50/p99/max 7762/8808/13603 µs, gross 7762/8808/13603, audits 0 µs: target met (p50 <= 15000, p99 <= 50000)
      N=16 timer_wake (200): net p50/p99/max 10179/31419/33295 µs, gross 10179/31419/33295, audits 0 µs: target met (p50 <= 15000, p99 <= 50000)
      N=4 timer_wake (200): net p50/p99/max 8165/9338/18584 µs, gross 8165/9338/18584, audits 0 µs: target met (p50 <= 15000, p99 <= 50000)
      N=1 decision_wake (50): net p50/p99/max 5754/5755/5755 µs, gross 5754/5755/5755, audits 0 µs: target met (p50 <= 25000, p99 <= 95000)
      N=16 decision_wake (50): net p50/p99/max 7140/50042/50042 µs, gross 7140/50042/50042, audits 0 µs: target met (p50 <= 25000, p99 <= 95000)
      N=4 decision_wake (50): net p50/p99/max 5997/16312/16312 µs, gross 5997/16312/16312, audits 0 µs: target met (p50 <= 25000, p99 <= 95000)
      N=1 deadline_notice (50): net p50/p99/max 4295/4296/4296 µs, gross 25065/25067/25067, audits 1032774 µs: target met (p99 <= 40000)
      N=16 deadline_notice (50): net p50/p99/max 5860/9214/9214 µs, gross 28740/38219/38219, audits 1254242 µs: target met (p99 <= 40000)
      N=4 deadline_notice (50): net p50/p99/max 5129/5130/5130 µs, gross 27558/27559/27559, audits 1095511 µs: target met (p99 <= 40000)
PASS  sched-latency [rv64, smp=1]       21.8s
      qemu seed 3 (TESTBENCH_QEMU_SEED=3 replays it)
      sched_oracle: 82969 records, 8850 picks in rank order, every wake at or above the floor, no pass falling but by a weight change; 331 lifts by the rule (33 with a leading parent and work to move); 996 weight changes by the rule; R10 331 destructions over up to 1270 object frames, µs p50/p99/max 3917/8248/8287, their threads' ending 45/46/46, no audit inside one; 838 audits, 9427169 µs; 6560 timer interrupts billed by the rule (887 expiring, 97 finding a wait ended early, 1757465 ticks after expiry to the budget billed last; 5576 ending a slice, 0 nobody's); lease end p99, net decision wake 51219 + R10 8248 = 59467 µs: target met (<= 125000)
      N=1 driver_wake (200): net p50/p99/max 8987/10039/10052 µs, gross 8987/10039/10052, audits 0 µs: target met (p50 <= 15000, p99 <= 50000)
      N=16 driver_wake (200): net p50/p99/max 12052/23453/34208 µs, gross 12052/23453/34208, audits 0 µs: target met (p50 <= 15000, p99 <= 50000)
      N=4 driver_wake (200): net p50/p99/max 9518/10747/19681 µs, gross 9518/10747/19681, audits 0 µs: target met (p50 <= 15000, p99 <= 50000)
      N=1 timer_wake (200): net p50/p99/max 7922/9035/14108 µs, gross 7922/9035/14108, audits 0 µs: target met (p50 <= 15000, p99 <= 50000)
      N=16 timer_wake (200): net p50/p99/max 10891/32953/34145 µs, gross 10891/32953/34145, audits 0 µs: target met (p50 <= 15000, p99 <= 50000)
      N=4 timer_wake (200): net p50/p99/max 8421/9677/18947 µs, gross 8421/9677/18947, audits 0 µs: target met (p50 <= 15000, p99 <= 50000)
      N=1 decision_wake (50): net p50/p99/max 5876/5879/5879 µs, gross 5876/5879/5879, audits 0 µs: target met (p50 <= 25000, p99 <= 95000)
      N=16 decision_wake (50): net p50/p99/max 18499/51219/51219 µs, gross 18499/51219/51219, audits 0 µs: target met (p50 <= 25000, p99 <= 95000)
      N=4 decision_wake (50): net p50/p99/max 6170/26960/26960 µs, gross 6170/26960/26960, audits 0 µs: target met (p50 <= 25000, p99 <= 95000)
      N=1 deadline_notice (50): net p50/p99/max 4526/4533/4533 µs, gross 29444/29452/29452, audits 1239417 µs: target met (p99 <= 40000)
      N=16 deadline_notice (50): net p50/p99/max 6213/10062/10062 µs, gross 33346/43702/43702, audits 1452359 µs: target met (p99 <= 40000)
      N=4 deadline_notice (50): net p50/p99/max 5456/5462/5462 µs, gross 32129/32136/32136, audits 1304567 µs: target met (p99 <= 40000)
PASS  sched-latency [rv32, smp=1]       22.9s
PASS  sched-server-busy [rv64, smp=1]    1.4s
PASS  sched-server-busy [rv32, smp=1]    0.6s
PASS  sched-share [rv64, smp=1]          0.4s
PASS  sched-share [rv32, smp=1]          0.4s
PASS  sched-sleep-gaming [rv64, smp=1]   2.8s
PASS  sched-sleep-gaming [rv32, smp=1]   0.8s
      sched_oracle: 685 records, 80 picks in rank order, every wake at or above the floor, no pass falling but by a weight change; 1 lifts by the rule (0 with a leading parent and work to move); 12 weight changes by the rule; R10 1 destructions over up to 792 object frames, µs p50/p99/max 2179/2179/2179, their threads' ending 0/0/0, no audit inside one; 14 audits, 27528 µs; 50 timer interrupts billed by the rule (1 expiring, 0 finding a wait ended early, 717 ticks after expiry to the budget billed last; 49 ending a slice, 0 nobody's)
PASS  sched-ties [rv64, smp=1]           0.8s
      sched_oracle: 689 records, 82 picks in rank order, every wake at or above the floor, no pass falling but by a weight change; 1 lifts by the rule (0 with a leading parent and work to move); 12 weight changes by the rule; R10 1 destructions over up to 792 object frames, µs p50/p99/max 2408/2408/2408, their threads' ending 0/0/0, no audit inside one; 15 audits, 32380 µs; 48 timer interrupts billed by the rule (1 expiring, 0 finding a wait ended early, 979 ticks after expiry to the budget billed last; 47 ending a slice, 0 nobody's)
PASS  sched-ties [rv32, smp=1]           1.0s
      sched_oracle: 10734 records, 939 picks in rank order, every wake at or above the floor, no pass falling but by a weight change; 70 lifts by the rule (2 with a leading parent and work to move); 212 weight changes by the rule; R10 70 destructions over up to 710 object frames, µs p50/p99/max 733/1935/1935, their threads' ending 0/0/0, no audit inside one; 82 audits, 1252589 µs; 714 timer interrupts billed by the rule (68 expiring, 77 finding a wait ended early, 73345 ticks after expiry to the budget billed last; 569 ending a slice, 0 nobody's)
      share sleepers: net 492, gross 492 of 1000, audits 0 µs, 0 timer interrupts nobody's, 0 finding another budget's wait ended early: target met (450 <= share <= 1000)
      share sleepers-and-deadlines: net 493, gross 475 of 1000, audits 72770 µs, 0 timer interrupts nobody's, 0 finding another budget's wait ended early: target met (450 <= share <= 1000)
      share cancelled-waits: net 492, gross 492 of 1000, audits 0 µs, 0 timer interrupts nobody's, 61 finding another budget's wait ended early: target met (450 <= share <= 1000)
PASS  sched-timer-flood [rv64, smp=1]    2.9s
      sched_oracle: 10405 records, 895 picks in rank order, every wake at or above the floor, no pass falling but by a weight change; 70 lifts by the rule (2 with a leading parent and work to move); 212 weight changes by the rule; R10 70 destructions over up to 709 object frames, µs p50/p99/max 812/2094/2094, their threads' ending 0/0/0, no audit inside one; 82 audits, 1526017 µs; 703 timer interrupts billed by the rule (69 expiring, 73 finding a wait ended early, 92774 ticks after expiry to the budget billed last; 561 ending a slice, 0 nobody's)
      share sleepers: net 488, gross 488 of 1000, audits 0 µs, 0 timer interrupts nobody's, 0 finding another budget's wait ended early: target met (450 <= share <= 1000)
      share sleepers-and-deadlines: net 488, gross 466 of 1000, audits 88495 µs, 0 timer interrupts nobody's, 0 finding another budget's wait ended early: target met (450 <= share <= 1000)
      share cancelled-waits: net 490, gross 490 of 1000, audits 0 µs, 0 timer interrupts nobody's, 54 finding another budget's wait ended early: target met (450 <= share <= 1000)
PASS  sched-timer-flood [rv32, smp=1]    3.9s
PASS  sched-wake-no-preempt [rv64, smp=1]   0.2s
PASS  sched-wake-no-preempt [rv32, smp=1]   0.3s
PASS  size-budget                     
      kernel: 8115 of 8115 lines
      loader: 868 of 868 lines
      stub: 361 of 361 lines
      libs/sys: 1009 of 1009 lines
      libs/layout: 59 of 61 lines
      libs/paging: 151 of 158 lines
      libs/stride: 332 of 332 lines
      libs/signing: 15 of 15 lines
      libs/client: 632 of 632 lines
      libs/rt: 2955 of 2955 lines
      libs/wire: 3073 of 3073 lines
      libs/steward: 3160 of 3160 lines
      libs/littlefs: 2033 of 2033 lines
      model: 10240 of 10240 lines
      servers/keyd: 539 of 539 lines
      servers/sshd: 388 of 388 lines
      servers/bootfsd: 227 of 227 lines
      servers/consoled: 339 of 339 lines
      servers/blkd: 1606 of 1606 lines
      servers/netd: 1590 of 1590 lines
      servers/ipd: 2887 of 2887 lines
      servers/init: 1917 of 1917 lines
      servers/fsd: 1343 of 1343 lines
PASS  smp-spike [rv64, smp=2]            1.2s
PASS  smp-spike [rv32, smp=2]            2.2s
PASS  sshd-build [rv64]                  0.2s
PASS  sshd-build [rv32]                  0.1s
PASS  sshd-host-tests                    0.3s
PASS  sshd-loopback-env-refused          0.1s
PASS  sshd-loopback-independent          0.4s
PASS  sshd-loopback-interrupt            0.1s
PASS  sshd-loopback-logins               0.4s
PASS  sshd-loopback-r67                  0.1s
PASS  sshd-loopback-window-change-zero   0.1s
PASS  sshd-loopback-window-change        0.2s
PASS  steward-host-tests                 0.2s
PASS  stride-host-tests                  5.5s
PASS  stub-launch [rv64, smp=1]          0.3s
PASS  stub-launch [rv32, smp=1]          0.5s
PASS  sum-clear [rv64, smp=1]            1.7s
PASS  sum-clear [rv32, smp=1]            1.7s
PASS  syscall-attack [rv64, smp=1]       0.2s
PASS  syscall-attack [rv32, smp=1]       0.3s
PASS  thread-limit [rv64, smp=1]         1.2s
PASS  thread-limit [rv32, smp=1]         1.4s
PASS  timeouts-tcg [rv64, smp=1]         6.3s
PASS  timeouts-tcg [rv32, smp=1]         6.4s
PASS  timeouts [rv64, smp=1]             1.6s
PASS  timeouts [rv32, smp=1]             1.7s
PASS  touch-beyond-ram [rv64, smp=1]     0.2s
PASS  touch-beyond-ram [rv32, smp=1]     0.3s
PASS  uaf-lent-page [rv64, smp=1]        0.1s
PASS  uart-irq [rv64, smp=1]             1.1s
PASS  uart-irq [rv32, smp=1]             1.2s
PASS  unsafe-budget                   
      paging crate (Sv32/Sv39 page tables): 12 unsafe, 0 undocumented
      redoubt-stride (scheduler rules): 0 unsafe, 0 undocumented
      loader: 18 unsafe, 0 undocumented
      redoubt-signing (signature preimages): 0 unsafe, 0 undocumented
      kernel: Sv39, SBI and PLIC backends: 13 unsafe, 0 undocumented
      kernel: RISC-V arch (shared with rv32): 13 unsafe, 0 undocumented
      kernel: core: 18 unsafe, 0 undocumented
      redoubt-sys (system call ABI): the ecall stub: 1 unsafe, 0 undocumented
      redoubt-client (the userland client API): 0 unsafe, 0 undocumented
      redoubt-rt (native runtime): the allocator's trait, the heap's two words of a free block, a page buffer's two views, the device registers' read and write, the pages mapped before the first instruction, a spawned thread's closure taken back in its entry: 11 unsafe, 0 undocumented
      keyd (holds every private key; signs, never exports): 0 unsafe, 0 undocumented
      sshd (the network's first parser; carries every channel): 0 unsafe, 0 undocumented
      blkd (virtio-blk driver; DMA, so TCB): 4 unsafe, 0 undocumented
      netd (virtio-net driver; DMA, so TCB): 8 unsafe, 0 undocumented
      ipd (the TCP/IP stack; /net over 9P): 0 unsafe, 0 undocumented
      fsd (the file server; parses one volume's medium): 0 unsafe, 0 undocumented
      bootfsd and consoled (the first two 9P servers): 0 unsafe, 0 undocumented
      redoubt-wire (protocol codecs): 0 unsafe, 0 undocumented
      redoubt-steward (the steward's policy core): 0 unsafe, 0 undocumented
      redoubt-init (init): 0 unsafe, 0 undocumented
      redoubt-layout (kernel-half map): 0 unsafe, 0 undocumented
      stub (the loader stub): 7 unsafe, 0 undocumented
      redoubt-littlefs: 0 unsafe, 0 undocumented
PASS  vendor-build [rv64]                0.1s
PASS  vendor-build [rv32]                0.1s
PASS  vendor-check                       1.4s
PASS  verified-boot-rejects-bare-archive [rv64, smp=1]   0.1s
PASS  verified-boot-rejects-tamper [rv64, smp=1]   0.1s
PASS  wire-host-tests                    0.2s
PASS  write-only-attack [rv64, smp=1]    0.1s
PASS  write-only-attack [rv32, smp=1]    0.2s
PASS  wx [rv64, smp=1]                   0.1s
PASS  wx [rv32, smp=1]                   0.3s
exit 0
