PASS  all-together [rv64, smp=1]         3.0s
PASS  all-together [rv64, smp=2]         2.1s
PASS  bench-attack-forgery [rv64, smp=1]   0.1s
PASS  bench-bundle-file [rv64, smp=1]    0.1s
PASS  bench-cbo-self-unrefused [rv64, smp=1]   0.1s
PASS  bench-cbo-self-unrefused [rv32, smp=1]   0.3s
PASS  bench-console-after-expect [rv64, smp=1]   0.1s
PASS  bench-debug-assertions-off [rv64, smp=1]   0.1s
PASS  bench-debug-assertions [rv64, smp=1]   1.1s
PASS  bench-debug-assertions [rv32, smp=1]   1.2s
PASS  bench-net-peer-count [rv64, smp=1]   0.3s
PASS  bench-net-peer-pcap-empty [rv64, smp=1]   1.2s
PASS  bench-net-peer-twice [rv64, smp=1]   0.3s
PASS  bench-net-peer [rv64, smp=1]       0.3s
PASS  bench-net-self-unrefused [rv64, smp=1]   0.5s
PASS  bench-poweroff-missing [rv64, smp=1]   3.0s
PASS  bench-qemu-early-exit [rv64, smp=1]   0.0s
PASS  bench-reporter-mismatch [rv64, smp=1]   0.1s
PASS  bench-ssh-guest [rv64, smp=1]      1.2s
PASS  bench-ssh-loopback-aborted-text    5.9s
PASS  bench-ssh-loopback-deadlock        0.2s
PASS  bench-ssh-loopback-exit            0.1s
PASS  bench-ssh-loopback-forbid          0.2s
PASS  bench-ssh-loopback-host-key        0.1s
SKIP  bench-ssh-loopback-openssh              the reference sshd's container: podman is not installed
PASS  bench-ssh-loopback                 0.1s
PASS  bench-virtio-devices [rv64, smp=1]   0.1s
PASS  bench-virtio-legacy-off [rv64, smp=1]   0.1s
PASS  blkd-build [rv64]                  0.5s
PASS  blkd-build [rv32]                  0.5s
PASS  blkd-host-tests                    5.8s
PASS  boot-stack-reservation [rv64, smp=1]   0.1s
PASS  boot-stack-reservation [rv32, smp=1]   0.2s
PASS  bootfsd-build [rv64]               0.7s
PASS  bootfsd-build [rv32]               1.7s
PASS  budget-carve-attack [rv64, smp=1]   0.2s
PASS  budget-carve-attack [rv32, smp=1]   0.3s
PASS  budget-deadline [rv64, smp=1]      0.2s
PASS  budget-deadline [rv32, smp=1]      0.4s
PASS  budget-destroy-attack [rv64, smp=1]   0.1s
PASS  budget-destroy-attack [rv32, smp=1]   0.4s
PASS  budget-destroy-growth [rv64, smp=1]   0.5s
PASS  budget-destroy-growth [rv32, smp=1]   0.7s
PASS  budget-destroy-kills [rv64, smp=1]   0.2s
PASS  budget-destroy-kills [rv32, smp=1]   0.3s
PASS  budget-forge-attack [rv64, smp=1]   0.1s
PASS  budget-forge-attack [rv32, smp=1]   0.3s
PASS  budget-mem-churn [rv64, smp=1]     0.2s
PASS  budget-mem-churn [rv64, smp=2]     0.3s
PASS  budget-mem-churn [rv32, smp=1]     0.3s
PASS  budget-mem-churn [rv32, smp=2]     0.4s
PASS  budget-syscall-attack [rv64, smp=1]   0.2s
PASS  budget-syscall-attack [rv32, smp=1]   0.3s
PASS  budget-table-attack [rv64, smp=1]   0.7s
PASS  budget-table-attack [rv32, smp=1]   0.8s
PASS  budget [rv64, smp=1]               1.6s
PASS  budget [rv32, smp=1]               2.7s
PASS  cbo-user-fault [rv64, smp=1]       0.1s
PASS  cbo-user-fault [rv32, smp=1]       0.3s
PASS  client-build [rv64]                0.2s
PASS  client-build [rv32]                0.2s
PASS  client-host-tests                  4.5s
PASS  consoled-build [rv64]              0.7s
PASS  consoled-build [rv32]              0.7s
PASS  deadline-flood-billed [rv64, smp=1]   1.8s
PASS  deadline-flood-billed [rv32, smp=1]   0.8s
PASS  destroy-keeps-notices-creator [rv64, smp=1]   1.3s
PASS  destroy-keeps-notices-creator [rv32, smp=1]   1.4s
PASS  destroy-keeps-notices [rv64, smp=1]   0.3s
PASS  destroy-keeps-notices [rv32, smp=1]   0.4s
PASS  device-exec-refused [rv64, smp=1]   0.1s
PASS  device-exec-refused [rv32, smp=1]   0.3s
PASS  device [rv64, smp=1]               0.1s
PASS  device [rv32, smp=1]               0.3s
PASS  dma-destroy-quarantine [rv64, smp=1]   0.2s
PASS  dma-destroy-quarantine [rv32, smp=1]   0.3s
PASS  dma-reset-quarantine [rv64, smp=1]   2.0s
PASS  dma-reset-quarantine [rv32, smp=1]   4.0s
PASS  dma-reset-reuse [rv64, smp=1]      0.2s
PASS  dma-reset-reuse [rv32, smp=1]      0.3s
PASS  dma-rules [rv64, smp=1]            0.1s
PASS  dma-rules [rv32, smp=1]            0.4s
PASS  docs                               4.5s
PASS  ending-pumps-once [rv64, smp=1]    0.6s
PASS  ending-pumps-once [rv32, smp=1]    2.6s
      qemu seed 3 (TESTBENCH_QEMU_SEED=3 replays it)
      sched_oracle: 1801 records, 351 picks in rank order, every wake at or above the floor, no pass falling but by a weight change; 1 lifts by the rule (0 with a leading parent and work to move); 5 weight changes by the rule; R10 1 destructions over up to 12925 object frames, µs p50/p99/max 11082/11082/11082, their threads' ending 34/34/34, no audit inside one; 3 audits, 25485 µs
PASS  endpoint-destroy-full [rv64, smp=1]   2.6s
      qemu seed 3 (TESTBENCH_QEMU_SEED=3 replays it)
      sched_oracle: 1946 records, 380 picks in rank order, every wake at or above the floor, no pass falling but by a weight change; 1 lifts by the rule (0 with a leading parent and work to move); 5 weight changes by the rule; R10 1 destructions over up to 12922 object frames, µs p50/p99/max 11104/11104/11104, their threads' ending 38/38/38, no audit inside one; 3 audits, 24060 µs
PASS  endpoint-destroy-full [rv32, smp=1]   1.9s
PASS  endpoint-destroy-open-calls [rv64, smp=1]   0.3s
PASS  endpoint-destroy-open-calls [rv32, smp=1]   0.4s
PASS  formatting                         9.5s
PASS  handle-chain-attack [rv64, smp=1]   1.2s
PASS  handle-chain-attack [rv32, smp=1]   0.4s
PASS  handle-chain-fault [rv64, smp=1]   0.3s
PASS  handle-chain-fault [rv32, smp=1]   0.4s
PASS  host-tests                        18.1s
PASS  ipc-fair-label-sets [rv64, smp=1]   0.2s
PASS  ipc-fair-label-sets [rv32, smp=1]   0.4s
PASS  ipc-outcomes [rv64, smp=1]         1.4s
PASS  ipc-outcomes [rv32, smp=1]         2.6s
PASS  ipc [rv64, smp=1]                  1.8s
PASS  ipc [rv64, smp=4]                  2.8s
PASS  ipc [rv32, smp=1]                  2.2s
PASS  ipc [rv32, smp=4]                  3.1s
PASS  ipd-build [rv64]                   1.3s
PASS  ipd-build [rv32]                   3.5s
PASS  ipd-host-tests                     5.2s
PASS  irq-attack [rv64, smp=1]           1.1s
PASS  irq-attack [rv32, smp=1]           1.3s
PASS  irq-first-receive [rv64, smp=1]    0.6s
PASS  irq-first-receive [rv32, smp=1]    0.9s
PASS  kernel-half-attack [rv64, smp=1]   0.2s
PASS  kernel-half-attack [rv32, smp=1]   0.3s
PASS  kernel-wx [rv64, smp=1]            0.1s
PASS  kernel-wx [rv32, smp=1]            0.3s
PASS  keyd-build [rv64]                  1.8s
PASS  keyd-build [rv32]                  1.7s
PASS  legacy-gone [rv64, smp=1]          2.2s
PASS  legacy-gone [rv32, smp=1]          2.3s
PASS  lend-untouched-page [rv64, smp=1]   0.2s
PASS  lend-untouched-page [rv64, smp=4]   0.3s
PASS  lend-untouched-page [rv32, smp=1]   1.3s
PASS  lend-untouched-page [rv32, smp=4]   0.5s
PASS  lender-touches-lent [rv64, smp=1]   0.2s
PASS  lender-touches-lent [rv32, smp=1]   0.3s
PASS  littlefs-host-tests               25.4s
PASS  loader-rejects-grants [rv64, smp=1]   0.1s
PASS  loader-rejects-grants [rv32, smp=1]   0.2s
PASS  loader-rejects-kernel-address [rv64, smp=1]   0.1s
PASS  loader-rejects-kernel-address [rv32, smp=1]   0.2s
PASS  loader-rejects-kernel-entry [rv64, smp=1]   0.1s
PASS  loader-rejects-kernel-entry [rv32, smp=1]   0.7s
PASS  loader-rejects-truncated-elf [rv64, smp=1]   0.1s
PASS  logsrv-badge-forgery [rv64, smp=1]   0.1s
PASS  logsrv-badge-forgery [rv32, smp=1]   0.3s
PASS  map-anon-placement [rv64, smp=1]   0.2s
PASS  map-anon-placement [rv32, smp=1]   0.3s
PASS  map-anon-search-bound [rv64, smp=1]  27.9s
PASS  map-anon-search-bound [rv32, smp=1]  29.2s
PASS  map-fixed-attack [rv64, smp=1]     1.0s
PASS  map-fixed-attack [rv32, smp=1]     1.1s
PASS  map-fixed-tables-rv32 [rv32, smp=1]   1.9s
PASS  map-fixed-tables [rv64, smp=1]     2.5s
PASS  mem-attack [rv64, smp=1]           0.2s
PASS  mem-attack [rv32, smp=1]           1.3s
PASS  model-host-tests                 306.3s
PASS  move-borrowed-page [rv64, smp=1]   0.2s
PASS  move-borrowed-page [rv32, smp=1]   0.3s
PASS  net-attacks [rv64, smp=1]          0.4s
PASS  net-host-tests                     2.2s
PASS  net-pinned [rv64, smp=1]           0.4s
PASS  net-tcp [rv64, smp=1]              0.3s
PASS  netd-build [rv64]                  0.6s
PASS  netd-build [rv32]                  0.6s
PASS  netd-host-tests                    0.9s
PASS  ninep-newconn-discard [rv64, smp=1]   0.4s
PASS  ninep-newconn-discard [rv32, smp=1]   0.5s
PASS  no-cruft                        
PASS  page-table-reclaim [rv64, smp=1]   2.0s
PASS  page-table-reclaim [rv32, smp=1]   3.0s
PASS  pages-exhaustion [rv64, smp=1]     0.4s
PASS  pages-exhaustion [rv32, smp=1]     0.5s
PASS  panic-in-print [rv64, smp=1]       0.1s
PASS  panic-in-print [rv32, smp=1]       0.2s
PASS  pid-pinning-attack [rv64, smp=1]   0.1s
PASS  pid-pinning-attack [rv32, smp=1]   0.3s
PASS  pid-reuse-authority [rv64, smp=1]   0.7s
PASS  pid-reuse-authority [rv32, smp=1]   7.6s
PASS  process-attack [rv64, smp=1]       0.6s
PASS  process-attack [rv32, smp=1]       0.7s
PASS  process-chain-fault [rv64, smp=1]   0.3s
PASS  process-chain-fault [rv32, smp=1]   0.4s
PASS  process-lifecycle [rv64, smp=1]    0.8s
PASS  process-lifecycle [rv32, smp=1]    1.0s
PASS  process-map-untouched-attack [rv64, smp=1]   1.0s
PASS  process-map-untouched-attack [rv32, smp=1]   1.1s
PASS  process-review [rv64, smp=1]       0.3s
PASS  process-review [rv32, smp=1]       0.4s
PASS  process [rv64, smp=1]              0.7s
PASS  process [rv32, smp=1]              0.8s
PASS  r4-host-tests                      1.3s
PASS  receive-bad-record [rv64, smp=1]   0.4s
PASS  receive-bad-record [rv32, smp=1]   0.6s
PASS  redoubt-dead [rv64, smp=1]         1.2s
PASS  redoubt-dead [rv32, smp=1]         1.3s
PASS  redoubt-ipc-attack [rv64, smp=1]   0.4s
PASS  redoubt-ipc-attack [rv32, smp=1]   0.6s
PASS  redoubt-ipc [rv64, smp=1]          2.2s
PASS  redoubt-ipc [rv32, smp=1]          2.3s
PASS  redoubt-revoke [rv64, smp=1]       1.3s
PASS  redoubt-revoke [rv32, smp=1]       1.4s
PASS  redoubt-tight [rv64, smp=1]        1.2s
PASS  redoubt-tight [rv32, smp=1]        1.3s
PASS  return-lent-unmapped [rv64, smp=1]   0.2s
PASS  return-lent-unmapped [rv64, smp=4]   0.2s
PASS  return-lent-unmapped [rv32, smp=1]   0.3s
PASS  return-lent-unmapped [rv32, smp=4]   0.4s
PASS  rng [rv64, smp=1]                  0.3s
PASS  rng [rv32, smp=1]                  0.6s
PASS  rt-build [rv64]                    0.6s
PASS  rt-build [rv32]                    0.6s
PASS  rt-host-tests                      2.6s
PASS  rt-miri                           38.9s
PASS  rustsbi-boot [rv32, smp=1]         1.0s
PASS  rustsbi-boot [rv64, smp=1]         0.7s
PASS  scan-bounds [rv64, smp=1]          7.3s
FAIL  sched-budget-churn [rv64, smp=1]   1.2s  forbidden output /\[budget-churn\] FAIL/: [budget-churn] FAIL: spinning parent destroying at its slice's end: victim 403 of 1000, attacker's subtree 44
FAIL  sched-budget-churn [rv32, smp=1]   2.3s  forbidden output /\[budget-churn\] FAIL/: [budget-churn] FAIL: spinning parent destroying at its slice's end: victim 416 of 1000, attacker's subtree 74
PASS  sched-carve-inflation [rv64, smp=1]   0.7s
PASS  sched-carve-inflation [rv32, smp=1]   0.6s
PASS  sched-carve-return [rv64, smp=1]   0.4s
PASS  sched-carve-return [rv32, smp=1]   0.4s
PASS  sched-debt-lift [rv64, smp=1]      0.6s
PASS  sched-debt-lift [rv32, smp=1]      0.8s
PASS  sched-destroy-billing [rv64, smp=1]   0.3s
PASS  sched-destroy-billing [rv32, smp=1]   0.4s
PASS  sched-exit-churn [rv64, smp=1]     2.1s
PASS  sched-exit-churn [rv32, smp=1]     1.0s
PASS  sched-idle-gap [rv64, smp=1]       0.6s
PASS  sched-idle-gap [rv32, smp=1]       1.1s
PASS  sched-large-weight [rv64, smp=1]   0.5s
PASS  sched-large-weight [rv32, smp=1]   0.5s
      sched_oracle: 53864 records, 8408 picks in rank order, every wake at or above the floor, no pass falling but by a weight change; 331 lifts by the rule (49 with a leading parent and work to move); 995 weight changes by the rule; R10 331 destructions over up to 9444 object frames, µs p50/p99/max 675/9485/11604, their threads' ending 7/118/123, no audit inside one; 837 audits, 1205609 µs
      N=1 driver_wake (200): net p50/p99/max 8201/13245/23771 µs, gross 8201/13245/24221, audits 450 µs: no target
      N=16 driver_wake (200): net p50/p99/max 8087/38701/162386 µs, gross 8087/38701/162386, audits 0 µs: no target
      N=4 driver_wake (200): net p50/p99/max 7922/24212/29043 µs, gross 7922/24623/29043, audits 1552 µs: no target
      N=1 timer_wake (200): net p50/p99/max 7231/12122/12183 µs, gross 7231/12122/12183, audits 0 µs: no target
      N=16 timer_wake (200): net p50/p99/max 7110/37385/119729 µs, gross 7110/37385/119729, audits 0 µs: no target
      N=4 timer_wake (200): net p50/p99/max 6923/17162/25923 µs, gross 6923/17162/25923, audits 0 µs: no target
      N=1 decision_wake (50): net p50/p99/max 5194/8041/8041 µs, gross 5194/8041/8041, audits 0 µs: no target
      N=16 decision_wake (50): net p50/p99/max 5344/138577/138577 µs, gross 5344/138577/138577, audits 0 µs: no target
      N=4 decision_wake (50): net p50/p99/max 5203/7633/7633 µs, gross 5203/7633/7633, audits 0 µs: no target
      N=1 deadline_notice (50): net p50/p99/max 890/13122/13122 µs, gross 2212/31148/31148, audits 254724 µs: no target
      N=16 deadline_notice (50): net p50/p99/max 1182/1351/1351 µs, gross 3443/4006/4006, audits 105410 µs: no target
      N=4 deadline_notice (50): net p50/p99/max 926/11674/11674 µs, gross 2426/32492/32492, audits 246106 µs: no target
PASS  sched-latency-tcg [rv64, smp=1]   61.3s
      sched_oracle: 53552 records, 8352 picks in rank order, every wake at or above the floor, no pass falling but by a weight change; 331 lifts by the rule (44 with a leading parent and work to move); 995 weight changes by the rule; R10 331 destructions over up to 9409 object frames, µs p50/p99/max 607/12736/12947, their threads' ending 7/115/131, no audit inside one; 837 audits, 1260741 µs
      N=1 driver_wake (200): net p50/p99/max 7878/9397/23818 µs, gross 7878/9397/24185, audits 367 µs: no target
      N=16 driver_wake (200): net p50/p99/max 8228/71293/152841 µs, gross 8228/71293/152841, audits 0 µs: no target
      N=4 driver_wake (200): net p50/p99/max 7914/8894/25372 µs, gross 7914/8894/25762, audits 390 µs: no target
      N=1 timer_wake (200): net p50/p99/max 6869/7529/10020 µs, gross 6869/7529/10020, audits 0 µs: no target
      N=16 timer_wake (200): net p50/p99/max 7181/75691/99771 µs, gross 7181/75691/99771, audits 0 µs: no target
      N=4 timer_wake (200): net p50/p99/max 6903/7871/17437 µs, gross 6903/7871/17437, audits 0 µs: no target
      N=1 decision_wake (50): net p50/p99/max 5183/8493/8493 µs, gross 5183/8493/8493, audits 0 µs: no target
      N=16 decision_wake (50): net p50/p99/max 5341/56040/56040 µs, gross 5341/56040/56040, audits 0 µs: no target
      N=4 decision_wake (50): net p50/p99/max 5213/19087/19087 µs, gross 5213/19087/19087, audits 0 µs: no target
      N=1 deadline_notice (50): net p50/p99/max 859/13959/13959 µs, gross 2095/29674/29674, audits 202761 µs: no target
      N=16 deadline_notice (50): net p50/p99/max 1248/16169/16169 µs, gross 3476/44612/44612, audits 294435 µs: no target
      N=4 deadline_notice (50): net p50/p99/max 808/11117/11117 µs, gross 2233/30465/30465, audits 176340 µs: no target
PASS  sched-latency-tcg [rv32, smp=1]   63.4s
      qemu seed 3 (TESTBENCH_QEMU_SEED=3 replays it)
      sched_oracle: 57339 records, 9182 picks in rank order, every wake at or above the floor, no pass falling but by a weight change; 331 lifts by the rule (46 with a leading parent and work to move); 995 weight changes by the rule; R10 331 destructions over up to 9444 object frames, µs p50/p99/max 3627/6366/6367, their threads' ending 31/32/32, no audit inside one; 837 audits, 7523517 µs; lease end p99, net decision wake 39449 + R10 6366 = 45815 µs: target met (<= 125000)
      N=1 driver_wake (200): net p50/p99/max 9139/9632/25143 µs, gross 9139/9632/28499, audits 3356 µs: target met (p50 <= 15000, p99 <= 50000)
      N=16 driver_wake (200): net p50/p99/max 11285/32350/33146 µs, gross 11285/32350/33146, audits 0 µs: target met (p50 <= 15000, p99 <= 50000)
      N=4 driver_wake (200): net p50/p99/max 9840/10815/29534 µs, gross 9840/10815/29534, audits 0 µs: target met (p50 <= 15000, p99 <= 50000)
      N=1 timer_wake (200): net p50/p99/max 8049/8543/8551 µs, gross 8049/8543/8551, audits 0 µs: target met (p50 <= 15000, p99 <= 50000)
      N=16 timer_wake (200): net p50/p99/max 10092/31740/42787 µs, gross 10092/31740/42787, audits 0 µs: target met (p50 <= 15000, p99 <= 50000)
      N=4 timer_wake (200): net p50/p99/max 8107/9674/30057 µs, gross 8107/9674/30057, audits 0 µs: target met (p50 <= 15000, p99 <= 50000)
      N=1 decision_wake (50): net p50/p99/max 5931/5931/5931 µs, gross 5931/5931/5931, audits 0 µs: target met (p50 <= 25000, p99 <= 95000)
      N=16 decision_wake (50): net p50/p99/max 7155/39449/39449 µs, gross 7155/39449/39449, audits 0 µs: target met (p50 <= 25000, p99 <= 95000)
      N=4 decision_wake (50): net p50/p99/max 6142/6143/6143 µs, gross 6142/6143/6143, audits 0 µs: target met (p50 <= 25000, p99 <= 95000)
      N=1 deadline_notice (50): net p50/p99/max 4231/4233/4233 µs, gross 19753/19754/19754, audits 770363 µs: target met (p99 <= 40000)
      N=16 deadline_notice (50): net p50/p99/max 5352/13896/13896 µs, gross 22451/33535/33535, audits 921054 µs: target met (p99 <= 40000)
      N=4 deadline_notice (50): net p50/p99/max 4884/5052/5052 µs, gross 21826/21994/21994, audits 820443 µs: target met (p99 <= 40000)
PASS  sched-latency [rv64, smp=1]       21.3s
      qemu seed 3 (TESTBENCH_QEMU_SEED=3 replays it)
      sched_oracle: 57414 records, 9195 picks in rank order, every wake at or above the floor, no pass falling but by a weight change; 331 lifts by the rule (47 with a leading parent and work to move); 995 weight changes by the rule; R10 331 destructions over up to 9409 object frames, µs p50/p99/max 3661/6577/6610, their threads' ending 35/36/36, no audit inside one; 837 audits, 7253108 µs; lease end p99, net decision wake 29490 + R10 6577 = 36067 µs: target met (<= 125000)
      N=1 driver_wake (200): net p50/p99/max 9556/10045/25860 µs, gross 9556/10045/28945, audits 3085 µs: target met (p50 <= 15000, p99 <= 50000)
      N=16 driver_wake (200): net p50/p99/max 12214/33939/34369 µs, gross 12214/33939/34369, audits 0 µs: target met (p50 <= 15000, p99 <= 50000)
      N=4 driver_wake (200): net p50/p99/max 10513/11482/30003 µs, gross 10513/11482/30003, audits 0 µs: target met (p50 <= 15000, p99 <= 50000)
      N=1 timer_wake (200): net p50/p99/max 8425/8917/8928 µs, gross 8425/8917/8928, audits 0 µs: target met (p50 <= 15000, p99 <= 50000)
      N=16 timer_wake (200): net p50/p99/max 11011/32964/43423 µs, gross 11011/32964/43423, audits 0 µs: target met (p50 <= 15000, p99 <= 50000)
      N=4 timer_wake (200): net p50/p99/max 8369/10274/30843 µs, gross 8369/10274/30843, audits 0 µs: target met (p50 <= 15000, p99 <= 50000)
      N=1 decision_wake (50): net p50/p99/max 6167/6169/6169 µs, gross 6167/6169/6169, audits 0 µs: target met (p50 <= 25000, p99 <= 95000)
      N=16 decision_wake (50): net p50/p99/max 7611/29490/29490 µs, gross 7611/29490/29490, audits 0 µs: target met (p50 <= 25000, p99 <= 95000)
      N=4 decision_wake (50): net p50/p99/max 6407/6409/6409 µs, gross 6407/6409/6409, audits 0 µs: target met (p50 <= 25000, p99 <= 95000)
      N=1 deadline_notice (50): net p50/p99/max 4429/4435/4435 µs, gross 19519/19526/19526, audits 748517 µs: target met (p99 <= 40000)
      N=16 deadline_notice (50): net p50/p99/max 5610/13055/13055 µs, gross 22323/31435/31435, audits 892880 µs: target met (p99 <= 40000)
      N=4 deadline_notice (50): net p50/p99/max 5133/5143/5143 µs, gross 21708/21718/21718, audits 799404 µs: target met (p99 <= 40000)
PASS  sched-latency [rv32, smp=1]       18.2s
PASS  sched-server-busy [rv64, smp=1]    0.6s
PASS  sched-server-busy [rv32, smp=1]    0.7s
PASS  sched-share [rv64, smp=1]          0.4s
PASS  sched-share [rv32, smp=1]          0.4s
PASS  sched-sleep-gaming [rv64, smp=1]   1.0s
PASS  sched-sleep-gaming [rv32, smp=1]   0.8s
      sched_oracle: 545 records, 86 picks in rank order, every wake at or above the floor, no pass falling but by a weight change; 1 lifts by the rule (0 with a leading parent and work to move); 12 weight changes by the rule; R10 1 destructions over up to 8982 object frames, µs p50/p99/max 2175/2175/2175, their threads' ending 0/0/0, no audit inside one; 15 audits, 64857 µs
PASS  sched-ties [rv64, smp=1]           0.8s
      sched_oracle: 535 records, 84 picks in rank order, every wake at or above the floor, no pass falling but by a weight change; 1 lifts by the rule (0 with a leading parent and work to move); 12 weight changes by the rule; R10 1 destructions over up to 8974 object frames, µs p50/p99/max 2345/2345/2345, their threads' ending 0/0/0, no audit inside one; 15 audits, 60710 µs
PASS  sched-ties [rv32, smp=1]           2.0s
PASS  sched-timer-flood [rv64, smp=1]    0.9s
PASS  sched-timer-flood [rv32, smp=1]    1.0s
PASS  sched-wake-no-preempt [rv64, smp=1]   1.2s
PASS  sched-wake-no-preempt [rv32, smp=1]   0.3s
PASS  size-budget                     
      kernel: 7740 of 7752 lines
      loader: 841 of 841 lines
      stub: 361 of 361 lines
      libs/sys: 966 of 966 lines
      libs/layout: 60 of 60 lines
      libs/paging: 158 of 158 lines
      libs/stride: 328 of 328 lines
      libs/signing: 11 of 11 lines
      libs/client: 626 of 626 lines
      libs/rt: 2824 of 2824 lines
      libs/wire: 3067 of 3067 lines
      libs/littlefs: 1941 of 1941 lines
      model: 10179 of 10179 lines
      servers/keyd: 556 of 556 lines
      servers/sshd: 388 of 388 lines
      servers/bootfsd: 242 of 242 lines
      servers/consoled: 254 of 254 lines
      servers/blkd: 1579 of 1579 lines
      servers/netd: 1552 of 1552 lines
      servers/ipd: 2883 of 2883 lines
PASS  smp-spike [rv64, smp=2]            1.1s
PASS  smp-spike [rv32, smp=2]            1.3s
PASS  sshd-build [rv64]                  6.3s
PASS  sshd-build [rv32]                  2.9s
PASS  sshd-host-tests                    0.6s
PASS  sshd-loopback-env-refused          0.1s
PASS  sshd-loopback-independent          0.4s
PASS  sshd-loopback-interrupt            0.8s
PASS  sshd-loopback-logins               0.2s
PASS  sshd-loopback-r67                  0.1s
PASS  sshd-loopback-window-change-zero   0.1s
PASS  sshd-loopback-window-change        0.1s
PASS  stride-host-tests                  6.0s
PASS  stub-launch [rv64, smp=1]          0.4s
PASS  stub-launch [rv32, smp=1]          0.5s
PASS  sum-clear [rv64, smp=1]            1.3s
PASS  sum-clear [rv32, smp=1]            1.3s
PASS  syscall-attack [rv64, smp=1]       0.1s
PASS  syscall-attack [rv32, smp=1]       0.3s
PASS  thread-limit [rv64, smp=1]         1.1s
PASS  thread-limit [rv32, smp=1]         1.3s
PASS  timeouts-tcg [rv64, smp=1]         7.0s
PASS  timeouts-tcg [rv32, smp=1]         6.5s
PASS  timeouts [rv64, smp=1]             2.8s
PASS  timeouts [rv32, smp=1]             2.1s
PASS  touch-beyond-ram [rv64, smp=1]     0.4s
PASS  touch-beyond-ram [rv32, smp=1]     0.3s
PASS  uaf-lent-page [rv64, smp=1]        0.1s
PASS  uart-irq [rv64, smp=1]             1.1s
PASS  uart-irq [rv32, smp=1]             1.3s
PASS  unsafe-budget                   
      paging crate (Sv32/Sv39 page tables): 12 unsafe, 0 undocumented
      redoubt-stride (scheduler rules): 0 unsafe, 0 undocumented
      loader: 18 unsafe, 0 undocumented
      redoubt-signing (signature preimages): 0 unsafe, 0 undocumented
      kernel: Sv39, SBI and PLIC backends: 13 unsafe, 0 undocumented
      kernel: RISC-V arch (shared with rv32): 13 unsafe, 0 undocumented
      kernel: core: 19 unsafe, 0 undocumented
      redoubt-sys (system call ABI): the ecall stub: 1 unsafe, 0 undocumented
      redoubt-client (the userland client API): 0 unsafe, 0 undocumented
      redoubt-rt (native runtime): the heap's free lists, page buffers and lends, the startup page: 11 unsafe, 0 undocumented
      keyd (holds every private key; signs, never exports): 0 unsafe, 0 undocumented
      sshd (the network's first parser; carries every channel): 0 unsafe, 0 undocumented
      blkd (virtio-blk driver; DMA, so TCB): 4 unsafe, 0 undocumented
      netd (virtio-net driver; DMA, so TCB): 7 unsafe, 0 undocumented
      ipd (the TCP/IP stack; /net over 9P): 0 unsafe, 0 undocumented
      bootfsd and consoled (the first two 9P servers): 0 unsafe, 0 undocumented
      redoubt-wire (protocol codecs): 0 unsafe, 0 undocumented
      redoubt-layout (kernel-half map): 0 unsafe, 0 undocumented
      stub (the loader stub): 7 unsafe, 0 undocumented
      redoubt-littlefs: 0 unsafe, 0 undocumented
PASS  vendor-build [rv64]                0.1s
PASS  vendor-build [rv32]                0.1s
PASS  vendor-check                       4.7s
PASS  verified-boot-rejects-bare-archive [rv64, smp=1]   0.1s
PASS  verified-boot-rejects-tamper [rv64, smp=1]   0.1s
PASS  wire-host-tests                    1.9s
PASS  write-only-attack [rv64, smp=1]    0.1s
PASS  write-only-attack [rv32, smp=1]    0.2s
PASS  wx [rv64, smp=1]                   0.2s
PASS  wx [rv32, smp=1]                   0.3s
Error: 2 test(s) failed; console logs are in /work/.worktrees/k18/target/testbench
exit 1
