+ cd /home/mcloonan/redoubt/.worktrees/k18
+ L=/home/mcloonan/redoubt/.wash/local
+ D=/home/mcloonan/redoubt/.wash/local/in-dev
+ git checkout -q wp-k18
+ /home/mcloonan/redoubt/.wash/local/in-dev cargo testbench sched-latency
+ echo 'exit 0'
+ git checkout -q --detach 307b5d818
+ /home/mcloonan/redoubt/.wash/local/in-dev cargo testbench sched-latency
+ echo 'exit 0'
+ git checkout -q k18-scratch-before
+ /home/mcloonan/redoubt/.wash/local/in-dev env TESTBENCH_QEMU_SEED=3 cargo testbench kernel-containment
+ echo 'exit 1'
+ git checkout -q k18-scratch-after
+ sed -i 's/^kernel_features = \["sched-trace"\]/kernel_features = ["sched-trace", "audit-billed"]/' tests/kernel-containment.toml
+ grep kernel_features tests/kernel-containment.toml
kernel_features = ["sched-trace", "audit-billed"]
+ /home/mcloonan/redoubt/.wash/local/in-dev cargo testbench kernel-containment
+ echo 'exit 1'
+ for a in rv64 rv32
+ cp target/testbench/kernel-containment-rv64-smp1.log /home/mcloonan/redoubt/.wash/local/K18-negative-rv64.console
+ for a in rv64 rv32
+ cp target/testbench/kernel-containment-rv32-smp1.log /home/mcloonan/redoubt/.wash/local/K18-negative-rv32.console
+ git checkout -q -- tests/kernel-containment.toml
+ git checkout -q wp-k18
+ git status --short
