sudo: unable to resolve host d62f336c5ff4: Temporary failure in name resolution
sudo: unable to resolve host d62f336c5ff4: Temporary failure in name resolution
==> kernel (riscv32imac-unknown-none-elf)
    Finished `release` profile [optimized] target(s) in 0.03s
==> loader (riscv32imac-unknown-none-elf)
    Finished `release` profile [optimized] target(s) in 0.03s
==> test programs (riscv32imac-unknown-none-elf)
   Compiling rustversion v1.0.14
   Compiling test-programs v0.1.0 (/work/.worktrees/BEAM7/tests/programs)
   Compiling uart_16550 v0.3.2
warning: variable does not need to be mutable
  --> tests/programs/src/bin/kernel-half-attack.rs:64:9
   |
64 |     let mut run = |at: usize, op: u8| {
   |         ----^^^
   |         |
   |         help: remove this `mut`
   |
   = note: `#[warn(unused_mut)]` (part of `#[warn(unused)]`) on by default

warning: `test-programs` (bin "kernel-half-attack") generated 1 warning (run `cargo fix --bin "kernel-half-attack" -p test-programs` to apply 1 suggestion)
    Finished `release` profile [optimized] target(s) in 3.28s
==> done
