sudo: unable to resolve host 439890e66412: Temporary failure in name resolution
sudo: unable to resolve host 439890e66412: Temporary failure in name resolution
PASS  unsafe-budget                   
      paging crate (Sv32/Sv39 page tables): 12 unsafe, 0 undocumented
      redoubt-stride (scheduler rules): 0 unsafe, 0 undocumented
      loader: 18 unsafe, 0 undocumented
      redoubt-signing (signature preimages): 0 unsafe, 0 undocumented
      kernel: Sv39, SBI and PLIC backends: 13 unsafe, 0 undocumented
      kernel: RISC-V arch (shared with rv32): 13 unsafe, 0 undocumented
      kernel: core: 18 unsafe, 0 undocumented
      redoubt-sys (system call ABI): the ecall stub: 3 unsafe, 0 undocumented
      redoubt-client (the userland client API): 0 unsafe, 0 undocumented
      redoubt-rt (native runtime): the allocator's trait, the heap's two words of a free block, a page buffer's two views, the device registers' read and write, the pages mapped before the first instruction, a spawned thread's closure taken back in its entry: 11 unsafe, 0 undocumented
      keyd (holds every private key; signs, never exports): 0 unsafe, 0 undocumented
      sshd (the network's first parser; carries every channel): 0 unsafe, 0 undocumented
      blkd (virtio-blk driver; DMA, so TCB): 4 unsafe, 0 undocumented
      netd (virtio-net driver; DMA, so TCB): 8 unsafe, 0 undocumented
      ipd (the TCP/IP stack; /net over 9P): 0 unsafe, 0 undocumented
      fsd (the file server; parses one volume's medium): 0 unsafe, 0 undocumented
      bootfsd and consoled (the first two 9P servers): 0 unsafe, 0 undocumented
      redoubt-wire (protocol codecs): 0 unsafe, 0 undocumented
      redoubt-steward (the steward's policy core): 0 unsafe, 0 undocumented
      redoubt-init (init): 0 unsafe, 0 undocumented
      redoubt-layout (kernel-half map): 0 unsafe, 0 undocumented
      stub (the loader stub): 7 unsafe, 0 undocumented
      redoubt-littlefs: 0 unsafe, 0 undocumented
