
loader: Redoubt rv32 loader, boot hart 0
  1 hart(s), timebase 10000000 Hz
  ram: 0x80000000..0x90000000 (256 MiB)
  bundle: 0x88200000..0x8828c640
  devices: 14 mmio (8 dma), 10 irq, console 0x10000000
  plic: 0xc000000, S-mode context 1
  harts started by the kernel: [0] of 1
  rng-seed: 32 bytes
  bundle signature ok (574976 bytes)
  PID 1: kernel -> 0xffd00000
  PID 2: sched-large-weight -> 0x1889e
  bundle mapped read-only at 0x20000000 (575040 bytes)
  252 MiB free, entering kernel
Kernel arguments:
    XArg (67724158, 28 bytes): 00000129 00000002 80000000 00000000 10000000 00000000 6d617273
    MREx (7845524d, 384 bytes): 10100000 00000000 00001000 00000000 632d7766 00000000 20000000 00000000 02000000 00000000 73616c66 00000000 00101000 00000000 00001000 00000000 40637472 00000000 10000000 00000000 00001000 00000000 69726573 00000000 00100000 00000000 00001000 00000000 74736574 00000000 10008000 00000000 00001000 00000000 74726976 00000000 10007000 00000000 00001000 00000000 74726976 00000000 10006000 00000000 00001000 00000000 74726976 00000000 10005000 00000000 00001000 00000000 74726976 00000000 10004000 00000000 00001000 00000000 74726976 00000000 10003000 00000000 00001000 00000000 74726976 00000000 10002000 00000000 00001000 00000000 74726976 00000000 10001000 00000000 00001000 00000000 74726976 00000000 0c000000 00000000 00600000 00000000 63696c70 00000000 02000000 00000000 00010000 00000000 6e696c63 00000000 30000000 00000000 10000000 00000000 40696370 00000000
    Ctrl (6c727443, 32 bytes): 0c000000 00000000 00600000 00000000 02000000 00000000 00010000 00000000
    Devs (73766544, 600 bytes): 00000003 00000000 00000000 00000000 00000000 00000000 00000001 10000000 00000000 00001000 00000000 00000000 00000002 0000000a 00000000 00000000 00000000 00000000 00000001 10100000 00000000 00001000 00000000 00000000 00000001 20000000 00000000 02000000 00000000 00000000 00000001 00101000 00000000 00001000 00000000 00000000 00000001 00100000 00000000 00001000 00000000 00000000 00000001 10008000 00000000 00001000 00000000 00000001 00000001 10007000 00000000 00001000 00000000 00000001 00000001 10006000 00000000 00001000 00000000 00000001 00000001 10005000 00000000 00001000 00000000 00000001 00000001 10004000 00000000 00001000 00000000 00000001 00000001 10003000 00000000 00001000 00000000 00000001 00000001 10002000 00000000 00001000 00000000 00000001 00000001 10001000 00000000 00001000 00000000 00000001 00000001 30000000 00000000 10000000 00000000 00000000 00000002 00000001 00000000 00000000 00000000 00000000 00000002 00000002 00000000 00000000 00000000 00000000 00000002 00000003 00000000 00000000 00000000 00000000 00000002 00000004 00000000 00000000 00000000 00000000 00000002 00000005 00000000 00000000 00000000 00000000 00000002 00000006 00000000 00000000 00000000 00000000 00000002 00000007 00000000 00000000 00000000 00000000 00000002 00000008 00000000 00000000 00000000 00000000 00000002 0000000b 00000000 00000000 00000000 00000000
    Plic (63696c50, 24 bytes): 0c000000 00000000 00600000 00000000 00000001 00000000
    Hart (74726148, 16 bytes): 00000001 00000001 00000000 00000000
    Seed (64656553, 32 bytes): 81980c57 9a8c6f7d 156e028a 547d5f61 e6c3285f a7d9e632 96461761 35de28b7
    Time (656d6954, 8 bytes): 00989680 00000000
asid: 9 bits
Devices: 25 objects, all held by init
Budgets: root 63735 pages (1186 kept for init), system 15636, users 46911
W^X verified: 35 executable kernel pages, none writable under any alias
Kernel RNG seeded from the loader (32 bytes)
KMAIN (clean boot): Supervisor mode started...

[large-weight] calibrated: 10 ticks/us, 7756 iterations/ms
terminate_process: 380
[!] Terminating process with PID 380
terminate_process: 452
[!] Terminating process with PID 452
terminate_process: 233
[!] Terminating process with PID 233
terminate_process: 6
[!] Terminating process with PID 6
terminate_process: 221
[!] Terminating process with PID 221
terminate_process: 311
[!] Terminating process with PID 311
terminate_process: 81
[!] Terminating process with PID 81
terminate_process: 449
[!] Terminating process with PID 449
terminate_process: 404
[!] Terminating process with PID 404
[large-weight] ok: the weight-1000 server got 554 of 1000 of all counts, want 555 within 50
[large-weight] ok: the least user got 994 per 1000 of the users' mean, want at least 900
[large-weight] useful work: the server 534 and all nine 964 of 1000 of the window
SCHED-LARGE-WEIGHT TEST PASSED
system_reset: PowerOff asked for by PID 2
