==> kernel (riscv32imac-unknown-none-elf)
   Compiling redoubt-sys v0.1.0 (/home/mcloonan/redoubt/libs/sys)
   Compiling critical-section v1.2.0
   Compiling redoubt-kernel v0.9.38 (/home/mcloonan/redoubt/kernel)
   Compiling bitflags v2.13.1
   Compiling rand_core v0.6.4
   Compiling ppv-lite86 v0.2.17
   Compiling embedded-hal v1.0.0
   Compiling riscv-types v0.1.0
   Compiling sbi-spec v0.0.7
   Compiling sbi-rt v0.0.3
   Compiling plic v0.0.3
   Compiling redoubt-ipclist v0.1.0 (/home/mcloonan/redoubt/libs/ipclist)
   Compiling riscv v0.16.1
   Compiling redoubt-stride v0.1.0 (/home/mcloonan/redoubt/libs/stride)
   Compiling rand_chacha v0.3.1
   Compiling paging v0.1.0 (/home/mcloonan/redoubt/libs/paging)
   Compiling redoubt-layout v0.1.0 (/home/mcloonan/redoubt/libs/layout)
    Finished `release` profile [optimized] target(s) in 4.53s
==> loader (riscv32imac-unknown-none-elf)
   Compiling num-traits v0.2.19
   Compiling memoffset v0.5.6
   Compiling fallible-iterator v0.2.0
   Compiling endian-type-rs v0.1.4
   Compiling crc-catalog v2.4.0
   Compiling unsafe_unwrap v0.1.0
   Compiling log v0.4.22
   Compiling static_assertions v1.1.0
   Compiling crc v3.2.1
   Compiling loader v0.1.0 (/home/mcloonan/redoubt/loader)
   Compiling elf v0.8.0
   Compiling ed25519-compact v2.4.2 (/home/mcloonan/redoubt/vendor/ed25519-compact)
   Compiling redoubt-signing v0.1.0 (/home/mcloonan/redoubt/libs/signing)
   Compiling fdt-rs v0.4.5
   Compiling tar-no-std v0.5.0
    Finished `release` profile [optimized] target(s) in 3.17s
==> test programs (riscv32imac-unknown-none-elf)
   Compiling redoubt-wire v0.1.0 (/home/mcloonan/redoubt/libs/wire)
   Compiling stub v0.1.0 (/home/mcloonan/redoubt/stub)
   Compiling test-programs v0.1.0 (/home/mcloonan/redoubt/tests/programs)
   Compiling uart_16550 v0.3.2
   Compiling redoubt-rt v0.1.0 (/home/mcloonan/redoubt/libs/rt)
   Compiling redoubt-client v0.1.0 (/home/mcloonan/redoubt/libs/client)
   Compiling redoubt-init-programs v0.1.0 (/home/mcloonan/redoubt/tests/init-programs)
warning: variable does not need to be mutable
  --> tests/programs/src/bin/kernel-half-attack.rs:64:9
   |
64 |     let mut run = |at: usize, op: u8| {
   |         ----^^^
   |         |
   |         help: remove this `mut`
   |
   = note: `#[warn(unused_mut)]` (part of `#[warn(unused)]`) on by default

warning: `test-programs` (bin "kernel-half-attack") generated 1 warning (run `cargo fix --bin "kernel-half-attack" -p test-programs` to apply 1 suggestion)
    Finished `release` profile [optimized] target(s) in 8.44s
==> done
