==> kernel (riscv64imac-unknown-none-elf)
   Compiling proc-macro2 v1.0.86
   Compiling unicode-ident v1.0.12
   Compiling redoubt-sys v0.1.0 (/home/mcloonan/redoubt/.worktrees/bisect-673be7afc/libs/sys)
   Compiling redoubt-kernel v0.9.38 (/home/mcloonan/redoubt/.worktrees/bisect-673be7afc/kernel)
   Compiling embedded-hal v1.0.0
   Compiling bitflags v2.13.1
   Compiling rand_core v0.6.4
   Compiling ppv-lite86 v0.2.17
   Compiling riscv-types v0.1.0
   Compiling critical-section v1.2.0
   Compiling sbi-spec v0.0.7
   Compiling pastey v0.2.3
   Compiling sbi-rt v0.0.3
   Compiling redoubt-stride v0.1.0 (/home/mcloonan/redoubt/.worktrees/bisect-673be7afc/libs/stride)
   Compiling plic v0.0.3
   Compiling rand_chacha v0.3.1
   Compiling redoubt-ipclist v0.1.0 (/home/mcloonan/redoubt/.worktrees/bisect-673be7afc/libs/ipclist)
   Compiling redoubt-layout v0.1.0 (/home/mcloonan/redoubt/.worktrees/bisect-673be7afc/libs/layout)
   Compiling paging v0.1.0 (/home/mcloonan/redoubt/.worktrees/bisect-673be7afc/libs/paging)
   Compiling quote v1.0.35
   Compiling syn v2.0.87
   Compiling riscv-macros v0.4.1
   Compiling riscv v0.16.1
    Finished `release` profile [optimized] target(s) in 5.11s
==> loader (riscv64imac-unknown-none-elf)
   Compiling autocfg v1.1.0
   Compiling syn v1.0.109
   Compiling crc-catalog v2.4.0
   Compiling unsafe_unwrap v0.1.0
   Compiling log v0.4.22
   Compiling static_assertions v1.1.0
   Compiling loader v0.1.0 (/home/mcloonan/redoubt/.worktrees/bisect-673be7afc/loader)
   Compiling fallible-iterator v0.2.0
   Compiling endian-type-rs v0.1.4
   Compiling crc v3.2.1
   Compiling ed25519-compact v2.4.2 (/home/mcloonan/redoubt/.worktrees/bisect-673be7afc/vendor/ed25519-compact)
   Compiling redoubt-signing v0.1.0 (/home/mcloonan/redoubt/.worktrees/bisect-673be7afc/libs/signing)
   Compiling elf v0.8.0
   Compiling num-traits v0.2.19
   Compiling memoffset v0.5.6
   Compiling tar-no-std v0.5.0
   Compiling num-derive v0.3.3
   Compiling fdt-rs v0.4.5
    Finished `release` profile [optimized] target(s) in 3.48s
==> test programs (riscv64imac-unknown-none-elf)
   Compiling stub v0.1.0 (/home/mcloonan/redoubt/.worktrees/bisect-673be7afc/stub)
   Compiling redoubt-wire v0.1.0 (/home/mcloonan/redoubt/.worktrees/bisect-673be7afc/libs/wire)
   Compiling rustversion v1.0.14
   Compiling test-programs v0.1.0 (/home/mcloonan/redoubt/.worktrees/bisect-673be7afc/tests/programs)
   Compiling uart_16550 v0.3.2
   Compiling redoubt-rt v0.1.0 (/home/mcloonan/redoubt/.worktrees/bisect-673be7afc/libs/rt)
   Compiling redoubt-client v0.1.0 (/home/mcloonan/redoubt/.worktrees/bisect-673be7afc/libs/client)
   Compiling redoubt-init-programs v0.1.0 (/home/mcloonan/redoubt/.worktrees/bisect-673be7afc/tests/init-programs)
warning: variable does not need to be mutable
  --> tests/programs/src/bin/kernel-half-attack.rs:64:9
   |
64 |     let mut run = |at: usize, op: u8| {
   |         ----^^^
   |         |
   |         help: remove this `mut`
   |
   = note: `#[warn(unused_mut)]` (part of `#[warn(unused)]`) on by default

warning: `test-programs` (bin "kernel-half-attack") generated 1 warning (run `cargo fix --bin "kernel-half-attack" -p test-programs` to apply 1 suggestion)
    Finished `release` profile [optimized] target(s) in 8.45s
==> done
